[2024-05-28T11:26:00.749+0530][gc] Using G1
[2024-05-28T11:26:00.755+0530][gc,init] Version: 17.0.10+7-Ubuntu-122.04.1 (release)
[2024-05-28T11:26:00.755+0530][gc,init] CPUs: 16 total, 16 available
[2024-05-28T11:26:00.755+0530][gc,init] Memory: 31911M
[2024-05-28T11:26:00.755+0530][gc,init] Large Page Support: Disabled
[2024-05-28T11:26:00.755+0530][gc,init] NUMA Support: Disabled
[2024-05-28T11:26:00.755+0530][gc,init] Compressed Oops: Enabled (32-bit)
[2024-05-28T11:26:00.755+0530][gc,init] Heap Region Size: 1M
[2024-05-28T11:26:00.755+0530][gc,init] Heap Min Capacity: 1G
[2024-05-28T11:26:00.755+0530][gc,init] Heap Initial Capacity: 1G
[2024-05-28T11:26:00.755+0530][gc,init] Heap Max Capacity: 1G
[2024-05-28T11:26:00.755+0530][gc,init] Pre-touch: Disabled
[2024-05-28T11:26:00.755+0530][gc,init] Parallel Workers: 13
[2024-05-28T11:26:00.755+0530][gc,init] Concurrent Workers: 3
[2024-05-28T11:26:00.755+0530][gc,init] Concurrent Refinement Workers: 13
[2024-05-28T11:26:00.755+0530][gc,init] Periodic GC: Disabled
[2024-05-28T11:26:00.759+0530][gc,metaspace] CDS archive(s) mapped at: [0x000073f4fb000000-0x000073f4fbbc7000-0x000073f4fbbc7000), size 12349440, SharedBaseAddress: 0x000073f4fb000000, ArchiveRelocationMode: 1.
[2024-05-28T11:26:00.759+0530][gc,metaspace] Compressed class space mapped at: 0x000073f4fc000000-0x000073f53c000000, reserved size: 1073741824
[2024-05-28T11:26:00.759+0530][gc,metaspace] Narrow klass base: 0x000073f4fb000000, Narrow klass shift: 0, Narrow klass range: 0x100000000
[2024-05-28T11:26:01.344+0530][gc,start    ] GC(0) Pause Young (Normal) (G1 Evacuation Pause)
[2024-05-28T11:26:01.345+0530][gc,task     ] GC(0) Using 13 workers of 13 for evacuation
[2024-05-28T11:26:01.347+0530][gc,phases   ] GC(0)   Pre Evacuate Collection Set: 0.1ms
[2024-05-28T11:26:01.347+0530][gc,phases   ] GC(0)   Merge Heap Roots: 0.0ms
[2024-05-28T11:26:01.347+0530][gc,phases   ] GC(0)   Evacuate Collection Set: 1.7ms
[2024-05-28T11:26:01.347+0530][gc,phases   ] GC(0)   Post Evacuate Collection Set: 0.3ms
[2024-05-28T11:26:01.347+0530][gc,phases   ] GC(0)   Other: 0.8ms
[2024-05-28T11:26:01.347+0530][gc,heap     ] GC(0) Eden regions: 51->0(44)
[2024-05-28T11:26:01.347+0530][gc,heap     ] GC(0) Survivor regions: 0->7(7)
[2024-05-28T11:26:01.347+0530][gc,heap     ] GC(0) Old regions: 0->1
[2024-05-28T11:26:01.347+0530][gc,heap     ] GC(0) Archive regions: 2->2
[2024-05-28T11:26:01.347+0530][gc,heap     ] GC(0) Humongous regions: 0->0
[2024-05-28T11:26:01.347+0530][gc,metaspace] GC(0) Metaspace: 18272K(18496K)->18272K(18496K) NonClass: 16109K(16192K)->16109K(16192K) Class: 2162K(2304K)->2162K(2304K)
[2024-05-28T11:26:01.347+0530][gc          ] GC(0) Pause Young (Normal) (G1 Evacuation Pause) 51M->8M(1024M) 2.929ms
[2024-05-28T11:26:01.347+0530][gc,cpu      ] GC(0) User=0.03s Sys=0.00s Real=0.00s
[2024-05-28T11:26:01.464+0530][gc,start    ] GC(1) Pause Young (Concurrent Start) (Metadata GC Threshold)
[2024-05-28T11:26:01.464+0530][gc,task     ] GC(1) Using 13 workers of 13 for evacuation
[2024-05-28T11:26:01.466+0530][gc,phases   ] GC(1)   Pre Evacuate Collection Set: 0.1ms
[2024-05-28T11:26:01.466+0530][gc,phases   ] GC(1)   Merge Heap Roots: 0.0ms
[2024-05-28T11:26:01.466+0530][gc,phases   ] GC(1)   Evacuate Collection Set: 1.3ms
[2024-05-28T11:26:01.466+0530][gc,phases   ] GC(1)   Post Evacuate Collection Set: 0.2ms
[2024-05-28T11:26:01.466+0530][gc,phases   ] GC(1)   Other: 0.1ms
[2024-05-28T11:26:01.466+0530][gc,heap     ] GC(1) Eden regions: 12->0(49)
[2024-05-28T11:26:01.466+0530][gc,heap     ] GC(1) Survivor regions: 7->2(7)
[2024-05-28T11:26:01.466+0530][gc,heap     ] GC(1) Old regions: 1->8
[2024-05-28T11:26:01.466+0530][gc,heap     ] GC(1) Archive regions: 2->2
[2024-05-28T11:26:01.466+0530][gc,heap     ] GC(1) Humongous regions: 0->0
[2024-05-28T11:26:01.466+0530][gc,metaspace] GC(1) Metaspace: 21335K(21504K)->21335K(21504K) NonClass: 18776K(18880K)->18776K(18880K) Class: 2558K(2624K)->2558K(2624K)
[2024-05-28T11:26:01.466+0530][gc          ] GC(1) Pause Young (Concurrent Start) (Metadata GC Threshold) 20M->10M(1024M) 1.769ms
[2024-05-28T11:26:01.466+0530][gc,cpu      ] GC(1) User=0.01s Sys=0.00s Real=0.00s
[2024-05-28T11:26:01.466+0530][gc          ] GC(2) Concurrent Mark Cycle
[2024-05-28T11:26:01.466+0530][gc,marking  ] GC(2) Concurrent Clear Claimed Marks
[2024-05-28T11:26:01.466+0530][gc,marking  ] GC(2) Concurrent Clear Claimed Marks 0.009ms
[2024-05-28T11:26:01.466+0530][gc,marking  ] GC(2) Concurrent Scan Root Regions
[2024-05-28T11:26:01.467+0530][gc,marking  ] GC(2) Concurrent Scan Root Regions 1.042ms
[2024-05-28T11:26:01.467+0530][gc,marking  ] GC(2) Concurrent Mark
[2024-05-28T11:26:01.467+0530][gc,marking  ] GC(2) Concurrent Mark From Roots
[2024-05-28T11:26:01.467+0530][gc,task     ] GC(2) Using 3 workers of 3 for marking
[2024-05-28T11:26:01.468+0530][gc,marking  ] GC(2) Concurrent Mark From Roots 0.791ms
[2024-05-28T11:26:01.468+0530][gc,marking  ] GC(2) Concurrent Preclean
[2024-05-28T11:26:01.468+0530][gc,marking  ] GC(2) Concurrent Preclean 0.041ms
[2024-05-28T11:26:01.468+0530][gc,start    ] GC(2) Pause Remark
[2024-05-28T11:26:01.469+0530][gc          ] GC(2) Pause Remark 10M->10M(1024M) 0.623ms
[2024-05-28T11:26:01.469+0530][gc,cpu      ] GC(2) User=0.00s Sys=0.00s Real=0.00s
[2024-05-28T11:26:01.469+0530][gc,marking  ] GC(2) Concurrent Mark 1.530ms
[2024-05-28T11:26:01.469+0530][gc,marking  ] GC(2) Concurrent Rebuild Remembered Sets
[2024-05-28T11:26:01.469+0530][gc,marking  ] GC(2) Concurrent Rebuild Remembered Sets 0.006ms
[2024-05-28T11:26:01.469+0530][gc,start    ] GC(2) Pause Cleanup
[2024-05-28T11:26:01.469+0530][gc          ] GC(2) Pause Cleanup 10M->10M(1024M) 0.018ms
[2024-05-28T11:26:01.469+0530][gc,cpu      ] GC(2) User=0.00s Sys=0.00s Real=0.00s
[2024-05-28T11:26:01.469+0530][gc,marking  ] GC(2) Concurrent Cleanup for Next Mark
[2024-05-28T11:26:01.470+0530][gc,marking  ] GC(2) Concurrent Cleanup for Next Mark 1.669ms
[2024-05-28T11:26:01.470+0530][gc          ] GC(2) Concurrent Mark Cycle 4.392ms
[2024-05-28T11:26:01.817+0530][gc,start    ] GC(3) Pause Young (Normal) (G1 Evacuation Pause)
[2024-05-28T11:26:01.817+0530][gc,task     ] GC(3) Using 13 workers of 13 for evacuation
[2024-05-28T11:26:01.819+0530][gc,phases   ] GC(3)   Pre Evacuate Collection Set: 0.1ms
[2024-05-28T11:26:01.819+0530][gc,phases   ] GC(3)   Merge Heap Roots: 0.0ms
[2024-05-28T11:26:01.819+0530][gc,phases   ] GC(3)   Evacuate Collection Set: 1.5ms
[2024-05-28T11:26:01.819+0530][gc,phases   ] GC(3)   Post Evacuate Collection Set: 0.2ms
[2024-05-28T11:26:01.819+0530][gc,phases   ] GC(3)   Other: 0.1ms
[2024-05-28T11:26:01.819+0530][gc,heap     ] GC(3) Eden regions: 49->0(44)
[2024-05-28T11:26:01.819+0530][gc,heap     ] GC(3) Survivor regions: 2->7(7)
[2024-05-28T11:26:01.819+0530][gc,heap     ] GC(3) Old regions: 8->8
[2024-05-28T11:26:01.819+0530][gc,heap     ] GC(3) Archive regions: 2->2
[2024-05-28T11:26:01.819+0530][gc,heap     ] GC(3) Humongous regions: 129->129
[2024-05-28T11:26:01.819+0530][gc,metaspace] GC(3) Metaspace: 32433K(32704K)->32433K(32704K) NonClass: 28841K(28992K)->28841K(28992K) Class: 3591K(3712K)->3591K(3712K)
[2024-05-28T11:26:01.819+0530][gc          ] GC(3) Pause Young (Normal) (G1 Evacuation Pause) 188M->144M(1024M) 1.996ms
[2024-05-28T11:26:01.819+0530][gc,cpu      ] GC(3) User=0.03s Sys=0.00s Real=0.00s
[2024-05-28T11:26:25.595+0530][gc,start    ] GC(4) Pause Young (Concurrent Start) (Metadata GC Threshold)
[2024-05-28T11:26:25.595+0530][gc,task     ] GC(4) Using 13 workers of 13 for evacuation
[2024-05-28T11:26:25.598+0530][gc,phases   ] GC(4)   Pre Evacuate Collection Set: 0.1ms
[2024-05-28T11:26:25.598+0530][gc,phases   ] GC(4)   Merge Heap Roots: 0.0ms
[2024-05-28T11:26:25.598+0530][gc,phases   ] GC(4)   Evacuate Collection Set: 1.6ms
[2024-05-28T11:26:25.598+0530][gc,phases   ] GC(4)   Post Evacuate Collection Set: 0.2ms
[2024-05-28T11:26:25.598+0530][gc,phases   ] GC(4)   Other: 0.1ms
[2024-05-28T11:26:25.598+0530][gc,heap     ] GC(4) Eden regions: 16->0(49)
[2024-05-28T11:26:25.598+0530][gc,heap     ] GC(4) Survivor regions: 7->2(7)
[2024-05-28T11:26:25.598+0530][gc,heap     ] GC(4) Old regions: 8->15
[2024-05-28T11:26:25.598+0530][gc,heap     ] GC(4) Archive regions: 2->2
[2024-05-28T11:26:25.598+0530][gc,heap     ] GC(4) Humongous regions: 129->129
[2024-05-28T11:26:25.598+0530][gc,metaspace] GC(4) Metaspace: 35763K(35968K)->35763K(35968K) NonClass: 31711K(31808K)->31711K(31808K) Class: 4052K(4160K)->4052K(4160K)
[2024-05-28T11:26:25.598+0530][gc          ] GC(4) Pause Young (Concurrent Start) (Metadata GC Threshold) 159M->145M(1024M) 2.176ms
[2024-05-28T11:26:25.598+0530][gc,cpu      ] GC(4) User=0.01s Sys=0.00s Real=0.00s
[2024-05-28T11:26:25.598+0530][gc          ] GC(5) Concurrent Mark Cycle
[2024-05-28T11:26:25.598+0530][gc,marking  ] GC(5) Concurrent Clear Claimed Marks
[2024-05-28T11:26:25.598+0530][gc,marking  ] GC(5) Concurrent Clear Claimed Marks 0.015ms
[2024-05-28T11:26:25.598+0530][gc,marking  ] GC(5) Concurrent Scan Root Regions
[2024-05-28T11:26:25.599+0530][gc,marking  ] GC(5) Concurrent Scan Root Regions 1.259ms
[2024-05-28T11:26:25.599+0530][gc,marking  ] GC(5) Concurrent Mark
[2024-05-28T11:26:25.599+0530][gc,marking  ] GC(5) Concurrent Mark From Roots
[2024-05-28T11:26:25.599+0530][gc,task     ] GC(5) Using 3 workers of 3 for marking
[2024-05-28T11:26:25.601+0530][gc,marking  ] GC(5) Concurrent Mark From Roots 1.982ms
[2024-05-28T11:26:25.601+0530][gc,marking  ] GC(5) Concurrent Preclean
[2024-05-28T11:26:25.601+0530][gc,marking  ] GC(5) Concurrent Preclean 0.061ms
[2024-05-28T11:26:25.601+0530][gc,start    ] GC(5) Pause Remark
[2024-05-28T11:26:25.602+0530][gc          ] GC(5) Pause Remark 145M->145M(1024M) 0.553ms
[2024-05-28T11:26:25.602+0530][gc,cpu      ] GC(5) User=0.00s Sys=0.00s Real=0.00s
[2024-05-28T11:26:25.602+0530][gc,marking  ] GC(5) Concurrent Mark 2.682ms
[2024-05-28T11:26:25.602+0530][gc,marking  ] GC(5) Concurrent Rebuild Remembered Sets
[2024-05-28T11:26:25.604+0530][gc,marking  ] GC(5) Concurrent Rebuild Remembered Sets 1.861ms
[2024-05-28T11:26:25.604+0530][gc,start    ] GC(5) Pause Cleanup
[2024-05-28T11:26:25.604+0530][gc          ] GC(5) Pause Cleanup 145M->145M(1024M) 0.084ms
[2024-05-28T11:26:25.604+0530][gc,cpu      ] GC(5) User=0.00s Sys=0.00s Real=0.00s
[2024-05-28T11:26:25.604+0530][gc,marking  ] GC(5) Concurrent Cleanup for Next Mark
[2024-05-28T11:26:25.605+0530][gc,marking  ] GC(5) Concurrent Cleanup for Next Mark 1.582ms
[2024-05-28T11:26:25.605+0530][gc          ] GC(5) Concurrent Mark Cycle 7.607ms
[2024-05-28T11:30:26.331+0530][gc,start    ] GC(6) Pause Young (Normal) (G1 Evacuation Pause)
[2024-05-28T11:30:26.331+0530][gc,task     ] GC(6) Using 13 workers of 13 for evacuation
[2024-05-28T11:30:26.333+0530][gc,phases   ] GC(6)   Pre Evacuate Collection Set: 0.1ms
[2024-05-28T11:30:26.333+0530][gc,phases   ] GC(6)   Merge Heap Roots: 0.0ms
[2024-05-28T11:30:26.333+0530][gc,phases   ] GC(6)   Evacuate Collection Set: 1.3ms
[2024-05-28T11:30:26.333+0530][gc,phases   ] GC(6)   Post Evacuate Collection Set: 0.3ms
[2024-05-28T11:30:26.333+0530][gc,phases   ] GC(6)   Other: 0.1ms
[2024-05-28T11:30:26.333+0530][gc,heap     ] GC(6) Eden regions: 49->0(46)
[2024-05-28T11:30:26.333+0530][gc,heap     ] GC(6) Survivor regions: 2->5(7)
[2024-05-28T11:30:26.333+0530][gc,heap     ] GC(6) Old regions: 15->15
[2024-05-28T11:30:26.333+0530][gc,heap     ] GC(6) Archive regions: 2->2
[2024-05-28T11:30:26.333+0530][gc,heap     ] GC(6) Humongous regions: 129->129
[2024-05-28T11:30:26.333+0530][gc,metaspace] GC(6) Metaspace: 40912K(41408K)->40912K(41408K) NonClass: 36050K(36352K)->36050K(36352K) Class: 4862K(5056K)->4862K(5056K)
[2024-05-28T11:30:26.333+0530][gc          ] GC(6) Pause Young (Normal) (G1 Evacuation Pause) 194M->148M(1024M) 1.912ms
[2024-05-28T11:30:26.333+0530][gc,cpu      ] GC(6) User=0.01s Sys=0.00s Real=0.00s
[2024-05-28T11:32:24.722+0530][gc,start    ] GC(7) Pause Young (Normal) (G1 Evacuation Pause)
[2024-05-28T11:32:24.722+0530][gc,task     ] GC(7) Using 13 workers of 13 for evacuation
[2024-05-28T11:32:24.725+0530][gc,phases   ] GC(7)   Pre Evacuate Collection Set: 0.1ms
[2024-05-28T11:32:24.725+0530][gc,phases   ] GC(7)   Merge Heap Roots: 0.0ms
[2024-05-28T11:32:24.725+0530][gc,phases   ] GC(7)   Evacuate Collection Set: 1.9ms
[2024-05-28T11:32:24.725+0530][gc,phases   ] GC(7)   Post Evacuate Collection Set: 0.4ms
[2024-05-28T11:32:24.725+0530][gc,phases   ] GC(7)   Other: 0.1ms
[2024-05-28T11:32:24.725+0530][gc,heap     ] GC(7) Eden regions: 46->0(44)
[2024-05-28T11:32:24.725+0530][gc,heap     ] GC(7) Survivor regions: 5->7(7)
[2024-05-28T11:32:24.725+0530][gc,heap     ] GC(7) Old regions: 15->16
[2024-05-28T11:32:24.725+0530][gc,heap     ] GC(7) Archive regions: 2->2
[2024-05-28T11:32:24.725+0530][gc,heap     ] GC(7) Humongous regions: 129->129
[2024-05-28T11:32:24.725+0530][gc,metaspace] GC(7) Metaspace: 42906K(43520K)->42906K(43520K) NonClass: 37870K(38208K)->37870K(38208K) Class: 5035K(5312K)->5035K(5312K)
[2024-05-28T11:32:24.725+0530][gc          ] GC(7) Pause Young (Normal) (G1 Evacuation Pause) 194M->152M(1024M) 2.701ms
[2024-05-28T11:32:24.725+0530][gc,cpu      ] GC(7) User=0.03s Sys=0.00s Real=0.00s
[2024-05-28T11:34:54.649+0530][gc,start    ] GC(8) Pause Young (Normal) (G1 Evacuation Pause)
[2024-05-28T11:34:54.649+0530][gc,task     ] GC(8) Using 13 workers of 13 for evacuation
[2024-05-28T11:34:54.657+0530][gc,phases   ] GC(8)   Pre Evacuate Collection Set: 0.3ms
[2024-05-28T11:34:54.657+0530][gc,phases   ] GC(8)   Merge Heap Roots: 0.2ms
[2024-05-28T11:34:54.657+0530][gc,phases   ] GC(8)   Evacuate Collection Set: 6.7ms
[2024-05-28T11:34:54.657+0530][gc,phases   ] GC(8)   Post Evacuate Collection Set: 0.6ms
[2024-05-28T11:34:54.657+0530][gc,phases   ] GC(8)   Other: 0.3ms
[2024-05-28T11:34:54.657+0530][gc,heap     ] GC(8) Eden regions: 44->0(53)
[2024-05-28T11:34:54.657+0530][gc,heap     ] GC(8) Survivor regions: 7->3(7)
[2024-05-28T11:34:54.657+0530][gc,heap     ] GC(8) Old regions: 16->20
[2024-05-28T11:34:54.657+0530][gc,heap     ] GC(8) Archive regions: 2->2
[2024-05-28T11:34:54.657+0530][gc,heap     ] GC(8) Humongous regions: 129->129
[2024-05-28T11:34:54.657+0530][gc,metaspace] GC(8) Metaspace: 43108K(43712K)->43108K(43712K) NonClass: 38069K(38400K)->38069K(38400K) Class: 5039K(5312K)->5039K(5312K)
[2024-05-28T11:34:54.657+0530][gc          ] GC(8) Pause Young (Normal) (G1 Evacuation Pause) 196M->151M(1024M) 8.278ms
[2024-05-28T11:34:54.657+0530][gc,cpu      ] GC(8) User=0.07s Sys=0.00s Real=0.00s
[2024-05-28T11:37:59.137+0530][gc,start    ] GC(9) Pause Young (Normal) (G1 Evacuation Pause)
[2024-05-28T11:37:59.137+0530][gc,task     ] GC(9) Using 13 workers of 13 for evacuation
[2024-05-28T11:37:59.139+0530][gc,phases   ] GC(9)   Pre Evacuate Collection Set: 0.1ms
[2024-05-28T11:37:59.139+0530][gc,phases   ] GC(9)   Merge Heap Roots: 0.0ms
[2024-05-28T11:37:59.139+0530][gc,phases   ] GC(9)   Evacuate Collection Set: 1.5ms
[2024-05-28T11:37:59.139+0530][gc,phases   ] GC(9)   Post Evacuate Collection Set: 0.2ms
[2024-05-28T11:37:59.139+0530][gc,phases   ] GC(9)   Other: 0.1ms
[2024-05-28T11:37:59.139+0530][gc,heap     ] GC(9) Eden regions: 53->0(50)
[2024-05-28T11:37:59.139+0530][gc,heap     ] GC(9) Survivor regions: 3->6(7)
[2024-05-28T11:37:59.139+0530][gc,heap     ] GC(9) Old regions: 20->20
[2024-05-28T11:37:59.139+0530][gc,heap     ] GC(9) Archive regions: 2->2
[2024-05-28T11:37:59.139+0530][gc,heap     ] GC(9) Humongous regions: 129->129
[2024-05-28T11:37:59.139+0530][gc,metaspace] GC(9) Metaspace: 43366K(43904K)->43366K(43904K) NonClass: 38314K(38592K)->38314K(38592K) Class: 5052K(5312K)->5052K(5312K)
[2024-05-28T11:37:59.139+0530][gc          ] GC(9) Pause Young (Normal) (G1 Evacuation Pause) 204M->154M(1024M) 1.942ms
[2024-05-28T11:37:59.139+0530][gc,cpu      ] GC(9) User=0.01s Sys=0.00s Real=0.00s
[2024-05-28T11:40:55.647+0530][gc,start    ] GC(10) Pause Young (Normal) (G1 Evacuation Pause)
[2024-05-28T11:40:55.647+0530][gc,task     ] GC(10) Using 13 workers of 13 for evacuation
[2024-05-28T11:40:55.649+0530][gc,phases   ] GC(10)   Pre Evacuate Collection Set: 0.1ms
[2024-05-28T11:40:55.649+0530][gc,phases   ] GC(10)   Merge Heap Roots: 0.0ms
[2024-05-28T11:40:55.649+0530][gc,phases   ] GC(10)   Evacuate Collection Set: 1.5ms
[2024-05-28T11:40:55.649+0530][gc,phases   ] GC(10)   Post Evacuate Collection Set: 0.2ms
[2024-05-28T11:40:55.649+0530][gc,phases   ] GC(10)   Other: 0.1ms
[2024-05-28T11:40:55.649+0530][gc,heap     ] GC(10) Eden regions: 50->0(121)
[2024-05-28T11:40:55.649+0530][gc,heap     ] GC(10) Survivor regions: 6->3(7)
[2024-05-28T11:40:55.649+0530][gc,heap     ] GC(10) Old regions: 20->23
[2024-05-28T11:40:55.649+0530][gc,heap     ] GC(10) Archive regions: 2->2
[2024-05-28T11:40:55.649+0530][gc,heap     ] GC(10) Humongous regions: 129->129
[2024-05-28T11:40:55.649+0530][gc,metaspace] GC(10) Metaspace: 43509K(44032K)->43509K(44032K) NonClass: 38455K(38720K)->38455K(38720K) Class: 5053K(5312K)->5053K(5312K)
[2024-05-28T11:40:55.649+0530][gc          ] GC(10) Pause Young (Normal) (G1 Evacuation Pause) 204M->155M(1024M) 1.963ms
[2024-05-28T11:40:55.649+0530][gc,cpu      ] GC(10) User=0.01s Sys=0.01s Real=0.01s
[2024-05-28T11:48:21.821+0530][gc,start    ] GC(11) Pause Young (Normal) (G1 Evacuation Pause)
[2024-05-28T11:48:21.821+0530][gc,task     ] GC(11) Using 13 workers of 13 for evacuation
[2024-05-28T11:48:21.825+0530][gc,phases   ] GC(11)   Pre Evacuate Collection Set: 0.1ms
[2024-05-28T11:48:21.825+0530][gc,phases   ] GC(11)   Merge Heap Roots: 0.0ms
[2024-05-28T11:48:21.825+0530][gc,phases   ] GC(11)   Evacuate Collection Set: 3.3ms
[2024-05-28T11:48:21.825+0530][gc,phases   ] GC(11)   Post Evacuate Collection Set: 0.2ms
[2024-05-28T11:48:21.825+0530][gc,phases   ] GC(11)   Other: 0.1ms
[2024-05-28T11:48:21.825+0530][gc,heap     ] GC(11) Eden regions: 121->0(89)
[2024-05-28T11:48:21.825+0530][gc,heap     ] GC(11) Survivor regions: 3->10(16)
[2024-05-28T11:48:21.825+0530][gc,heap     ] GC(11) Old regions: 23->23
[2024-05-28T11:48:21.825+0530][gc,heap     ] GC(11) Archive regions: 2->2
[2024-05-28T11:48:21.825+0530][gc,heap     ] GC(11) Humongous regions: 129->129
[2024-05-28T11:48:21.825+0530][gc,metaspace] GC(11) Metaspace: 43588K(44160K)->43588K(44160K) NonClass: 38533K(38848K)->38533K(38848K) Class: 5054K(5312K)->5054K(5312K)
[2024-05-28T11:48:21.825+0530][gc          ] GC(11) Pause Young (Normal) (G1 Evacuation Pause) 276M->162M(1024M) 3.796ms
[2024-05-28T11:48:21.825+0530][gc,cpu      ] GC(11) User=0.04s Sys=0.01s Real=0.00s
[2024-05-28T11:51:51.577+0530][gc,heap,exit] Heap
[2024-05-28T11:51:51.577+0530][gc,heap,exit]  garbage-first heap   total 1048576K, used 236860K [0x00000000c0000000, 0x0000000100000000)
[2024-05-28T11:51:51.577+0530][gc,heap,exit]   region size 1024K, 79 young (80896K), 10 survivors (10240K)
[2024-05-28T11:51:51.577+0530][gc,heap,exit]  Metaspace       used 44636K, committed 45184K, reserved 1114112K
[2024-05-28T11:51:51.577+0530][gc,heap,exit]   class space    used 5257K, committed 5504K, reserved 1048576K
