[2024-05-22T14:26:00.093+0530][gc] Using G1
[2024-05-22T14:26:00.109+0530][gc,init] Version: 17.0.10+7-Ubuntu-122.04.1 (release)
[2024-05-22T14:26:00.109+0530][gc,init] CPUs: 16 total, 16 available
[2024-05-22T14:26:00.109+0530][gc,init] Memory: 31911M
[2024-05-22T14:26:00.109+0530][gc,init] Large Page Support: Disabled
[2024-05-22T14:26:00.109+0530][gc,init] NUMA Support: Disabled
[2024-05-22T14:26:00.110+0530][gc,init] Compressed Oops: Enabled (32-bit)
[2024-05-22T14:26:00.110+0530][gc,init] Heap Region Size: 1M
[2024-05-22T14:26:00.110+0530][gc,init] Heap Min Capacity: 1G
[2024-05-22T14:26:00.110+0530][gc,init] Heap Initial Capacity: 1G
[2024-05-22T14:26:00.110+0530][gc,init] Heap Max Capacity: 1G
[2024-05-22T14:26:00.110+0530][gc,init] Pre-touch: Disabled
[2024-05-22T14:26:00.110+0530][gc,init] Parallel Workers: 13
[2024-05-22T14:26:00.110+0530][gc,init] Concurrent Workers: 3
[2024-05-22T14:26:00.110+0530][gc,init] Concurrent Refinement Workers: 13
[2024-05-22T14:26:00.110+0530][gc,init] Periodic GC: Disabled
[2024-05-22T14:26:00.116+0530][gc,metaspace] CDS archive(s) mapped at: [0x00007e98bf000000-0x00007e98bfbc7000-0x00007e98bfbc7000), size 12349440, SharedBaseAddress: 0x00007e98bf000000, ArchiveRelocationMode: 1.
[2024-05-22T14:26:00.116+0530][gc,metaspace] Compressed class space mapped at: 0x00007e98c0000000-0x00007e9900000000, reserved size: 1073741824
[2024-05-22T14:26:00.116+0530][gc,metaspace] Narrow klass base: 0x00007e98bf000000, Narrow klass shift: 0, Narrow klass range: 0x100000000
[2024-05-22T14:26:00.607+0530][gc,start    ] GC(0) Pause Young (Normal) (G1 Evacuation Pause)
[2024-05-22T14:26:00.608+0530][gc,task     ] GC(0) Using 13 workers of 13 for evacuation
[2024-05-22T14:26:00.610+0530][gc,phases   ] GC(0)   Pre Evacuate Collection Set: 0.1ms
[2024-05-22T14:26:00.610+0530][gc,phases   ] GC(0)   Merge Heap Roots: 0.0ms
[2024-05-22T14:26:00.610+0530][gc,phases   ] GC(0)   Evacuate Collection Set: 1.6ms
[2024-05-22T14:26:00.610+0530][gc,phases   ] GC(0)   Post Evacuate Collection Set: 0.3ms
[2024-05-22T14:26:00.610+0530][gc,phases   ] GC(0)   Other: 1.0ms
[2024-05-22T14:26:00.610+0530][gc,heap     ] GC(0) Eden regions: 51->0(44)
[2024-05-22T14:26:00.610+0530][gc,heap     ] GC(0) Survivor regions: 0->7(7)
[2024-05-22T14:26:00.610+0530][gc,heap     ] GC(0) Old regions: 0->1
[2024-05-22T14:26:00.610+0530][gc,heap     ] GC(0) Archive regions: 2->2
[2024-05-22T14:26:00.610+0530][gc,heap     ] GC(0) Humongous regions: 0->0
[2024-05-22T14:26:00.610+0530][gc,metaspace] GC(0) Metaspace: 18501K(18752K)->18501K(18752K) NonClass: 16312K(16448K)->16312K(16448K) Class: 2188K(2304K)->2188K(2304K)
[2024-05-22T14:26:00.610+0530][gc          ] GC(0) Pause Young (Normal) (G1 Evacuation Pause) 51M->8M(1024M) 3.083ms
[2024-05-22T14:26:00.610+0530][gc,cpu      ] GC(0) User=0.02s Sys=0.00s Real=0.00s
[2024-05-22T14:26:00.718+0530][gc,start    ] GC(1) Pause Young (Concurrent Start) (Metadata GC Threshold)
[2024-05-22T14:26:00.718+0530][gc,task     ] GC(1) Using 13 workers of 13 for evacuation
[2024-05-22T14:26:00.720+0530][gc,phases   ] GC(1)   Pre Evacuate Collection Set: 0.1ms
[2024-05-22T14:26:00.720+0530][gc,phases   ] GC(1)   Merge Heap Roots: 0.0ms
[2024-05-22T14:26:00.720+0530][gc,phases   ] GC(1)   Evacuate Collection Set: 1.2ms
[2024-05-22T14:26:00.720+0530][gc,phases   ] GC(1)   Post Evacuate Collection Set: 0.2ms
[2024-05-22T14:26:00.720+0530][gc,phases   ] GC(1)   Other: 0.2ms
[2024-05-22T14:26:00.720+0530][gc,heap     ] GC(1) Eden regions: 11->0(49)
[2024-05-22T14:26:00.720+0530][gc,heap     ] GC(1) Survivor regions: 7->2(7)
[2024-05-22T14:26:00.720+0530][gc,heap     ] GC(1) Old regions: 1->8
[2024-05-22T14:26:00.720+0530][gc,heap     ] GC(1) Archive regions: 2->2
[2024-05-22T14:26:00.720+0530][gc,heap     ] GC(1) Humongous regions: 0->0
[2024-05-22T14:26:00.720+0530][gc,metaspace] GC(1) Metaspace: 21309K(21504K)->21309K(21504K) NonClass: 18759K(18880K)->18759K(18880K) Class: 2550K(2624K)->2550K(2624K)
[2024-05-22T14:26:00.720+0530][gc          ] GC(1) Pause Young (Concurrent Start) (Metadata GC Threshold) 19M->10M(1024M) 1.715ms
[2024-05-22T14:26:00.720+0530][gc,cpu      ] GC(1) User=0.02s Sys=0.00s Real=0.00s
[2024-05-22T14:26:00.720+0530][gc          ] GC(2) Concurrent Mark Cycle
[2024-05-22T14:26:00.720+0530][gc,marking  ] GC(2) Concurrent Clear Claimed Marks
[2024-05-22T14:26:00.720+0530][gc,marking  ] GC(2) Concurrent Clear Claimed Marks 0.010ms
[2024-05-22T14:26:00.720+0530][gc,marking  ] GC(2) Concurrent Scan Root Regions
[2024-05-22T14:26:00.720+0530][gc,marking  ] GC(2) Concurrent Scan Root Regions 0.849ms
[2024-05-22T14:26:00.720+0530][gc,marking  ] GC(2) Concurrent Mark
[2024-05-22T14:26:00.721+0530][gc,marking  ] GC(2) Concurrent Mark From Roots
[2024-05-22T14:26:00.721+0530][gc,task     ] GC(2) Using 3 workers of 3 for marking
[2024-05-22T14:26:00.721+0530][gc,marking  ] GC(2) Concurrent Mark From Roots 0.698ms
[2024-05-22T14:26:00.721+0530][gc,marking  ] GC(2) Concurrent Preclean
[2024-05-22T14:26:00.721+0530][gc,marking  ] GC(2) Concurrent Preclean 0.061ms
[2024-05-22T14:26:00.721+0530][gc,start    ] GC(2) Pause Remark
[2024-05-22T14:26:00.722+0530][gc          ] GC(2) Pause Remark 10M->10M(1024M) 0.833ms
[2024-05-22T14:26:00.722+0530][gc,cpu      ] GC(2) User=0.01s Sys=0.00s Real=0.00s
[2024-05-22T14:26:00.722+0530][gc,marking  ] GC(2) Concurrent Mark 1.737ms
[2024-05-22T14:26:00.722+0530][gc,marking  ] GC(2) Concurrent Rebuild Remembered Sets
[2024-05-22T14:26:00.723+0530][gc,marking  ] GC(2) Concurrent Rebuild Remembered Sets 0.825ms
[2024-05-22T14:26:00.723+0530][gc,start    ] GC(2) Pause Cleanup
[2024-05-22T14:26:00.723+0530][gc          ] GC(2) Pause Cleanup 10M->10M(1024M) 0.091ms
[2024-05-22T14:26:00.723+0530][gc,cpu      ] GC(2) User=0.00s Sys=0.00s Real=0.00s
[2024-05-22T14:26:00.723+0530][gc,marking  ] GC(2) Concurrent Cleanup for Next Mark
[2024-05-22T14:26:00.725+0530][gc,marking  ] GC(2) Concurrent Cleanup for Next Mark 1.602ms
[2024-05-22T14:26:00.725+0530][gc          ] GC(2) Concurrent Mark Cycle 5.327ms
[2024-05-22T14:26:01.079+0530][gc,start    ] GC(3) Pause Young (Normal) (G1 Evacuation Pause)
[2024-05-22T14:26:01.079+0530][gc,task     ] GC(3) Using 13 workers of 13 for evacuation
[2024-05-22T14:26:01.080+0530][gc,phases   ] GC(3)   Pre Evacuate Collection Set: 0.1ms
[2024-05-22T14:26:01.080+0530][gc,phases   ] GC(3)   Merge Heap Roots: 0.0ms
[2024-05-22T14:26:01.080+0530][gc,phases   ] GC(3)   Evacuate Collection Set: 1.4ms
[2024-05-22T14:26:01.080+0530][gc,phases   ] GC(3)   Post Evacuate Collection Set: 0.2ms
[2024-05-22T14:26:01.081+0530][gc,phases   ] GC(3)   Other: 0.1ms
[2024-05-22T14:26:01.081+0530][gc,heap     ] GC(3) Eden regions: 49->0(44)
[2024-05-22T14:26:01.081+0530][gc,heap     ] GC(3) Survivor regions: 2->7(7)
[2024-05-22T14:26:01.081+0530][gc,heap     ] GC(3) Old regions: 8->8
[2024-05-22T14:26:01.081+0530][gc,heap     ] GC(3) Archive regions: 2->2
[2024-05-22T14:26:01.081+0530][gc,heap     ] GC(3) Humongous regions: 129->129
[2024-05-22T14:26:01.081+0530][gc,metaspace] GC(3) Metaspace: 32891K(33152K)->32891K(33152K) NonClass: 29285K(29376K)->29285K(29376K) Class: 3606K(3776K)->3606K(3776K)
[2024-05-22T14:26:01.081+0530][gc          ] GC(3) Pause Young (Normal) (G1 Evacuation Pause) 188M->143M(1024M) 1.926ms
[2024-05-22T14:26:01.081+0530][gc,cpu      ] GC(3) User=0.01s Sys=0.01s Real=0.00s
[2024-05-22T14:28:08.458+0530][gc,start    ] GC(4) Pause Young (Concurrent Start) (Metadata GC Threshold)
[2024-05-22T14:28:08.458+0530][gc,task     ] GC(4) Using 13 workers of 13 for evacuation
[2024-05-22T14:28:08.462+0530][gc,phases   ] GC(4)   Pre Evacuate Collection Set: 0.1ms
[2024-05-22T14:28:08.462+0530][gc,phases   ] GC(4)   Merge Heap Roots: 0.1ms
[2024-05-22T14:28:08.462+0530][gc,phases   ] GC(4)   Evacuate Collection Set: 3.1ms
[2024-05-22T14:28:08.462+0530][gc,phases   ] GC(4)   Post Evacuate Collection Set: 0.5ms
[2024-05-22T14:28:08.462+0530][gc,phases   ] GC(4)   Other: 0.2ms
[2024-05-22T14:28:08.462+0530][gc,heap     ] GC(4) Eden regions: 14->0(49)
[2024-05-22T14:28:08.462+0530][gc,heap     ] GC(4) Survivor regions: 7->2(7)
[2024-05-22T14:28:08.462+0530][gc,heap     ] GC(4) Old regions: 8->14
[2024-05-22T14:28:08.462+0530][gc,heap     ] GC(4) Archive regions: 2->2
[2024-05-22T14:28:08.462+0530][gc,heap     ] GC(4) Humongous regions: 129->129
[2024-05-22T14:28:08.462+0530][gc,metaspace] GC(4) Metaspace: 35789K(36096K)->35789K(36096K) NonClass: 31797K(31936K)->31797K(31936K) Class: 3991K(4160K)->3991K(4160K)
[2024-05-22T14:28:08.462+0530][gc          ] GC(4) Pause Young (Concurrent Start) (Metadata GC Threshold) 157M->145M(1024M) 4.097ms
[2024-05-22T14:28:08.462+0530][gc,cpu      ] GC(4) User=0.02s Sys=0.00s Real=0.00s
[2024-05-22T14:28:08.462+0530][gc          ] GC(5) Concurrent Mark Cycle
[2024-05-22T14:28:08.462+0530][gc,marking  ] GC(5) Concurrent Clear Claimed Marks
[2024-05-22T14:28:08.462+0530][gc,marking  ] GC(5) Concurrent Clear Claimed Marks 0.027ms
[2024-05-22T14:28:08.462+0530][gc,marking  ] GC(5) Concurrent Scan Root Regions
[2024-05-22T14:28:08.464+0530][gc,marking  ] GC(5) Concurrent Scan Root Regions 1.472ms
[2024-05-22T14:28:08.464+0530][gc,marking  ] GC(5) Concurrent Mark
[2024-05-22T14:28:08.464+0530][gc,marking  ] GC(5) Concurrent Mark From Roots
[2024-05-22T14:28:08.464+0530][gc,task     ] GC(5) Using 3 workers of 3 for marking
[2024-05-22T14:28:08.467+0530][gc,marking  ] GC(5) Concurrent Mark From Roots 3.636ms
[2024-05-22T14:28:08.467+0530][gc,marking  ] GC(5) Concurrent Preclean
[2024-05-22T14:28:08.467+0530][gc,marking  ] GC(5) Concurrent Preclean 0.129ms
[2024-05-22T14:28:08.468+0530][gc,start    ] GC(5) Pause Remark
[2024-05-22T14:28:08.469+0530][gc          ] GC(5) Pause Remark 145M->145M(1024M) 1.509ms
[2024-05-22T14:28:08.469+0530][gc,cpu      ] GC(5) User=0.01s Sys=0.00s Real=0.00s
[2024-05-22T14:28:08.469+0530][gc,marking  ] GC(5) Concurrent Mark 5.577ms
[2024-05-22T14:28:08.469+0530][gc,marking  ] GC(5) Concurrent Rebuild Remembered Sets
[2024-05-22T14:28:08.471+0530][gc,marking  ] GC(5) Concurrent Rebuild Remembered Sets 2.107ms
[2024-05-22T14:28:08.471+0530][gc,start    ] GC(5) Pause Cleanup
[2024-05-22T14:28:08.471+0530][gc          ] GC(5) Pause Cleanup 145M->145M(1024M) 0.087ms
[2024-05-22T14:28:08.471+0530][gc,cpu      ] GC(5) User=0.00s Sys=0.00s Real=0.00s
[2024-05-22T14:28:08.471+0530][gc,marking  ] GC(5) Concurrent Cleanup for Next Mark
[2024-05-22T14:28:08.473+0530][gc,marking  ] GC(5) Concurrent Cleanup for Next Mark 1.752ms
[2024-05-22T14:28:08.473+0530][gc          ] GC(5) Concurrent Mark Cycle 11.196ms
[2024-05-22T15:00:13.507+0530][gc,start    ] GC(6) Pause Young (Normal) (G1 Evacuation Pause)
[2024-05-22T15:00:13.508+0530][gc,task     ] GC(6) Using 13 workers of 13 for evacuation
[2024-05-22T15:00:13.511+0530][gc,phases   ] GC(6)   Pre Evacuate Collection Set: 0.3ms
[2024-05-22T15:00:13.511+0530][gc,phases   ] GC(6)   Merge Heap Roots: 0.2ms
[2024-05-22T15:00:13.511+0530][gc,phases   ] GC(6)   Evacuate Collection Set: 2.5ms
[2024-05-22T15:00:13.511+0530][gc,phases   ] GC(6)   Post Evacuate Collection Set: 0.6ms
[2024-05-22T15:00:13.511+0530][gc,phases   ] GC(6)   Other: 0.2ms
[2024-05-22T15:00:13.511+0530][gc,heap     ] GC(6) Eden regions: 49->0(49)
[2024-05-22T15:00:13.511+0530][gc,heap     ] GC(6) Survivor regions: 2->2(7)
[2024-05-22T15:00:13.511+0530][gc,heap     ] GC(6) Old regions: 14->14
[2024-05-22T15:00:13.511+0530][gc,heap     ] GC(6) Archive regions: 2->2
[2024-05-22T15:00:13.511+0530][gc,heap     ] GC(6) Humongous regions: 129->129
[2024-05-22T15:00:13.511+0530][gc,metaspace] GC(6) Metaspace: 38863K(39296K)->38863K(39296K) NonClass: 34451K(34688K)->34451K(34688K) Class: 4412K(4608K)->4412K(4608K)
[2024-05-22T15:00:13.511+0530][gc          ] GC(6) Pause Young (Normal) (G1 Evacuation Pause) 194M->145M(1024M) 3.940ms
[2024-05-22T15:00:13.511+0530][gc,cpu      ] GC(6) User=0.03s Sys=0.00s Real=0.00s
[2024-05-22T15:53:13.524+0530][gc,start    ] GC(7) Pause Young (Normal) (G1 Evacuation Pause)
[2024-05-22T15:53:13.524+0530][gc,task     ] GC(7) Using 13 workers of 13 for evacuation
[2024-05-22T15:53:13.529+0530][gc,phases   ] GC(7)   Pre Evacuate Collection Set: 0.3ms
[2024-05-22T15:53:13.529+0530][gc,phases   ] GC(7)   Merge Heap Roots: 0.2ms
[2024-05-22T15:53:13.529+0530][gc,phases   ] GC(7)   Evacuate Collection Set: 3.9ms
[2024-05-22T15:53:13.529+0530][gc,phases   ] GC(7)   Post Evacuate Collection Set: 1.1ms
[2024-05-22T15:53:13.529+0530][gc,phases   ] GC(7)   Other: 0.3ms
[2024-05-22T15:53:13.529+0530][gc,heap     ] GC(7) Eden regions: 49->0(49)
[2024-05-22T15:53:13.529+0530][gc,heap     ] GC(7) Survivor regions: 2->2(7)
[2024-05-22T15:53:13.529+0530][gc,heap     ] GC(7) Old regions: 14->14
[2024-05-22T15:53:13.530+0530][gc,heap     ] GC(7) Archive regions: 2->2
[2024-05-22T15:53:13.530+0530][gc,heap     ] GC(7) Humongous regions: 129->129
[2024-05-22T15:53:13.530+0530][gc,metaspace] GC(7) Metaspace: 39644K(40128K)->39644K(40128K) NonClass: 35208K(35456K)->35208K(35456K) Class: 4436K(4672K)->4436K(4672K)
[2024-05-22T15:53:13.530+0530][gc          ] GC(7) Pause Young (Normal) (G1 Evacuation Pause) 194M->145M(1024M) 5.970ms
[2024-05-22T15:53:13.530+0530][gc,cpu      ] GC(7) User=0.04s Sys=0.00s Real=0.01s
[2024-05-22T16:22:24.467+0530][gc,start    ] GC(8) Pause Young (Normal) (G1 Evacuation Pause)
[2024-05-22T16:22:24.467+0530][gc,task     ] GC(8) Using 13 workers of 13 for evacuation
[2024-05-22T16:22:24.470+0530][gc,phases   ] GC(8)   Pre Evacuate Collection Set: 0.2ms
[2024-05-22T16:22:24.470+0530][gc,phases   ] GC(8)   Merge Heap Roots: 0.0ms
[2024-05-22T16:22:24.470+0530][gc,phases   ] GC(8)   Evacuate Collection Set: 1.9ms
[2024-05-22T16:22:24.470+0530][gc,phases   ] GC(8)   Post Evacuate Collection Set: 0.8ms
[2024-05-22T16:22:24.470+0530][gc,phases   ] GC(8)   Other: 0.2ms
[2024-05-22T16:22:24.470+0530][gc,heap     ] GC(8) Eden regions: 49->0(54)
[2024-05-22T16:22:24.470+0530][gc,heap     ] GC(8) Survivor regions: 2->3(7)
[2024-05-22T16:22:24.470+0530][gc,heap     ] GC(8) Old regions: 14->14
[2024-05-22T16:22:24.470+0530][gc,heap     ] GC(8) Archive regions: 2->2
[2024-05-22T16:22:24.470+0530][gc,heap     ] GC(8) Humongous regions: 129->129
[2024-05-22T16:22:24.470+0530][gc,metaspace] GC(8) Metaspace: 40782K(41280K)->40782K(41280K) NonClass: 36258K(36544K)->36258K(36544K) Class: 4524K(4736K)->4524K(4736K)
[2024-05-22T16:22:24.470+0530][gc          ] GC(8) Pause Young (Normal) (G1 Evacuation Pause) 194M->146M(1024M) 3.175ms
[2024-05-22T16:22:24.470+0530][gc,cpu      ] GC(8) User=0.01s Sys=0.00s Real=0.00s
[2024-05-22T16:22:25.727+0530][gc,start    ] GC(9) Pause Young (Normal) (G1 Evacuation Pause)
[2024-05-22T16:22:25.727+0530][gc,task     ] GC(9) Using 13 workers of 13 for evacuation
[2024-05-22T16:22:25.732+0530][gc,phases   ] GC(9)   Pre Evacuate Collection Set: 0.2ms
[2024-05-22T16:22:25.732+0530][gc,phases   ] GC(9)   Merge Heap Roots: 0.1ms
[2024-05-22T16:22:25.732+0530][gc,phases   ] GC(9)   Evacuate Collection Set: 3.6ms
[2024-05-22T16:22:25.732+0530][gc,phases   ] GC(9)   Post Evacuate Collection Set: 0.8ms
[2024-05-22T16:22:25.732+0530][gc,phases   ] GC(9)   Other: 0.2ms
[2024-05-22T16:22:25.732+0530][gc,heap     ] GC(9) Eden regions: 54->0(188)
[2024-05-22T16:22:25.732+0530][gc,heap     ] GC(9) Survivor regions: 3->3(8)
[2024-05-22T16:22:25.732+0530][gc,heap     ] GC(9) Old regions: 14->14
[2024-05-22T16:22:25.732+0530][gc,heap     ] GC(9) Archive regions: 2->2
[2024-05-22T16:22:25.732+0530][gc,heap     ] GC(9) Humongous regions: 129->129
[2024-05-22T16:22:25.732+0530][gc,metaspace] GC(9) Metaspace: 40810K(41280K)->40810K(41280K) NonClass: 36285K(36544K)->36285K(36544K) Class: 4524K(4736K)->4524K(4736K)
[2024-05-22T16:22:25.732+0530][gc          ] GC(9) Pause Young (Normal) (G1 Evacuation Pause) 200M->146M(1024M) 4.933ms
[2024-05-22T16:22:25.732+0530][gc,cpu      ] GC(9) User=0.01s Sys=0.00s Real=0.00s
[2024-05-22T16:22:28.716+0530][gc,start    ] GC(10) Pause Young (Normal) (G1 Evacuation Pause)
[2024-05-22T16:22:28.716+0530][gc,task     ] GC(10) Using 13 workers of 13 for evacuation
[2024-05-22T16:22:28.720+0530][gc,phases   ] GC(10)   Pre Evacuate Collection Set: 0.2ms
[2024-05-22T16:22:28.720+0530][gc,phases   ] GC(10)   Merge Heap Roots: 0.1ms
[2024-05-22T16:22:28.720+0530][gc,phases   ] GC(10)   Evacuate Collection Set: 3.0ms
[2024-05-22T16:22:28.720+0530][gc,phases   ] GC(10)   Post Evacuate Collection Set: 0.9ms
[2024-05-22T16:22:28.720+0530][gc,phases   ] GC(10)   Other: 0.2ms
[2024-05-22T16:22:28.720+0530][gc,heap     ] GC(10) Eden regions: 188->0(490)
[2024-05-22T16:22:28.720+0530][gc,heap     ] GC(10) Survivor regions: 3->3(24)
[2024-05-22T16:22:28.720+0530][gc,heap     ] GC(10) Old regions: 14->14
[2024-05-22T16:22:28.720+0530][gc,heap     ] GC(10) Archive regions: 2->2
[2024-05-22T16:22:28.720+0530][gc,heap     ] GC(10) Humongous regions: 129->129
[2024-05-22T16:22:28.720+0530][gc,metaspace] GC(10) Metaspace: 40811K(41280K)->40811K(41280K) NonClass: 36285K(36544K)->36285K(36544K) Class: 4525K(4736K)->4525K(4736K)
[2024-05-22T16:22:28.720+0530][gc          ] GC(10) Pause Young (Normal) (G1 Evacuation Pause) 334M->146M(1024M) 4.415ms
[2024-05-22T16:22:28.720+0530][gc,cpu      ] GC(10) User=0.02s Sys=0.01s Real=0.01s
[2024-05-22T16:22:31.054+0530][gc,start    ] GC(11) Pause Young (Normal) (G1 Evacuation Pause)
[2024-05-22T16:22:31.054+0530][gc,task     ] GC(11) Using 13 workers of 13 for evacuation
[2024-05-22T16:22:31.056+0530][gc,phases   ] GC(11)   Pre Evacuate Collection Set: 0.1ms
[2024-05-22T16:22:31.056+0530][gc,phases   ] GC(11)   Merge Heap Roots: 0.1ms
[2024-05-22T16:22:31.056+0530][gc,phases   ] GC(11)   Evacuate Collection Set: 1.4ms
[2024-05-22T16:22:31.056+0530][gc,phases   ] GC(11)   Post Evacuate Collection Set: 0.5ms
[2024-05-22T16:22:31.056+0530][gc,phases   ] GC(11)   Other: 0.2ms
[2024-05-22T16:22:31.056+0530][gc,heap     ] GC(11) Eden regions: 490->0(611)
[2024-05-22T16:22:31.056+0530][gc,heap     ] GC(11) Survivor regions: 3->3(62)
[2024-05-22T16:22:31.056+0530][gc,heap     ] GC(11) Old regions: 14->14
[2024-05-22T16:22:31.056+0530][gc,heap     ] GC(11) Archive regions: 2->2
[2024-05-22T16:22:31.056+0530][gc,heap     ] GC(11) Humongous regions: 129->129
[2024-05-22T16:22:31.056+0530][gc,metaspace] GC(11) Metaspace: 40811K(41280K)->40811K(41280K) NonClass: 36285K(36544K)->36285K(36544K) Class: 4525K(4736K)->4525K(4736K)
[2024-05-22T16:22:31.056+0530][gc          ] GC(11) Pause Young (Normal) (G1 Evacuation Pause) 636M->146M(1024M) 2.359ms
[2024-05-22T16:22:31.056+0530][gc,cpu      ] GC(11) User=0.01s Sys=0.01s Real=0.00s
[2024-05-22T16:22:33.940+0530][gc,start    ] GC(12) Pause Young (Normal) (G1 Evacuation Pause)
[2024-05-22T16:22:33.940+0530][gc,task     ] GC(12) Using 13 workers of 13 for evacuation
[2024-05-22T16:22:33.942+0530][gc,phases   ] GC(12)   Pre Evacuate Collection Set: 0.1ms
[2024-05-22T16:22:33.942+0530][gc,phases   ] GC(12)   Merge Heap Roots: 0.1ms
[2024-05-22T16:22:33.942+0530][gc,phases   ] GC(12)   Evacuate Collection Set: 1.5ms
[2024-05-22T16:22:33.942+0530][gc,phases   ] GC(12)   Post Evacuate Collection Set: 0.5ms
[2024-05-22T16:22:33.942+0530][gc,phases   ] GC(12)   Other: 0.2ms
[2024-05-22T16:22:33.942+0530][gc,heap     ] GC(12) Eden regions: 611->0(611)
[2024-05-22T16:22:33.942+0530][gc,heap     ] GC(12) Survivor regions: 3->3(77)
[2024-05-22T16:22:33.942+0530][gc,heap     ] GC(12) Old regions: 14->14
[2024-05-22T16:22:33.942+0530][gc,heap     ] GC(12) Archive regions: 2->2
[2024-05-22T16:22:33.942+0530][gc,heap     ] GC(12) Humongous regions: 129->129
[2024-05-22T16:22:33.942+0530][gc,metaspace] GC(12) Metaspace: 40811K(41280K)->40811K(41280K) NonClass: 36285K(36544K)->36285K(36544K) Class: 4525K(4736K)->4525K(4736K)
[2024-05-22T16:22:33.942+0530][gc          ] GC(12) Pause Young (Normal) (G1 Evacuation Pause) 757M->146M(1024M) 2.411ms
[2024-05-22T16:22:33.942+0530][gc,cpu      ] GC(12) User=0.02s Sys=0.00s Real=0.00s
[2024-05-22T16:22:36.987+0530][gc,start    ] GC(13) Pause Young (Normal) (G1 Evacuation Pause)
[2024-05-22T16:22:36.987+0530][gc,task     ] GC(13) Using 13 workers of 13 for evacuation
[2024-05-22T16:22:36.989+0530][gc,phases   ] GC(13)   Pre Evacuate Collection Set: 0.1ms
[2024-05-22T16:22:36.989+0530][gc,phases   ] GC(13)   Merge Heap Roots: 0.1ms
[2024-05-22T16:22:36.989+0530][gc,phases   ] GC(13)   Evacuate Collection Set: 1.3ms
[2024-05-22T16:22:36.989+0530][gc,phases   ] GC(13)   Post Evacuate Collection Set: 0.6ms
[2024-05-22T16:22:36.989+0530][gc,phases   ] GC(13)   Other: 0.1ms
[2024-05-22T16:22:36.989+0530][gc,heap     ] GC(13) Eden regions: 611->0(611)
[2024-05-22T16:22:36.989+0530][gc,heap     ] GC(13) Survivor regions: 3->3(77)
[2024-05-22T16:22:36.989+0530][gc,heap     ] GC(13) Old regions: 14->14
[2024-05-22T16:22:36.989+0530][gc,heap     ] GC(13) Archive regions: 2->2
[2024-05-22T16:22:36.989+0530][gc,heap     ] GC(13) Humongous regions: 129->129
[2024-05-22T16:22:36.989+0530][gc,metaspace] GC(13) Metaspace: 40811K(41280K)->40811K(41280K) NonClass: 36286K(36544K)->36286K(36544K) Class: 4525K(4736K)->4525K(4736K)
[2024-05-22T16:22:36.989+0530][gc          ] GC(13) Pause Young (Normal) (G1 Evacuation Pause) 757M->146M(1024M) 2.184ms
[2024-05-22T16:22:36.989+0530][gc,cpu      ] GC(13) User=0.01s Sys=0.00s Real=0.00s
[2024-05-22T16:22:39.831+0530][gc,start    ] GC(14) Pause Young (Normal) (G1 Evacuation Pause)
[2024-05-22T16:22:39.831+0530][gc,task     ] GC(14) Using 13 workers of 13 for evacuation
[2024-05-22T16:22:39.833+0530][gc,phases   ] GC(14)   Pre Evacuate Collection Set: 0.2ms
[2024-05-22T16:22:39.834+0530][gc,phases   ] GC(14)   Merge Heap Roots: 0.1ms
[2024-05-22T16:22:39.834+0530][gc,phases   ] GC(14)   Evacuate Collection Set: 1.6ms
[2024-05-22T16:22:39.834+0530][gc,phases   ] GC(14)   Post Evacuate Collection Set: 0.6ms
[2024-05-22T16:22:39.834+0530][gc,phases   ] GC(14)   Other: 0.2ms
[2024-05-22T16:22:39.834+0530][gc,heap     ] GC(14) Eden regions: 611->0(611)
[2024-05-22T16:22:39.834+0530][gc,heap     ] GC(14) Survivor regions: 3->3(77)
[2024-05-22T16:22:39.834+0530][gc,heap     ] GC(14) Old regions: 14->14
[2024-05-22T16:22:39.834+0530][gc,heap     ] GC(14) Archive regions: 2->2
[2024-05-22T16:22:39.834+0530][gc,heap     ] GC(14) Humongous regions: 129->129
[2024-05-22T16:22:39.834+0530][gc,metaspace] GC(14) Metaspace: 40811K(41280K)->40811K(41280K) NonClass: 36286K(36544K)->36286K(36544K) Class: 4525K(4736K)->4525K(4736K)
[2024-05-22T16:22:39.834+0530][gc          ] GC(14) Pause Young (Normal) (G1 Evacuation Pause) 757M->146M(1024M) 2.815ms
[2024-05-22T16:22:39.834+0530][gc,cpu      ] GC(14) User=0.01s Sys=0.00s Real=0.00s
[2024-05-22T16:22:43.257+0530][gc,start    ] GC(15) Pause Young (Normal) (G1 Evacuation Pause)
[2024-05-22T16:22:43.257+0530][gc,task     ] GC(15) Using 13 workers of 13 for evacuation
[2024-05-22T16:22:43.260+0530][gc,phases   ] GC(15)   Pre Evacuate Collection Set: 0.1ms
[2024-05-22T16:22:43.260+0530][gc,phases   ] GC(15)   Merge Heap Roots: 0.1ms
[2024-05-22T16:22:43.260+0530][gc,phases   ] GC(15)   Evacuate Collection Set: 1.5ms
[2024-05-22T16:22:43.260+0530][gc,phases   ] GC(15)   Post Evacuate Collection Set: 0.6ms
[2024-05-22T16:22:43.260+0530][gc,phases   ] GC(15)   Other: 0.1ms
[2024-05-22T16:22:43.260+0530][gc,heap     ] GC(15) Eden regions: 611->0(611)
[2024-05-22T16:22:43.260+0530][gc,heap     ] GC(15) Survivor regions: 3->3(77)
[2024-05-22T16:22:43.260+0530][gc,heap     ] GC(15) Old regions: 14->14
[2024-05-22T16:22:43.260+0530][gc,heap     ] GC(15) Archive regions: 2->2
[2024-05-22T16:22:43.260+0530][gc,heap     ] GC(15) Humongous regions: 129->129
[2024-05-22T16:22:43.260+0530][gc,metaspace] GC(15) Metaspace: 40908K(41408K)->40908K(41408K) NonClass: 36365K(36608K)->36365K(36608K) Class: 4542K(4800K)->4542K(4800K)
[2024-05-22T16:22:43.260+0530][gc          ] GC(15) Pause Young (Normal) (G1 Evacuation Pause) 757M->146M(1024M) 2.464ms
[2024-05-22T16:22:43.260+0530][gc,cpu      ] GC(15) User=0.01s Sys=0.00s Real=0.01s
[2024-05-22T16:22:46.374+0530][gc,start    ] GC(16) Pause Young (Normal) (G1 Evacuation Pause)
[2024-05-22T16:22:46.374+0530][gc,task     ] GC(16) Using 13 workers of 13 for evacuation
[2024-05-22T16:22:46.378+0530][gc,phases   ] GC(16)   Pre Evacuate Collection Set: 0.2ms
[2024-05-22T16:22:46.378+0530][gc,phases   ] GC(16)   Merge Heap Roots: 0.1ms
[2024-05-22T16:22:46.378+0530][gc,phases   ] GC(16)   Evacuate Collection Set: 2.5ms
[2024-05-22T16:22:46.378+0530][gc,phases   ] GC(16)   Post Evacuate Collection Set: 0.8ms
[2024-05-22T16:22:46.378+0530][gc,phases   ] GC(16)   Other: 0.2ms
[2024-05-22T16:22:46.378+0530][gc,heap     ] GC(16) Eden regions: 611->0(611)
[2024-05-22T16:22:46.378+0530][gc,heap     ] GC(16) Survivor regions: 3->3(77)
[2024-05-22T16:22:46.378+0530][gc,heap     ] GC(16) Old regions: 14->14
[2024-05-22T16:22:46.378+0530][gc,heap     ] GC(16) Archive regions: 2->2
[2024-05-22T16:22:46.378+0530][gc,heap     ] GC(16) Humongous regions: 129->129
[2024-05-22T16:22:46.378+0530][gc,metaspace] GC(16) Metaspace: 40908K(41408K)->40908K(41408K) NonClass: 36366K(36608K)->36366K(36608K) Class: 4542K(4800K)->4542K(4800K)
[2024-05-22T16:22:46.378+0530][gc          ] GC(16) Pause Young (Normal) (G1 Evacuation Pause) 757M->146M(1024M) 3.911ms
[2024-05-22T16:22:46.378+0530][gc,cpu      ] GC(16) User=0.02s Sys=0.00s Real=0.01s
[2024-05-22T16:22:49.078+0530][gc,start    ] GC(17) Pause Young (Normal) (G1 Evacuation Pause)
[2024-05-22T16:22:49.078+0530][gc,task     ] GC(17) Using 13 workers of 13 for evacuation
[2024-05-22T16:22:49.080+0530][gc,phases   ] GC(17)   Pre Evacuate Collection Set: 0.1ms
[2024-05-22T16:22:49.080+0530][gc,phases   ] GC(17)   Merge Heap Roots: 0.1ms
[2024-05-22T16:22:49.080+0530][gc,phases   ] GC(17)   Evacuate Collection Set: 1.1ms
[2024-05-22T16:22:49.080+0530][gc,phases   ] GC(17)   Post Evacuate Collection Set: 0.5ms
[2024-05-22T16:22:49.080+0530][gc,phases   ] GC(17)   Other: 0.1ms
[2024-05-22T16:22:49.080+0530][gc,heap     ] GC(17) Eden regions: 611->0(611)
[2024-05-22T16:22:49.080+0530][gc,heap     ] GC(17) Survivor regions: 3->3(77)
[2024-05-22T16:22:49.080+0530][gc,heap     ] GC(17) Old regions: 14->14
[2024-05-22T16:22:49.080+0530][gc,heap     ] GC(17) Archive regions: 2->2
[2024-05-22T16:22:49.080+0530][gc,heap     ] GC(17) Humongous regions: 129->129
[2024-05-22T16:22:49.080+0530][gc,metaspace] GC(17) Metaspace: 40908K(41408K)->40908K(41408K) NonClass: 36366K(36608K)->36366K(36608K) Class: 4542K(4800K)->4542K(4800K)
[2024-05-22T16:22:49.080+0530][gc          ] GC(17) Pause Young (Normal) (G1 Evacuation Pause) 757M->146M(1024M) 1.955ms
[2024-05-22T16:22:49.080+0530][gc,cpu      ] GC(17) User=0.01s Sys=0.01s Real=0.00s
[2024-05-22T16:22:51.958+0530][gc,start    ] GC(18) Pause Young (Normal) (G1 Evacuation Pause)
[2024-05-22T16:22:51.958+0530][gc,task     ] GC(18) Using 13 workers of 13 for evacuation
[2024-05-22T16:22:51.961+0530][gc,phases   ] GC(18)   Pre Evacuate Collection Set: 0.2ms
[2024-05-22T16:22:51.961+0530][gc,phases   ] GC(18)   Merge Heap Roots: 0.1ms
[2024-05-22T16:22:51.961+0530][gc,phases   ] GC(18)   Evacuate Collection Set: 2.1ms
[2024-05-22T16:22:51.961+0530][gc,phases   ] GC(18)   Post Evacuate Collection Set: 0.9ms
[2024-05-22T16:22:51.961+0530][gc,phases   ] GC(18)   Other: 0.2ms
[2024-05-22T16:22:51.961+0530][gc,heap     ] GC(18) Eden regions: 611->0(611)
[2024-05-22T16:22:51.961+0530][gc,heap     ] GC(18) Survivor regions: 3->3(77)
[2024-05-22T16:22:51.961+0530][gc,heap     ] GC(18) Old regions: 14->14
[2024-05-22T16:22:51.961+0530][gc,heap     ] GC(18) Archive regions: 2->2
[2024-05-22T16:22:51.961+0530][gc,heap     ] GC(18) Humongous regions: 129->129
[2024-05-22T16:22:51.961+0530][gc,metaspace] GC(18) Metaspace: 40909K(41408K)->40909K(41408K) NonClass: 36367K(36608K)->36367K(36608K) Class: 4542K(4800K)->4542K(4800K)
[2024-05-22T16:22:51.961+0530][gc          ] GC(18) Pause Young (Normal) (G1 Evacuation Pause) 757M->146M(1024M) 3.590ms
[2024-05-22T16:22:51.961+0530][gc,cpu      ] GC(18) User=0.01s Sys=0.00s Real=0.00s
[2024-05-22T16:22:54.747+0530][gc,start    ] GC(19) Pause Young (Normal) (G1 Evacuation Pause)
[2024-05-22T16:22:54.747+0530][gc,task     ] GC(19) Using 13 workers of 13 for evacuation
[2024-05-22T16:22:54.750+0530][gc,phases   ] GC(19)   Pre Evacuate Collection Set: 0.1ms
[2024-05-22T16:22:54.750+0530][gc,phases   ] GC(19)   Merge Heap Roots: 0.1ms
[2024-05-22T16:22:54.750+0530][gc,phases   ] GC(19)   Evacuate Collection Set: 1.6ms
[2024-05-22T16:22:54.750+0530][gc,phases   ] GC(19)   Post Evacuate Collection Set: 0.5ms
[2024-05-22T16:22:54.750+0530][gc,phases   ] GC(19)   Other: 0.1ms
[2024-05-22T16:22:54.750+0530][gc,heap     ] GC(19) Eden regions: 611->0(611)
[2024-05-22T16:22:54.750+0530][gc,heap     ] GC(19) Survivor regions: 3->3(77)
[2024-05-22T16:22:54.750+0530][gc,heap     ] GC(19) Old regions: 14->14
[2024-05-22T16:22:54.750+0530][gc,heap     ] GC(19) Archive regions: 2->2
[2024-05-22T16:22:54.750+0530][gc,heap     ] GC(19) Humongous regions: 129->129
[2024-05-22T16:22:54.750+0530][gc,metaspace] GC(19) Metaspace: 40911K(41408K)->40911K(41408K) NonClass: 36369K(36608K)->36369K(36608K) Class: 4542K(4800K)->4542K(4800K)
[2024-05-22T16:22:54.750+0530][gc          ] GC(19) Pause Young (Normal) (G1 Evacuation Pause) 757M->146M(1024M) 2.513ms
[2024-05-22T16:22:54.750+0530][gc,cpu      ] GC(19) User=0.00s Sys=0.01s Real=0.00s
[2024-05-22T16:22:57.648+0530][gc,start    ] GC(20) Pause Young (Normal) (G1 Evacuation Pause)
[2024-05-22T16:22:57.648+0530][gc,task     ] GC(20) Using 13 workers of 13 for evacuation
[2024-05-22T16:22:57.650+0530][gc,phases   ] GC(20)   Pre Evacuate Collection Set: 0.1ms
[2024-05-22T16:22:57.650+0530][gc,phases   ] GC(20)   Merge Heap Roots: 0.1ms
[2024-05-22T16:22:57.650+0530][gc,phases   ] GC(20)   Evacuate Collection Set: 1.5ms
[2024-05-22T16:22:57.650+0530][gc,phases   ] GC(20)   Post Evacuate Collection Set: 0.6ms
[2024-05-22T16:22:57.650+0530][gc,phases   ] GC(20)   Other: 0.1ms
[2024-05-22T16:22:57.650+0530][gc,heap     ] GC(20) Eden regions: 611->0(611)
[2024-05-22T16:22:57.650+0530][gc,heap     ] GC(20) Survivor regions: 3->3(77)
[2024-05-22T16:22:57.650+0530][gc,heap     ] GC(20) Old regions: 14->15
[2024-05-22T16:22:57.650+0530][gc,heap     ] GC(20) Archive regions: 2->2
[2024-05-22T16:22:57.650+0530][gc,heap     ] GC(20) Humongous regions: 129->129
[2024-05-22T16:22:57.650+0530][gc,metaspace] GC(20) Metaspace: 40911K(41408K)->40911K(41408K) NonClass: 36369K(36608K)->36369K(36608K) Class: 4542K(4800K)->4542K(4800K)
[2024-05-22T16:22:57.650+0530][gc          ] GC(20) Pause Young (Normal) (G1 Evacuation Pause) 757M->146M(1024M) 2.550ms
[2024-05-22T16:22:57.650+0530][gc,cpu      ] GC(20) User=0.01s Sys=0.00s Real=0.00s
[2024-05-22T16:23:00.450+0530][gc,start    ] GC(21) Pause Young (Normal) (G1 Evacuation Pause)
[2024-05-22T16:23:00.450+0530][gc,task     ] GC(21) Using 13 workers of 13 for evacuation
[2024-05-22T16:23:00.452+0530][gc,phases   ] GC(21)   Pre Evacuate Collection Set: 0.1ms
[2024-05-22T16:23:00.452+0530][gc,phases   ] GC(21)   Merge Heap Roots: 0.1ms
[2024-05-22T16:23:00.452+0530][gc,phases   ] GC(21)   Evacuate Collection Set: 1.2ms
[2024-05-22T16:23:00.452+0530][gc,phases   ] GC(21)   Post Evacuate Collection Set: 0.5ms
[2024-05-22T16:23:00.452+0530][gc,phases   ] GC(21)   Other: 0.1ms
[2024-05-22T16:23:00.452+0530][gc,heap     ] GC(21) Eden regions: 611->0(612)
[2024-05-22T16:23:00.452+0530][gc,heap     ] GC(21) Survivor regions: 3->2(77)
[2024-05-22T16:23:00.452+0530][gc,heap     ] GC(21) Old regions: 15->16
[2024-05-22T16:23:00.452+0530][gc,heap     ] GC(21) Archive regions: 2->2
[2024-05-22T16:23:00.452+0530][gc,heap     ] GC(21) Humongous regions: 129->129
[2024-05-22T16:23:00.452+0530][gc,metaspace] GC(21) Metaspace: 40911K(41408K)->40911K(41408K) NonClass: 36369K(36608K)->36369K(36608K) Class: 4542K(4800K)->4542K(4800K)
[2024-05-22T16:23:00.452+0530][gc          ] GC(21) Pause Young (Normal) (G1 Evacuation Pause) 757M->146M(1024M) 2.188ms
[2024-05-22T16:23:00.452+0530][gc,cpu      ] GC(21) User=0.00s Sys=0.01s Real=0.00s
[2024-05-22T16:23:03.503+0530][gc,start    ] GC(22) Pause Young (Normal) (G1 Evacuation Pause)
[2024-05-22T16:23:03.503+0530][gc,task     ] GC(22) Using 13 workers of 13 for evacuation
[2024-05-22T16:23:03.506+0530][gc,phases   ] GC(22)   Pre Evacuate Collection Set: 0.1ms
[2024-05-22T16:23:03.506+0530][gc,phases   ] GC(22)   Merge Heap Roots: 0.2ms
[2024-05-22T16:23:03.506+0530][gc,phases   ] GC(22)   Evacuate Collection Set: 2.0ms
[2024-05-22T16:23:03.506+0530][gc,phases   ] GC(22)   Post Evacuate Collection Set: 0.7ms
[2024-05-22T16:23:03.506+0530][gc,phases   ] GC(22)   Other: 0.1ms
[2024-05-22T16:23:03.506+0530][gc,heap     ] GC(22) Eden regions: 612->0(612)
[2024-05-22T16:23:03.506+0530][gc,heap     ] GC(22) Survivor regions: 2->2(77)
[2024-05-22T16:23:03.506+0530][gc,heap     ] GC(22) Old regions: 16->16
[2024-05-22T16:23:03.506+0530][gc,heap     ] GC(22) Archive regions: 2->2
[2024-05-22T16:23:03.506+0530][gc,heap     ] GC(22) Humongous regions: 129->129
[2024-05-22T16:23:03.506+0530][gc,metaspace] GC(22) Metaspace: 40911K(41408K)->40911K(41408K) NonClass: 36369K(36608K)->36369K(36608K) Class: 4542K(4800K)->4542K(4800K)
[2024-05-22T16:23:03.506+0530][gc          ] GC(22) Pause Young (Normal) (G1 Evacuation Pause) 758M->146M(1024M) 3.284ms
[2024-05-22T16:23:03.506+0530][gc,cpu      ] GC(22) User=0.01s Sys=0.00s Real=0.01s
[2024-05-22T16:23:06.433+0530][gc,start    ] GC(23) Pause Young (Normal) (G1 Evacuation Pause)
[2024-05-22T16:23:06.433+0530][gc,task     ] GC(23) Using 13 workers of 13 for evacuation
[2024-05-22T16:23:06.434+0530][gc,phases   ] GC(23)   Pre Evacuate Collection Set: 0.1ms
[2024-05-22T16:23:06.434+0530][gc,phases   ] GC(23)   Merge Heap Roots: 0.1ms
[2024-05-22T16:23:06.434+0530][gc,phases   ] GC(23)   Evacuate Collection Set: 1.1ms
[2024-05-22T16:23:06.434+0530][gc,phases   ] GC(23)   Post Evacuate Collection Set: 0.4ms
[2024-05-22T16:23:06.434+0530][gc,phases   ] GC(23)   Other: 0.1ms
[2024-05-22T16:23:06.434+0530][gc,heap     ] GC(23) Eden regions: 612->0(613)
[2024-05-22T16:23:06.434+0530][gc,heap     ] GC(23) Survivor regions: 2->1(77)
[2024-05-22T16:23:06.434+0530][gc,heap     ] GC(23) Old regions: 16->16
[2024-05-22T16:23:06.434+0530][gc,heap     ] GC(23) Archive regions: 2->2
[2024-05-22T16:23:06.434+0530][gc,heap     ] GC(23) Humongous regions: 129->129
[2024-05-22T16:23:06.434+0530][gc,metaspace] GC(23) Metaspace: 40911K(41408K)->40911K(41408K) NonClass: 36369K(36608K)->36369K(36608K) Class: 4542K(4800K)->4542K(4800K)
[2024-05-22T16:23:06.434+0530][gc          ] GC(23) Pause Young (Normal) (G1 Evacuation Pause) 758M->146M(1024M) 1.850ms
[2024-05-22T16:23:06.434+0530][gc,cpu      ] GC(23) User=0.01s Sys=0.00s Real=0.00s
[2024-05-22T16:23:09.331+0530][gc,start    ] GC(24) Pause Young (Normal) (G1 Evacuation Pause)
[2024-05-22T16:23:09.331+0530][gc,task     ] GC(24) Using 13 workers of 13 for evacuation
[2024-05-22T16:23:09.332+0530][gc,phases   ] GC(24)   Pre Evacuate Collection Set: 0.1ms
[2024-05-22T16:23:09.332+0530][gc,phases   ] GC(24)   Merge Heap Roots: 0.1ms
[2024-05-22T16:23:09.332+0530][gc,phases   ] GC(24)   Evacuate Collection Set: 0.4ms
[2024-05-22T16:23:09.332+0530][gc,phases   ] GC(24)   Post Evacuate Collection Set: 0.4ms
[2024-05-22T16:23:09.332+0530][gc,phases   ] GC(24)   Other: 0.1ms
[2024-05-22T16:23:09.332+0530][gc,heap     ] GC(24) Eden regions: 613->0(613)
[2024-05-22T16:23:09.332+0530][gc,heap     ] GC(24) Survivor regions: 1->1(77)
[2024-05-22T16:23:09.332+0530][gc,heap     ] GC(24) Old regions: 16->16
[2024-05-22T16:23:09.332+0530][gc,heap     ] GC(24) Archive regions: 2->2
[2024-05-22T16:23:09.332+0530][gc,heap     ] GC(24) Humongous regions: 129->129
[2024-05-22T16:23:09.332+0530][gc,metaspace] GC(24) Metaspace: 40911K(41408K)->40911K(41408K) NonClass: 36369K(36608K)->36369K(36608K) Class: 4542K(4800K)->4542K(4800K)
[2024-05-22T16:23:09.332+0530][gc          ] GC(24) Pause Young (Normal) (G1 Evacuation Pause) 759M->146M(1024M) 1.162ms
[2024-05-22T16:23:09.332+0530][gc,cpu      ] GC(24) User=0.01s Sys=0.00s Real=0.00s
[2024-05-22T16:23:12.240+0530][gc,start    ] GC(25) Pause Young (Normal) (G1 Evacuation Pause)
[2024-05-22T16:23:12.240+0530][gc,task     ] GC(25) Using 13 workers of 13 for evacuation
[2024-05-22T16:23:12.241+0530][gc,phases   ] GC(25)   Pre Evacuate Collection Set: 0.1ms
[2024-05-22T16:23:12.241+0530][gc,phases   ] GC(25)   Merge Heap Roots: 0.1ms
[2024-05-22T16:23:12.241+0530][gc,phases   ] GC(25)   Evacuate Collection Set: 0.5ms
[2024-05-22T16:23:12.241+0530][gc,phases   ] GC(25)   Post Evacuate Collection Set: 0.5ms
[2024-05-22T16:23:12.241+0530][gc,phases   ] GC(25)   Other: 0.1ms
[2024-05-22T16:23:12.241+0530][gc,heap     ] GC(25) Eden regions: 613->0(613)
[2024-05-22T16:23:12.241+0530][gc,heap     ] GC(25) Survivor regions: 1->1(77)
[2024-05-22T16:23:12.241+0530][gc,heap     ] GC(25) Old regions: 16->16
[2024-05-22T16:23:12.241+0530][gc,heap     ] GC(25) Archive regions: 2->2
[2024-05-22T16:23:12.241+0530][gc,heap     ] GC(25) Humongous regions: 129->129
[2024-05-22T16:23:12.241+0530][gc,metaspace] GC(25) Metaspace: 40911K(41408K)->40911K(41408K) NonClass: 36369K(36608K)->36369K(36608K) Class: 4542K(4800K)->4542K(4800K)
[2024-05-22T16:23:12.241+0530][gc          ] GC(25) Pause Young (Normal) (G1 Evacuation Pause) 759M->146M(1024M) 1.334ms
[2024-05-22T16:23:12.241+0530][gc,cpu      ] GC(25) User=0.00s Sys=0.01s Real=0.00s
[2024-05-22T16:23:15.073+0530][gc,start    ] GC(26) Pause Young (Normal) (G1 Evacuation Pause)
[2024-05-22T16:23:15.073+0530][gc,task     ] GC(26) Using 13 workers of 13 for evacuation
[2024-05-22T16:23:15.074+0530][gc,phases   ] GC(26)   Pre Evacuate Collection Set: 0.1ms
[2024-05-22T16:23:15.074+0530][gc,phases   ] GC(26)   Merge Heap Roots: 0.1ms
[2024-05-22T16:23:15.074+0530][gc,phases   ] GC(26)   Evacuate Collection Set: 0.4ms
[2024-05-22T16:23:15.074+0530][gc,phases   ] GC(26)   Post Evacuate Collection Set: 0.4ms
[2024-05-22T16:23:15.074+0530][gc,phases   ] GC(26)   Other: 0.1ms
[2024-05-22T16:23:15.074+0530][gc,heap     ] GC(26) Eden regions: 613->0(613)
[2024-05-22T16:23:15.074+0530][gc,heap     ] GC(26) Survivor regions: 1->1(77)
[2024-05-22T16:23:15.074+0530][gc,heap     ] GC(26) Old regions: 16->16
[2024-05-22T16:23:15.074+0530][gc,heap     ] GC(26) Archive regions: 2->2
[2024-05-22T16:23:15.074+0530][gc,heap     ] GC(26) Humongous regions: 129->129
[2024-05-22T16:23:15.074+0530][gc,metaspace] GC(26) Metaspace: 40911K(41408K)->40911K(41408K) NonClass: 36369K(36608K)->36369K(36608K) Class: 4542K(4800K)->4542K(4800K)
[2024-05-22T16:23:15.074+0530][gc          ] GC(26) Pause Young (Normal) (G1 Evacuation Pause) 759M->146M(1024M) 1.130ms
[2024-05-22T16:23:15.074+0530][gc,cpu      ] GC(26) User=0.00s Sys=0.00s Real=0.00s
[2024-05-22T16:23:17.948+0530][gc,start    ] GC(27) Pause Young (Normal) (G1 Evacuation Pause)
[2024-05-22T16:23:17.949+0530][gc,task     ] GC(27) Using 13 workers of 13 for evacuation
[2024-05-22T16:23:17.950+0530][gc,phases   ] GC(27)   Pre Evacuate Collection Set: 0.1ms
[2024-05-22T16:23:17.950+0530][gc,phases   ] GC(27)   Merge Heap Roots: 0.1ms
[2024-05-22T16:23:17.950+0530][gc,phases   ] GC(27)   Evacuate Collection Set: 0.4ms
[2024-05-22T16:23:17.950+0530][gc,phases   ] GC(27)   Post Evacuate Collection Set: 0.4ms
[2024-05-22T16:23:17.950+0530][gc,phases   ] GC(27)   Other: 0.1ms
[2024-05-22T16:23:17.950+0530][gc,heap     ] GC(27) Eden regions: 613->0(613)
[2024-05-22T16:23:17.950+0530][gc,heap     ] GC(27) Survivor regions: 1->1(77)
[2024-05-22T16:23:17.950+0530][gc,heap     ] GC(27) Old regions: 16->17
[2024-05-22T16:23:17.950+0530][gc,heap     ] GC(27) Archive regions: 2->2
[2024-05-22T16:23:17.950+0530][gc,heap     ] GC(27) Humongous regions: 129->129
[2024-05-22T16:23:17.950+0530][gc,metaspace] GC(27) Metaspace: 40911K(41408K)->40911K(41408K) NonClass: 36369K(36608K)->36369K(36608K) Class: 4542K(4800K)->4542K(4800K)
[2024-05-22T16:23:17.950+0530][gc          ] GC(27) Pause Young (Normal) (G1 Evacuation Pause) 759M->146M(1024M) 1.106ms
[2024-05-22T16:23:17.950+0530][gc,cpu      ] GC(27) User=0.01s Sys=0.00s Real=0.00s
[2024-05-22T16:23:20.780+0530][gc,start    ] GC(28) Pause Young (Normal) (G1 Evacuation Pause)
[2024-05-22T16:23:20.780+0530][gc,task     ] GC(28) Using 13 workers of 13 for evacuation
[2024-05-22T16:23:20.782+0530][gc,phases   ] GC(28)   Pre Evacuate Collection Set: 0.2ms
[2024-05-22T16:23:20.782+0530][gc,phases   ] GC(28)   Merge Heap Roots: 0.1ms
[2024-05-22T16:23:20.782+0530][gc,phases   ] GC(28)   Evacuate Collection Set: 0.7ms
[2024-05-22T16:23:20.782+0530][gc,phases   ] GC(28)   Post Evacuate Collection Set: 0.7ms
[2024-05-22T16:23:20.782+0530][gc,phases   ] GC(28)   Other: 0.2ms
[2024-05-22T16:23:20.782+0530][gc,heap     ] GC(28) Eden regions: 613->0(613)
[2024-05-22T16:23:20.782+0530][gc,heap     ] GC(28) Survivor regions: 1->1(77)
[2024-05-22T16:23:20.782+0530][gc,heap     ] GC(28) Old regions: 17->17
[2024-05-22T16:23:20.782+0530][gc,heap     ] GC(28) Archive regions: 2->2
[2024-05-22T16:23:20.782+0530][gc,heap     ] GC(28) Humongous regions: 129->129
[2024-05-22T16:23:20.782+0530][gc,metaspace] GC(28) Metaspace: 40916K(41408K)->40916K(41408K) NonClass: 36374K(36608K)->36374K(36608K) Class: 4542K(4800K)->4542K(4800K)
[2024-05-22T16:23:20.782+0530][gc          ] GC(28) Pause Young (Normal) (G1 Evacuation Pause) 759M->146M(1024M) 2.012ms
[2024-05-22T16:23:20.782+0530][gc,cpu      ] GC(28) User=0.01s Sys=0.01s Real=0.00s
[2024-05-22T16:23:23.639+0530][gc,start    ] GC(29) Pause Young (Normal) (G1 Evacuation Pause)
[2024-05-22T16:23:23.639+0530][gc,task     ] GC(29) Using 13 workers of 13 for evacuation
[2024-05-22T16:23:23.640+0530][gc,phases   ] GC(29)   Pre Evacuate Collection Set: 0.1ms
[2024-05-22T16:23:23.640+0530][gc,phases   ] GC(29)   Merge Heap Roots: 0.1ms
[2024-05-22T16:23:23.640+0530][gc,phases   ] GC(29)   Evacuate Collection Set: 0.4ms
[2024-05-22T16:23:23.640+0530][gc,phases   ] GC(29)   Post Evacuate Collection Set: 0.4ms
[2024-05-22T16:23:23.640+0530][gc,phases   ] GC(29)   Other: 0.1ms
[2024-05-22T16:23:23.640+0530][gc,heap     ] GC(29) Eden regions: 613->0(613)
[2024-05-22T16:23:23.640+0530][gc,heap     ] GC(29) Survivor regions: 1->1(77)
[2024-05-22T16:23:23.640+0530][gc,heap     ] GC(29) Old regions: 17->17
[2024-05-22T16:23:23.640+0530][gc,heap     ] GC(29) Archive regions: 2->2
[2024-05-22T16:23:23.640+0530][gc,heap     ] GC(29) Humongous regions: 129->129
[2024-05-22T16:23:23.640+0530][gc,metaspace] GC(29) Metaspace: 40930K(41408K)->40930K(41408K) NonClass: 36388K(36608K)->36388K(36608K) Class: 4542K(4800K)->4542K(4800K)
[2024-05-22T16:23:23.640+0530][gc          ] GC(29) Pause Young (Normal) (G1 Evacuation Pause) 759M->146M(1024M) 1.176ms
[2024-05-22T16:23:23.640+0530][gc,cpu      ] GC(29) User=0.00s Sys=0.00s Real=0.00s
[2024-05-22T16:23:26.772+0530][gc,start    ] GC(30) Pause Young (Normal) (G1 Evacuation Pause)
[2024-05-22T16:23:26.772+0530][gc,task     ] GC(30) Using 13 workers of 13 for evacuation
[2024-05-22T16:23:26.773+0530][gc,phases   ] GC(30)   Pre Evacuate Collection Set: 0.1ms
[2024-05-22T16:23:26.773+0530][gc,phases   ] GC(30)   Merge Heap Roots: 0.1ms
[2024-05-22T16:23:26.773+0530][gc,phases   ] GC(30)   Evacuate Collection Set: 0.4ms
[2024-05-22T16:23:26.773+0530][gc,phases   ] GC(30)   Post Evacuate Collection Set: 0.3ms
[2024-05-22T16:23:26.773+0530][gc,phases   ] GC(30)   Other: 0.1ms
[2024-05-22T16:23:26.773+0530][gc,heap     ] GC(30) Eden regions: 613->0(613)
[2024-05-22T16:23:26.773+0530][gc,heap     ] GC(30) Survivor regions: 1->1(77)
[2024-05-22T16:23:26.773+0530][gc,heap     ] GC(30) Old regions: 17->17
[2024-05-22T16:23:26.773+0530][gc,heap     ] GC(30) Archive regions: 2->2
[2024-05-22T16:23:26.773+0530][gc,heap     ] GC(30) Humongous regions: 129->129
[2024-05-22T16:23:26.773+0530][gc,metaspace] GC(30) Metaspace: 40930K(41408K)->40930K(41408K) NonClass: 36388K(36608K)->36388K(36608K) Class: 4542K(4800K)->4542K(4800K)
[2024-05-22T16:23:26.773+0530][gc          ] GC(30) Pause Young (Normal) (G1 Evacuation Pause) 759M->147M(1024M) 1.123ms
[2024-05-22T16:23:26.773+0530][gc,cpu      ] GC(30) User=0.00s Sys=0.00s Real=0.00s
[2024-05-22T16:23:29.882+0530][gc,start    ] GC(31) Pause Young (Normal) (G1 Evacuation Pause)
[2024-05-22T16:23:29.882+0530][gc,task     ] GC(31) Using 13 workers of 13 for evacuation
[2024-05-22T16:23:29.884+0530][gc,phases   ] GC(31)   Pre Evacuate Collection Set: 0.1ms
[2024-05-22T16:23:29.884+0530][gc,phases   ] GC(31)   Merge Heap Roots: 0.1ms
[2024-05-22T16:23:29.884+0530][gc,phases   ] GC(31)   Evacuate Collection Set: 0.7ms
[2024-05-22T16:23:29.884+0530][gc,phases   ] GC(31)   Post Evacuate Collection Set: 0.4ms
[2024-05-22T16:23:29.884+0530][gc,phases   ] GC(31)   Other: 0.1ms
[2024-05-22T16:23:29.884+0530][gc,heap     ] GC(31) Eden regions: 613->0(612)
[2024-05-22T16:23:29.884+0530][gc,heap     ] GC(31) Survivor regions: 1->2(77)
[2024-05-22T16:23:29.884+0530][gc,heap     ] GC(31) Old regions: 17->17
[2024-05-22T16:23:29.884+0530][gc,heap     ] GC(31) Archive regions: 2->2
[2024-05-22T16:23:29.884+0530][gc,heap     ] GC(31) Humongous regions: 129->129
[2024-05-22T16:23:29.884+0530][gc,metaspace] GC(31) Metaspace: 41376K(41920K)->41376K(41920K) NonClass: 36749K(37056K)->36749K(37056K) Class: 4626K(4864K)->4626K(4864K)
[2024-05-22T16:23:29.884+0530][gc          ] GC(31) Pause Young (Normal) (G1 Evacuation Pause) 760M->147M(1024M) 1.534ms
[2024-05-22T16:23:29.884+0530][gc,cpu      ] GC(31) User=0.00s Sys=0.00s Real=0.00s
[2024-05-22T16:23:32.899+0530][gc,start    ] GC(32) Pause Young (Normal) (G1 Evacuation Pause)
[2024-05-22T16:23:32.899+0530][gc,task     ] GC(32) Using 13 workers of 13 for evacuation
[2024-05-22T16:23:32.900+0530][gc,phases   ] GC(32)   Pre Evacuate Collection Set: 0.1ms
[2024-05-22T16:23:32.900+0530][gc,phases   ] GC(32)   Merge Heap Roots: 0.1ms
[2024-05-22T16:23:32.900+0530][gc,phases   ] GC(32)   Evacuate Collection Set: 0.6ms
[2024-05-22T16:23:32.900+0530][gc,phases   ] GC(32)   Post Evacuate Collection Set: 0.4ms
[2024-05-22T16:23:32.900+0530][gc,phases   ] GC(32)   Other: 0.1ms
[2024-05-22T16:23:32.900+0530][gc,heap     ] GC(32) Eden regions: 612->0(612)
[2024-05-22T16:23:32.900+0530][gc,heap     ] GC(32) Survivor regions: 2->2(77)
[2024-05-22T16:23:32.900+0530][gc,heap     ] GC(32) Old regions: 17->17
[2024-05-22T16:23:32.900+0530][gc,heap     ] GC(32) Archive regions: 2->2
[2024-05-22T16:23:32.900+0530][gc,heap     ] GC(32) Humongous regions: 129->129
[2024-05-22T16:23:32.900+0530][gc,metaspace] GC(32) Metaspace: 41376K(41920K)->41376K(41920K) NonClass: 36749K(37056K)->36749K(37056K) Class: 4626K(4864K)->4626K(4864K)
[2024-05-22T16:23:32.900+0530][gc          ] GC(32) Pause Young (Normal) (G1 Evacuation Pause) 759M->147M(1024M) 1.395ms
[2024-05-22T16:23:32.900+0530][gc,cpu      ] GC(32) User=0.01s Sys=0.00s Real=0.00s
[2024-05-22T16:23:35.830+0530][gc,start    ] GC(33) Pause Young (Normal) (G1 Evacuation Pause)
[2024-05-22T16:23:35.830+0530][gc,task     ] GC(33) Using 13 workers of 13 for evacuation
[2024-05-22T16:23:35.831+0530][gc,phases   ] GC(33)   Pre Evacuate Collection Set: 0.1ms
[2024-05-22T16:23:35.831+0530][gc,phases   ] GC(33)   Merge Heap Roots: 0.1ms
[2024-05-22T16:23:35.831+0530][gc,phases   ] GC(33)   Evacuate Collection Set: 0.5ms
[2024-05-22T16:23:35.831+0530][gc,phases   ] GC(33)   Post Evacuate Collection Set: 0.4ms
[2024-05-22T16:23:35.831+0530][gc,phases   ] GC(33)   Other: 0.1ms
[2024-05-22T16:23:35.831+0530][gc,heap     ] GC(33) Eden regions: 612->0(612)
[2024-05-22T16:23:35.831+0530][gc,heap     ] GC(33) Survivor regions: 2->2(77)
[2024-05-22T16:23:35.831+0530][gc,heap     ] GC(33) Old regions: 17->17
[2024-05-22T16:23:35.831+0530][gc,heap     ] GC(33) Archive regions: 2->2
[2024-05-22T16:23:35.831+0530][gc,heap     ] GC(33) Humongous regions: 129->129
[2024-05-22T16:23:35.831+0530][gc,metaspace] GC(33) Metaspace: 41400K(41920K)->41400K(41920K) NonClass: 36773K(37056K)->36773K(37056K) Class: 4626K(4864K)->4626K(4864K)
[2024-05-22T16:23:35.831+0530][gc          ] GC(33) Pause Young (Normal) (G1 Evacuation Pause) 759M->147M(1024M) 1.276ms
[2024-05-22T16:23:35.831+0530][gc,cpu      ] GC(33) User=0.01s Sys=0.00s Real=0.00s
[2024-05-22T16:23:38.761+0530][gc,start    ] GC(34) Pause Young (Normal) (G1 Evacuation Pause)
[2024-05-22T16:23:38.761+0530][gc,task     ] GC(34) Using 13 workers of 13 for evacuation
[2024-05-22T16:23:38.762+0530][gc,phases   ] GC(34)   Pre Evacuate Collection Set: 0.1ms
[2024-05-22T16:23:38.762+0530][gc,phases   ] GC(34)   Merge Heap Roots: 0.1ms
[2024-05-22T16:23:38.762+0530][gc,phases   ] GC(34)   Evacuate Collection Set: 0.7ms
[2024-05-22T16:23:38.762+0530][gc,phases   ] GC(34)   Post Evacuate Collection Set: 0.6ms
[2024-05-22T16:23:38.762+0530][gc,phases   ] GC(34)   Other: 0.1ms
[2024-05-22T16:23:38.762+0530][gc,heap     ] GC(34) Eden regions: 612->0(612)
[2024-05-22T16:23:38.762+0530][gc,heap     ] GC(34) Survivor regions: 2->2(77)
[2024-05-22T16:23:38.762+0530][gc,heap     ] GC(34) Old regions: 17->17
[2024-05-22T16:23:38.762+0530][gc,heap     ] GC(34) Archive regions: 2->2
[2024-05-22T16:23:38.762+0530][gc,heap     ] GC(34) Humongous regions: 129->129
[2024-05-22T16:23:38.762+0530][gc,metaspace] GC(34) Metaspace: 41400K(41920K)->41400K(41920K) NonClass: 36773K(37056K)->36773K(37056K) Class: 4626K(4864K)->4626K(4864K)
[2024-05-22T16:23:38.762+0530][gc          ] GC(34) Pause Young (Normal) (G1 Evacuation Pause) 759M->147M(1024M) 1.743ms
[2024-05-22T16:23:38.762+0530][gc,cpu      ] GC(34) User=0.00s Sys=0.00s Real=0.00s
[2024-05-22T16:23:41.845+0530][gc,start    ] GC(35) Pause Young (Normal) (G1 Evacuation Pause)
[2024-05-22T16:23:41.845+0530][gc,task     ] GC(35) Using 13 workers of 13 for evacuation
[2024-05-22T16:23:41.846+0530][gc,phases   ] GC(35)   Pre Evacuate Collection Set: 0.1ms
[2024-05-22T16:23:41.846+0530][gc,phases   ] GC(35)   Merge Heap Roots: 0.1ms
[2024-05-22T16:23:41.846+0530][gc,phases   ] GC(35)   Evacuate Collection Set: 0.7ms
[2024-05-22T16:23:41.846+0530][gc,phases   ] GC(35)   Post Evacuate Collection Set: 0.5ms
[2024-05-22T16:23:41.846+0530][gc,phases   ] GC(35)   Other: 0.1ms
[2024-05-22T16:23:41.846+0530][gc,heap     ] GC(35) Eden regions: 612->0(612)
[2024-05-22T16:23:41.846+0530][gc,heap     ] GC(35) Survivor regions: 2->2(77)
[2024-05-22T16:23:41.846+0530][gc,heap     ] GC(35) Old regions: 17->17
[2024-05-22T16:23:41.846+0530][gc,heap     ] GC(35) Archive regions: 2->2
[2024-05-22T16:23:41.846+0530][gc,heap     ] GC(35) Humongous regions: 129->129
[2024-05-22T16:23:41.846+0530][gc,metaspace] GC(35) Metaspace: 41400K(41920K)->41400K(41920K) NonClass: 36773K(37056K)->36773K(37056K) Class: 4626K(4864K)->4626K(4864K)
[2024-05-22T16:23:41.846+0530][gc          ] GC(35) Pause Young (Normal) (G1 Evacuation Pause) 759M->147M(1024M) 1.689ms
[2024-05-22T16:23:41.846+0530][gc,cpu      ] GC(35) User=0.01s Sys=0.00s Real=0.01s
[2024-05-22T16:23:44.795+0530][gc,start    ] GC(36) Pause Young (Normal) (G1 Evacuation Pause)
[2024-05-22T16:23:44.795+0530][gc,task     ] GC(36) Using 13 workers of 13 for evacuation
[2024-05-22T16:23:44.797+0530][gc,phases   ] GC(36)   Pre Evacuate Collection Set: 0.1ms
[2024-05-22T16:23:44.797+0530][gc,phases   ] GC(36)   Merge Heap Roots: 0.1ms
[2024-05-22T16:23:44.797+0530][gc,phases   ] GC(36)   Evacuate Collection Set: 0.5ms
[2024-05-22T16:23:44.797+0530][gc,phases   ] GC(36)   Post Evacuate Collection Set: 0.5ms
[2024-05-22T16:23:44.797+0530][gc,phases   ] GC(36)   Other: 0.1ms
[2024-05-22T16:23:44.797+0530][gc,heap     ] GC(36) Eden regions: 612->0(612)
[2024-05-22T16:23:44.797+0530][gc,heap     ] GC(36) Survivor regions: 2->2(77)
[2024-05-22T16:23:44.797+0530][gc,heap     ] GC(36) Old regions: 17->17
[2024-05-22T16:23:44.797+0530][gc,heap     ] GC(36) Archive regions: 2->2
[2024-05-22T16:23:44.797+0530][gc,heap     ] GC(36) Humongous regions: 129->129
[2024-05-22T16:23:44.797+0530][gc,metaspace] GC(36) Metaspace: 41401K(41920K)->41401K(41920K) NonClass: 36774K(37056K)->36774K(37056K) Class: 4626K(4864K)->4626K(4864K)
[2024-05-22T16:23:44.797+0530][gc          ] GC(36) Pause Young (Normal) (G1 Evacuation Pause) 759M->147M(1024M) 1.351ms
[2024-05-22T16:23:44.797+0530][gc,cpu      ] GC(36) User=0.01s Sys=0.01s Real=0.00s
[2024-05-22T16:23:48.309+0530][gc,start    ] GC(37) Pause Young (Normal) (G1 Evacuation Pause)
[2024-05-22T16:23:48.309+0530][gc,task     ] GC(37) Using 13 workers of 13 for evacuation
[2024-05-22T16:23:48.310+0530][gc,phases   ] GC(37)   Pre Evacuate Collection Set: 0.1ms
[2024-05-22T16:23:48.310+0530][gc,phases   ] GC(37)   Merge Heap Roots: 0.1ms
[2024-05-22T16:23:48.310+0530][gc,phases   ] GC(37)   Evacuate Collection Set: 0.5ms
[2024-05-22T16:23:48.310+0530][gc,phases   ] GC(37)   Post Evacuate Collection Set: 0.6ms
[2024-05-22T16:23:48.310+0530][gc,phases   ] GC(37)   Other: 0.1ms
[2024-05-22T16:23:48.310+0530][gc,heap     ] GC(37) Eden regions: 612->0(612)
[2024-05-22T16:23:48.310+0530][gc,heap     ] GC(37) Survivor regions: 2->2(77)
[2024-05-22T16:23:48.310+0530][gc,heap     ] GC(37) Old regions: 17->17
[2024-05-22T16:23:48.310+0530][gc,heap     ] GC(37) Archive regions: 2->2
[2024-05-22T16:23:48.310+0530][gc,heap     ] GC(37) Humongous regions: 129->129
[2024-05-22T16:23:48.310+0530][gc,metaspace] GC(37) Metaspace: 41401K(41920K)->41401K(41920K) NonClass: 36774K(37056K)->36774K(37056K) Class: 4626K(4864K)->4626K(4864K)
[2024-05-22T16:23:48.310+0530][gc          ] GC(37) Pause Young (Normal) (G1 Evacuation Pause) 759M->147M(1024M) 1.482ms
[2024-05-22T16:23:48.310+0530][gc,cpu      ] GC(37) User=0.00s Sys=0.00s Real=0.00s
[2024-05-22T16:23:51.477+0530][gc,start    ] GC(38) Pause Young (Normal) (G1 Evacuation Pause)
[2024-05-22T16:23:51.478+0530][gc,task     ] GC(38) Using 13 workers of 13 for evacuation
[2024-05-22T16:23:51.479+0530][gc,phases   ] GC(38)   Pre Evacuate Collection Set: 0.1ms
[2024-05-22T16:23:51.479+0530][gc,phases   ] GC(38)   Merge Heap Roots: 0.1ms
[2024-05-22T16:23:51.479+0530][gc,phases   ] GC(38)   Evacuate Collection Set: 0.6ms
[2024-05-22T16:23:51.479+0530][gc,phases   ] GC(38)   Post Evacuate Collection Set: 0.4ms
[2024-05-22T16:23:51.479+0530][gc,phases   ] GC(38)   Other: 0.2ms
[2024-05-22T16:23:51.479+0530][gc,heap     ] GC(38) Eden regions: 612->0(612)
[2024-05-22T16:23:51.479+0530][gc,heap     ] GC(38) Survivor regions: 2->2(77)
[2024-05-22T16:23:51.479+0530][gc,heap     ] GC(38) Old regions: 17->17
[2024-05-22T16:23:51.479+0530][gc,heap     ] GC(38) Archive regions: 2->2
[2024-05-22T16:23:51.479+0530][gc,heap     ] GC(38) Humongous regions: 129->129
[2024-05-22T16:23:51.479+0530][gc,metaspace] GC(38) Metaspace: 41423K(41920K)->41423K(41920K) NonClass: 36796K(37056K)->36796K(37056K) Class: 4626K(4864K)->4626K(4864K)
[2024-05-22T16:23:51.479+0530][gc          ] GC(38) Pause Young (Normal) (G1 Evacuation Pause) 759M->147M(1024M) 1.454ms
[2024-05-22T16:23:51.479+0530][gc,cpu      ] GC(38) User=0.01s Sys=0.00s Real=0.01s
[2024-05-22T16:23:54.268+0530][gc,start    ] GC(39) Pause Young (Normal) (G1 Evacuation Pause)
[2024-05-22T16:23:54.268+0530][gc,task     ] GC(39) Using 13 workers of 13 for evacuation
[2024-05-22T16:23:54.269+0530][gc,phases   ] GC(39)   Pre Evacuate Collection Set: 0.1ms
[2024-05-22T16:23:54.269+0530][gc,phases   ] GC(39)   Merge Heap Roots: 0.1ms
[2024-05-22T16:23:54.269+0530][gc,phases   ] GC(39)   Evacuate Collection Set: 0.6ms
[2024-05-22T16:23:54.269+0530][gc,phases   ] GC(39)   Post Evacuate Collection Set: 0.4ms
[2024-05-22T16:23:54.269+0530][gc,phases   ] GC(39)   Other: 0.1ms
[2024-05-22T16:23:54.269+0530][gc,heap     ] GC(39) Eden regions: 612->0(612)
[2024-05-22T16:23:54.269+0530][gc,heap     ] GC(39) Survivor regions: 2->2(77)
[2024-05-22T16:23:54.269+0530][gc,heap     ] GC(39) Old regions: 17->17
[2024-05-22T16:23:54.269+0530][gc,heap     ] GC(39) Archive regions: 2->2
[2024-05-22T16:23:54.269+0530][gc,heap     ] GC(39) Humongous regions: 129->129
[2024-05-22T16:23:54.269+0530][gc,metaspace] GC(39) Metaspace: 41423K(41920K)->41423K(41920K) NonClass: 36796K(37056K)->36796K(37056K) Class: 4626K(4864K)->4626K(4864K)
[2024-05-22T16:23:54.269+0530][gc          ] GC(39) Pause Young (Normal) (G1 Evacuation Pause) 759M->147M(1024M) 1.310ms
[2024-05-22T16:23:54.269+0530][gc,cpu      ] GC(39) User=0.01s Sys=0.00s Real=0.00s
[2024-05-22T16:23:57.128+0530][gc,start    ] GC(40) Pause Young (Normal) (G1 Evacuation Pause)
[2024-05-22T16:23:57.128+0530][gc,task     ] GC(40) Using 13 workers of 13 for evacuation
[2024-05-22T16:23:57.130+0530][gc,phases   ] GC(40)   Pre Evacuate Collection Set: 0.1ms
[2024-05-22T16:23:57.130+0530][gc,phases   ] GC(40)   Merge Heap Roots: 0.1ms
[2024-05-22T16:23:57.130+0530][gc,phases   ] GC(40)   Evacuate Collection Set: 0.6ms
[2024-05-22T16:23:57.130+0530][gc,phases   ] GC(40)   Post Evacuate Collection Set: 0.4ms
[2024-05-22T16:23:57.130+0530][gc,phases   ] GC(40)   Other: 0.1ms
[2024-05-22T16:23:57.130+0530][gc,heap     ] GC(40) Eden regions: 612->0(612)
[2024-05-22T16:23:57.130+0530][gc,heap     ] GC(40) Survivor regions: 2->2(77)
[2024-05-22T16:23:57.130+0530][gc,heap     ] GC(40) Old regions: 17->17
[2024-05-22T16:23:57.130+0530][gc,heap     ] GC(40) Archive regions: 2->2
[2024-05-22T16:23:57.130+0530][gc,heap     ] GC(40) Humongous regions: 129->129
[2024-05-22T16:23:57.130+0530][gc,metaspace] GC(40) Metaspace: 41426K(41920K)->41426K(41920K) NonClass: 36800K(37056K)->36800K(37056K) Class: 4626K(4864K)->4626K(4864K)
[2024-05-22T16:23:57.130+0530][gc          ] GC(40) Pause Young (Normal) (G1 Evacuation Pause) 759M->147M(1024M) 1.310ms
[2024-05-22T16:23:57.130+0530][gc,cpu      ] GC(40) User=0.00s Sys=0.00s Real=0.00s
[2024-05-22T16:23:59.962+0530][gc,start    ] GC(41) Pause Young (Normal) (G1 Evacuation Pause)
[2024-05-22T16:23:59.962+0530][gc,task     ] GC(41) Using 13 workers of 13 for evacuation
[2024-05-22T16:23:59.963+0530][gc,phases   ] GC(41)   Pre Evacuate Collection Set: 0.1ms
[2024-05-22T16:23:59.963+0530][gc,phases   ] GC(41)   Merge Heap Roots: 0.1ms
[2024-05-22T16:23:59.963+0530][gc,phases   ] GC(41)   Evacuate Collection Set: 0.7ms
[2024-05-22T16:23:59.963+0530][gc,phases   ] GC(41)   Post Evacuate Collection Set: 0.4ms
[2024-05-22T16:23:59.963+0530][gc,phases   ] GC(41)   Other: 0.1ms
[2024-05-22T16:23:59.963+0530][gc,heap     ] GC(41) Eden regions: 612->0(612)
[2024-05-22T16:23:59.963+0530][gc,heap     ] GC(41) Survivor regions: 2->2(77)
[2024-05-22T16:23:59.963+0530][gc,heap     ] GC(41) Old regions: 17->17
[2024-05-22T16:23:59.963+0530][gc,heap     ] GC(41) Archive regions: 2->2
[2024-05-22T16:23:59.963+0530][gc,heap     ] GC(41) Humongous regions: 129->129
[2024-05-22T16:23:59.963+0530][gc,metaspace] GC(41) Metaspace: 41426K(41920K)->41426K(41920K) NonClass: 36800K(37056K)->36800K(37056K) Class: 4626K(4864K)->4626K(4864K)
[2024-05-22T16:23:59.963+0530][gc          ] GC(41) Pause Young (Normal) (G1 Evacuation Pause) 759M->148M(1024M) 1.553ms
[2024-05-22T16:23:59.963+0530][gc,cpu      ] GC(41) User=0.01s Sys=0.00s Real=0.00s
[2024-05-22T16:24:02.797+0530][gc,start    ] GC(42) Pause Young (Normal) (G1 Evacuation Pause)
[2024-05-22T16:24:02.797+0530][gc,task     ] GC(42) Using 13 workers of 13 for evacuation
[2024-05-22T16:24:02.799+0530][gc,phases   ] GC(42)   Pre Evacuate Collection Set: 0.1ms
[2024-05-22T16:24:02.799+0530][gc,phases   ] GC(42)   Merge Heap Roots: 0.1ms
[2024-05-22T16:24:02.799+0530][gc,phases   ] GC(42)   Evacuate Collection Set: 0.6ms
[2024-05-22T16:24:02.799+0530][gc,phases   ] GC(42)   Post Evacuate Collection Set: 0.4ms
[2024-05-22T16:24:02.799+0530][gc,phases   ] GC(42)   Other: 0.1ms
[2024-05-22T16:24:02.799+0530][gc,heap     ] GC(42) Eden regions: 612->0(612)
[2024-05-22T16:24:02.799+0530][gc,heap     ] GC(42) Survivor regions: 2->2(77)
[2024-05-22T16:24:02.799+0530][gc,heap     ] GC(42) Old regions: 17->17
[2024-05-22T16:24:02.799+0530][gc,heap     ] GC(42) Archive regions: 2->2
[2024-05-22T16:24:02.799+0530][gc,heap     ] GC(42) Humongous regions: 129->129
[2024-05-22T16:24:02.799+0530][gc,metaspace] GC(42) Metaspace: 41430K(41920K)->41430K(41920K) NonClass: 36803K(37056K)->36803K(37056K) Class: 4626K(4864K)->4626K(4864K)
[2024-05-22T16:24:02.799+0530][gc          ] GC(42) Pause Young (Normal) (G1 Evacuation Pause) 760M->148M(1024M) 1.460ms
[2024-05-22T16:24:02.799+0530][gc,cpu      ] GC(42) User=0.01s Sys=0.00s Real=0.01s
[2024-05-22T16:24:05.608+0530][gc,start    ] GC(43) Pause Young (Normal) (G1 Evacuation Pause)
[2024-05-22T16:24:05.608+0530][gc,task     ] GC(43) Using 13 workers of 13 for evacuation
[2024-05-22T16:24:05.610+0530][gc,phases   ] GC(43)   Pre Evacuate Collection Set: 0.1ms
[2024-05-22T16:24:05.610+0530][gc,phases   ] GC(43)   Merge Heap Roots: 0.1ms
[2024-05-22T16:24:05.610+0530][gc,phases   ] GC(43)   Evacuate Collection Set: 0.7ms
[2024-05-22T16:24:05.610+0530][gc,phases   ] GC(43)   Post Evacuate Collection Set: 0.4ms
[2024-05-22T16:24:05.610+0530][gc,phases   ] GC(43)   Other: 0.2ms
[2024-05-22T16:24:05.610+0530][gc,heap     ] GC(43) Eden regions: 612->0(612)
[2024-05-22T16:24:05.610+0530][gc,heap     ] GC(43) Survivor regions: 2->2(77)
[2024-05-22T16:24:05.610+0530][gc,heap     ] GC(43) Old regions: 17->18
[2024-05-22T16:24:05.610+0530][gc,heap     ] GC(43) Archive regions: 2->2
[2024-05-22T16:24:05.610+0530][gc,heap     ] GC(43) Humongous regions: 129->129
[2024-05-22T16:24:05.610+0530][gc,metaspace] GC(43) Metaspace: 41430K(41920K)->41430K(41920K) NonClass: 36803K(37056K)->36803K(37056K) Class: 4626K(4864K)->4626K(4864K)
[2024-05-22T16:24:05.610+0530][gc          ] GC(43) Pause Young (Normal) (G1 Evacuation Pause) 760M->148M(1024M) 1.568ms
[2024-05-22T16:24:05.610+0530][gc,cpu      ] GC(43) User=0.01s Sys=0.00s Real=0.00s
[2024-05-22T16:24:08.433+0530][gc,start    ] GC(44) Pause Young (Normal) (G1 Evacuation Pause)
[2024-05-22T16:24:08.433+0530][gc,task     ] GC(44) Using 13 workers of 13 for evacuation
[2024-05-22T16:24:08.434+0530][gc,phases   ] GC(44)   Pre Evacuate Collection Set: 0.1ms
[2024-05-22T16:24:08.434+0530][gc,phases   ] GC(44)   Merge Heap Roots: 0.1ms
[2024-05-22T16:24:08.434+0530][gc,phases   ] GC(44)   Evacuate Collection Set: 0.6ms
[2024-05-22T16:24:08.434+0530][gc,phases   ] GC(44)   Post Evacuate Collection Set: 0.4ms
[2024-05-22T16:24:08.434+0530][gc,phases   ] GC(44)   Other: 0.1ms
[2024-05-22T16:24:08.434+0530][gc,heap     ] GC(44) Eden regions: 612->0(612)
[2024-05-22T16:24:08.434+0530][gc,heap     ] GC(44) Survivor regions: 2->2(77)
[2024-05-22T16:24:08.434+0530][gc,heap     ] GC(44) Old regions: 18->18
[2024-05-22T16:24:08.434+0530][gc,heap     ] GC(44) Archive regions: 2->2
[2024-05-22T16:24:08.434+0530][gc,heap     ] GC(44) Humongous regions: 129->129
[2024-05-22T16:24:08.434+0530][gc,metaspace] GC(44) Metaspace: 41430K(41920K)->41430K(41920K) NonClass: 36803K(37056K)->36803K(37056K) Class: 4626K(4864K)->4626K(4864K)
[2024-05-22T16:24:08.434+0530][gc          ] GC(44) Pause Young (Normal) (G1 Evacuation Pause) 760M->148M(1024M) 1.414ms
[2024-05-22T16:24:08.434+0530][gc,cpu      ] GC(44) User=0.00s Sys=0.01s Real=0.00s
[2024-05-22T16:24:11.523+0530][gc,start    ] GC(45) Pause Young (Normal) (G1 Evacuation Pause)
[2024-05-22T16:24:11.523+0530][gc,task     ] GC(45) Using 13 workers of 13 for evacuation
[2024-05-22T16:24:11.525+0530][gc,phases   ] GC(45)   Pre Evacuate Collection Set: 0.2ms
[2024-05-22T16:24:11.525+0530][gc,phases   ] GC(45)   Merge Heap Roots: 0.1ms
[2024-05-22T16:24:11.525+0530][gc,phases   ] GC(45)   Evacuate Collection Set: 0.8ms
[2024-05-22T16:24:11.525+0530][gc,phases   ] GC(45)   Post Evacuate Collection Set: 0.6ms
[2024-05-22T16:24:11.525+0530][gc,phases   ] GC(45)   Other: 0.2ms
[2024-05-22T16:24:11.525+0530][gc,heap     ] GC(45) Eden regions: 612->0(612)
[2024-05-22T16:24:11.525+0530][gc,heap     ] GC(45) Survivor regions: 2->2(77)
[2024-05-22T16:24:11.525+0530][gc,heap     ] GC(45) Old regions: 18->18
[2024-05-22T16:24:11.525+0530][gc,heap     ] GC(45) Archive regions: 2->2
[2024-05-22T16:24:11.525+0530][gc,heap     ] GC(45) Humongous regions: 129->129
[2024-05-22T16:24:11.525+0530][gc,metaspace] GC(45) Metaspace: 41430K(41920K)->41430K(41920K) NonClass: 36803K(37056K)->36803K(37056K) Class: 4626K(4864K)->4626K(4864K)
[2024-05-22T16:24:11.525+0530][gc          ] GC(45) Pause Young (Normal) (G1 Evacuation Pause) 760M->148M(1024M) 1.944ms
[2024-05-22T16:24:11.525+0530][gc,cpu      ] GC(45) User=0.00s Sys=0.00s Real=0.00s
[2024-05-22T16:24:14.620+0530][gc,start    ] GC(46) Pause Young (Normal) (G1 Evacuation Pause)
[2024-05-22T16:24:14.620+0530][gc,task     ] GC(46) Using 13 workers of 13 for evacuation
[2024-05-22T16:24:14.621+0530][gc,phases   ] GC(46)   Pre Evacuate Collection Set: 0.1ms
[2024-05-22T16:24:14.621+0530][gc,phases   ] GC(46)   Merge Heap Roots: 0.1ms
[2024-05-22T16:24:14.621+0530][gc,phases   ] GC(46)   Evacuate Collection Set: 0.6ms
[2024-05-22T16:24:14.621+0530][gc,phases   ] GC(46)   Post Evacuate Collection Set: 0.4ms
[2024-05-22T16:24:14.621+0530][gc,phases   ] GC(46)   Other: 0.1ms
[2024-05-22T16:24:14.621+0530][gc,heap     ] GC(46) Eden regions: 612->0(613)
[2024-05-22T16:24:14.621+0530][gc,heap     ] GC(46) Survivor regions: 2->1(77)
[2024-05-22T16:24:14.621+0530][gc,heap     ] GC(46) Old regions: 18->18
[2024-05-22T16:24:14.621+0530][gc,heap     ] GC(46) Archive regions: 2->2
[2024-05-22T16:24:14.621+0530][gc,heap     ] GC(46) Humongous regions: 129->129
[2024-05-22T16:24:14.621+0530][gc,metaspace] GC(46) Metaspace: 41430K(41920K)->41430K(41920K) NonClass: 36803K(37056K)->36803K(37056K) Class: 4626K(4864K)->4626K(4864K)
[2024-05-22T16:24:14.621+0530][gc          ] GC(46) Pause Young (Normal) (G1 Evacuation Pause) 760M->148M(1024M) 1.378ms
[2024-05-22T16:24:14.621+0530][gc,cpu      ] GC(46) User=0.01s Sys=0.00s Real=0.00s
[2024-05-22T16:24:17.480+0530][gc,start    ] GC(47) Pause Young (Normal) (G1 Evacuation Pause)
[2024-05-22T16:24:17.481+0530][gc,task     ] GC(47) Using 13 workers of 13 for evacuation
[2024-05-22T16:24:17.482+0530][gc,phases   ] GC(47)   Pre Evacuate Collection Set: 0.1ms
[2024-05-22T16:24:17.482+0530][gc,phases   ] GC(47)   Merge Heap Roots: 0.1ms
[2024-05-22T16:24:17.482+0530][gc,phases   ] GC(47)   Evacuate Collection Set: 0.5ms
[2024-05-22T16:24:17.482+0530][gc,phases   ] GC(47)   Post Evacuate Collection Set: 0.3ms
[2024-05-22T16:24:17.482+0530][gc,phases   ] GC(47)   Other: 0.1ms
[2024-05-22T16:24:17.482+0530][gc,heap     ] GC(47) Eden regions: 613->0(613)
[2024-05-22T16:24:17.482+0530][gc,heap     ] GC(47) Survivor regions: 1->1(77)
[2024-05-22T16:24:17.482+0530][gc,heap     ] GC(47) Old regions: 18->18
[2024-05-22T16:24:17.482+0530][gc,heap     ] GC(47) Archive regions: 2->2
[2024-05-22T16:24:17.482+0530][gc,heap     ] GC(47) Humongous regions: 129->129
[2024-05-22T16:24:17.482+0530][gc,metaspace] GC(47) Metaspace: 41434K(41984K)->41434K(41984K) NonClass: 36808K(37120K)->36808K(37120K) Class: 4626K(4864K)->4626K(4864K)
[2024-05-22T16:24:17.482+0530][gc          ] GC(47) Pause Young (Normal) (G1 Evacuation Pause) 761M->148M(1024M) 1.231ms
[2024-05-22T16:24:17.482+0530][gc,cpu      ] GC(47) User=0.00s Sys=0.01s Real=0.00s
[2024-05-22T16:24:20.417+0530][gc,start    ] GC(48) Pause Young (Normal) (G1 Evacuation Pause)
[2024-05-22T16:24:20.417+0530][gc,task     ] GC(48) Using 13 workers of 13 for evacuation
[2024-05-22T16:24:20.419+0530][gc,phases   ] GC(48)   Pre Evacuate Collection Set: 0.1ms
[2024-05-22T16:24:20.419+0530][gc,phases   ] GC(48)   Merge Heap Roots: 0.1ms
[2024-05-22T16:24:20.419+0530][gc,phases   ] GC(48)   Evacuate Collection Set: 0.5ms
[2024-05-22T16:24:20.419+0530][gc,phases   ] GC(48)   Post Evacuate Collection Set: 0.4ms
[2024-05-22T16:24:20.419+0530][gc,phases   ] GC(48)   Other: 0.1ms
[2024-05-22T16:24:20.419+0530][gc,heap     ] GC(48) Eden regions: 613->0(613)
[2024-05-22T16:24:20.419+0530][gc,heap     ] GC(48) Survivor regions: 1->1(77)
[2024-05-22T16:24:20.419+0530][gc,heap     ] GC(48) Old regions: 18->18
[2024-05-22T16:24:20.419+0530][gc,heap     ] GC(48) Archive regions: 2->2
[2024-05-22T16:24:20.419+0530][gc,heap     ] GC(48) Humongous regions: 129->129
[2024-05-22T16:24:20.419+0530][gc,metaspace] GC(48) Metaspace: 41434K(41984K)->41434K(41984K) NonClass: 36808K(37120K)->36808K(37120K) Class: 4626K(4864K)->4626K(4864K)
[2024-05-22T16:24:20.419+0530][gc          ] GC(48) Pause Young (Normal) (G1 Evacuation Pause) 761M->148M(1024M) 1.389ms
[2024-05-22T16:24:20.419+0530][gc,cpu      ] GC(48) User=0.01s Sys=0.00s Real=0.01s
[2024-05-22T16:24:23.325+0530][gc,start    ] GC(49) Pause Young (Normal) (G1 Evacuation Pause)
[2024-05-22T16:24:23.325+0530][gc,task     ] GC(49) Using 13 workers of 13 for evacuation
[2024-05-22T16:24:23.326+0530][gc,phases   ] GC(49)   Pre Evacuate Collection Set: 0.1ms
[2024-05-22T16:24:23.326+0530][gc,phases   ] GC(49)   Merge Heap Roots: 0.1ms
[2024-05-22T16:24:23.326+0530][gc,phases   ] GC(49)   Evacuate Collection Set: 0.6ms
[2024-05-22T16:24:23.326+0530][gc,phases   ] GC(49)   Post Evacuate Collection Set: 0.3ms
[2024-05-22T16:24:23.326+0530][gc,phases   ] GC(49)   Other: 0.1ms
[2024-05-22T16:24:23.326+0530][gc,heap     ] GC(49) Eden regions: 613->0(613)
[2024-05-22T16:24:23.326+0530][gc,heap     ] GC(49) Survivor regions: 1->1(77)
[2024-05-22T16:24:23.326+0530][gc,heap     ] GC(49) Old regions: 18->18
[2024-05-22T16:24:23.326+0530][gc,heap     ] GC(49) Archive regions: 2->2
[2024-05-22T16:24:23.326+0530][gc,heap     ] GC(49) Humongous regions: 129->129
[2024-05-22T16:24:23.326+0530][gc,metaspace] GC(49) Metaspace: 41435K(41984K)->41435K(41984K) NonClass: 36808K(37120K)->36808K(37120K) Class: 4626K(4864K)->4626K(4864K)
[2024-05-22T16:24:23.326+0530][gc          ] GC(49) Pause Young (Normal) (G1 Evacuation Pause) 761M->148M(1024M) 1.424ms
[2024-05-22T16:24:23.326+0530][gc,cpu      ] GC(49) User=0.01s Sys=0.00s Real=0.01s
[2024-05-22T16:24:26.230+0530][gc,start    ] GC(50) Pause Young (Normal) (G1 Evacuation Pause)
[2024-05-22T16:24:26.230+0530][gc,task     ] GC(50) Using 13 workers of 13 for evacuation
[2024-05-22T16:24:26.232+0530][gc,phases   ] GC(50)   Pre Evacuate Collection Set: 0.1ms
[2024-05-22T16:24:26.232+0530][gc,phases   ] GC(50)   Merge Heap Roots: 0.1ms
[2024-05-22T16:24:26.232+0530][gc,phases   ] GC(50)   Evacuate Collection Set: 0.6ms
[2024-05-22T16:24:26.232+0530][gc,phases   ] GC(50)   Post Evacuate Collection Set: 0.4ms
[2024-05-22T16:24:26.232+0530][gc,phases   ] GC(50)   Other: 0.1ms
[2024-05-22T16:24:26.232+0530][gc,heap     ] GC(50) Eden regions: 613->0(613)
[2024-05-22T16:24:26.232+0530][gc,heap     ] GC(50) Survivor regions: 1->1(77)
[2024-05-22T16:24:26.232+0530][gc,heap     ] GC(50) Old regions: 18->18
[2024-05-22T16:24:26.232+0530][gc,heap     ] GC(50) Archive regions: 2->2
[2024-05-22T16:24:26.232+0530][gc,heap     ] GC(50) Humongous regions: 129->129
[2024-05-22T16:24:26.232+0530][gc,metaspace] GC(50) Metaspace: 41435K(41984K)->41435K(41984K) NonClass: 36808K(37120K)->36808K(37120K) Class: 4626K(4864K)->4626K(4864K)
[2024-05-22T16:24:26.232+0530][gc          ] GC(50) Pause Young (Normal) (G1 Evacuation Pause) 761M->148M(1024M) 1.382ms
[2024-05-22T16:24:26.232+0530][gc,cpu      ] GC(50) User=0.00s Sys=0.00s Real=0.00s
[2024-05-22T16:24:29.129+0530][gc,start    ] GC(51) Pause Young (Normal) (G1 Evacuation Pause)
[2024-05-22T16:24:29.129+0530][gc,task     ] GC(51) Using 13 workers of 13 for evacuation
[2024-05-22T16:24:29.130+0530][gc,phases   ] GC(51)   Pre Evacuate Collection Set: 0.1ms
[2024-05-22T16:24:29.130+0530][gc,phases   ] GC(51)   Merge Heap Roots: 0.1ms
[2024-05-22T16:24:29.130+0530][gc,phases   ] GC(51)   Evacuate Collection Set: 0.6ms
[2024-05-22T16:24:29.130+0530][gc,phases   ] GC(51)   Post Evacuate Collection Set: 0.3ms
[2024-05-22T16:24:29.130+0530][gc,phases   ] GC(51)   Other: 0.1ms
[2024-05-22T16:24:29.130+0530][gc,heap     ] GC(51) Eden regions: 613->0(613)
[2024-05-22T16:24:29.130+0530][gc,heap     ] GC(51) Survivor regions: 1->1(77)
[2024-05-22T16:24:29.130+0530][gc,heap     ] GC(51) Old regions: 18->18
[2024-05-22T16:24:29.130+0530][gc,heap     ] GC(51) Archive regions: 2->2
[2024-05-22T16:24:29.130+0530][gc,heap     ] GC(51) Humongous regions: 129->129
[2024-05-22T16:24:29.130+0530][gc,metaspace] GC(51) Metaspace: 41435K(41984K)->41435K(41984K) NonClass: 36808K(37120K)->36808K(37120K) Class: 4626K(4864K)->4626K(4864K)
[2024-05-22T16:24:29.130+0530][gc          ] GC(51) Pause Young (Normal) (G1 Evacuation Pause) 761M->148M(1024M) 1.302ms
[2024-05-22T16:24:29.130+0530][gc,cpu      ] GC(51) User=0.01s Sys=0.00s Real=0.00s
[2024-05-22T16:24:32.137+0530][gc,start    ] GC(52) Pause Young (Normal) (G1 Evacuation Pause)
[2024-05-22T16:24:32.137+0530][gc,task     ] GC(52) Using 13 workers of 13 for evacuation
[2024-05-22T16:24:32.138+0530][gc,phases   ] GC(52)   Pre Evacuate Collection Set: 0.1ms
[2024-05-22T16:24:32.138+0530][gc,phases   ] GC(52)   Merge Heap Roots: 0.1ms
[2024-05-22T16:24:32.138+0530][gc,phases   ] GC(52)   Evacuate Collection Set: 0.6ms
[2024-05-22T16:24:32.138+0530][gc,phases   ] GC(52)   Post Evacuate Collection Set: 0.4ms
[2024-05-22T16:24:32.138+0530][gc,phases   ] GC(52)   Other: 0.1ms
[2024-05-22T16:24:32.138+0530][gc,heap     ] GC(52) Eden regions: 613->0(613)
[2024-05-22T16:24:32.138+0530][gc,heap     ] GC(52) Survivor regions: 1->1(77)
[2024-05-22T16:24:32.138+0530][gc,heap     ] GC(52) Old regions: 18->18
[2024-05-22T16:24:32.138+0530][gc,heap     ] GC(52) Archive regions: 2->2
[2024-05-22T16:24:32.138+0530][gc,heap     ] GC(52) Humongous regions: 129->129
[2024-05-22T16:24:32.138+0530][gc,metaspace] GC(52) Metaspace: 41435K(41984K)->41435K(41984K) NonClass: 36808K(37120K)->36808K(37120K) Class: 4626K(4864K)->4626K(4864K)
[2024-05-22T16:24:32.138+0530][gc          ] GC(52) Pause Young (Normal) (G1 Evacuation Pause) 761M->148M(1024M) 1.365ms
[2024-05-22T16:24:32.138+0530][gc,cpu      ] GC(52) User=0.01s Sys=0.00s Real=0.01s
[2024-05-22T16:24:35.435+0530][gc,start    ] GC(53) Pause Young (Normal) (G1 Evacuation Pause)
[2024-05-22T16:24:35.435+0530][gc,task     ] GC(53) Using 13 workers of 13 for evacuation
[2024-05-22T16:24:35.436+0530][gc,phases   ] GC(53)   Pre Evacuate Collection Set: 0.1ms
[2024-05-22T16:24:35.436+0530][gc,phases   ] GC(53)   Merge Heap Roots: 0.2ms
[2024-05-22T16:24:35.436+0530][gc,phases   ] GC(53)   Evacuate Collection Set: 0.7ms
[2024-05-22T16:24:35.436+0530][gc,phases   ] GC(53)   Post Evacuate Collection Set: 0.5ms
[2024-05-22T16:24:35.436+0530][gc,phases   ] GC(53)   Other: 0.2ms
[2024-05-22T16:24:35.436+0530][gc,heap     ] GC(53) Eden regions: 613->0(613)
[2024-05-22T16:24:35.436+0530][gc,heap     ] GC(53) Survivor regions: 1->1(77)
[2024-05-22T16:24:35.436+0530][gc,heap     ] GC(53) Old regions: 18->18
[2024-05-22T16:24:35.436+0530][gc,heap     ] GC(53) Archive regions: 2->2
[2024-05-22T16:24:35.436+0530][gc,heap     ] GC(53) Humongous regions: 129->129
[2024-05-22T16:24:35.436+0530][gc,metaspace] GC(53) Metaspace: 41435K(41984K)->41435K(41984K) NonClass: 36808K(37120K)->36808K(37120K) Class: 4626K(4864K)->4626K(4864K)
[2024-05-22T16:24:35.436+0530][gc          ] GC(53) Pause Young (Normal) (G1 Evacuation Pause) 761M->148M(1024M) 1.836ms
[2024-05-22T16:24:35.436+0530][gc,cpu      ] GC(53) User=0.01s Sys=0.01s Real=0.00s
[2024-05-22T16:24:38.340+0530][gc,start    ] GC(54) Pause Young (Normal) (G1 Evacuation Pause)
[2024-05-22T16:24:38.340+0530][gc,task     ] GC(54) Using 13 workers of 13 for evacuation
[2024-05-22T16:24:38.342+0530][gc,phases   ] GC(54)   Pre Evacuate Collection Set: 0.1ms
[2024-05-22T16:24:38.342+0530][gc,phases   ] GC(54)   Merge Heap Roots: 0.1ms
[2024-05-22T16:24:38.342+0530][gc,phases   ] GC(54)   Evacuate Collection Set: 0.5ms
[2024-05-22T16:24:38.342+0530][gc,phases   ] GC(54)   Post Evacuate Collection Set: 0.4ms
[2024-05-22T16:24:38.342+0530][gc,phases   ] GC(54)   Other: 0.1ms
[2024-05-22T16:24:38.342+0530][gc,heap     ] GC(54) Eden regions: 613->0(613)
[2024-05-22T16:24:38.342+0530][gc,heap     ] GC(54) Survivor regions: 1->1(77)
[2024-05-22T16:24:38.342+0530][gc,heap     ] GC(54) Old regions: 18->19
[2024-05-22T16:24:38.342+0530][gc,heap     ] GC(54) Archive regions: 2->2
[2024-05-22T16:24:38.342+0530][gc,heap     ] GC(54) Humongous regions: 129->129
[2024-05-22T16:24:38.342+0530][gc,metaspace] GC(54) Metaspace: 41435K(41984K)->41435K(41984K) NonClass: 36808K(37120K)->36808K(37120K) Class: 4626K(4864K)->4626K(4864K)
[2024-05-22T16:24:38.342+0530][gc          ] GC(54) Pause Young (Normal) (G1 Evacuation Pause) 761M->148M(1024M) 1.326ms
[2024-05-22T16:24:38.342+0530][gc,cpu      ] GC(54) User=0.01s Sys=0.01s Real=0.00s
[2024-05-22T16:24:41.283+0530][gc,start    ] GC(55) Pause Young (Normal) (G1 Evacuation Pause)
[2024-05-22T16:24:41.283+0530][gc,task     ] GC(55) Using 13 workers of 13 for evacuation
[2024-05-22T16:24:41.284+0530][gc,phases   ] GC(55)   Pre Evacuate Collection Set: 0.1ms
[2024-05-22T16:24:41.284+0530][gc,phases   ] GC(55)   Merge Heap Roots: 0.1ms
[2024-05-22T16:24:41.284+0530][gc,phases   ] GC(55)   Evacuate Collection Set: 0.5ms
[2024-05-22T16:24:41.284+0530][gc,phases   ] GC(55)   Post Evacuate Collection Set: 0.3ms
[2024-05-22T16:24:41.284+0530][gc,phases   ] GC(55)   Other: 0.1ms
[2024-05-22T16:24:41.284+0530][gc,heap     ] GC(55) Eden regions: 613->0(613)
[2024-05-22T16:24:41.284+0530][gc,heap     ] GC(55) Survivor regions: 1->1(77)
[2024-05-22T16:24:41.284+0530][gc,heap     ] GC(55) Old regions: 19->19
[2024-05-22T16:24:41.284+0530][gc,heap     ] GC(55) Archive regions: 2->2
[2024-05-22T16:24:41.284+0530][gc,heap     ] GC(55) Humongous regions: 129->129
[2024-05-22T16:24:41.284+0530][gc,metaspace] GC(55) Metaspace: 41435K(41984K)->41435K(41984K) NonClass: 36808K(37120K)->36808K(37120K) Class: 4626K(4864K)->4626K(4864K)
[2024-05-22T16:24:41.284+0530][gc          ] GC(55) Pause Young (Normal) (G1 Evacuation Pause) 761M->148M(1024M) 1.265ms
[2024-05-22T16:24:41.284+0530][gc,cpu      ] GC(55) User=0.00s Sys=0.00s Real=0.00s
[2024-05-22T17:16:42.324+0530][gc,heap,exit] Heap
[2024-05-22T17:16:42.324+0530][gc,heap,exit]  garbage-first heap   total 1048576K, used 556848K [0x00000000c0000000, 0x0000000100000000)
[2024-05-22T17:16:42.324+0530][gc,heap,exit]   region size 1024K, 396 young (405504K), 1 survivors (1024K)
[2024-05-22T17:16:42.324+0530][gc,heap,exit]  Metaspace       used 44280K, committed 44800K, reserved 1114112K
[2024-05-22T17:16:42.324+0530][gc,heap,exit]   class space    used 5040K, committed 5248K, reserved 1048576K
