[2024-05-24T09:26:16.869+0530][gc] Using G1
[2024-05-24T09:26:16.877+0530][gc,init] Version: 17.0.10+7-Ubuntu-122.04.1 (release)
[2024-05-24T09:26:16.877+0530][gc,init] CPUs: 16 total, 16 available
[2024-05-24T09:26:16.877+0530][gc,init] Memory: 31911M
[2024-05-24T09:26:16.877+0530][gc,init] Large Page Support: Disabled
[2024-05-24T09:26:16.877+0530][gc,init] NUMA Support: Disabled
[2024-05-24T09:26:16.877+0530][gc,init] Compressed Oops: Enabled (32-bit)
[2024-05-24T09:26:16.877+0530][gc,init] Heap Region Size: 1M
[2024-05-24T09:26:16.877+0530][gc,init] Heap Min Capacity: 1G
[2024-05-24T09:26:16.877+0530][gc,init] Heap Initial Capacity: 1G
[2024-05-24T09:26:16.877+0530][gc,init] Heap Max Capacity: 1G
[2024-05-24T09:26:16.877+0530][gc,init] Pre-touch: Disabled
[2024-05-24T09:26:16.877+0530][gc,init] Parallel Workers: 13
[2024-05-24T09:26:16.877+0530][gc,init] Concurrent Workers: 3
[2024-05-24T09:26:16.877+0530][gc,init] Concurrent Refinement Workers: 13
[2024-05-24T09:26:16.877+0530][gc,init] Periodic GC: Disabled
[2024-05-24T09:26:16.881+0530][gc,metaspace] CDS archive(s) mapped at: [0x000077a693000000-0x000077a693bc7000-0x000077a693bc7000), size 12349440, SharedBaseAddress: 0x000077a693000000, ArchiveRelocationMode: 1.
[2024-05-24T09:26:16.881+0530][gc,metaspace] Compressed class space mapped at: 0x000077a694000000-0x000077a6d4000000, reserved size: 1073741824
[2024-05-24T09:26:16.881+0530][gc,metaspace] Narrow klass base: 0x000077a693000000, Narrow klass shift: 0, Narrow klass range: 0x100000000
[2024-05-24T09:26:17.350+0530][gc,start    ] GC(0) Pause Young (Normal) (G1 Evacuation Pause)
[2024-05-24T09:26:17.351+0530][gc,task     ] GC(0) Using 13 workers of 13 for evacuation
[2024-05-24T09:26:17.353+0530][gc,phases   ] GC(0)   Pre Evacuate Collection Set: 0.1ms
[2024-05-24T09:26:17.353+0530][gc,phases   ] GC(0)   Merge Heap Roots: 0.0ms
[2024-05-24T09:26:17.353+0530][gc,phases   ] GC(0)   Evacuate Collection Set: 1.5ms
[2024-05-24T09:26:17.353+0530][gc,phases   ] GC(0)   Post Evacuate Collection Set: 0.2ms
[2024-05-24T09:26:17.353+0530][gc,phases   ] GC(0)   Other: 1.0ms
[2024-05-24T09:26:17.353+0530][gc,heap     ] GC(0) Eden regions: 51->0(44)
[2024-05-24T09:26:17.353+0530][gc,heap     ] GC(0) Survivor regions: 0->7(7)
[2024-05-24T09:26:17.353+0530][gc,heap     ] GC(0) Old regions: 0->1
[2024-05-24T09:26:17.353+0530][gc,heap     ] GC(0) Archive regions: 2->2
[2024-05-24T09:26:17.353+0530][gc,heap     ] GC(0) Humongous regions: 0->0
[2024-05-24T09:26:17.353+0530][gc,metaspace] GC(0) Metaspace: 18451K(18688K)->18451K(18688K) NonClass: 16267K(16384K)->16267K(16384K) Class: 2183K(2304K)->2183K(2304K)
[2024-05-24T09:26:17.353+0530][gc          ] GC(0) Pause Young (Normal) (G1 Evacuation Pause) 51M->8M(1024M) 2.982ms
[2024-05-24T09:26:17.353+0530][gc,cpu      ] GC(0) User=0.03s Sys=0.00s Real=0.00s
[2024-05-24T09:26:17.450+0530][gc,start    ] GC(1) Pause Young (Concurrent Start) (Metadata GC Threshold)
[2024-05-24T09:26:17.450+0530][gc,task     ] GC(1) Using 13 workers of 13 for evacuation
[2024-05-24T09:26:17.452+0530][gc,phases   ] GC(1)   Pre Evacuate Collection Set: 0.1ms
[2024-05-24T09:26:17.452+0530][gc,phases   ] GC(1)   Merge Heap Roots: 0.0ms
[2024-05-24T09:26:17.452+0530][gc,phases   ] GC(1)   Evacuate Collection Set: 1.3ms
[2024-05-24T09:26:17.452+0530][gc,phases   ] GC(1)   Post Evacuate Collection Set: 0.2ms
[2024-05-24T09:26:17.452+0530][gc,phases   ] GC(1)   Other: 0.1ms
[2024-05-24T09:26:17.452+0530][gc,heap     ] GC(1) Eden regions: 12->0(49)
[2024-05-24T09:26:17.452+0530][gc,heap     ] GC(1) Survivor regions: 7->2(7)
[2024-05-24T09:26:17.452+0530][gc,heap     ] GC(1) Old regions: 1->8
[2024-05-24T09:26:17.452+0530][gc,heap     ] GC(1) Archive regions: 2->2
[2024-05-24T09:26:17.452+0530][gc,heap     ] GC(1) Humongous regions: 0->0
[2024-05-24T09:26:17.452+0530][gc,metaspace] GC(1) Metaspace: 21315K(21504K)->21315K(21504K) NonClass: 18764K(18880K)->18764K(18880K) Class: 2550K(2624K)->2550K(2624K)
[2024-05-24T09:26:17.452+0530][gc          ] GC(1) Pause Young (Concurrent Start) (Metadata GC Threshold) 20M->10M(1024M) 1.699ms
[2024-05-24T09:26:17.452+0530][gc,cpu      ] GC(1) User=0.02s Sys=0.00s Real=0.00s
[2024-05-24T09:26:17.452+0530][gc          ] GC(2) Concurrent Mark Cycle
[2024-05-24T09:26:17.452+0530][gc,marking  ] GC(2) Concurrent Clear Claimed Marks
[2024-05-24T09:26:17.452+0530][gc,marking  ] GC(2) Concurrent Clear Claimed Marks 0.012ms
[2024-05-24T09:26:17.452+0530][gc,marking  ] GC(2) Concurrent Scan Root Regions
[2024-05-24T09:26:17.453+0530][gc,marking  ] GC(2) Concurrent Scan Root Regions 1.017ms
[2024-05-24T09:26:17.453+0530][gc,marking  ] GC(2) Concurrent Mark
[2024-05-24T09:26:17.453+0530][gc,marking  ] GC(2) Concurrent Mark From Roots
[2024-05-24T09:26:17.453+0530][gc,task     ] GC(2) Using 3 workers of 3 for marking
[2024-05-24T09:26:17.454+0530][gc,marking  ] GC(2) Concurrent Mark From Roots 0.837ms
[2024-05-24T09:26:17.454+0530][gc,marking  ] GC(2) Concurrent Preclean
[2024-05-24T09:26:17.454+0530][gc,marking  ] GC(2) Concurrent Preclean 0.061ms
[2024-05-24T09:26:17.454+0530][gc,start    ] GC(2) Pause Remark
[2024-05-24T09:26:17.454+0530][gc          ] GC(2) Pause Remark 10M->10M(1024M) 0.758ms
[2024-05-24T09:26:17.454+0530][gc,cpu      ] GC(2) User=0.01s Sys=0.00s Real=0.00s
[2024-05-24T09:26:17.454+0530][gc,marking  ] GC(2) Concurrent Mark 1.728ms
[2024-05-24T09:26:17.454+0530][gc,marking  ] GC(2) Concurrent Rebuild Remembered Sets
[2024-05-24T09:26:17.455+0530][gc,marking  ] GC(2) Concurrent Rebuild Remembered Sets 1.018ms
[2024-05-24T09:26:17.455+0530][gc,start    ] GC(2) Pause Cleanup
[2024-05-24T09:26:17.456+0530][gc          ] GC(2) Pause Cleanup 10M->10M(1024M) 0.062ms
[2024-05-24T09:26:17.456+0530][gc,cpu      ] GC(2) User=0.00s Sys=0.00s Real=0.00s
[2024-05-24T09:26:17.456+0530][gc,marking  ] GC(2) Concurrent Cleanup for Next Mark
[2024-05-24T09:26:17.457+0530][gc,marking  ] GC(2) Concurrent Cleanup for Next Mark 1.613ms
[2024-05-24T09:26:17.457+0530][gc          ] GC(2) Concurrent Mark Cycle 5.562ms
[2024-05-24T09:26:17.799+0530][gc,start    ] GC(3) Pause Young (Normal) (G1 Evacuation Pause)
[2024-05-24T09:26:17.799+0530][gc,task     ] GC(3) Using 13 workers of 13 for evacuation
[2024-05-24T09:26:17.801+0530][gc,phases   ] GC(3)   Pre Evacuate Collection Set: 0.1ms
[2024-05-24T09:26:17.801+0530][gc,phases   ] GC(3)   Merge Heap Roots: 0.0ms
[2024-05-24T09:26:17.801+0530][gc,phases   ] GC(3)   Evacuate Collection Set: 1.7ms
[2024-05-24T09:26:17.801+0530][gc,phases   ] GC(3)   Post Evacuate Collection Set: 0.2ms
[2024-05-24T09:26:17.801+0530][gc,phases   ] GC(3)   Other: 0.1ms
[2024-05-24T09:26:17.801+0530][gc,heap     ] GC(3) Eden regions: 49->0(44)
[2024-05-24T09:26:17.801+0530][gc,heap     ] GC(3) Survivor regions: 2->7(7)
[2024-05-24T09:26:17.801+0530][gc,heap     ] GC(3) Old regions: 8->8
[2024-05-24T09:26:17.801+0530][gc,heap     ] GC(3) Archive regions: 2->2
[2024-05-24T09:26:17.801+0530][gc,heap     ] GC(3) Humongous regions: 129->129
[2024-05-24T09:26:17.801+0530][gc,metaspace] GC(3) Metaspace: 32822K(33152K)->32822K(33152K) NonClass: 29222K(29376K)->29222K(29376K) Class: 3599K(3776K)->3599K(3776K)
[2024-05-24T09:26:17.801+0530][gc          ] GC(3) Pause Young (Normal) (G1 Evacuation Pause) 188M->143M(1024M) 2.142ms
[2024-05-24T09:26:17.801+0530][gc,cpu      ] GC(3) User=0.03s Sys=0.00s Real=0.01s
[2024-05-24T09:36:18.039+0530][gc,start    ] GC(4) Pause Young (Concurrent Start) (Metadata GC Threshold)
[2024-05-24T09:36:18.039+0530][gc,task     ] GC(4) Using 13 workers of 13 for evacuation
[2024-05-24T09:36:18.044+0530][gc,phases   ] GC(4)   Pre Evacuate Collection Set: 0.3ms
[2024-05-24T09:36:18.044+0530][gc,phases   ] GC(4)   Merge Heap Roots: 0.1ms
[2024-05-24T09:36:18.044+0530][gc,phases   ] GC(4)   Evacuate Collection Set: 4.1ms
[2024-05-24T09:36:18.044+0530][gc,phases   ] GC(4)   Post Evacuate Collection Set: 0.4ms
[2024-05-24T09:36:18.044+0530][gc,phases   ] GC(4)   Other: 0.4ms
[2024-05-24T09:36:18.044+0530][gc,heap     ] GC(4) Eden regions: 18->0(49)
[2024-05-24T09:36:18.044+0530][gc,heap     ] GC(4) Survivor regions: 7->2(7)
[2024-05-24T09:36:18.044+0530][gc,heap     ] GC(4) Old regions: 8->14
[2024-05-24T09:36:18.044+0530][gc,heap     ] GC(4) Archive regions: 2->2
[2024-05-24T09:36:18.044+0530][gc,heap     ] GC(4) Humongous regions: 129->129
[2024-05-24T09:36:18.044+0530][gc,metaspace] GC(4) Metaspace: 35788K(36096K)->35788K(36096K) NonClass: 31804K(32000K)->31804K(32000K) Class: 3984K(4096K)->3984K(4096K)
[2024-05-24T09:36:18.044+0530][gc          ] GC(4) Pause Young (Concurrent Start) (Metadata GC Threshold) 161M->144M(1024M) 5.364ms
[2024-05-24T09:36:18.044+0530][gc,cpu      ] GC(4) User=0.05s Sys=0.01s Real=0.01s
[2024-05-24T09:36:18.044+0530][gc          ] GC(5) Concurrent Mark Cycle
[2024-05-24T09:36:18.044+0530][gc,marking  ] GC(5) Concurrent Clear Claimed Marks
[2024-05-24T09:36:18.044+0530][gc,marking  ] GC(5) Concurrent Clear Claimed Marks 0.031ms
[2024-05-24T09:36:18.044+0530][gc,marking  ] GC(5) Concurrent Scan Root Regions
[2024-05-24T09:36:18.047+0530][gc,marking  ] GC(5) Concurrent Scan Root Regions 2.196ms
[2024-05-24T09:36:18.047+0530][gc,marking  ] GC(5) Concurrent Mark
[2024-05-24T09:36:18.047+0530][gc,marking  ] GC(5) Concurrent Mark From Roots
[2024-05-24T09:36:18.047+0530][gc,task     ] GC(5) Using 3 workers of 3 for marking
[2024-05-24T09:36:18.051+0530][gc,marking  ] GC(5) Concurrent Mark From Roots 4.054ms
[2024-05-24T09:36:18.051+0530][gc,marking  ] GC(5) Concurrent Preclean
[2024-05-24T09:36:18.051+0530][gc,marking  ] GC(5) Concurrent Preclean 0.119ms
[2024-05-24T09:36:18.051+0530][gc,start    ] GC(5) Pause Remark
[2024-05-24T09:36:18.052+0530][gc          ] GC(5) Pause Remark 145M->145M(1024M) 1.155ms
[2024-05-24T09:36:18.052+0530][gc,cpu      ] GC(5) User=0.01s Sys=0.00s Real=0.00s
[2024-05-24T09:36:18.052+0530][gc,marking  ] GC(5) Concurrent Mark 5.525ms
[2024-05-24T09:36:18.052+0530][gc,marking  ] GC(5) Concurrent Rebuild Remembered Sets
[2024-05-24T09:36:18.055+0530][gc,marking  ] GC(5) Concurrent Rebuild Remembered Sets 2.628ms
[2024-05-24T09:36:18.055+0530][gc,start    ] GC(5) Pause Cleanup
[2024-05-24T09:36:18.055+0530][gc          ] GC(5) Pause Cleanup 145M->145M(1024M) 0.138ms
[2024-05-24T09:36:18.055+0530][gc,cpu      ] GC(5) User=0.00s Sys=0.00s Real=0.00s
[2024-05-24T09:36:18.055+0530][gc,marking  ] GC(5) Concurrent Cleanup for Next Mark
[2024-05-24T09:36:18.057+0530][gc,marking  ] GC(5) Concurrent Cleanup for Next Mark 1.968ms
[2024-05-24T09:36:18.057+0530][gc          ] GC(5) Concurrent Mark Cycle 12.754ms
[2024-05-24T10:01:47.644+0530][gc,start    ] GC(6) Pause Young (Normal) (G1 Evacuation Pause)
[2024-05-24T10:01:47.644+0530][gc,task     ] GC(6) Using 13 workers of 13 for evacuation
[2024-05-24T10:01:47.648+0530][gc,phases   ] GC(6)   Pre Evacuate Collection Set: 0.2ms
[2024-05-24T10:01:47.648+0530][gc,phases   ] GC(6)   Merge Heap Roots: 0.2ms
[2024-05-24T10:01:47.648+0530][gc,phases   ] GC(6)   Evacuate Collection Set: 2.8ms
[2024-05-24T10:01:47.648+0530][gc,phases   ] GC(6)   Post Evacuate Collection Set: 0.6ms
[2024-05-24T10:01:47.648+0530][gc,phases   ] GC(6)   Other: 0.2ms
[2024-05-24T10:01:47.648+0530][gc,heap     ] GC(6) Eden regions: 49->0(48)
[2024-05-24T10:01:47.648+0530][gc,heap     ] GC(6) Survivor regions: 2->3(7)
[2024-05-24T10:01:47.648+0530][gc,heap     ] GC(6) Old regions: 14->14
[2024-05-24T10:01:47.648+0530][gc,heap     ] GC(6) Archive regions: 2->2
[2024-05-24T10:01:47.648+0530][gc,heap     ] GC(6) Humongous regions: 129->129
[2024-05-24T10:01:47.648+0530][gc,metaspace] GC(6) Metaspace: 40380K(40832K)->40380K(40832K) NonClass: 35787K(36032K)->35787K(36032K) Class: 4592K(4800K)->4592K(4800K)
[2024-05-24T10:01:47.648+0530][gc          ] GC(6) Pause Young (Normal) (G1 Evacuation Pause) 193M->146M(1024M) 4.231ms
[2024-05-24T10:01:47.648+0530][gc,cpu      ] GC(6) User=0.04s Sys=0.00s Real=0.00s
[2024-05-24T10:36:07.667+0530][gc,start    ] GC(7) Pause Young (Normal) (G1 Evacuation Pause)
[2024-05-24T10:36:07.667+0530][gc,task     ] GC(7) Using 13 workers of 13 for evacuation
[2024-05-24T10:36:07.669+0530][gc,phases   ] GC(7)   Pre Evacuate Collection Set: 0.1ms
[2024-05-24T10:36:07.670+0530][gc,phases   ] GC(7)   Merge Heap Roots: 0.0ms
[2024-05-24T10:36:07.670+0530][gc,phases   ] GC(7)   Evacuate Collection Set: 1.7ms
[2024-05-24T10:36:07.670+0530][gc,phases   ] GC(7)   Post Evacuate Collection Set: 0.4ms
[2024-05-24T10:36:07.670+0530][gc,phases   ] GC(7)   Other: 0.3ms
[2024-05-24T10:36:07.670+0530][gc,heap     ] GC(7) Eden regions: 48->0(48)
[2024-05-24T10:36:07.670+0530][gc,heap     ] GC(7) Survivor regions: 3->3(7)
[2024-05-24T10:36:07.670+0530][gc,heap     ] GC(7) Old regions: 14->14
[2024-05-24T10:36:07.670+0530][gc,heap     ] GC(7) Archive regions: 2->2
[2024-05-24T10:36:07.670+0530][gc,heap     ] GC(7) Humongous regions: 129->129
[2024-05-24T10:36:07.670+0530][gc,metaspace] GC(7) Metaspace: 41020K(41472K)->41020K(41472K) NonClass: 36375K(36608K)->36375K(36608K) Class: 4645K(4864K)->4645K(4864K)
[2024-05-24T10:36:07.670+0530][gc          ] GC(7) Pause Young (Normal) (G1 Evacuation Pause) 194M->146M(1024M) 2.572ms
[2024-05-24T10:36:07.670+0530][gc,cpu      ] GC(7) User=0.02s Sys=0.00s Real=0.01s
[2024-05-24T11:14:51.771+0530][gc,start    ] GC(8) Pause Young (Normal) (G1 Evacuation Pause)
[2024-05-24T11:14:51.771+0530][gc,task     ] GC(8) Using 13 workers of 13 for evacuation
[2024-05-24T11:14:51.776+0530][gc,phases   ] GC(8)   Pre Evacuate Collection Set: 0.4ms
[2024-05-24T11:14:51.776+0530][gc,phases   ] GC(8)   Merge Heap Roots: 0.1ms
[2024-05-24T11:14:51.777+0530][gc,phases   ] GC(8)   Evacuate Collection Set: 3.6ms
[2024-05-24T11:14:51.777+0530][gc,phases   ] GC(8)   Post Evacuate Collection Set: 0.8ms
[2024-05-24T11:14:51.777+0530][gc,phases   ] GC(8)   Other: 0.2ms
[2024-05-24T11:14:51.777+0530][gc,heap     ] GC(8) Eden regions: 48->0(53)
[2024-05-24T11:14:51.777+0530][gc,heap     ] GC(8) Survivor regions: 3->3(7)
[2024-05-24T11:14:51.777+0530][gc,heap     ] GC(8) Old regions: 14->14
[2024-05-24T11:14:51.777+0530][gc,heap     ] GC(8) Archive regions: 2->2
[2024-05-24T11:14:51.777+0530][gc,heap     ] GC(8) Humongous regions: 129->129
[2024-05-24T11:14:51.777+0530][gc,metaspace] GC(8) Metaspace: 41113K(41664K)->41113K(41664K) NonClass: 36468K(36800K)->36468K(36800K) Class: 4645K(4864K)->4645K(4864K)
[2024-05-24T11:14:51.777+0530][gc          ] GC(8) Pause Young (Normal) (G1 Evacuation Pause) 194M->146M(1024M) 5.311ms
[2024-05-24T11:14:51.777+0530][gc,cpu      ] GC(8) User=0.04s Sys=0.00s Real=0.00s
[2024-05-24T11:21:00.141+0530][gc,start    ] GC(9) Pause Young (Normal) (G1 Evacuation Pause)
[2024-05-24T11:21:00.141+0530][gc,task     ] GC(9) Using 13 workers of 13 for evacuation
[2024-05-24T11:21:00.149+0530][gc,phases   ] GC(9)   Pre Evacuate Collection Set: 0.3ms
[2024-05-24T11:21:00.149+0530][gc,phases   ] GC(9)   Merge Heap Roots: 0.2ms
[2024-05-24T11:21:00.149+0530][gc,phases   ] GC(9)   Evacuate Collection Set: 6.9ms
[2024-05-24T11:21:00.150+0530][gc,phases   ] GC(9)   Post Evacuate Collection Set: 1.2ms
[2024-05-24T11:21:00.150+0530][gc,phases   ] GC(9)   Other: 0.3ms
[2024-05-24T11:21:00.150+0530][gc,heap     ] GC(9) Eden regions: 53->0(45)
[2024-05-24T11:21:00.150+0530][gc,heap     ] GC(9) Survivor regions: 3->6(7)
[2024-05-24T11:21:00.150+0530][gc,heap     ] GC(9) Old regions: 14->14
[2024-05-24T11:21:00.150+0530][gc,heap     ] GC(9) Archive regions: 2->2
[2024-05-24T11:21:00.150+0530][gc,heap     ] GC(9) Humongous regions: 129->129
[2024-05-24T11:21:00.150+0530][gc,metaspace] GC(9) Metaspace: 42040K(42560K)->42040K(42560K) NonClass: 37291K(37568K)->37291K(37568K) Class: 4748K(4992K)->4748K(4992K)
[2024-05-24T11:21:00.150+0530][gc          ] GC(9) Pause Young (Normal) (G1 Evacuation Pause) 199M->149M(1024M) 9.071ms
[2024-05-24T11:21:00.150+0530][gc,cpu      ] GC(9) User=0.07s Sys=0.01s Real=0.02s
[2024-05-24T11:24:43.134+0530][gc,start    ] GC(10) Pause Young (Normal) (G1 Evacuation Pause)
[2024-05-24T11:24:43.134+0530][gc,task     ] GC(10) Using 13 workers of 13 for evacuation
[2024-05-24T11:24:43.141+0530][gc,phases   ] GC(10)   Pre Evacuate Collection Set: 0.2ms
[2024-05-24T11:24:43.141+0530][gc,phases   ] GC(10)   Merge Heap Roots: 0.1ms
[2024-05-24T11:24:43.141+0530][gc,phases   ] GC(10)   Evacuate Collection Set: 5.9ms
[2024-05-24T11:24:43.141+0530][gc,phases   ] GC(10)   Post Evacuate Collection Set: 1.0ms
[2024-05-24T11:24:43.141+0530][gc,phases   ] GC(10)   Other: 0.3ms
[2024-05-24T11:24:43.141+0530][gc,heap     ] GC(10) Eden regions: 45->0(152)
[2024-05-24T11:24:43.141+0530][gc,heap     ] GC(10) Survivor regions: 6->4(7)
[2024-05-24T11:24:43.141+0530][gc,heap     ] GC(10) Old regions: 14->16
[2024-05-24T11:24:43.141+0530][gc,heap     ] GC(10) Archive regions: 2->2
[2024-05-24T11:24:43.141+0530][gc,heap     ] GC(10) Humongous regions: 129->129
[2024-05-24T11:24:43.141+0530][gc,metaspace] GC(10) Metaspace: 42055K(42624K)->42055K(42624K) NonClass: 37306K(37632K)->37306K(37632K) Class: 4748K(4992K)->4748K(4992K)
[2024-05-24T11:24:43.141+0530][gc          ] GC(10) Pause Young (Normal) (G1 Evacuation Pause) 194M->149M(1024M) 7.771ms
[2024-05-24T11:24:43.141+0530][gc,cpu      ] GC(10) User=0.08s Sys=0.01s Real=0.01s
[2024-05-24T11:37:30.562+0530][gc,start    ] GC(11) Pause Young (Normal) (G1 Evacuation Pause)
[2024-05-24T11:37:30.562+0530][gc,task     ] GC(11) Using 13 workers of 13 for evacuation
[2024-05-24T11:37:30.569+0530][gc,phases   ] GC(11)   Pre Evacuate Collection Set: 0.3ms
[2024-05-24T11:37:30.569+0530][gc,phases   ] GC(11)   Merge Heap Roots: 0.2ms
[2024-05-24T11:37:30.569+0530][gc,phases   ] GC(11)   Evacuate Collection Set: 4.6ms
[2024-05-24T11:37:30.569+0530][gc,phases   ] GC(11)   Post Evacuate Collection Set: 1.1ms
[2024-05-24T11:37:30.569+0530][gc,phases   ] GC(11)   Other: 0.3ms
[2024-05-24T11:37:30.569+0530][gc,heap     ] GC(11) Eden regions: 152->0(507)
[2024-05-24T11:37:30.569+0530][gc,heap     ] GC(11) Survivor regions: 4->4(20)
[2024-05-24T11:37:30.569+0530][gc,heap     ] GC(11) Old regions: 16->16
[2024-05-24T11:37:30.569+0530][gc,heap     ] GC(11) Archive regions: 2->2
[2024-05-24T11:37:30.569+0530][gc,heap     ] GC(11) Humongous regions: 129->129
[2024-05-24T11:37:30.569+0530][gc,metaspace] GC(11) Metaspace: 42418K(42944K)->42418K(42944K) NonClass: 37639K(37888K)->37639K(37888K) Class: 4779K(5056K)->4779K(5056K)
[2024-05-24T11:37:30.569+0530][gc          ] GC(11) Pause Young (Normal) (G1 Evacuation Pause) 301M->149M(1024M) 6.722ms
[2024-05-24T11:37:30.569+0530][gc,cpu      ] GC(11) User=0.05s Sys=0.01s Real=0.01s
[2024-05-24T12:01:52.128+0530][gc,heap,exit] Heap
[2024-05-24T12:01:52.128+0530][gc,heap,exit]  garbage-first heap   total 1048576K, used 469210K [0x00000000c0000000, 0x0000000100000000)
[2024-05-24T12:01:52.128+0530][gc,heap,exit]   region size 1024K, 313 young (320512K), 4 survivors (4096K)
[2024-05-24T12:01:52.128+0530][gc,heap,exit]  Metaspace       used 45040K, committed 45632K, reserved 1114112K
[2024-05-24T12:01:52.128+0530][gc,heap,exit]   class space    used 5304K, committed 5568K, reserved 1048576K
