[2024-05-22T14:25:45.325+0530][gc] Using G1
[2024-05-22T14:25:45.331+0530][gc,init] Version: 17.0.10+7-Ubuntu-122.04.1 (release)
[2024-05-22T14:25:45.331+0530][gc,init] CPUs: 16 total, 16 available
[2024-05-22T14:25:45.331+0530][gc,init] Memory: 31911M
[2024-05-22T14:25:45.331+0530][gc,init] Large Page Support: Disabled
[2024-05-22T14:25:45.331+0530][gc,init] NUMA Support: Disabled
[2024-05-22T14:25:45.331+0530][gc,init] Compressed Oops: Enabled (32-bit)
[2024-05-22T14:25:45.331+0530][gc,init] Heap Region Size: 1M
[2024-05-22T14:25:45.331+0530][gc,init] Heap Min Capacity: 1G
[2024-05-22T14:25:45.331+0530][gc,init] Heap Initial Capacity: 1G
[2024-05-22T14:25:45.331+0530][gc,init] Heap Max Capacity: 1G
[2024-05-22T14:25:45.331+0530][gc,init] Pre-touch: Disabled
[2024-05-22T14:25:45.331+0530][gc,init] Parallel Workers: 13
[2024-05-22T14:25:45.331+0530][gc,init] Concurrent Workers: 3
[2024-05-22T14:25:45.331+0530][gc,init] Concurrent Refinement Workers: 13
[2024-05-22T14:25:45.331+0530][gc,init] Periodic GC: Disabled
[2024-05-22T14:25:45.336+0530][gc,metaspace] CDS archive(s) mapped at: [0x00007a262f000000-0x00007a262fbc7000-0x00007a262fbc7000), size 12349440, SharedBaseAddress: 0x00007a262f000000, ArchiveRelocationMode: 1.
[2024-05-22T14:25:45.336+0530][gc,metaspace] Compressed class space mapped at: 0x00007a2630000000-0x00007a2670000000, reserved size: 1073741824
[2024-05-22T14:25:45.336+0530][gc,metaspace] Narrow klass base: 0x00007a262f000000, Narrow klass shift: 0, Narrow klass range: 0x100000000
[2024-05-22T14:25:45.898+0530][gc,start    ] GC(0) Pause Young (Normal) (G1 Evacuation Pause)
[2024-05-22T14:25:45.899+0530][gc,task     ] GC(0) Using 13 workers of 13 for evacuation
[2024-05-22T14:25:45.901+0530][gc,phases   ] GC(0)   Pre Evacuate Collection Set: 0.1ms
[2024-05-22T14:25:45.901+0530][gc,phases   ] GC(0)   Merge Heap Roots: 0.0ms
[2024-05-22T14:25:45.901+0530][gc,phases   ] GC(0)   Evacuate Collection Set: 1.6ms
[2024-05-22T14:25:45.901+0530][gc,phases   ] GC(0)   Post Evacuate Collection Set: 0.2ms
[2024-05-22T14:25:45.901+0530][gc,phases   ] GC(0)   Other: 1.0ms
[2024-05-22T14:25:45.901+0530][gc,heap     ] GC(0) Eden regions: 51->0(44)
[2024-05-22T14:25:45.901+0530][gc,heap     ] GC(0) Survivor regions: 0->7(7)
[2024-05-22T14:25:45.901+0530][gc,heap     ] GC(0) Old regions: 0->1
[2024-05-22T14:25:45.901+0530][gc,heap     ] GC(0) Archive regions: 2->2
[2024-05-22T14:25:45.901+0530][gc,heap     ] GC(0) Humongous regions: 0->0
[2024-05-22T14:25:45.901+0530][gc,metaspace] GC(0) Metaspace: 18486K(18688K)->18486K(18688K) NonClass: 16299K(16384K)->16299K(16384K) Class: 2187K(2304K)->2187K(2304K)
[2024-05-22T14:25:45.901+0530][gc          ] GC(0) Pause Young (Normal) (G1 Evacuation Pause) 51M->8M(1024M) 3.032ms
[2024-05-22T14:25:45.901+0530][gc,cpu      ] GC(0) User=0.03s Sys=0.00s Real=0.00s
[2024-05-22T14:25:46.012+0530][gc,start    ] GC(1) Pause Young (Concurrent Start) (Metadata GC Threshold)
[2024-05-22T14:25:46.012+0530][gc,task     ] GC(1) Using 13 workers of 13 for evacuation
[2024-05-22T14:25:46.014+0530][gc,phases   ] GC(1)   Pre Evacuate Collection Set: 0.1ms
[2024-05-22T14:25:46.014+0530][gc,phases   ] GC(1)   Merge Heap Roots: 0.0ms
[2024-05-22T14:25:46.014+0530][gc,phases   ] GC(1)   Evacuate Collection Set: 1.3ms
[2024-05-22T14:25:46.014+0530][gc,phases   ] GC(1)   Post Evacuate Collection Set: 0.2ms
[2024-05-22T14:25:46.014+0530][gc,phases   ] GC(1)   Other: 0.1ms
[2024-05-22T14:25:46.014+0530][gc,heap     ] GC(1) Eden regions: 11->0(49)
[2024-05-22T14:25:46.014+0530][gc,heap     ] GC(1) Survivor regions: 7->2(7)
[2024-05-22T14:25:46.014+0530][gc,heap     ] GC(1) Old regions: 1->9
[2024-05-22T14:25:46.014+0530][gc,heap     ] GC(1) Archive regions: 2->2
[2024-05-22T14:25:46.014+0530][gc,heap     ] GC(1) Humongous regions: 0->0
[2024-05-22T14:25:46.014+0530][gc,metaspace] GC(1) Metaspace: 21337K(21504K)->21337K(21504K) NonClass: 18779K(18880K)->18779K(18880K) Class: 2558K(2624K)->2558K(2624K)
[2024-05-22T14:25:46.014+0530][gc          ] GC(1) Pause Young (Concurrent Start) (Metadata GC Threshold) 19M->10M(1024M) 1.735ms
[2024-05-22T14:25:46.014+0530][gc,cpu      ] GC(1) User=0.00s Sys=0.02s Real=0.00s
[2024-05-22T14:25:46.014+0530][gc          ] GC(2) Concurrent Mark Cycle
[2024-05-22T14:25:46.014+0530][gc,marking  ] GC(2) Concurrent Clear Claimed Marks
[2024-05-22T14:25:46.014+0530][gc,marking  ] GC(2) Concurrent Clear Claimed Marks 0.009ms
[2024-05-22T14:25:46.014+0530][gc,marking  ] GC(2) Concurrent Scan Root Regions
[2024-05-22T14:25:46.015+0530][gc,marking  ] GC(2) Concurrent Scan Root Regions 0.983ms
[2024-05-22T14:25:46.015+0530][gc,marking  ] GC(2) Concurrent Mark
[2024-05-22T14:25:46.015+0530][gc,marking  ] GC(2) Concurrent Mark From Roots
[2024-05-22T14:25:46.015+0530][gc,task     ] GC(2) Using 3 workers of 3 for marking
[2024-05-22T14:25:46.016+0530][gc,marking  ] GC(2) Concurrent Mark From Roots 0.780ms
[2024-05-22T14:25:46.016+0530][gc,marking  ] GC(2) Concurrent Preclean
[2024-05-22T14:25:46.016+0530][gc,marking  ] GC(2) Concurrent Preclean 0.040ms
[2024-05-22T14:25:46.016+0530][gc,start    ] GC(2) Pause Remark
[2024-05-22T14:25:46.017+0530][gc          ] GC(2) Pause Remark 11M->11M(1024M) 0.643ms
[2024-05-22T14:25:46.017+0530][gc,cpu      ] GC(2) User=0.01s Sys=0.00s Real=0.00s
[2024-05-22T14:25:46.017+0530][gc,marking  ] GC(2) Concurrent Mark 1.583ms
[2024-05-22T14:25:46.017+0530][gc,marking  ] GC(2) Concurrent Rebuild Remembered Sets
[2024-05-22T14:25:46.017+0530][gc,marking  ] GC(2) Concurrent Rebuild Remembered Sets 0.806ms
[2024-05-22T14:25:46.017+0530][gc,start    ] GC(2) Pause Cleanup
[2024-05-22T14:25:46.018+0530][gc          ] GC(2) Pause Cleanup 11M->11M(1024M) 0.049ms
[2024-05-22T14:25:46.018+0530][gc,cpu      ] GC(2) User=0.00s Sys=0.00s Real=0.00s
[2024-05-22T14:25:46.018+0530][gc,marking  ] GC(2) Concurrent Cleanup for Next Mark
[2024-05-22T14:25:46.019+0530][gc,marking  ] GC(2) Concurrent Cleanup for Next Mark 1.584ms
[2024-05-22T14:25:46.019+0530][gc          ] GC(2) Concurrent Mark Cycle 5.188ms
[2024-05-22T14:25:46.361+0530][gc,start    ] GC(3) Pause Young (Normal) (G1 Evacuation Pause)
[2024-05-22T14:25:46.362+0530][gc,task     ] GC(3) Using 13 workers of 13 for evacuation
[2024-05-22T14:25:46.363+0530][gc,phases   ] GC(3)   Pre Evacuate Collection Set: 0.1ms
[2024-05-22T14:25:46.363+0530][gc,phases   ] GC(3)   Merge Heap Roots: 0.0ms
[2024-05-22T14:25:46.363+0530][gc,phases   ] GC(3)   Evacuate Collection Set: 1.5ms
[2024-05-22T14:25:46.363+0530][gc,phases   ] GC(3)   Post Evacuate Collection Set: 0.2ms
[2024-05-22T14:25:46.363+0530][gc,phases   ] GC(3)   Other: 0.1ms
[2024-05-22T14:25:46.363+0530][gc,heap     ] GC(3) Eden regions: 49->0(44)
[2024-05-22T14:25:46.363+0530][gc,heap     ] GC(3) Survivor regions: 2->7(7)
[2024-05-22T14:25:46.363+0530][gc,heap     ] GC(3) Old regions: 9->9
[2024-05-22T14:25:46.363+0530][gc,heap     ] GC(3) Archive regions: 2->2
[2024-05-22T14:25:46.363+0530][gc,heap     ] GC(3) Humongous regions: 129->129
[2024-05-22T14:25:46.363+0530][gc,metaspace] GC(3) Metaspace: 32767K(33024K)->32767K(33024K) NonClass: 29178K(29312K)->29178K(29312K) Class: 3588K(3712K)->3588K(3712K)
[2024-05-22T14:25:46.363+0530][gc          ] GC(3) Pause Young (Normal) (G1 Evacuation Pause) 188M->144M(1024M) 1.971ms
[2024-05-22T14:25:46.363+0530][gc,cpu      ] GC(3) User=0.02s Sys=0.00s Real=0.00s
[2024-05-22T14:25:55.982+0530][gc,start    ] GC(4) Pause Young (Concurrent Start) (Metadata GC Threshold)
[2024-05-22T14:25:55.983+0530][gc,task     ] GC(4) Using 13 workers of 13 for evacuation
[2024-05-22T14:25:55.991+0530][gc,phases   ] GC(4)   Pre Evacuate Collection Set: 0.4ms
[2024-05-22T14:25:55.991+0530][gc,phases   ] GC(4)   Merge Heap Roots: 0.2ms
[2024-05-22T14:25:55.991+0530][gc,phases   ] GC(4)   Evacuate Collection Set: 6.6ms
[2024-05-22T14:25:55.991+0530][gc,phases   ] GC(4)   Post Evacuate Collection Set: 0.5ms
[2024-05-22T14:25:55.991+0530][gc,phases   ] GC(4)   Other: 0.7ms
[2024-05-22T14:25:55.991+0530][gc,heap     ] GC(4) Eden regions: 15->0(49)
[2024-05-22T14:25:55.991+0530][gc,heap     ] GC(4) Survivor regions: 7->2(7)
[2024-05-22T14:25:55.991+0530][gc,heap     ] GC(4) Old regions: 9->15
[2024-05-22T14:25:55.991+0530][gc,heap     ] GC(4) Archive regions: 2->2
[2024-05-22T14:25:55.991+0530][gc,heap     ] GC(4) Humongous regions: 129->129
[2024-05-22T14:25:55.991+0530][gc,metaspace] GC(4) Metaspace: 35726K(35968K)->35726K(35968K) NonClass: 31685K(31808K)->31685K(31808K) Class: 4041K(4160K)->4041K(4160K)
[2024-05-22T14:25:55.991+0530][gc          ] GC(4) Pause Young (Concurrent Start) (Metadata GC Threshold) 159M->145M(1024M) 8.519ms
[2024-05-22T14:25:55.991+0530][gc,cpu      ] GC(4) User=0.06s Sys=0.03s Real=0.01s
[2024-05-22T14:25:55.991+0530][gc          ] GC(5) Concurrent Mark Cycle
[2024-05-22T14:25:55.991+0530][gc,marking  ] GC(5) Concurrent Clear Claimed Marks
[2024-05-22T14:25:55.991+0530][gc,marking  ] GC(5) Concurrent Clear Claimed Marks 0.040ms
[2024-05-22T14:25:55.991+0530][gc,marking  ] GC(5) Concurrent Scan Root Regions
[2024-05-22T14:25:55.994+0530][gc,marking  ] GC(5) Concurrent Scan Root Regions 2.669ms
[2024-05-22T14:25:55.994+0530][gc,marking  ] GC(5) Concurrent Mark
[2024-05-22T14:25:55.994+0530][gc,marking  ] GC(5) Concurrent Mark From Roots
[2024-05-22T14:25:55.994+0530][gc,task     ] GC(5) Using 3 workers of 3 for marking
[2024-05-22T14:25:55.999+0530][gc,marking  ] GC(5) Concurrent Mark From Roots 4.857ms
[2024-05-22T14:25:55.999+0530][gc,marking  ] GC(5) Concurrent Preclean
[2024-05-22T14:25:55.999+0530][gc,marking  ] GC(5) Concurrent Preclean 0.158ms
[2024-05-22T14:25:55.999+0530][gc,start    ] GC(5) Pause Remark
[2024-05-22T14:25:56.000+0530][gc          ] GC(5) Pause Remark 145M->145M(1024M) 0.984ms
[2024-05-22T14:25:56.000+0530][gc,cpu      ] GC(5) User=0.00s Sys=0.00s Real=0.00s
[2024-05-22T14:25:56.000+0530][gc,marking  ] GC(5) Concurrent Mark 6.164ms
[2024-05-22T14:25:56.000+0530][gc,marking  ] GC(5) Concurrent Rebuild Remembered Sets
[2024-05-22T14:25:56.003+0530][gc,marking  ] GC(5) Concurrent Rebuild Remembered Sets 2.649ms
[2024-05-22T14:25:56.003+0530][gc,start    ] GC(5) Pause Cleanup
[2024-05-22T14:25:56.003+0530][gc          ] GC(5) Pause Cleanup 145M->145M(1024M) 0.079ms
[2024-05-22T14:25:56.003+0530][gc,cpu      ] GC(5) User=0.00s Sys=0.00s Real=0.00s
[2024-05-22T14:25:56.003+0530][gc,marking  ] GC(5) Concurrent Cleanup for Next Mark
[2024-05-22T14:25:56.005+0530][gc,marking  ] GC(5) Concurrent Cleanup for Next Mark 2.074ms
[2024-05-22T14:25:56.005+0530][gc          ] GC(5) Concurrent Mark Cycle 13.922ms
[2024-05-22T14:46:08.982+0530][gc,start    ] GC(6) Pause Young (Prepare Mixed) (G1 Evacuation Pause)
[2024-05-22T14:46:08.982+0530][gc,task     ] GC(6) Using 13 workers of 13 for evacuation
[2024-05-22T14:46:08.985+0530][gc,phases   ] GC(6)   Pre Evacuate Collection Set: 0.2ms
[2024-05-22T14:46:08.985+0530][gc,phases   ] GC(6)   Merge Heap Roots: 0.1ms
[2024-05-22T14:46:08.985+0530][gc,phases   ] GC(6)   Evacuate Collection Set: 2.3ms
[2024-05-22T14:46:08.985+0530][gc,phases   ] GC(6)   Post Evacuate Collection Set: 0.5ms
[2024-05-22T14:46:08.985+0530][gc,phases   ] GC(6)   Other: 0.1ms
[2024-05-22T14:46:08.985+0530][gc,heap     ] GC(6) Eden regions: 49->0(48)
[2024-05-22T14:46:08.985+0530][gc,heap     ] GC(6) Survivor regions: 2->3(7)
[2024-05-22T14:46:08.985+0530][gc,heap     ] GC(6) Old regions: 15->15
[2024-05-22T14:46:08.985+0530][gc,heap     ] GC(6) Archive regions: 2->2
[2024-05-22T14:46:08.985+0530][gc,heap     ] GC(6) Humongous regions: 129->129
[2024-05-22T14:46:08.985+0530][gc,metaspace] GC(6) Metaspace: 40930K(41408K)->40930K(41408K) NonClass: 36033K(36288K)->36033K(36288K) Class: 4897K(5120K)->4897K(5120K)
[2024-05-22T14:46:08.985+0530][gc          ] GC(6) Pause Young (Prepare Mixed) (G1 Evacuation Pause) 194M->146M(1024M) 3.353ms
[2024-05-22T14:46:08.985+0530][gc,cpu      ] GC(6) User=0.01s Sys=0.01s Real=0.00s
[2024-05-22T15:34:14.118+0530][gc,start    ] GC(7) Pause Young (Mixed) (G1 Evacuation Pause)
[2024-05-22T15:34:14.118+0530][gc,task     ] GC(7) Using 13 workers of 13 for evacuation
[2024-05-22T15:34:14.124+0530][gc,phases   ] GC(7)   Pre Evacuate Collection Set: 0.4ms
[2024-05-22T15:34:14.124+0530][gc,phases   ] GC(7)   Merge Heap Roots: 0.2ms
[2024-05-22T15:34:14.124+0530][gc,phases   ] GC(7)   Evacuate Collection Set: 3.9ms
[2024-05-22T15:34:14.124+0530][gc,phases   ] GC(7)   Post Evacuate Collection Set: 1.3ms
[2024-05-22T15:34:14.124+0530][gc,phases   ] GC(7)   Other: 0.3ms
[2024-05-22T15:34:14.124+0530][gc,heap     ] GC(7) Eden regions: 48->0(48)
[2024-05-22T15:34:14.124+0530][gc,heap     ] GC(7) Survivor regions: 3->3(7)
[2024-05-22T15:34:14.124+0530][gc,heap     ] GC(7) Old regions: 15->15
[2024-05-22T15:34:14.124+0530][gc,heap     ] GC(7) Archive regions: 2->2
[2024-05-22T15:34:14.124+0530][gc,heap     ] GC(7) Humongous regions: 129->129
[2024-05-22T15:34:14.124+0530][gc,metaspace] GC(7) Metaspace: 41849K(42368K)->41849K(42368K) NonClass: 36924K(37184K)->36924K(37184K) Class: 4924K(5184K)->4924K(5184K)
[2024-05-22T15:34:14.124+0530][gc          ] GC(7) Pause Young (Mixed) (G1 Evacuation Pause) 194M->146M(1024M) 6.287ms
[2024-05-22T15:34:14.124+0530][gc,cpu      ] GC(7) User=0.04s Sys=0.01s Real=0.01s
[2024-05-22T16:19:29.118+0530][gc,start    ] GC(8) Pause Young (Normal) (G1 Evacuation Pause)
[2024-05-22T16:19:29.118+0530][gc,task     ] GC(8) Using 13 workers of 13 for evacuation
[2024-05-22T16:19:29.124+0530][gc,phases   ] GC(8)   Pre Evacuate Collection Set: 0.2ms
[2024-05-22T16:19:29.124+0530][gc,phases   ] GC(8)   Merge Heap Roots: 0.2ms
[2024-05-22T16:19:29.124+0530][gc,phases   ] GC(8)   Evacuate Collection Set: 4.4ms
[2024-05-22T16:19:29.124+0530][gc,phases   ] GC(8)   Post Evacuate Collection Set: 1.2ms
[2024-05-22T16:19:29.124+0530][gc,phases   ] GC(8)   Other: 0.3ms
[2024-05-22T16:19:29.124+0530][gc,heap     ] GC(8) Eden regions: 48->0(48)
[2024-05-22T16:19:29.124+0530][gc,heap     ] GC(8) Survivor regions: 3->4(7)
[2024-05-22T16:19:29.124+0530][gc,heap     ] GC(8) Old regions: 15->15
[2024-05-22T16:19:29.124+0530][gc,heap     ] GC(8) Archive regions: 2->2
[2024-05-22T16:19:29.124+0530][gc,heap     ] GC(8) Humongous regions: 129->129
[2024-05-22T16:19:29.124+0530][gc,metaspace] GC(8) Metaspace: 43048K(43648K)->43048K(43648K) NonClass: 37922K(38272K)->37922K(38272K) Class: 5126K(5376K)->5126K(5376K)
[2024-05-22T16:19:29.124+0530][gc          ] GC(8) Pause Young (Normal) (G1 Evacuation Pause) 194M->147M(1024M) 6.386ms
[2024-05-22T16:19:29.124+0530][gc,cpu      ] GC(8) User=0.04s Sys=0.01s Real=0.01s
[2024-05-22T16:22:25.066+0530][gc,start    ] GC(9) Pause Young (Normal) (G1 Evacuation Pause)
[2024-05-22T16:22:25.066+0530][gc,task     ] GC(9) Using 13 workers of 13 for evacuation
[2024-05-22T16:22:25.072+0530][gc,phases   ] GC(9)   Pre Evacuate Collection Set: 0.2ms
[2024-05-22T16:22:25.072+0530][gc,phases   ] GC(9)   Merge Heap Roots: 0.1ms
[2024-05-22T16:22:25.072+0530][gc,phases   ] GC(9)   Evacuate Collection Set: 3.9ms
[2024-05-22T16:22:25.072+0530][gc,phases   ] GC(9)   Post Evacuate Collection Set: 1.0ms
[2024-05-22T16:22:25.072+0530][gc,phases   ] GC(9)   Other: 0.2ms
[2024-05-22T16:22:25.072+0530][gc,heap     ] GC(9) Eden regions: 48->0(71)
[2024-05-22T16:22:25.072+0530][gc,heap     ] GC(9) Survivor regions: 4->4(7)
[2024-05-22T16:22:25.072+0530][gc,heap     ] GC(9) Old regions: 15->15
[2024-05-22T16:22:25.072+0530][gc,heap     ] GC(9) Archive regions: 2->2
[2024-05-22T16:22:25.072+0530][gc,heap     ] GC(9) Humongous regions: 129->129
[2024-05-22T16:22:25.072+0530][gc,metaspace] GC(9) Metaspace: 43564K(44096K)->43564K(44096K) NonClass: 38438K(38720K)->38438K(38720K) Class: 5126K(5376K)->5126K(5376K)
[2024-05-22T16:22:25.072+0530][gc          ] GC(9) Pause Young (Normal) (G1 Evacuation Pause) 195M->147M(1024M) 5.552ms
[2024-05-22T16:22:25.072+0530][gc,cpu      ] GC(9) User=0.03s Sys=0.00s Real=0.00s
[2024-05-22T16:22:26.511+0530][gc,start    ] GC(10) Pause Young (Normal) (G1 Evacuation Pause)
[2024-05-22T16:22:26.511+0530][gc,task     ] GC(10) Using 13 workers of 13 for evacuation
[2024-05-22T16:22:26.513+0530][gc,phases   ] GC(10)   Pre Evacuate Collection Set: 0.1ms
[2024-05-22T16:22:26.513+0530][gc,phases   ] GC(10)   Merge Heap Roots: 0.0ms
[2024-05-22T16:22:26.513+0530][gc,phases   ] GC(10)   Evacuate Collection Set: 1.3ms
[2024-05-22T16:22:26.513+0530][gc,phases   ] GC(10)   Post Evacuate Collection Set: 0.4ms
[2024-05-22T16:22:26.513+0530][gc,phases   ] GC(10)   Other: 0.1ms
[2024-05-22T16:22:26.513+0530][gc,heap     ] GC(10) Eden regions: 71->0(285)
[2024-05-22T16:22:26.513+0530][gc,heap     ] GC(10) Survivor regions: 4->5(10)
[2024-05-22T16:22:26.513+0530][gc,heap     ] GC(10) Old regions: 15->15
[2024-05-22T16:22:26.513+0530][gc,heap     ] GC(10) Archive regions: 2->2
[2024-05-22T16:22:26.513+0530][gc,heap     ] GC(10) Humongous regions: 129->129
[2024-05-22T16:22:26.513+0530][gc,metaspace] GC(10) Metaspace: 43565K(44096K)->43565K(44096K) NonClass: 38438K(38720K)->38438K(38720K) Class: 5127K(5376K)->5127K(5376K)
[2024-05-22T16:22:26.513+0530][gc          ] GC(10) Pause Young (Normal) (G1 Evacuation Pause) 218M->148M(1024M) 2.019ms
[2024-05-22T16:22:26.513+0530][gc,cpu      ] GC(10) User=0.01s Sys=0.00s Real=0.00s
[2024-05-22T16:22:29.317+0530][gc,start    ] GC(11) Pause Young (Normal) (G1 Evacuation Pause)
[2024-05-22T16:22:29.317+0530][gc,task     ] GC(11) Using 13 workers of 13 for evacuation
[2024-05-22T16:22:29.319+0530][gc,phases   ] GC(11)   Pre Evacuate Collection Set: 0.1ms
[2024-05-22T16:22:29.319+0530][gc,phases   ] GC(11)   Merge Heap Roots: 0.1ms
[2024-05-22T16:22:29.319+0530][gc,phases   ] GC(11)   Evacuate Collection Set: 1.5ms
[2024-05-22T16:22:29.319+0530][gc,phases   ] GC(11)   Post Evacuate Collection Set: 0.5ms
[2024-05-22T16:22:29.319+0530][gc,phases   ] GC(11)   Other: 0.1ms
[2024-05-22T16:22:29.319+0530][gc,heap     ] GC(11) Eden regions: 285->0(609)
[2024-05-22T16:22:29.319+0530][gc,heap     ] GC(11) Survivor regions: 5->5(37)
[2024-05-22T16:22:29.319+0530][gc,heap     ] GC(11) Old regions: 15->15
[2024-05-22T16:22:29.319+0530][gc,heap     ] GC(11) Archive regions: 2->2
[2024-05-22T16:22:29.319+0530][gc,heap     ] GC(11) Humongous regions: 129->129
[2024-05-22T16:22:29.319+0530][gc,metaspace] GC(11) Metaspace: 43566K(44096K)->43566K(44096K) NonClass: 38438K(38720K)->38438K(38720K) Class: 5127K(5376K)->5127K(5376K)
[2024-05-22T16:22:29.319+0530][gc          ] GC(11) Pause Young (Normal) (G1 Evacuation Pause) 433M->148M(1024M) 2.424ms
[2024-05-22T16:22:29.319+0530][gc,cpu      ] GC(11) User=0.00s Sys=0.02s Real=0.01s
[2024-05-22T16:22:31.605+0530][gc,start    ] GC(12) Pause Young (Normal) (G1 Evacuation Pause)
[2024-05-22T16:22:31.605+0530][gc,task     ] GC(12) Using 13 workers of 13 for evacuation
[2024-05-22T16:22:31.607+0530][gc,phases   ] GC(12)   Pre Evacuate Collection Set: 0.1ms
[2024-05-22T16:22:31.607+0530][gc,phases   ] GC(12)   Merge Heap Roots: 0.1ms
[2024-05-22T16:22:31.607+0530][gc,phases   ] GC(12)   Evacuate Collection Set: 1.6ms
[2024-05-22T16:22:31.607+0530][gc,phases   ] GC(12)   Post Evacuate Collection Set: 0.6ms
[2024-05-22T16:22:31.607+0530][gc,phases   ] GC(12)   Other: 0.2ms
[2024-05-22T16:22:31.607+0530][gc,heap     ] GC(12) Eden regions: 609->0(609)
[2024-05-22T16:22:31.607+0530][gc,heap     ] GC(12) Survivor regions: 5->5(77)
[2024-05-22T16:22:31.607+0530][gc,heap     ] GC(12) Old regions: 15->15
[2024-05-22T16:22:31.607+0530][gc,heap     ] GC(12) Archive regions: 2->2
[2024-05-22T16:22:31.607+0530][gc,heap     ] GC(12) Humongous regions: 129->129
[2024-05-22T16:22:31.607+0530][gc,metaspace] GC(12) Metaspace: 43566K(44096K)->43566K(44096K) NonClass: 38438K(38720K)->38438K(38720K) Class: 5127K(5376K)->5127K(5376K)
[2024-05-22T16:22:31.607+0530][gc          ] GC(12) Pause Young (Normal) (G1 Evacuation Pause) 757M->148M(1024M) 2.669ms
[2024-05-22T16:22:31.607+0530][gc,cpu      ] GC(12) User=0.02s Sys=0.00s Real=0.01s
[2024-05-22T16:22:34.118+0530][gc,start    ] GC(13) Pause Young (Normal) (G1 Evacuation Pause)
[2024-05-22T16:22:34.118+0530][gc,task     ] GC(13) Using 13 workers of 13 for evacuation
[2024-05-22T16:22:34.145+0530][gc,phases   ] GC(13)   Pre Evacuate Collection Set: 24.0ms
[2024-05-22T16:22:34.145+0530][gc,phases   ] GC(13)   Merge Heap Roots: 0.1ms
[2024-05-22T16:22:34.145+0530][gc,phases   ] GC(13)   Evacuate Collection Set: 2.0ms
[2024-05-22T16:22:34.145+0530][gc,phases   ] GC(13)   Post Evacuate Collection Set: 1.0ms
[2024-05-22T16:22:34.145+0530][gc,phases   ] GC(13)   Other: 0.7ms
[2024-05-22T16:22:34.145+0530][gc,heap     ] GC(13) Eden regions: 609->0(609)
[2024-05-22T16:22:34.145+0530][gc,heap     ] GC(13) Survivor regions: 5->5(77)
[2024-05-22T16:22:34.145+0530][gc,heap     ] GC(13) Old regions: 15->15
[2024-05-22T16:22:34.145+0530][gc,heap     ] GC(13) Archive regions: 2->2
[2024-05-22T16:22:34.145+0530][gc,heap     ] GC(13) Humongous regions: 129->129
[2024-05-22T16:22:34.145+0530][gc,metaspace] GC(13) Metaspace: 43566K(44096K)->43566K(44096K) NonClass: 38438K(38720K)->38438K(38720K) Class: 5127K(5376K)->5127K(5376K)
[2024-05-22T16:22:34.145+0530][gc          ] GC(13) Pause Young (Normal) (G1 Evacuation Pause) 757M->148M(1024M) 27.782ms
[2024-05-22T16:22:34.145+0530][gc,cpu      ] GC(13) User=0.01s Sys=0.01s Real=0.03s
[2024-05-22T16:22:36.734+0530][gc,start    ] GC(14) Pause Young (Normal) (G1 Evacuation Pause)
[2024-05-22T16:22:36.734+0530][gc,task     ] GC(14) Using 13 workers of 13 for evacuation
[2024-05-22T16:22:36.737+0530][gc,phases   ] GC(14)   Pre Evacuate Collection Set: 0.1ms
[2024-05-22T16:22:36.737+0530][gc,phases   ] GC(14)   Merge Heap Roots: 0.1ms
[2024-05-22T16:22:36.737+0530][gc,phases   ] GC(14)   Evacuate Collection Set: 1.7ms
[2024-05-22T16:22:36.737+0530][gc,phases   ] GC(14)   Post Evacuate Collection Set: 0.8ms
[2024-05-22T16:22:36.737+0530][gc,phases   ] GC(14)   Other: 0.1ms
[2024-05-22T16:22:36.737+0530][gc,heap     ] GC(14) Eden regions: 609->0(609)
[2024-05-22T16:22:36.737+0530][gc,heap     ] GC(14) Survivor regions: 5->5(77)
[2024-05-22T16:22:36.737+0530][gc,heap     ] GC(14) Old regions: 15->15
[2024-05-22T16:22:36.737+0530][gc,heap     ] GC(14) Archive regions: 2->2
[2024-05-22T16:22:36.737+0530][gc,heap     ] GC(14) Humongous regions: 129->129
[2024-05-22T16:22:36.737+0530][gc,metaspace] GC(14) Metaspace: 43566K(44096K)->43566K(44096K) NonClass: 38438K(38720K)->38438K(38720K) Class: 5127K(5376K)->5127K(5376K)
[2024-05-22T16:22:36.737+0530][gc          ] GC(14) Pause Young (Normal) (G1 Evacuation Pause) 757M->148M(1024M) 2.919ms
[2024-05-22T16:22:36.737+0530][gc,cpu      ] GC(14) User=0.02s Sys=0.00s Real=0.00s
[2024-05-22T16:22:39.025+0530][gc,start    ] GC(15) Pause Young (Normal) (G1 Evacuation Pause)
[2024-05-22T16:22:39.025+0530][gc,task     ] GC(15) Using 13 workers of 13 for evacuation
[2024-05-22T16:22:39.028+0530][gc,phases   ] GC(15)   Pre Evacuate Collection Set: 0.1ms
[2024-05-22T16:22:39.028+0530][gc,phases   ] GC(15)   Merge Heap Roots: 0.1ms
[2024-05-22T16:22:39.028+0530][gc,phases   ] GC(15)   Evacuate Collection Set: 1.8ms
[2024-05-22T16:22:39.028+0530][gc,phases   ] GC(15)   Post Evacuate Collection Set: 0.9ms
[2024-05-22T16:22:39.028+0530][gc,phases   ] GC(15)   Other: 0.1ms
[2024-05-22T16:22:39.028+0530][gc,heap     ] GC(15) Eden regions: 609->0(609)
[2024-05-22T16:22:39.028+0530][gc,heap     ] GC(15) Survivor regions: 5->5(77)
[2024-05-22T16:22:39.028+0530][gc,heap     ] GC(15) Old regions: 15->15
[2024-05-22T16:22:39.028+0530][gc,heap     ] GC(15) Archive regions: 2->2
[2024-05-22T16:22:39.028+0530][gc,heap     ] GC(15) Humongous regions: 129->129
[2024-05-22T16:22:39.028+0530][gc,metaspace] GC(15) Metaspace: 43667K(44224K)->43667K(44224K) NonClass: 38522K(38848K)->38522K(38848K) Class: 5144K(5376K)->5144K(5376K)
[2024-05-22T16:22:39.028+0530][gc          ] GC(15) Pause Young (Normal) (G1 Evacuation Pause) 757M->148M(1024M) 3.052ms
[2024-05-22T16:22:39.028+0530][gc,cpu      ] GC(15) User=0.02s Sys=0.00s Real=0.01s
[2024-05-22T16:22:41.669+0530][gc,start    ] GC(16) Pause Young (Normal) (G1 Evacuation Pause)
[2024-05-22T16:22:41.669+0530][gc,task     ] GC(16) Using 13 workers of 13 for evacuation
[2024-05-22T16:22:41.674+0530][gc,phases   ] GC(16)   Pre Evacuate Collection Set: 0.2ms
[2024-05-22T16:22:41.674+0530][gc,phases   ] GC(16)   Merge Heap Roots: 0.1ms
[2024-05-22T16:22:41.674+0530][gc,phases   ] GC(16)   Evacuate Collection Set: 2.6ms
[2024-05-22T16:22:41.674+0530][gc,phases   ] GC(16)   Post Evacuate Collection Set: 1.3ms
[2024-05-22T16:22:41.674+0530][gc,phases   ] GC(16)   Other: 0.2ms
[2024-05-22T16:22:41.674+0530][gc,heap     ] GC(16) Eden regions: 609->0(609)
[2024-05-22T16:22:41.674+0530][gc,heap     ] GC(16) Survivor regions: 5->5(77)
[2024-05-22T16:22:41.674+0530][gc,heap     ] GC(16) Old regions: 15->15
[2024-05-22T16:22:41.674+0530][gc,heap     ] GC(16) Archive regions: 2->2
[2024-05-22T16:22:41.674+0530][gc,heap     ] GC(16) Humongous regions: 129->129
[2024-05-22T16:22:41.674+0530][gc,metaspace] GC(16) Metaspace: 43667K(44224K)->43667K(44224K) NonClass: 38523K(38848K)->38523K(38848K) Class: 5144K(5376K)->5144K(5376K)
[2024-05-22T16:22:41.674+0530][gc          ] GC(16) Pause Young (Normal) (G1 Evacuation Pause) 757M->148M(1024M) 4.499ms
[2024-05-22T16:22:41.674+0530][gc,cpu      ] GC(16) User=0.02s Sys=0.00s Real=0.00s
[2024-05-22T16:22:44.901+0530][gc,start    ] GC(17) Pause Young (Normal) (G1 Evacuation Pause)
[2024-05-22T16:22:44.901+0530][gc,task     ] GC(17) Using 13 workers of 13 for evacuation
[2024-05-22T16:22:44.903+0530][gc,phases   ] GC(17)   Pre Evacuate Collection Set: 0.1ms
[2024-05-22T16:22:44.903+0530][gc,phases   ] GC(17)   Merge Heap Roots: 0.1ms
[2024-05-22T16:22:44.903+0530][gc,phases   ] GC(17)   Evacuate Collection Set: 1.5ms
[2024-05-22T16:22:44.903+0530][gc,phases   ] GC(17)   Post Evacuate Collection Set: 0.5ms
[2024-05-22T16:22:44.903+0530][gc,phases   ] GC(17)   Other: 0.1ms
[2024-05-22T16:22:44.903+0530][gc,heap     ] GC(17) Eden regions: 609->0(609)
[2024-05-22T16:22:44.903+0530][gc,heap     ] GC(17) Survivor regions: 5->5(77)
[2024-05-22T16:22:44.903+0530][gc,heap     ] GC(17) Old regions: 15->15
[2024-05-22T16:22:44.903+0530][gc,heap     ] GC(17) Archive regions: 2->2
[2024-05-22T16:22:44.903+0530][gc,heap     ] GC(17) Humongous regions: 129->129
[2024-05-22T16:22:44.903+0530][gc,metaspace] GC(17) Metaspace: 43669K(44224K)->43669K(44224K) NonClass: 38524K(38848K)->38524K(38848K) Class: 5144K(5376K)->5144K(5376K)
[2024-05-22T16:22:44.903+0530][gc          ] GC(17) Pause Young (Normal) (G1 Evacuation Pause) 757M->148M(1024M) 2.376ms
[2024-05-22T16:22:44.903+0530][gc,cpu      ] GC(17) User=0.02s Sys=0.00s Real=0.00s
[2024-05-22T16:22:47.194+0530][gc,start    ] GC(18) Pause Young (Normal) (G1 Evacuation Pause)
[2024-05-22T16:22:47.194+0530][gc,task     ] GC(18) Using 13 workers of 13 for evacuation
[2024-05-22T16:22:47.196+0530][gc,phases   ] GC(18)   Pre Evacuate Collection Set: 0.1ms
[2024-05-22T16:22:47.196+0530][gc,phases   ] GC(18)   Merge Heap Roots: 0.1ms
[2024-05-22T16:22:47.196+0530][gc,phases   ] GC(18)   Evacuate Collection Set: 1.6ms
[2024-05-22T16:22:47.196+0530][gc,phases   ] GC(18)   Post Evacuate Collection Set: 0.5ms
[2024-05-22T16:22:47.196+0530][gc,phases   ] GC(18)   Other: 0.1ms
[2024-05-22T16:22:47.196+0530][gc,heap     ] GC(18) Eden regions: 609->0(609)
[2024-05-22T16:22:47.196+0530][gc,heap     ] GC(18) Survivor regions: 5->5(77)
[2024-05-22T16:22:47.196+0530][gc,heap     ] GC(18) Old regions: 15->15
[2024-05-22T16:22:47.196+0530][gc,heap     ] GC(18) Archive regions: 2->2
[2024-05-22T16:22:47.196+0530][gc,heap     ] GC(18) Humongous regions: 129->129
[2024-05-22T16:22:47.196+0530][gc,metaspace] GC(18) Metaspace: 43669K(44224K)->43669K(44224K) NonClass: 38524K(38848K)->38524K(38848K) Class: 5144K(5376K)->5144K(5376K)
[2024-05-22T16:22:47.196+0530][gc          ] GC(18) Pause Young (Normal) (G1 Evacuation Pause) 757M->148M(1024M) 2.560ms
[2024-05-22T16:22:47.196+0530][gc,cpu      ] GC(18) User=0.01s Sys=0.01s Real=0.00s
[2024-05-22T16:22:49.517+0530][gc,start    ] GC(19) Pause Young (Normal) (G1 Evacuation Pause)
[2024-05-22T16:22:49.517+0530][gc,task     ] GC(19) Using 13 workers of 13 for evacuation
[2024-05-22T16:22:49.519+0530][gc,phases   ] GC(19)   Pre Evacuate Collection Set: 0.1ms
[2024-05-22T16:22:49.519+0530][gc,phases   ] GC(19)   Merge Heap Roots: 0.1ms
[2024-05-22T16:22:49.519+0530][gc,phases   ] GC(19)   Evacuate Collection Set: 1.5ms
[2024-05-22T16:22:49.519+0530][gc,phases   ] GC(19)   Post Evacuate Collection Set: 0.5ms
[2024-05-22T16:22:49.519+0530][gc,phases   ] GC(19)   Other: 0.1ms
[2024-05-22T16:22:49.519+0530][gc,heap     ] GC(19) Eden regions: 609->0(609)
[2024-05-22T16:22:49.519+0530][gc,heap     ] GC(19) Survivor regions: 5->5(77)
[2024-05-22T16:22:49.519+0530][gc,heap     ] GC(19) Old regions: 15->15
[2024-05-22T16:22:49.519+0530][gc,heap     ] GC(19) Archive regions: 2->2
[2024-05-22T16:22:49.519+0530][gc,heap     ] GC(19) Humongous regions: 129->129
[2024-05-22T16:22:49.519+0530][gc,metaspace] GC(19) Metaspace: 43669K(44224K)->43669K(44224K) NonClass: 38524K(38848K)->38524K(38848K) Class: 5144K(5376K)->5144K(5376K)
[2024-05-22T16:22:49.519+0530][gc          ] GC(19) Pause Young (Normal) (G1 Evacuation Pause) 757M->148M(1024M) 2.394ms
[2024-05-22T16:22:49.519+0530][gc,cpu      ] GC(19) User=0.02s Sys=0.00s Real=0.01s
[2024-05-22T16:22:51.981+0530][gc,start    ] GC(20) Pause Young (Normal) (G1 Evacuation Pause)
[2024-05-22T16:22:51.981+0530][gc,task     ] GC(20) Using 13 workers of 13 for evacuation
[2024-05-22T16:22:51.984+0530][gc,phases   ] GC(20)   Pre Evacuate Collection Set: 0.1ms
[2024-05-22T16:22:51.984+0530][gc,phases   ] GC(20)   Merge Heap Roots: 0.1ms
[2024-05-22T16:22:51.984+0530][gc,phases   ] GC(20)   Evacuate Collection Set: 1.6ms
[2024-05-22T16:22:51.984+0530][gc,phases   ] GC(20)   Post Evacuate Collection Set: 0.6ms
[2024-05-22T16:22:51.984+0530][gc,phases   ] GC(20)   Other: 0.1ms
[2024-05-22T16:22:51.984+0530][gc,heap     ] GC(20) Eden regions: 609->0(610)
[2024-05-22T16:22:51.984+0530][gc,heap     ] GC(20) Survivor regions: 5->4(77)
[2024-05-22T16:22:51.984+0530][gc,heap     ] GC(20) Old regions: 15->15
[2024-05-22T16:22:51.984+0530][gc,heap     ] GC(20) Archive regions: 2->2
[2024-05-22T16:22:51.984+0530][gc,heap     ] GC(20) Humongous regions: 129->129
[2024-05-22T16:22:51.984+0530][gc,metaspace] GC(20) Metaspace: 43669K(44224K)->43669K(44224K) NonClass: 38525K(38848K)->38525K(38848K) Class: 5144K(5376K)->5144K(5376K)
[2024-05-22T16:22:51.984+0530][gc          ] GC(20) Pause Young (Normal) (G1 Evacuation Pause) 757M->148M(1024M) 2.526ms
[2024-05-22T16:22:51.984+0530][gc,cpu      ] GC(20) User=0.02s Sys=0.00s Real=0.00s
[2024-05-22T16:22:54.369+0530][gc,start    ] GC(21) Pause Young (Normal) (G1 Evacuation Pause)
[2024-05-22T16:22:54.369+0530][gc,task     ] GC(21) Using 13 workers of 13 for evacuation
[2024-05-22T16:22:54.371+0530][gc,phases   ] GC(21)   Pre Evacuate Collection Set: 0.1ms
[2024-05-22T16:22:54.371+0530][gc,phases   ] GC(21)   Merge Heap Roots: 0.1ms
[2024-05-22T16:22:54.371+0530][gc,phases   ] GC(21)   Evacuate Collection Set: 1.3ms
[2024-05-22T16:22:54.371+0530][gc,phases   ] GC(21)   Post Evacuate Collection Set: 0.5ms
[2024-05-22T16:22:54.371+0530][gc,phases   ] GC(21)   Other: 0.1ms
[2024-05-22T16:22:54.371+0530][gc,heap     ] GC(21) Eden regions: 610->0(612)
[2024-05-22T16:22:54.371+0530][gc,heap     ] GC(21) Survivor regions: 4->2(77)
[2024-05-22T16:22:54.371+0530][gc,heap     ] GC(21) Old regions: 15->17
[2024-05-22T16:22:54.371+0530][gc,heap     ] GC(21) Archive regions: 2->2
[2024-05-22T16:22:54.371+0530][gc,heap     ] GC(21) Humongous regions: 129->129
[2024-05-22T16:22:54.371+0530][gc,metaspace] GC(21) Metaspace: 43669K(44224K)->43669K(44224K) NonClass: 38525K(38848K)->38525K(38848K) Class: 5144K(5376K)->5144K(5376K)
[2024-05-22T16:22:54.371+0530][gc          ] GC(21) Pause Young (Normal) (G1 Evacuation Pause) 758M->148M(1024M) 2.207ms
[2024-05-22T16:22:54.371+0530][gc,cpu      ] GC(21) User=0.02s Sys=0.00s Real=0.00s
[2024-05-22T16:22:56.835+0530][gc,start    ] GC(22) Pause Young (Normal) (G1 Evacuation Pause)
[2024-05-22T16:22:56.835+0530][gc,task     ] GC(22) Using 13 workers of 13 for evacuation
[2024-05-22T16:22:56.837+0530][gc,phases   ] GC(22)   Pre Evacuate Collection Set: 0.1ms
[2024-05-22T16:22:56.837+0530][gc,phases   ] GC(22)   Merge Heap Roots: 0.1ms
[2024-05-22T16:22:56.837+0530][gc,phases   ] GC(22)   Evacuate Collection Set: 1.3ms
[2024-05-22T16:22:56.837+0530][gc,phases   ] GC(22)   Post Evacuate Collection Set: 0.5ms
[2024-05-22T16:22:56.837+0530][gc,phases   ] GC(22)   Other: 0.1ms
[2024-05-22T16:22:56.837+0530][gc,heap     ] GC(22) Eden regions: 612->0(612)
[2024-05-22T16:22:56.837+0530][gc,heap     ] GC(22) Survivor regions: 2->2(77)
[2024-05-22T16:22:56.837+0530][gc,heap     ] GC(22) Old regions: 17->17
[2024-05-22T16:22:56.837+0530][gc,heap     ] GC(22) Archive regions: 2->2
[2024-05-22T16:22:56.837+0530][gc,heap     ] GC(22) Humongous regions: 129->129
[2024-05-22T16:22:56.837+0530][gc,metaspace] GC(22) Metaspace: 43669K(44224K)->43669K(44224K) NonClass: 38525K(38848K)->38525K(38848K) Class: 5144K(5376K)->5144K(5376K)
[2024-05-22T16:22:56.837+0530][gc          ] GC(22) Pause Young (Normal) (G1 Evacuation Pause) 760M->148M(1024M) 2.254ms
[2024-05-22T16:22:56.837+0530][gc,cpu      ] GC(22) User=0.01s Sys=0.00s Real=0.00s
[2024-05-22T16:22:59.257+0530][gc,start    ] GC(23) Pause Young (Normal) (G1 Evacuation Pause)
[2024-05-22T16:22:59.257+0530][gc,task     ] GC(23) Using 13 workers of 13 for evacuation
[2024-05-22T16:22:59.258+0530][gc,phases   ] GC(23)   Pre Evacuate Collection Set: 0.1ms
[2024-05-22T16:22:59.258+0530][gc,phases   ] GC(23)   Merge Heap Roots: 0.1ms
[2024-05-22T16:22:59.258+0530][gc,phases   ] GC(23)   Evacuate Collection Set: 1.0ms
[2024-05-22T16:22:59.258+0530][gc,phases   ] GC(23)   Post Evacuate Collection Set: 0.4ms
[2024-05-22T16:22:59.258+0530][gc,phases   ] GC(23)   Other: 0.1ms
[2024-05-22T16:22:59.258+0530][gc,heap     ] GC(23) Eden regions: 612->0(613)
[2024-05-22T16:22:59.258+0530][gc,heap     ] GC(23) Survivor regions: 2->1(77)
[2024-05-22T16:22:59.258+0530][gc,heap     ] GC(23) Old regions: 17->18
[2024-05-22T16:22:59.258+0530][gc,heap     ] GC(23) Archive regions: 2->2
[2024-05-22T16:22:59.258+0530][gc,heap     ] GC(23) Humongous regions: 129->129
[2024-05-22T16:22:59.258+0530][gc,metaspace] GC(23) Metaspace: 43672K(44224K)->43672K(44224K) NonClass: 38527K(38848K)->38527K(38848K) Class: 5144K(5376K)->5144K(5376K)
[2024-05-22T16:22:59.258+0530][gc          ] GC(23) Pause Young (Normal) (G1 Evacuation Pause) 760M->148M(1024M) 1.687ms
[2024-05-22T16:22:59.258+0530][gc,cpu      ] GC(23) User=0.01s Sys=0.00s Real=0.01s
[2024-05-22T16:23:01.641+0530][gc,start    ] GC(24) Pause Young (Normal) (G1 Evacuation Pause)
[2024-05-22T16:23:01.641+0530][gc,task     ] GC(24) Using 13 workers of 13 for evacuation
[2024-05-22T16:23:01.643+0530][gc,phases   ] GC(24)   Pre Evacuate Collection Set: 0.1ms
[2024-05-22T16:23:01.643+0530][gc,phases   ] GC(24)   Merge Heap Roots: 0.1ms
[2024-05-22T16:23:01.643+0530][gc,phases   ] GC(24)   Evacuate Collection Set: 0.6ms
[2024-05-22T16:23:01.643+0530][gc,phases   ] GC(24)   Post Evacuate Collection Set: 0.4ms
[2024-05-22T16:23:01.643+0530][gc,phases   ] GC(24)   Other: 0.1ms
[2024-05-22T16:23:01.643+0530][gc,heap     ] GC(24) Eden regions: 613->0(613)
[2024-05-22T16:23:01.643+0530][gc,heap     ] GC(24) Survivor regions: 1->1(77)
[2024-05-22T16:23:01.643+0530][gc,heap     ] GC(24) Old regions: 18->18
[2024-05-22T16:23:01.643+0530][gc,heap     ] GC(24) Archive regions: 2->2
[2024-05-22T16:23:01.643+0530][gc,heap     ] GC(24) Humongous regions: 129->129
[2024-05-22T16:23:01.643+0530][gc,metaspace] GC(24) Metaspace: 43672K(44224K)->43672K(44224K) NonClass: 38527K(38848K)->38527K(38848K) Class: 5144K(5376K)->5144K(5376K)
[2024-05-22T16:23:01.643+0530][gc          ] GC(24) Pause Young (Normal) (G1 Evacuation Pause) 761M->148M(1024M) 1.407ms
[2024-05-22T16:23:01.643+0530][gc,cpu      ] GC(24) User=0.01s Sys=0.00s Real=0.00s
[2024-05-22T16:23:04.407+0530][gc,start    ] GC(25) Pause Young (Normal) (G1 Evacuation Pause)
[2024-05-22T16:23:04.407+0530][gc,task     ] GC(25) Using 13 workers of 13 for evacuation
[2024-05-22T16:23:04.408+0530][gc,phases   ] GC(25)   Pre Evacuate Collection Set: 0.1ms
[2024-05-22T16:23:04.408+0530][gc,phases   ] GC(25)   Merge Heap Roots: 0.1ms
[2024-05-22T16:23:04.408+0530][gc,phases   ] GC(25)   Evacuate Collection Set: 0.4ms
[2024-05-22T16:23:04.408+0530][gc,phases   ] GC(25)   Post Evacuate Collection Set: 0.3ms
[2024-05-22T16:23:04.408+0530][gc,phases   ] GC(25)   Other: 0.1ms
[2024-05-22T16:23:04.408+0530][gc,heap     ] GC(25) Eden regions: 613->0(613)
[2024-05-22T16:23:04.408+0530][gc,heap     ] GC(25) Survivor regions: 1->1(77)
[2024-05-22T16:23:04.408+0530][gc,heap     ] GC(25) Old regions: 18->18
[2024-05-22T16:23:04.408+0530][gc,heap     ] GC(25) Archive regions: 2->2
[2024-05-22T16:23:04.408+0530][gc,heap     ] GC(25) Humongous regions: 129->129
[2024-05-22T16:23:04.408+0530][gc,metaspace] GC(25) Metaspace: 43672K(44224K)->43672K(44224K) NonClass: 38527K(38848K)->38527K(38848K) Class: 5144K(5376K)->5144K(5376K)
[2024-05-22T16:23:04.408+0530][gc          ] GC(25) Pause Young (Normal) (G1 Evacuation Pause) 761M->148M(1024M) 1.153ms
[2024-05-22T16:23:04.408+0530][gc,cpu      ] GC(25) User=0.01s Sys=0.00s Real=0.00s
[2024-05-22T16:23:06.830+0530][gc,start    ] GC(26) Pause Young (Normal) (G1 Evacuation Pause)
[2024-05-22T16:23:06.830+0530][gc,task     ] GC(26) Using 13 workers of 13 for evacuation
[2024-05-22T16:23:06.832+0530][gc,phases   ] GC(26)   Pre Evacuate Collection Set: 0.1ms
[2024-05-22T16:23:06.832+0530][gc,phases   ] GC(26)   Merge Heap Roots: 0.1ms
[2024-05-22T16:23:06.832+0530][gc,phases   ] GC(26)   Evacuate Collection Set: 0.4ms
[2024-05-22T16:23:06.832+0530][gc,phases   ] GC(26)   Post Evacuate Collection Set: 0.4ms
[2024-05-22T16:23:06.832+0530][gc,phases   ] GC(26)   Other: 0.1ms
[2024-05-22T16:23:06.832+0530][gc,heap     ] GC(26) Eden regions: 613->0(613)
[2024-05-22T16:23:06.832+0530][gc,heap     ] GC(26) Survivor regions: 1->1(77)
[2024-05-22T16:23:06.832+0530][gc,heap     ] GC(26) Old regions: 18->18
[2024-05-22T16:23:06.832+0530][gc,heap     ] GC(26) Archive regions: 2->2
[2024-05-22T16:23:06.832+0530][gc,heap     ] GC(26) Humongous regions: 129->129
[2024-05-22T16:23:06.832+0530][gc,metaspace] GC(26) Metaspace: 43672K(44224K)->43672K(44224K) NonClass: 38527K(38848K)->38527K(38848K) Class: 5144K(5376K)->5144K(5376K)
[2024-05-22T16:23:06.832+0530][gc          ] GC(26) Pause Young (Normal) (G1 Evacuation Pause) 761M->148M(1024M) 1.231ms
[2024-05-22T16:23:06.832+0530][gc,cpu      ] GC(26) User=0.01s Sys=0.00s Real=0.00s
[2024-05-22T16:23:09.307+0530][gc,start    ] GC(27) Pause Young (Normal) (G1 Evacuation Pause)
[2024-05-22T16:23:09.307+0530][gc,task     ] GC(27) Using 13 workers of 13 for evacuation
[2024-05-22T16:23:09.308+0530][gc,phases   ] GC(27)   Pre Evacuate Collection Set: 0.1ms
[2024-05-22T16:23:09.308+0530][gc,phases   ] GC(27)   Merge Heap Roots: 0.1ms
[2024-05-22T16:23:09.308+0530][gc,phases   ] GC(27)   Evacuate Collection Set: 0.5ms
[2024-05-22T16:23:09.308+0530][gc,phases   ] GC(27)   Post Evacuate Collection Set: 0.4ms
[2024-05-22T16:23:09.308+0530][gc,phases   ] GC(27)   Other: 0.1ms
[2024-05-22T16:23:09.308+0530][gc,heap     ] GC(27) Eden regions: 613->0(613)
[2024-05-22T16:23:09.308+0530][gc,heap     ] GC(27) Survivor regions: 1->1(77)
[2024-05-22T16:23:09.308+0530][gc,heap     ] GC(27) Old regions: 18->18
[2024-05-22T16:23:09.308+0530][gc,heap     ] GC(27) Archive regions: 2->2
[2024-05-22T16:23:09.308+0530][gc,heap     ] GC(27) Humongous regions: 129->129
[2024-05-22T16:23:09.308+0530][gc,metaspace] GC(27) Metaspace: 43694K(44224K)->43694K(44224K) NonClass: 38549K(38848K)->38549K(38848K) Class: 5144K(5376K)->5144K(5376K)
[2024-05-22T16:23:09.308+0530][gc          ] GC(27) Pause Young (Normal) (G1 Evacuation Pause) 761M->148M(1024M) 1.231ms
[2024-05-22T16:23:09.308+0530][gc,cpu      ] GC(27) User=0.00s Sys=0.00s Real=0.00s
[2024-05-22T16:23:11.777+0530][gc,start    ] GC(28) Pause Young (Normal) (G1 Evacuation Pause)
[2024-05-22T16:23:11.777+0530][gc,task     ] GC(28) Using 13 workers of 13 for evacuation
[2024-05-22T16:23:11.778+0530][gc,phases   ] GC(28)   Pre Evacuate Collection Set: 0.1ms
[2024-05-22T16:23:11.778+0530][gc,phases   ] GC(28)   Merge Heap Roots: 0.1ms
[2024-05-22T16:23:11.778+0530][gc,phases   ] GC(28)   Evacuate Collection Set: 0.5ms
[2024-05-22T16:23:11.778+0530][gc,phases   ] GC(28)   Post Evacuate Collection Set: 0.5ms
[2024-05-22T16:23:11.778+0530][gc,phases   ] GC(28)   Other: 0.1ms
[2024-05-22T16:23:11.778+0530][gc,heap     ] GC(28) Eden regions: 613->0(613)
[2024-05-22T16:23:11.778+0530][gc,heap     ] GC(28) Survivor regions: 1->1(77)
[2024-05-22T16:23:11.778+0530][gc,heap     ] GC(28) Old regions: 18->18
[2024-05-22T16:23:11.778+0530][gc,heap     ] GC(28) Archive regions: 2->2
[2024-05-22T16:23:11.778+0530][gc,heap     ] GC(28) Humongous regions: 129->129
[2024-05-22T16:23:11.778+0530][gc,metaspace] GC(28) Metaspace: 43694K(44224K)->43694K(44224K) NonClass: 38549K(38848K)->38549K(38848K) Class: 5144K(5376K)->5144K(5376K)
[2024-05-22T16:23:11.778+0530][gc          ] GC(28) Pause Young (Normal) (G1 Evacuation Pause) 761M->148M(1024M) 1.400ms
[2024-05-22T16:23:11.778+0530][gc,cpu      ] GC(28) User=0.01s Sys=0.00s Real=0.01s
[2024-05-22T16:23:14.227+0530][gc,start    ] GC(29) Pause Young (Normal) (G1 Evacuation Pause)
[2024-05-22T16:23:14.227+0530][gc,task     ] GC(29) Using 13 workers of 13 for evacuation
[2024-05-22T16:23:14.229+0530][gc,phases   ] GC(29)   Pre Evacuate Collection Set: 0.2ms
[2024-05-22T16:23:14.229+0530][gc,phases   ] GC(29)   Merge Heap Roots: 0.1ms
[2024-05-22T16:23:14.229+0530][gc,phases   ] GC(29)   Evacuate Collection Set: 0.9ms
[2024-05-22T16:23:14.229+0530][gc,phases   ] GC(29)   Post Evacuate Collection Set: 0.5ms
[2024-05-22T16:23:14.229+0530][gc,phases   ] GC(29)   Other: 0.2ms
[2024-05-22T16:23:14.229+0530][gc,heap     ] GC(29) Eden regions: 613->0(613)
[2024-05-22T16:23:14.229+0530][gc,heap     ] GC(29) Survivor regions: 1->1(77)
[2024-05-22T16:23:14.229+0530][gc,heap     ] GC(29) Old regions: 18->18
[2024-05-22T16:23:14.229+0530][gc,heap     ] GC(29) Archive regions: 2->2
[2024-05-22T16:23:14.229+0530][gc,heap     ] GC(29) Humongous regions: 129->129
[2024-05-22T16:23:14.229+0530][gc,metaspace] GC(29) Metaspace: 43694K(44224K)->43694K(44224K) NonClass: 38549K(38848K)->38549K(38848K) Class: 5144K(5376K)->5144K(5376K)
[2024-05-22T16:23:14.229+0530][gc          ] GC(29) Pause Young (Normal) (G1 Evacuation Pause) 761M->148M(1024M) 1.950ms
[2024-05-22T16:23:14.229+0530][gc,cpu      ] GC(29) User=0.00s Sys=0.00s Real=0.00s
[2024-05-22T16:23:16.623+0530][gc,start    ] GC(30) Pause Young (Normal) (G1 Evacuation Pause)
[2024-05-22T16:23:16.623+0530][gc,task     ] GC(30) Using 13 workers of 13 for evacuation
[2024-05-22T16:23:16.624+0530][gc,phases   ] GC(30)   Pre Evacuate Collection Set: 0.1ms
[2024-05-22T16:23:16.624+0530][gc,phases   ] GC(30)   Merge Heap Roots: 0.1ms
[2024-05-22T16:23:16.624+0530][gc,phases   ] GC(30)   Evacuate Collection Set: 0.5ms
[2024-05-22T16:23:16.624+0530][gc,phases   ] GC(30)   Post Evacuate Collection Set: 0.4ms
[2024-05-22T16:23:16.624+0530][gc,phases   ] GC(30)   Other: 0.1ms
[2024-05-22T16:23:16.624+0530][gc,heap     ] GC(30) Eden regions: 613->0(613)
[2024-05-22T16:23:16.624+0530][gc,heap     ] GC(30) Survivor regions: 1->1(77)
[2024-05-22T16:23:16.624+0530][gc,heap     ] GC(30) Old regions: 18->18
[2024-05-22T16:23:16.624+0530][gc,heap     ] GC(30) Archive regions: 2->2
[2024-05-22T16:23:16.624+0530][gc,heap     ] GC(30) Humongous regions: 129->129
[2024-05-22T16:23:16.624+0530][gc,metaspace] GC(30) Metaspace: 43705K(44288K)->43705K(44288K) NonClass: 38560K(38912K)->38560K(38912K) Class: 5144K(5376K)->5144K(5376K)
[2024-05-22T16:23:16.624+0530][gc          ] GC(30) Pause Young (Normal) (G1 Evacuation Pause) 761M->148M(1024M) 1.323ms
[2024-05-22T16:23:16.624+0530][gc,cpu      ] GC(30) User=0.01s Sys=0.00s Real=0.00s
[2024-05-22T16:23:19.084+0530][gc,start    ] GC(31) Pause Young (Normal) (G1 Evacuation Pause)
[2024-05-22T16:23:19.084+0530][gc,task     ] GC(31) Using 13 workers of 13 for evacuation
[2024-05-22T16:23:19.086+0530][gc,phases   ] GC(31)   Pre Evacuate Collection Set: 0.1ms
[2024-05-22T16:23:19.086+0530][gc,phases   ] GC(31)   Merge Heap Roots: 0.1ms
[2024-05-22T16:23:19.086+0530][gc,phases   ] GC(31)   Evacuate Collection Set: 0.4ms
[2024-05-22T16:23:19.086+0530][gc,phases   ] GC(31)   Post Evacuate Collection Set: 0.4ms
[2024-05-22T16:23:19.086+0530][gc,phases   ] GC(31)   Other: 0.1ms
[2024-05-22T16:23:19.086+0530][gc,heap     ] GC(31) Eden regions: 613->0(613)
[2024-05-22T16:23:19.086+0530][gc,heap     ] GC(31) Survivor regions: 1->1(77)
[2024-05-22T16:23:19.086+0530][gc,heap     ] GC(31) Old regions: 18->18
[2024-05-22T16:23:19.086+0530][gc,heap     ] GC(31) Archive regions: 2->2
[2024-05-22T16:23:19.086+0530][gc,heap     ] GC(31) Humongous regions: 129->129
[2024-05-22T16:23:19.086+0530][gc,metaspace] GC(31) Metaspace: 43705K(44288K)->43705K(44288K) NonClass: 38560K(38912K)->38560K(38912K) Class: 5144K(5376K)->5144K(5376K)
[2024-05-22T16:23:19.086+0530][gc          ] GC(31) Pause Young (Normal) (G1 Evacuation Pause) 761M->148M(1024M) 1.279ms
[2024-05-22T16:23:19.086+0530][gc,cpu      ] GC(31) User=0.01s Sys=0.00s Real=0.01s
[2024-05-22T16:23:21.521+0530][gc,start    ] GC(32) Pause Young (Normal) (G1 Evacuation Pause)
[2024-05-22T16:23:21.521+0530][gc,task     ] GC(32) Using 13 workers of 13 for evacuation
[2024-05-22T16:23:21.522+0530][gc,phases   ] GC(32)   Pre Evacuate Collection Set: 0.2ms
[2024-05-22T16:23:21.522+0530][gc,phases   ] GC(32)   Merge Heap Roots: 0.1ms
[2024-05-22T16:23:21.522+0530][gc,phases   ] GC(32)   Evacuate Collection Set: 0.5ms
[2024-05-22T16:23:21.522+0530][gc,phases   ] GC(32)   Post Evacuate Collection Set: 0.4ms
[2024-05-22T16:23:21.522+0530][gc,phases   ] GC(32)   Other: 0.1ms
[2024-05-22T16:23:21.522+0530][gc,heap     ] GC(32) Eden regions: 613->0(613)
[2024-05-22T16:23:21.522+0530][gc,heap     ] GC(32) Survivor regions: 1->1(77)
[2024-05-22T16:23:21.522+0530][gc,heap     ] GC(32) Old regions: 18->18
[2024-05-22T16:23:21.522+0530][gc,heap     ] GC(32) Archive regions: 2->2
[2024-05-22T16:23:21.522+0530][gc,heap     ] GC(32) Humongous regions: 129->129
[2024-05-22T16:23:21.522+0530][gc,metaspace] GC(32) Metaspace: 43705K(44288K)->43705K(44288K) NonClass: 38560K(38912K)->38560K(38912K) Class: 5144K(5376K)->5144K(5376K)
[2024-05-22T16:23:21.522+0530][gc          ] GC(32) Pause Young (Normal) (G1 Evacuation Pause) 761M->148M(1024M) 1.342ms
[2024-05-22T16:23:21.522+0530][gc,cpu      ] GC(32) User=0.00s Sys=0.00s Real=0.00s
[2024-05-22T16:23:23.988+0530][gc,start    ] GC(33) Pause Young (Normal) (G1 Evacuation Pause)
[2024-05-22T16:23:23.988+0530][gc,task     ] GC(33) Using 13 workers of 13 for evacuation
[2024-05-22T16:23:23.989+0530][gc,phases   ] GC(33)   Pre Evacuate Collection Set: 0.2ms
[2024-05-22T16:23:23.989+0530][gc,phases   ] GC(33)   Merge Heap Roots: 0.1ms
[2024-05-22T16:23:23.989+0530][gc,phases   ] GC(33)   Evacuate Collection Set: 0.6ms
[2024-05-22T16:23:23.989+0530][gc,phases   ] GC(33)   Post Evacuate Collection Set: 0.5ms
[2024-05-22T16:23:23.989+0530][gc,phases   ] GC(33)   Other: 0.1ms
[2024-05-22T16:23:23.989+0530][gc,heap     ] GC(33) Eden regions: 613->0(613)
[2024-05-22T16:23:23.989+0530][gc,heap     ] GC(33) Survivor regions: 1->1(77)
[2024-05-22T16:23:23.989+0530][gc,heap     ] GC(33) Old regions: 18->18
[2024-05-22T16:23:23.989+0530][gc,heap     ] GC(33) Archive regions: 2->2
[2024-05-22T16:23:23.989+0530][gc,heap     ] GC(33) Humongous regions: 129->129
[2024-05-22T16:23:23.989+0530][gc,metaspace] GC(33) Metaspace: 43705K(44288K)->43705K(44288K) NonClass: 38560K(38912K)->38560K(38912K) Class: 5144K(5376K)->5144K(5376K)
[2024-05-22T16:23:23.989+0530][gc          ] GC(33) Pause Young (Normal) (G1 Evacuation Pause) 761M->148M(1024M) 1.560ms
[2024-05-22T16:23:23.989+0530][gc,cpu      ] GC(33) User=0.01s Sys=0.01s Real=0.00s
[2024-05-22T16:23:26.662+0530][gc,start    ] GC(34) Pause Young (Normal) (G1 Evacuation Pause)
[2024-05-22T16:23:26.662+0530][gc,task     ] GC(34) Using 13 workers of 13 for evacuation
[2024-05-22T16:23:26.663+0530][gc,phases   ] GC(34)   Pre Evacuate Collection Set: 0.1ms
[2024-05-22T16:23:26.663+0530][gc,phases   ] GC(34)   Merge Heap Roots: 0.1ms
[2024-05-22T16:23:26.663+0530][gc,phases   ] GC(34)   Evacuate Collection Set: 0.4ms
[2024-05-22T16:23:26.663+0530][gc,phases   ] GC(34)   Post Evacuate Collection Set: 0.4ms
[2024-05-22T16:23:26.663+0530][gc,phases   ] GC(34)   Other: 0.1ms
[2024-05-22T16:23:26.663+0530][gc,heap     ] GC(34) Eden regions: 613->0(613)
[2024-05-22T16:23:26.663+0530][gc,heap     ] GC(34) Survivor regions: 1->1(77)
[2024-05-22T16:23:26.663+0530][gc,heap     ] GC(34) Old regions: 18->19
[2024-05-22T16:23:26.663+0530][gc,heap     ] GC(34) Archive regions: 2->2
[2024-05-22T16:23:26.663+0530][gc,heap     ] GC(34) Humongous regions: 129->129
[2024-05-22T16:23:26.663+0530][gc,metaspace] GC(34) Metaspace: 43710K(44288K)->43710K(44288K) NonClass: 38565K(38912K)->38565K(38912K) Class: 5144K(5376K)->5144K(5376K)
[2024-05-22T16:23:26.663+0530][gc          ] GC(34) Pause Young (Normal) (G1 Evacuation Pause) 761M->148M(1024M) 1.208ms
[2024-05-22T16:23:26.663+0530][gc,cpu      ] GC(34) User=0.00s Sys=0.01s Real=0.00s
[2024-05-22T16:23:29.223+0530][gc,start    ] GC(35) Pause Young (Normal) (G1 Evacuation Pause)
[2024-05-22T16:23:29.223+0530][gc,task     ] GC(35) Using 13 workers of 13 for evacuation
[2024-05-22T16:23:29.224+0530][gc,phases   ] GC(35)   Pre Evacuate Collection Set: 0.1ms
[2024-05-22T16:23:29.224+0530][gc,phases   ] GC(35)   Merge Heap Roots: 0.1ms
[2024-05-22T16:23:29.224+0530][gc,phases   ] GC(35)   Evacuate Collection Set: 0.5ms
[2024-05-22T16:23:29.224+0530][gc,phases   ] GC(35)   Post Evacuate Collection Set: 0.4ms
[2024-05-22T16:23:29.224+0530][gc,phases   ] GC(35)   Other: 0.1ms
[2024-05-22T16:23:29.224+0530][gc,heap     ] GC(35) Eden regions: 613->0(613)
[2024-05-22T16:23:29.224+0530][gc,heap     ] GC(35) Survivor regions: 1->1(77)
[2024-05-22T16:23:29.224+0530][gc,heap     ] GC(35) Old regions: 19->19
[2024-05-22T16:23:29.224+0530][gc,heap     ] GC(35) Archive regions: 2->2
[2024-05-22T16:23:29.225+0530][gc,heap     ] GC(35) Humongous regions: 129->129
[2024-05-22T16:23:29.225+0530][gc,metaspace] GC(35) Metaspace: 43712K(44288K)->43712K(44288K) NonClass: 38567K(38912K)->38567K(38912K) Class: 5144K(5376K)->5144K(5376K)
[2024-05-22T16:23:29.225+0530][gc          ] GC(35) Pause Young (Normal) (G1 Evacuation Pause) 761M->148M(1024M) 1.295ms
[2024-05-22T16:23:29.225+0530][gc,cpu      ] GC(35) User=0.00s Sys=0.00s Real=0.00s
[2024-05-22T16:23:31.919+0530][gc,start    ] GC(36) Pause Young (Normal) (G1 Evacuation Pause)
[2024-05-22T16:23:31.919+0530][gc,task     ] GC(36) Using 13 workers of 13 for evacuation
[2024-05-22T16:23:31.920+0530][gc,phases   ] GC(36)   Pre Evacuate Collection Set: 0.1ms
[2024-05-22T16:23:31.920+0530][gc,phases   ] GC(36)   Merge Heap Roots: 0.1ms
[2024-05-22T16:23:31.920+0530][gc,phases   ] GC(36)   Evacuate Collection Set: 0.6ms
[2024-05-22T16:23:31.920+0530][gc,phases   ] GC(36)   Post Evacuate Collection Set: 0.4ms
[2024-05-22T16:23:31.920+0530][gc,phases   ] GC(36)   Other: 0.1ms
[2024-05-22T16:23:31.920+0530][gc,heap     ] GC(36) Eden regions: 613->0(613)
[2024-05-22T16:23:31.920+0530][gc,heap     ] GC(36) Survivor regions: 1->1(77)
[2024-05-22T16:23:31.920+0530][gc,heap     ] GC(36) Old regions: 19->19
[2024-05-22T16:23:31.920+0530][gc,heap     ] GC(36) Archive regions: 2->2
[2024-05-22T16:23:31.920+0530][gc,heap     ] GC(36) Humongous regions: 129->129
[2024-05-22T16:23:31.920+0530][gc,metaspace] GC(36) Metaspace: 43713K(44288K)->43713K(44288K) NonClass: 38568K(38912K)->38568K(38912K) Class: 5144K(5376K)->5144K(5376K)
[2024-05-22T16:23:31.920+0530][gc          ] GC(36) Pause Young (Normal) (G1 Evacuation Pause) 761M->149M(1024M) 1.351ms
[2024-05-22T16:23:31.920+0530][gc,cpu      ] GC(36) User=0.00s Sys=0.00s Real=0.00s
[2024-05-22T16:23:34.513+0530][gc,start    ] GC(37) Pause Young (Normal) (G1 Evacuation Pause)
[2024-05-22T16:23:34.513+0530][gc,task     ] GC(37) Using 13 workers of 13 for evacuation
[2024-05-22T16:23:34.515+0530][gc,phases   ] GC(37)   Pre Evacuate Collection Set: 0.1ms
[2024-05-22T16:23:34.515+0530][gc,phases   ] GC(37)   Merge Heap Roots: 0.1ms
[2024-05-22T16:23:34.515+0530][gc,phases   ] GC(37)   Evacuate Collection Set: 0.6ms
[2024-05-22T16:23:34.515+0530][gc,phases   ] GC(37)   Post Evacuate Collection Set: 0.5ms
[2024-05-22T16:23:34.515+0530][gc,phases   ] GC(37)   Other: 0.1ms
[2024-05-22T16:23:34.515+0530][gc,heap     ] GC(37) Eden regions: 613->0(613)
[2024-05-22T16:23:34.515+0530][gc,heap     ] GC(37) Survivor regions: 1->1(77)
[2024-05-22T16:23:34.515+0530][gc,heap     ] GC(37) Old regions: 19->19
[2024-05-22T16:23:34.515+0530][gc,heap     ] GC(37) Archive regions: 2->2
[2024-05-22T16:23:34.515+0530][gc,heap     ] GC(37) Humongous regions: 129->129
[2024-05-22T16:23:34.515+0530][gc,metaspace] GC(37) Metaspace: 43713K(44288K)->43713K(44288K) NonClass: 38568K(38912K)->38568K(38912K) Class: 5144K(5376K)->5144K(5376K)
[2024-05-22T16:23:34.515+0530][gc          ] GC(37) Pause Young (Normal) (G1 Evacuation Pause) 762M->149M(1024M) 1.515ms
[2024-05-22T16:23:34.515+0530][gc,cpu      ] GC(37) User=0.01s Sys=0.00s Real=0.00s
[2024-05-22T16:23:37.005+0530][gc,start    ] GC(38) Pause Young (Normal) (G1 Evacuation Pause)
[2024-05-22T16:23:37.005+0530][gc,task     ] GC(38) Using 13 workers of 13 for evacuation
[2024-05-22T16:23:37.006+0530][gc,phases   ] GC(38)   Pre Evacuate Collection Set: 0.1ms
[2024-05-22T16:23:37.006+0530][gc,phases   ] GC(38)   Merge Heap Roots: 0.1ms
[2024-05-22T16:23:37.006+0530][gc,phases   ] GC(38)   Evacuate Collection Set: 0.5ms
[2024-05-22T16:23:37.006+0530][gc,phases   ] GC(38)   Post Evacuate Collection Set: 0.4ms
[2024-05-22T16:23:37.006+0530][gc,phases   ] GC(38)   Other: 0.1ms
[2024-05-22T16:23:37.006+0530][gc,heap     ] GC(38) Eden regions: 613->0(613)
[2024-05-22T16:23:37.006+0530][gc,heap     ] GC(38) Survivor regions: 1->1(77)
[2024-05-22T16:23:37.006+0530][gc,heap     ] GC(38) Old regions: 19->19
[2024-05-22T16:23:37.006+0530][gc,heap     ] GC(38) Archive regions: 2->2
[2024-05-22T16:23:37.006+0530][gc,heap     ] GC(38) Humongous regions: 129->129
[2024-05-22T16:23:37.006+0530][gc,metaspace] GC(38) Metaspace: 43719K(44288K)->43719K(44288K) NonClass: 38574K(38912K)->38574K(38912K) Class: 5144K(5376K)->5144K(5376K)
[2024-05-22T16:23:37.006+0530][gc          ] GC(38) Pause Young (Normal) (G1 Evacuation Pause) 762M->149M(1024M) 1.243ms
[2024-05-22T16:23:37.006+0530][gc,cpu      ] GC(38) User=0.01s Sys=0.00s Real=0.01s
[2024-05-22T16:23:39.592+0530][gc,start    ] GC(39) Pause Young (Normal) (G1 Evacuation Pause)
[2024-05-22T16:23:39.592+0530][gc,task     ] GC(39) Using 13 workers of 13 for evacuation
[2024-05-22T16:23:39.594+0530][gc,phases   ] GC(39)   Pre Evacuate Collection Set: 0.1ms
[2024-05-22T16:23:39.594+0530][gc,phases   ] GC(39)   Merge Heap Roots: 0.1ms
[2024-05-22T16:23:39.594+0530][gc,phases   ] GC(39)   Evacuate Collection Set: 0.6ms
[2024-05-22T16:23:39.594+0530][gc,phases   ] GC(39)   Post Evacuate Collection Set: 0.6ms
[2024-05-22T16:23:39.594+0530][gc,phases   ] GC(39)   Other: 0.2ms
[2024-05-22T16:23:39.594+0530][gc,heap     ] GC(39) Eden regions: 613->0(613)
[2024-05-22T16:23:39.594+0530][gc,heap     ] GC(39) Survivor regions: 1->1(77)
[2024-05-22T16:23:39.594+0530][gc,heap     ] GC(39) Old regions: 19->19
[2024-05-22T16:23:39.594+0530][gc,heap     ] GC(39) Archive regions: 2->2
[2024-05-22T16:23:39.594+0530][gc,heap     ] GC(39) Humongous regions: 129->129
[2024-05-22T16:23:39.594+0530][gc,metaspace] GC(39) Metaspace: 43719K(44288K)->43719K(44288K) NonClass: 38574K(38912K)->38574K(38912K) Class: 5144K(5376K)->5144K(5376K)
[2024-05-22T16:23:39.594+0530][gc          ] GC(39) Pause Young (Normal) (G1 Evacuation Pause) 762M->149M(1024M) 1.683ms
[2024-05-22T16:23:39.594+0530][gc,cpu      ] GC(39) User=0.01s Sys=0.00s Real=0.00s
[2024-05-22T16:23:42.167+0530][gc,start    ] GC(40) Pause Young (Normal) (G1 Evacuation Pause)
[2024-05-22T16:23:42.167+0530][gc,task     ] GC(40) Using 13 workers of 13 for evacuation
[2024-05-22T16:23:42.168+0530][gc,phases   ] GC(40)   Pre Evacuate Collection Set: 0.2ms
[2024-05-22T16:23:42.168+0530][gc,phases   ] GC(40)   Merge Heap Roots: 0.1ms
[2024-05-22T16:23:42.168+0530][gc,phases   ] GC(40)   Evacuate Collection Set: 0.7ms
[2024-05-22T16:23:42.168+0530][gc,phases   ] GC(40)   Post Evacuate Collection Set: 0.5ms
[2024-05-22T16:23:42.168+0530][gc,phases   ] GC(40)   Other: 0.1ms
[2024-05-22T16:23:42.168+0530][gc,heap     ] GC(40) Eden regions: 613->0(613)
[2024-05-22T16:23:42.168+0530][gc,heap     ] GC(40) Survivor regions: 1->1(77)
[2024-05-22T16:23:42.168+0530][gc,heap     ] GC(40) Old regions: 19->19
[2024-05-22T16:23:42.168+0530][gc,heap     ] GC(40) Archive regions: 2->2
[2024-05-22T16:23:42.168+0530][gc,heap     ] GC(40) Humongous regions: 129->129
[2024-05-22T16:23:42.168+0530][gc,metaspace] GC(40) Metaspace: 43719K(44288K)->43719K(44288K) NonClass: 38574K(38912K)->38574K(38912K) Class: 5144K(5376K)->5144K(5376K)
[2024-05-22T16:23:42.168+0530][gc          ] GC(40) Pause Young (Normal) (G1 Evacuation Pause) 762M->149M(1024M) 1.703ms
[2024-05-22T16:23:42.168+0530][gc,cpu      ] GC(40) User=0.00s Sys=0.00s Real=0.00s
[2024-05-22T16:23:44.700+0530][gc,start    ] GC(41) Pause Young (Normal) (G1 Evacuation Pause)
[2024-05-22T16:23:44.700+0530][gc,task     ] GC(41) Using 13 workers of 13 for evacuation
[2024-05-22T16:23:44.701+0530][gc,phases   ] GC(41)   Pre Evacuate Collection Set: 0.1ms
[2024-05-22T16:23:44.701+0530][gc,phases   ] GC(41)   Merge Heap Roots: 0.1ms
[2024-05-22T16:23:44.701+0530][gc,phases   ] GC(41)   Evacuate Collection Set: 0.5ms
[2024-05-22T16:23:44.701+0530][gc,phases   ] GC(41)   Post Evacuate Collection Set: 0.4ms
[2024-05-22T16:23:44.701+0530][gc,phases   ] GC(41)   Other: 0.1ms
[2024-05-22T16:23:44.701+0530][gc,heap     ] GC(41) Eden regions: 613->0(613)
[2024-05-22T16:23:44.701+0530][gc,heap     ] GC(41) Survivor regions: 1->1(77)
[2024-05-22T16:23:44.701+0530][gc,heap     ] GC(41) Old regions: 19->19
[2024-05-22T16:23:44.701+0530][gc,heap     ] GC(41) Archive regions: 2->2
[2024-05-22T16:23:44.701+0530][gc,heap     ] GC(41) Humongous regions: 129->129
[2024-05-22T16:23:44.701+0530][gc,metaspace] GC(41) Metaspace: 43719K(44288K)->43719K(44288K) NonClass: 38574K(38912K)->38574K(38912K) Class: 5144K(5376K)->5144K(5376K)
[2024-05-22T16:23:44.701+0530][gc          ] GC(41) Pause Young (Normal) (G1 Evacuation Pause) 762M->149M(1024M) 1.220ms
[2024-05-22T16:23:44.701+0530][gc,cpu      ] GC(41) User=0.00s Sys=0.00s Real=0.00s
[2024-05-22T16:23:47.804+0530][gc,start    ] GC(42) Pause Young (Normal) (G1 Evacuation Pause)
[2024-05-22T16:23:47.804+0530][gc,task     ] GC(42) Using 13 workers of 13 for evacuation
[2024-05-22T16:23:47.805+0530][gc,phases   ] GC(42)   Pre Evacuate Collection Set: 0.2ms
[2024-05-22T16:23:47.805+0530][gc,phases   ] GC(42)   Merge Heap Roots: 0.2ms
[2024-05-22T16:23:47.805+0530][gc,phases   ] GC(42)   Evacuate Collection Set: 0.8ms
[2024-05-22T16:23:47.805+0530][gc,phases   ] GC(42)   Post Evacuate Collection Set: 0.5ms
[2024-05-22T16:23:47.806+0530][gc,phases   ] GC(42)   Other: 0.2ms
[2024-05-22T16:23:47.806+0530][gc,heap     ] GC(42) Eden regions: 613->0(613)
[2024-05-22T16:23:47.806+0530][gc,heap     ] GC(42) Survivor regions: 1->1(77)
[2024-05-22T16:23:47.806+0530][gc,heap     ] GC(42) Old regions: 19->19
[2024-05-22T16:23:47.806+0530][gc,heap     ] GC(42) Archive regions: 2->2
[2024-05-22T16:23:47.806+0530][gc,heap     ] GC(42) Humongous regions: 129->129
[2024-05-22T16:23:47.806+0530][gc,metaspace] GC(42) Metaspace: 43720K(44288K)->43720K(44288K) NonClass: 38575K(38912K)->38575K(38912K) Class: 5144K(5376K)->5144K(5376K)
[2024-05-22T16:23:47.806+0530][gc          ] GC(42) Pause Young (Normal) (G1 Evacuation Pause) 762M->149M(1024M) 1.875ms
[2024-05-22T16:23:47.806+0530][gc,cpu      ] GC(42) User=0.01s Sys=0.01s Real=0.00s
[2024-05-22T16:23:50.566+0530][gc,start    ] GC(43) Pause Young (Normal) (G1 Evacuation Pause)
[2024-05-22T16:23:50.566+0530][gc,task     ] GC(43) Using 13 workers of 13 for evacuation
[2024-05-22T16:23:50.568+0530][gc,phases   ] GC(43)   Pre Evacuate Collection Set: 0.1ms
[2024-05-22T16:23:50.568+0530][gc,phases   ] GC(43)   Merge Heap Roots: 0.1ms
[2024-05-22T16:23:50.568+0530][gc,phases   ] GC(43)   Evacuate Collection Set: 0.5ms
[2024-05-22T16:23:50.568+0530][gc,phases   ] GC(43)   Post Evacuate Collection Set: 0.4ms
[2024-05-22T16:23:50.568+0530][gc,phases   ] GC(43)   Other: 0.1ms
[2024-05-22T16:23:50.568+0530][gc,heap     ] GC(43) Eden regions: 613->0(613)
[2024-05-22T16:23:50.568+0530][gc,heap     ] GC(43) Survivor regions: 1->1(77)
[2024-05-22T16:23:50.568+0530][gc,heap     ] GC(43) Old regions: 19->19
[2024-05-22T16:23:50.568+0530][gc,heap     ] GC(43) Archive regions: 2->2
[2024-05-22T16:23:50.568+0530][gc,heap     ] GC(43) Humongous regions: 129->129
[2024-05-22T16:23:50.568+0530][gc,metaspace] GC(43) Metaspace: 43720K(44288K)->43720K(44288K) NonClass: 38575K(38912K)->38575K(38912K) Class: 5144K(5376K)->5144K(5376K)
[2024-05-22T16:23:50.568+0530][gc          ] GC(43) Pause Young (Normal) (G1 Evacuation Pause) 762M->149M(1024M) 1.331ms
[2024-05-22T16:23:50.568+0530][gc,cpu      ] GC(43) User=0.01s Sys=0.00s Real=0.00s
[2024-05-22T16:23:53.004+0530][gc,start    ] GC(44) Pause Young (Normal) (G1 Evacuation Pause)
[2024-05-22T16:23:53.004+0530][gc,task     ] GC(44) Using 13 workers of 13 for evacuation
[2024-05-22T16:23:53.005+0530][gc,phases   ] GC(44)   Pre Evacuate Collection Set: 0.1ms
[2024-05-22T16:23:53.005+0530][gc,phases   ] GC(44)   Merge Heap Roots: 0.1ms
[2024-05-22T16:23:53.005+0530][gc,phases   ] GC(44)   Evacuate Collection Set: 0.5ms
[2024-05-22T16:23:53.005+0530][gc,phases   ] GC(44)   Post Evacuate Collection Set: 0.4ms
[2024-05-22T16:23:53.005+0530][gc,phases   ] GC(44)   Other: 0.1ms
[2024-05-22T16:23:53.005+0530][gc,heap     ] GC(44) Eden regions: 613->0(613)
[2024-05-22T16:23:53.005+0530][gc,heap     ] GC(44) Survivor regions: 1->1(77)
[2024-05-22T16:23:53.005+0530][gc,heap     ] GC(44) Old regions: 19->19
[2024-05-22T16:23:53.005+0530][gc,heap     ] GC(44) Archive regions: 2->2
[2024-05-22T16:23:53.005+0530][gc,heap     ] GC(44) Humongous regions: 129->129
[2024-05-22T16:23:53.005+0530][gc,metaspace] GC(44) Metaspace: 43720K(44288K)->43720K(44288K) NonClass: 38575K(38912K)->38575K(38912K) Class: 5144K(5376K)->5144K(5376K)
[2024-05-22T16:23:53.005+0530][gc          ] GC(44) Pause Young (Normal) (G1 Evacuation Pause) 762M->149M(1024M) 1.292ms
[2024-05-22T16:23:53.005+0530][gc,cpu      ] GC(44) User=0.01s Sys=0.01s Real=0.00s
[2024-05-22T16:23:55.349+0530][gc,start    ] GC(45) Pause Young (Normal) (G1 Evacuation Pause)
[2024-05-22T16:23:55.349+0530][gc,task     ] GC(45) Using 13 workers of 13 for evacuation
[2024-05-22T16:23:55.350+0530][gc,phases   ] GC(45)   Pre Evacuate Collection Set: 0.1ms
[2024-05-22T16:23:55.350+0530][gc,phases   ] GC(45)   Merge Heap Roots: 0.1ms
[2024-05-22T16:23:55.350+0530][gc,phases   ] GC(45)   Evacuate Collection Set: 0.5ms
[2024-05-22T16:23:55.350+0530][gc,phases   ] GC(45)   Post Evacuate Collection Set: 0.4ms
[2024-05-22T16:23:55.350+0530][gc,phases   ] GC(45)   Other: 0.1ms
[2024-05-22T16:23:55.350+0530][gc,heap     ] GC(45) Eden regions: 613->0(613)
[2024-05-22T16:23:55.350+0530][gc,heap     ] GC(45) Survivor regions: 1->1(77)
[2024-05-22T16:23:55.350+0530][gc,heap     ] GC(45) Old regions: 19->19
[2024-05-22T16:23:55.350+0530][gc,heap     ] GC(45) Archive regions: 2->2
[2024-05-22T16:23:55.350+0530][gc,heap     ] GC(45) Humongous regions: 129->129
[2024-05-22T16:23:55.350+0530][gc,metaspace] GC(45) Metaspace: 43720K(44288K)->43720K(44288K) NonClass: 38575K(38912K)->38575K(38912K) Class: 5144K(5376K)->5144K(5376K)
[2024-05-22T16:23:55.350+0530][gc          ] GC(45) Pause Young (Normal) (G1 Evacuation Pause) 762M->149M(1024M) 1.327ms
[2024-05-22T16:23:55.350+0530][gc,cpu      ] GC(45) User=0.01s Sys=0.00s Real=0.00s
[2024-05-22T16:23:57.836+0530][gc,start    ] GC(46) Pause Young (Normal) (G1 Evacuation Pause)
[2024-05-22T16:23:57.836+0530][gc,task     ] GC(46) Using 13 workers of 13 for evacuation
[2024-05-22T16:23:57.837+0530][gc,phases   ] GC(46)   Pre Evacuate Collection Set: 0.1ms
[2024-05-22T16:23:57.837+0530][gc,phases   ] GC(46)   Merge Heap Roots: 0.1ms
[2024-05-22T16:23:57.837+0530][gc,phases   ] GC(46)   Evacuate Collection Set: 0.5ms
[2024-05-22T16:23:57.837+0530][gc,phases   ] GC(46)   Post Evacuate Collection Set: 0.4ms
[2024-05-22T16:23:57.837+0530][gc,phases   ] GC(46)   Other: 0.1ms
[2024-05-22T16:23:57.837+0530][gc,heap     ] GC(46) Eden regions: 613->0(613)
[2024-05-22T16:23:57.837+0530][gc,heap     ] GC(46) Survivor regions: 1->1(77)
[2024-05-22T16:23:57.837+0530][gc,heap     ] GC(46) Old regions: 19->19
[2024-05-22T16:23:57.837+0530][gc,heap     ] GC(46) Archive regions: 2->2
[2024-05-22T16:23:57.837+0530][gc,heap     ] GC(46) Humongous regions: 129->129
[2024-05-22T16:23:57.837+0530][gc,metaspace] GC(46) Metaspace: 43720K(44288K)->43720K(44288K) NonClass: 38575K(38912K)->38575K(38912K) Class: 5144K(5376K)->5144K(5376K)
[2024-05-22T16:23:57.837+0530][gc          ] GC(46) Pause Young (Normal) (G1 Evacuation Pause) 762M->149M(1024M) 1.439ms
[2024-05-22T16:23:57.837+0530][gc,cpu      ] GC(46) User=0.01s Sys=0.00s Real=0.00s
[2024-05-22T16:24:00.294+0530][gc,start    ] GC(47) Pause Young (Normal) (G1 Evacuation Pause)
[2024-05-22T16:24:00.295+0530][gc,task     ] GC(47) Using 13 workers of 13 for evacuation
[2024-05-22T16:24:00.296+0530][gc,phases   ] GC(47)   Pre Evacuate Collection Set: 0.1ms
[2024-05-22T16:24:00.296+0530][gc,phases   ] GC(47)   Merge Heap Roots: 0.1ms
[2024-05-22T16:24:00.296+0530][gc,phases   ] GC(47)   Evacuate Collection Set: 0.6ms
[2024-05-22T16:24:00.296+0530][gc,phases   ] GC(47)   Post Evacuate Collection Set: 0.4ms
[2024-05-22T16:24:00.296+0530][gc,phases   ] GC(47)   Other: 0.1ms
[2024-05-22T16:24:00.296+0530][gc,heap     ] GC(47) Eden regions: 613->0(613)
[2024-05-22T16:24:00.296+0530][gc,heap     ] GC(47) Survivor regions: 1->1(77)
[2024-05-22T16:24:00.296+0530][gc,heap     ] GC(47) Old regions: 19->19
[2024-05-22T16:24:00.296+0530][gc,heap     ] GC(47) Archive regions: 2->2
[2024-05-22T16:24:00.296+0530][gc,heap     ] GC(47) Humongous regions: 129->129
[2024-05-22T16:24:00.296+0530][gc,metaspace] GC(47) Metaspace: 43720K(44288K)->43720K(44288K) NonClass: 38575K(38912K)->38575K(38912K) Class: 5144K(5376K)->5144K(5376K)
[2024-05-22T16:24:00.296+0530][gc          ] GC(47) Pause Young (Normal) (G1 Evacuation Pause) 762M->149M(1024M) 1.435ms
[2024-05-22T16:24:00.296+0530][gc,cpu      ] GC(47) User=0.00s Sys=0.00s Real=0.00s
[2024-05-22T16:24:02.728+0530][gc,start    ] GC(48) Pause Young (Normal) (G1 Evacuation Pause)
[2024-05-22T16:24:02.728+0530][gc,task     ] GC(48) Using 13 workers of 13 for evacuation
[2024-05-22T16:24:02.729+0530][gc,phases   ] GC(48)   Pre Evacuate Collection Set: 0.1ms
[2024-05-22T16:24:02.729+0530][gc,phases   ] GC(48)   Merge Heap Roots: 0.1ms
[2024-05-22T16:24:02.729+0530][gc,phases   ] GC(48)   Evacuate Collection Set: 0.5ms
[2024-05-22T16:24:02.729+0530][gc,phases   ] GC(48)   Post Evacuate Collection Set: 0.4ms
[2024-05-22T16:24:02.729+0530][gc,phases   ] GC(48)   Other: 0.1ms
[2024-05-22T16:24:02.729+0530][gc,heap     ] GC(48) Eden regions: 613->0(613)
[2024-05-22T16:24:02.729+0530][gc,heap     ] GC(48) Survivor regions: 1->1(77)
[2024-05-22T16:24:02.729+0530][gc,heap     ] GC(48) Old regions: 19->19
[2024-05-22T16:24:02.729+0530][gc,heap     ] GC(48) Archive regions: 2->2
[2024-05-22T16:24:02.729+0530][gc,heap     ] GC(48) Humongous regions: 129->129
[2024-05-22T16:24:02.729+0530][gc,metaspace] GC(48) Metaspace: 43720K(44288K)->43720K(44288K) NonClass: 38575K(38912K)->38575K(38912K) Class: 5144K(5376K)->5144K(5376K)
[2024-05-22T16:24:02.729+0530][gc          ] GC(48) Pause Young (Normal) (G1 Evacuation Pause) 762M->149M(1024M) 1.296ms
[2024-05-22T16:24:02.729+0530][gc,cpu      ] GC(48) User=0.01s Sys=0.00s Real=0.00s
[2024-05-22T16:24:05.099+0530][gc,start    ] GC(49) Pause Young (Normal) (G1 Evacuation Pause)
[2024-05-22T16:24:05.099+0530][gc,task     ] GC(49) Using 13 workers of 13 for evacuation
[2024-05-22T16:24:05.100+0530][gc,phases   ] GC(49)   Pre Evacuate Collection Set: 0.1ms
[2024-05-22T16:24:05.100+0530][gc,phases   ] GC(49)   Merge Heap Roots: 0.1ms
[2024-05-22T16:24:05.100+0530][gc,phases   ] GC(49)   Evacuate Collection Set: 0.6ms
[2024-05-22T16:24:05.100+0530][gc,phases   ] GC(49)   Post Evacuate Collection Set: 0.4ms
[2024-05-22T16:24:05.100+0530][gc,phases   ] GC(49)   Other: 0.1ms
[2024-05-22T16:24:05.100+0530][gc,heap     ] GC(49) Eden regions: 613->0(613)
[2024-05-22T16:24:05.100+0530][gc,heap     ] GC(49) Survivor regions: 1->1(77)
[2024-05-22T16:24:05.100+0530][gc,heap     ] GC(49) Old regions: 19->20
[2024-05-22T16:24:05.100+0530][gc,heap     ] GC(49) Archive regions: 2->2
[2024-05-22T16:24:05.100+0530][gc,heap     ] GC(49) Humongous regions: 129->129
[2024-05-22T16:24:05.100+0530][gc,metaspace] GC(49) Metaspace: 43720K(44288K)->43720K(44288K) NonClass: 38575K(38912K)->38575K(38912K) Class: 5144K(5376K)->5144K(5376K)
[2024-05-22T16:24:05.100+0530][gc          ] GC(49) Pause Young (Normal) (G1 Evacuation Pause) 762M->149M(1024M) 1.336ms
[2024-05-22T16:24:05.100+0530][gc,cpu      ] GC(49) User=0.01s Sys=0.01s Real=0.00s
[2024-05-22T16:24:07.576+0530][gc,start    ] GC(50) Pause Young (Normal) (G1 Evacuation Pause)
[2024-05-22T16:24:07.577+0530][gc,task     ] GC(50) Using 13 workers of 13 for evacuation
[2024-05-22T16:24:07.578+0530][gc,phases   ] GC(50)   Pre Evacuate Collection Set: 0.1ms
[2024-05-22T16:24:07.578+0530][gc,phases   ] GC(50)   Merge Heap Roots: 0.1ms
[2024-05-22T16:24:07.578+0530][gc,phases   ] GC(50)   Evacuate Collection Set: 0.6ms
[2024-05-22T16:24:07.578+0530][gc,phases   ] GC(50)   Post Evacuate Collection Set: 0.4ms
[2024-05-22T16:24:07.578+0530][gc,phases   ] GC(50)   Other: 0.1ms
[2024-05-22T16:24:07.578+0530][gc,heap     ] GC(50) Eden regions: 613->0(613)
[2024-05-22T16:24:07.578+0530][gc,heap     ] GC(50) Survivor regions: 1->1(77)
[2024-05-22T16:24:07.578+0530][gc,heap     ] GC(50) Old regions: 20->20
[2024-05-22T16:24:07.578+0530][gc,heap     ] GC(50) Archive regions: 2->2
[2024-05-22T16:24:07.578+0530][gc,heap     ] GC(50) Humongous regions: 129->129
[2024-05-22T16:24:07.578+0530][gc,metaspace] GC(50) Metaspace: 43722K(44288K)->43722K(44288K) NonClass: 38577K(38912K)->38577K(38912K) Class: 5144K(5376K)->5144K(5376K)
[2024-05-22T16:24:07.578+0530][gc          ] GC(50) Pause Young (Normal) (G1 Evacuation Pause) 762M->149M(1024M) 1.356ms
[2024-05-22T16:24:07.578+0530][gc,cpu      ] GC(50) User=0.01s Sys=0.00s Real=0.01s
[2024-05-22T16:24:09.982+0530][gc,start    ] GC(51) Pause Young (Normal) (G1 Evacuation Pause)
[2024-05-22T16:24:09.982+0530][gc,task     ] GC(51) Using 13 workers of 13 for evacuation
[2024-05-22T16:24:09.984+0530][gc,phases   ] GC(51)   Pre Evacuate Collection Set: 0.2ms
[2024-05-22T16:24:09.984+0530][gc,phases   ] GC(51)   Merge Heap Roots: 0.1ms
[2024-05-22T16:24:09.984+0530][gc,phases   ] GC(51)   Evacuate Collection Set: 0.8ms
[2024-05-22T16:24:09.984+0530][gc,phases   ] GC(51)   Post Evacuate Collection Set: 0.5ms
[2024-05-22T16:24:09.984+0530][gc,phases   ] GC(51)   Other: 0.2ms
[2024-05-22T16:24:09.984+0530][gc,heap     ] GC(51) Eden regions: 613->0(613)
[2024-05-22T16:24:09.984+0530][gc,heap     ] GC(51) Survivor regions: 1->1(77)
[2024-05-22T16:24:09.984+0530][gc,heap     ] GC(51) Old regions: 20->20
[2024-05-22T16:24:09.984+0530][gc,heap     ] GC(51) Archive regions: 2->2
[2024-05-22T16:24:09.984+0530][gc,heap     ] GC(51) Humongous regions: 129->129
[2024-05-22T16:24:09.984+0530][gc,metaspace] GC(51) Metaspace: 43722K(44288K)->43722K(44288K) NonClass: 38577K(38912K)->38577K(38912K) Class: 5144K(5376K)->5144K(5376K)
[2024-05-22T16:24:09.984+0530][gc          ] GC(51) Pause Young (Normal) (G1 Evacuation Pause) 762M->149M(1024M) 1.915ms
[2024-05-22T16:24:09.984+0530][gc,cpu      ] GC(51) User=0.01s Sys=0.00s Real=0.00s
[2024-05-22T16:24:12.994+0530][gc,start    ] GC(52) Pause Young (Normal) (G1 Evacuation Pause)
[2024-05-22T16:24:12.994+0530][gc,task     ] GC(52) Using 13 workers of 13 for evacuation
[2024-05-22T16:24:12.995+0530][gc,phases   ] GC(52)   Pre Evacuate Collection Set: 0.1ms
[2024-05-22T16:24:12.995+0530][gc,phases   ] GC(52)   Merge Heap Roots: 0.1ms
[2024-05-22T16:24:12.995+0530][gc,phases   ] GC(52)   Evacuate Collection Set: 0.4ms
[2024-05-22T16:24:12.995+0530][gc,phases   ] GC(52)   Post Evacuate Collection Set: 0.4ms
[2024-05-22T16:24:12.995+0530][gc,phases   ] GC(52)   Other: 0.1ms
[2024-05-22T16:24:12.995+0530][gc,heap     ] GC(52) Eden regions: 613->0(613)
[2024-05-22T16:24:12.995+0530][gc,heap     ] GC(52) Survivor regions: 1->1(77)
[2024-05-22T16:24:12.995+0530][gc,heap     ] GC(52) Old regions: 20->20
[2024-05-22T16:24:12.995+0530][gc,heap     ] GC(52) Archive regions: 2->2
[2024-05-22T16:24:12.995+0530][gc,heap     ] GC(52) Humongous regions: 129->129
[2024-05-22T16:24:12.995+0530][gc,metaspace] GC(52) Metaspace: 43722K(44288K)->43722K(44288K) NonClass: 38577K(38912K)->38577K(38912K) Class: 5144K(5376K)->5144K(5376K)
[2024-05-22T16:24:12.996+0530][gc          ] GC(52) Pause Young (Normal) (G1 Evacuation Pause) 762M->149M(1024M) 1.153ms
[2024-05-22T16:24:12.996+0530][gc,cpu      ] GC(52) User=0.01s Sys=0.01s Real=0.00s
[2024-05-22T16:24:15.376+0530][gc,start    ] GC(53) Pause Young (Normal) (G1 Evacuation Pause)
[2024-05-22T16:24:15.376+0530][gc,task     ] GC(53) Using 13 workers of 13 for evacuation
[2024-05-22T16:24:15.377+0530][gc,phases   ] GC(53)   Pre Evacuate Collection Set: 0.1ms
[2024-05-22T16:24:15.377+0530][gc,phases   ] GC(53)   Merge Heap Roots: 0.1ms
[2024-05-22T16:24:15.377+0530][gc,phases   ] GC(53)   Evacuate Collection Set: 0.5ms
[2024-05-22T16:24:15.377+0530][gc,phases   ] GC(53)   Post Evacuate Collection Set: 0.5ms
[2024-05-22T16:24:15.377+0530][gc,phases   ] GC(53)   Other: 0.1ms
[2024-05-22T16:24:15.377+0530][gc,heap     ] GC(53) Eden regions: 613->0(613)
[2024-05-22T16:24:15.377+0530][gc,heap     ] GC(53) Survivor regions: 1->1(77)
[2024-05-22T16:24:15.377+0530][gc,heap     ] GC(53) Old regions: 20->20
[2024-05-22T16:24:15.377+0530][gc,heap     ] GC(53) Archive regions: 2->2
[2024-05-22T16:24:15.377+0530][gc,heap     ] GC(53) Humongous regions: 129->129
[2024-05-22T16:24:15.377+0530][gc,metaspace] GC(53) Metaspace: 43722K(44288K)->43722K(44288K) NonClass: 38577K(38912K)->38577K(38912K) Class: 5144K(5376K)->5144K(5376K)
[2024-05-22T16:24:15.377+0530][gc          ] GC(53) Pause Young (Normal) (G1 Evacuation Pause) 762M->149M(1024M) 1.305ms
[2024-05-22T16:24:15.377+0530][gc,cpu      ] GC(53) User=0.00s Sys=0.00s Real=0.00s
[2024-05-22T16:24:17.887+0530][gc,start    ] GC(54) Pause Young (Normal) (G1 Evacuation Pause)
[2024-05-22T16:24:17.887+0530][gc,task     ] GC(54) Using 13 workers of 13 for evacuation
[2024-05-22T16:24:17.889+0530][gc,phases   ] GC(54)   Pre Evacuate Collection Set: 0.1ms
[2024-05-22T16:24:17.889+0530][gc,phases   ] GC(54)   Merge Heap Roots: 0.1ms
[2024-05-22T16:24:17.889+0530][gc,phases   ] GC(54)   Evacuate Collection Set: 0.6ms
[2024-05-22T16:24:17.889+0530][gc,phases   ] GC(54)   Post Evacuate Collection Set: 0.5ms
[2024-05-22T16:24:17.889+0530][gc,phases   ] GC(54)   Other: 0.2ms
[2024-05-22T16:24:17.889+0530][gc,heap     ] GC(54) Eden regions: 613->0(613)
[2024-05-22T16:24:17.889+0530][gc,heap     ] GC(54) Survivor regions: 1->1(77)
[2024-05-22T16:24:17.889+0530][gc,heap     ] GC(54) Old regions: 20->20
[2024-05-22T16:24:17.889+0530][gc,heap     ] GC(54) Archive regions: 2->2
[2024-05-22T16:24:17.889+0530][gc,heap     ] GC(54) Humongous regions: 129->129
[2024-05-22T16:24:17.889+0530][gc,metaspace] GC(54) Metaspace: 43723K(44288K)->43723K(44288K) NonClass: 38578K(38912K)->38578K(38912K) Class: 5144K(5376K)->5144K(5376K)
[2024-05-22T16:24:17.889+0530][gc          ] GC(54) Pause Young (Normal) (G1 Evacuation Pause) 762M->150M(1024M) 1.664ms
[2024-05-22T16:24:17.889+0530][gc,cpu      ] GC(54) User=0.01s Sys=0.00s Real=0.00s
[2024-05-22T16:24:20.351+0530][gc,start    ] GC(55) Pause Young (Normal) (G1 Evacuation Pause)
[2024-05-22T16:24:20.351+0530][gc,task     ] GC(55) Using 13 workers of 13 for evacuation
[2024-05-22T16:24:20.352+0530][gc,phases   ] GC(55)   Pre Evacuate Collection Set: 0.1ms
[2024-05-22T16:24:20.352+0530][gc,phases   ] GC(55)   Merge Heap Roots: 0.1ms
[2024-05-22T16:24:20.352+0530][gc,phases   ] GC(55)   Evacuate Collection Set: 0.5ms
[2024-05-22T16:24:20.352+0530][gc,phases   ] GC(55)   Post Evacuate Collection Set: 0.5ms
[2024-05-22T16:24:20.352+0530][gc,phases   ] GC(55)   Other: 0.1ms
[2024-05-22T16:24:20.352+0530][gc,heap     ] GC(55) Eden regions: 613->0(613)
[2024-05-22T16:24:20.352+0530][gc,heap     ] GC(55) Survivor regions: 1->1(77)
[2024-05-22T16:24:20.352+0530][gc,heap     ] GC(55) Old regions: 20->20
[2024-05-22T16:24:20.352+0530][gc,heap     ] GC(55) Archive regions: 2->2
[2024-05-22T16:24:20.352+0530][gc,heap     ] GC(55) Humongous regions: 129->129
[2024-05-22T16:24:20.352+0530][gc,metaspace] GC(55) Metaspace: 43723K(44288K)->43723K(44288K) NonClass: 38578K(38912K)->38578K(38912K) Class: 5144K(5376K)->5144K(5376K)
[2024-05-22T16:24:20.352+0530][gc          ] GC(55) Pause Young (Normal) (G1 Evacuation Pause) 763M->150M(1024M) 1.489ms
[2024-05-22T16:24:20.352+0530][gc,cpu      ] GC(55) User=0.00s Sys=0.00s Real=0.00s
[2024-05-22T16:24:22.859+0530][gc,start    ] GC(56) Pause Young (Normal) (G1 Evacuation Pause)
[2024-05-22T16:24:22.859+0530][gc,task     ] GC(56) Using 13 workers of 13 for evacuation
[2024-05-22T16:24:22.860+0530][gc,phases   ] GC(56)   Pre Evacuate Collection Set: 0.1ms
[2024-05-22T16:24:22.860+0530][gc,phases   ] GC(56)   Merge Heap Roots: 0.1ms
[2024-05-22T16:24:22.860+0530][gc,phases   ] GC(56)   Evacuate Collection Set: 0.5ms
[2024-05-22T16:24:22.860+0530][gc,phases   ] GC(56)   Post Evacuate Collection Set: 0.4ms
[2024-05-22T16:24:22.860+0530][gc,phases   ] GC(56)   Other: 0.1ms
[2024-05-22T16:24:22.860+0530][gc,heap     ] GC(56) Eden regions: 613->0(613)
[2024-05-22T16:24:22.860+0530][gc,heap     ] GC(56) Survivor regions: 1->1(77)
[2024-05-22T16:24:22.860+0530][gc,heap     ] GC(56) Old regions: 20->20
[2024-05-22T16:24:22.860+0530][gc,heap     ] GC(56) Archive regions: 2->2
[2024-05-22T16:24:22.860+0530][gc,heap     ] GC(56) Humongous regions: 129->129
[2024-05-22T16:24:22.860+0530][gc,metaspace] GC(56) Metaspace: 43723K(44288K)->43723K(44288K) NonClass: 38578K(38912K)->38578K(38912K) Class: 5144K(5376K)->5144K(5376K)
[2024-05-22T16:24:22.860+0530][gc          ] GC(56) Pause Young (Normal) (G1 Evacuation Pause) 763M->150M(1024M) 1.254ms
[2024-05-22T16:24:22.860+0530][gc,cpu      ] GC(56) User=0.00s Sys=0.01s Real=0.00s
[2024-05-22T16:24:25.290+0530][gc,start    ] GC(57) Pause Young (Normal) (G1 Evacuation Pause)
[2024-05-22T16:24:25.291+0530][gc,task     ] GC(57) Using 13 workers of 13 for evacuation
[2024-05-22T16:24:25.292+0530][gc,phases   ] GC(57)   Pre Evacuate Collection Set: 0.1ms
[2024-05-22T16:24:25.292+0530][gc,phases   ] GC(57)   Merge Heap Roots: 0.1ms
[2024-05-22T16:24:25.292+0530][gc,phases   ] GC(57)   Evacuate Collection Set: 0.5ms
[2024-05-22T16:24:25.292+0530][gc,phases   ] GC(57)   Post Evacuate Collection Set: 0.4ms
[2024-05-22T16:24:25.292+0530][gc,phases   ] GC(57)   Other: 0.1ms
[2024-05-22T16:24:25.292+0530][gc,heap     ] GC(57) Eden regions: 613->0(613)
[2024-05-22T16:24:25.292+0530][gc,heap     ] GC(57) Survivor regions: 1->1(77)
[2024-05-22T16:24:25.292+0530][gc,heap     ] GC(57) Old regions: 20->20
[2024-05-22T16:24:25.292+0530][gc,heap     ] GC(57) Archive regions: 2->2
[2024-05-22T16:24:25.292+0530][gc,heap     ] GC(57) Humongous regions: 129->129
[2024-05-22T16:24:25.292+0530][gc,metaspace] GC(57) Metaspace: 43723K(44288K)->43723K(44288K) NonClass: 38578K(38912K)->38578K(38912K) Class: 5144K(5376K)->5144K(5376K)
[2024-05-22T16:24:25.292+0530][gc          ] GC(57) Pause Young (Normal) (G1 Evacuation Pause) 763M->150M(1024M) 1.373ms
[2024-05-22T16:24:25.292+0530][gc,cpu      ] GC(57) User=0.01s Sys=0.00s Real=0.00s
[2024-05-22T16:24:27.761+0530][gc,start    ] GC(58) Pause Young (Normal) (G1 Evacuation Pause)
[2024-05-22T16:24:27.761+0530][gc,task     ] GC(58) Using 13 workers of 13 for evacuation
[2024-05-22T16:24:27.763+0530][gc,phases   ] GC(58)   Pre Evacuate Collection Set: 0.1ms
[2024-05-22T16:24:27.763+0530][gc,phases   ] GC(58)   Merge Heap Roots: 0.1ms
[2024-05-22T16:24:27.763+0530][gc,phases   ] GC(58)   Evacuate Collection Set: 0.6ms
[2024-05-22T16:24:27.763+0530][gc,phases   ] GC(58)   Post Evacuate Collection Set: 0.4ms
[2024-05-22T16:24:27.763+0530][gc,phases   ] GC(58)   Other: 0.1ms
[2024-05-22T16:24:27.763+0530][gc,heap     ] GC(58) Eden regions: 613->0(613)
[2024-05-22T16:24:27.763+0530][gc,heap     ] GC(58) Survivor regions: 1->1(77)
[2024-05-22T16:24:27.763+0530][gc,heap     ] GC(58) Old regions: 20->20
[2024-05-22T16:24:27.763+0530][gc,heap     ] GC(58) Archive regions: 2->2
[2024-05-22T16:24:27.763+0530][gc,heap     ] GC(58) Humongous regions: 129->129
[2024-05-22T16:24:27.763+0530][gc,metaspace] GC(58) Metaspace: 43725K(44288K)->43725K(44288K) NonClass: 38580K(38912K)->38580K(38912K) Class: 5144K(5376K)->5144K(5376K)
[2024-05-22T16:24:27.763+0530][gc          ] GC(58) Pause Young (Normal) (G1 Evacuation Pause) 763M->150M(1024M) 1.484ms
[2024-05-22T16:24:27.763+0530][gc,cpu      ] GC(58) User=0.01s Sys=0.00s Real=0.00s
[2024-05-22T16:24:30.364+0530][gc,start    ] GC(59) Pause Young (Normal) (G1 Evacuation Pause)
[2024-05-22T16:24:30.364+0530][gc,task     ] GC(59) Using 13 workers of 13 for evacuation
[2024-05-22T16:24:30.365+0530][gc,phases   ] GC(59)   Pre Evacuate Collection Set: 0.1ms
[2024-05-22T16:24:30.365+0530][gc,phases   ] GC(59)   Merge Heap Roots: 0.1ms
[2024-05-22T16:24:30.365+0530][gc,phases   ] GC(59)   Evacuate Collection Set: 0.5ms
[2024-05-22T16:24:30.365+0530][gc,phases   ] GC(59)   Post Evacuate Collection Set: 0.4ms
[2024-05-22T16:24:30.365+0530][gc,phases   ] GC(59)   Other: 0.1ms
[2024-05-22T16:24:30.365+0530][gc,heap     ] GC(59) Eden regions: 613->0(613)
[2024-05-22T16:24:30.365+0530][gc,heap     ] GC(59) Survivor regions: 1->1(77)
[2024-05-22T16:24:30.365+0530][gc,heap     ] GC(59) Old regions: 20->20
[2024-05-22T16:24:30.365+0530][gc,heap     ] GC(59) Archive regions: 2->2
[2024-05-22T16:24:30.365+0530][gc,heap     ] GC(59) Humongous regions: 129->129
[2024-05-22T16:24:30.365+0530][gc,metaspace] GC(59) Metaspace: 43725K(44288K)->43725K(44288K) NonClass: 38580K(38912K)->38580K(38912K) Class: 5144K(5376K)->5144K(5376K)
[2024-05-22T16:24:30.365+0530][gc          ] GC(59) Pause Young (Normal) (G1 Evacuation Pause) 763M->150M(1024M) 1.173ms
[2024-05-22T16:24:30.365+0530][gc,cpu      ] GC(59) User=0.00s Sys=0.00s Real=0.00s
[2024-05-22T16:24:32.855+0530][gc,start    ] GC(60) Pause Young (Normal) (G1 Evacuation Pause)
[2024-05-22T16:24:32.855+0530][gc,task     ] GC(60) Using 13 workers of 13 for evacuation
[2024-05-22T16:24:32.857+0530][gc,phases   ] GC(60)   Pre Evacuate Collection Set: 0.1ms
[2024-05-22T16:24:32.857+0530][gc,phases   ] GC(60)   Merge Heap Roots: 0.1ms
[2024-05-22T16:24:32.857+0530][gc,phases   ] GC(60)   Evacuate Collection Set: 0.6ms
[2024-05-22T16:24:32.857+0530][gc,phases   ] GC(60)   Post Evacuate Collection Set: 0.5ms
[2024-05-22T16:24:32.857+0530][gc,phases   ] GC(60)   Other: 0.1ms
[2024-05-22T16:24:32.857+0530][gc,heap     ] GC(60) Eden regions: 613->0(613)
[2024-05-22T16:24:32.857+0530][gc,heap     ] GC(60) Survivor regions: 1->1(77)
[2024-05-22T16:24:32.857+0530][gc,heap     ] GC(60) Old regions: 20->20
[2024-05-22T16:24:32.857+0530][gc,heap     ] GC(60) Archive regions: 2->2
[2024-05-22T16:24:32.857+0530][gc,heap     ] GC(60) Humongous regions: 129->129
[2024-05-22T16:24:32.857+0530][gc,metaspace] GC(60) Metaspace: 43725K(44288K)->43725K(44288K) NonClass: 38580K(38912K)->38580K(38912K) Class: 5144K(5376K)->5144K(5376K)
[2024-05-22T16:24:32.857+0530][gc          ] GC(60) Pause Young (Normal) (G1 Evacuation Pause) 763M->150M(1024M) 1.455ms
[2024-05-22T16:24:32.857+0530][gc,cpu      ] GC(60) User=0.00s Sys=0.01s Real=0.00s
[2024-05-22T16:24:35.878+0530][gc,start    ] GC(61) Pause Young (Normal) (G1 Evacuation Pause)
[2024-05-22T16:24:35.878+0530][gc,task     ] GC(61) Using 13 workers of 13 for evacuation
[2024-05-22T16:24:35.880+0530][gc,phases   ] GC(61)   Pre Evacuate Collection Set: 0.2ms
[2024-05-22T16:24:35.880+0530][gc,phases   ] GC(61)   Merge Heap Roots: 0.1ms
[2024-05-22T16:24:35.880+0530][gc,phases   ] GC(61)   Evacuate Collection Set: 0.8ms
[2024-05-22T16:24:35.880+0530][gc,phases   ] GC(61)   Post Evacuate Collection Set: 0.6ms
[2024-05-22T16:24:35.880+0530][gc,phases   ] GC(61)   Other: 0.2ms
[2024-05-22T16:24:35.880+0530][gc,heap     ] GC(61) Eden regions: 613->0(613)
[2024-05-22T16:24:35.880+0530][gc,heap     ] GC(61) Survivor regions: 1->1(77)
[2024-05-22T16:24:35.880+0530][gc,heap     ] GC(61) Old regions: 20->20
[2024-05-22T16:24:35.880+0530][gc,heap     ] GC(61) Archive regions: 2->2
[2024-05-22T16:24:35.880+0530][gc,heap     ] GC(61) Humongous regions: 129->129
[2024-05-22T16:24:35.880+0530][gc,metaspace] GC(61) Metaspace: 43725K(44288K)->43725K(44288K) NonClass: 38580K(38912K)->38580K(38912K) Class: 5144K(5376K)->5144K(5376K)
[2024-05-22T16:24:35.880+0530][gc          ] GC(61) Pause Young (Normal) (G1 Evacuation Pause) 763M->150M(1024M) 2.094ms
[2024-05-22T16:24:35.881+0530][gc,cpu      ] GC(61) User=0.01s Sys=0.01s Real=0.00s
[2024-05-22T16:24:38.247+0530][gc,start    ] GC(62) Pause Young (Normal) (G1 Evacuation Pause)
[2024-05-22T16:24:38.247+0530][gc,task     ] GC(62) Using 13 workers of 13 for evacuation
[2024-05-22T16:24:38.249+0530][gc,phases   ] GC(62)   Pre Evacuate Collection Set: 0.1ms
[2024-05-22T16:24:38.249+0530][gc,phases   ] GC(62)   Merge Heap Roots: 0.1ms
[2024-05-22T16:24:38.249+0530][gc,phases   ] GC(62)   Evacuate Collection Set: 0.5ms
[2024-05-22T16:24:38.249+0530][gc,phases   ] GC(62)   Post Evacuate Collection Set: 0.4ms
[2024-05-22T16:24:38.249+0530][gc,phases   ] GC(62)   Other: 0.1ms
[2024-05-22T16:24:38.249+0530][gc,heap     ] GC(62) Eden regions: 613->0(613)
[2024-05-22T16:24:38.249+0530][gc,heap     ] GC(62) Survivor regions: 1->1(77)
[2024-05-22T16:24:38.249+0530][gc,heap     ] GC(62) Old regions: 20->20
[2024-05-22T16:24:38.249+0530][gc,heap     ] GC(62) Archive regions: 2->2
[2024-05-22T16:24:38.249+0530][gc,heap     ] GC(62) Humongous regions: 129->129
[2024-05-22T16:24:38.249+0530][gc,metaspace] GC(62) Metaspace: 43725K(44288K)->43725K(44288K) NonClass: 38580K(38912K)->38580K(38912K) Class: 5144K(5376K)->5144K(5376K)
[2024-05-22T16:24:38.249+0530][gc          ] GC(62) Pause Young (Normal) (G1 Evacuation Pause) 763M->150M(1024M) 1.298ms
[2024-05-22T16:24:38.249+0530][gc,cpu      ] GC(62) User=0.01s Sys=0.00s Real=0.00s
[2024-05-22T16:24:40.714+0530][gc,start    ] GC(63) Pause Young (Normal) (G1 Evacuation Pause)
[2024-05-22T16:24:40.714+0530][gc,task     ] GC(63) Using 13 workers of 13 for evacuation
[2024-05-22T16:24:40.716+0530][gc,phases   ] GC(63)   Pre Evacuate Collection Set: 0.1ms
[2024-05-22T16:24:40.716+0530][gc,phases   ] GC(63)   Merge Heap Roots: 0.1ms
[2024-05-22T16:24:40.716+0530][gc,phases   ] GC(63)   Evacuate Collection Set: 0.6ms
[2024-05-22T16:24:40.716+0530][gc,phases   ] GC(63)   Post Evacuate Collection Set: 0.5ms
[2024-05-22T16:24:40.716+0530][gc,phases   ] GC(63)   Other: 0.1ms
[2024-05-22T16:24:40.716+0530][gc,heap     ] GC(63) Eden regions: 613->0(613)
[2024-05-22T16:24:40.716+0530][gc,heap     ] GC(63) Survivor regions: 1->1(77)
[2024-05-22T16:24:40.716+0530][gc,heap     ] GC(63) Old regions: 20->20
[2024-05-22T16:24:40.716+0530][gc,heap     ] GC(63) Archive regions: 2->2
[2024-05-22T16:24:40.716+0530][gc,heap     ] GC(63) Humongous regions: 129->129
[2024-05-22T16:24:40.716+0530][gc,metaspace] GC(63) Metaspace: 43725K(44288K)->43725K(44288K) NonClass: 38580K(38912K)->38580K(38912K) Class: 5144K(5376K)->5144K(5376K)
[2024-05-22T16:24:40.716+0530][gc          ] GC(63) Pause Young (Normal) (G1 Evacuation Pause) 763M->150M(1024M) 1.511ms
[2024-05-22T16:24:40.716+0530][gc,cpu      ] GC(63) User=0.01s Sys=0.01s Real=0.00s
[2024-05-22T17:12:33.321+0530][gc,heap,exit] Heap
[2024-05-22T17:12:33.321+0530][gc,heap,exit]  garbage-first heap   total 1048576K, used 701903K [0x00000000c0000000, 0x0000000100000000)
[2024-05-22T17:12:33.321+0530][gc,heap,exit]   region size 1024K, 536 young (548864K), 1 survivors (1024K)
[2024-05-22T17:12:33.321+0530][gc,heap,exit]  Metaspace       used 46195K, committed 46784K, reserved 1114112K
[2024-05-22T17:12:33.321+0530][gc,heap,exit]   class space    used 5500K, committed 5760K, reserved 1048576K
