[2024-05-22T17:20:25.958+0530][gc] Using G1
[2024-05-22T17:20:25.973+0530][gc,init] Version: 17.0.10+7-Ubuntu-122.04.1 (release)
[2024-05-22T17:20:25.973+0530][gc,init] CPUs: 16 total, 16 available
[2024-05-22T17:20:25.973+0530][gc,init] Memory: 31911M
[2024-05-22T17:20:25.973+0530][gc,init] Large Page Support: Disabled
[2024-05-22T17:20:25.973+0530][gc,init] NUMA Support: Disabled
[2024-05-22T17:20:25.973+0530][gc,init] Compressed Oops: Enabled (32-bit)
[2024-05-22T17:20:25.973+0530][gc,init] Heap Region Size: 1M
[2024-05-22T17:20:25.973+0530][gc,init] Heap Min Capacity: 1G
[2024-05-22T17:20:25.973+0530][gc,init] Heap Initial Capacity: 1G
[2024-05-22T17:20:25.973+0530][gc,init] Heap Max Capacity: 1G
[2024-05-22T17:20:25.973+0530][gc,init] Pre-touch: Disabled
[2024-05-22T17:20:25.973+0530][gc,init] Parallel Workers: 13
[2024-05-22T17:20:25.973+0530][gc,init] Concurrent Workers: 3
[2024-05-22T17:20:25.973+0530][gc,init] Concurrent Refinement Workers: 13
[2024-05-22T17:20:25.973+0530][gc,init] Periodic GC: Disabled
[2024-05-22T17:20:25.983+0530][gc,metaspace] CDS archive(s) mapped at: [0x0000728353000000-0x0000728353bc7000-0x0000728353bc7000), size 12349440, SharedBaseAddress: 0x0000728353000000, ArchiveRelocationMode: 1.
[2024-05-22T17:20:25.983+0530][gc,metaspace] Compressed class space mapped at: 0x0000728354000000-0x0000728394000000, reserved size: 1073741824
[2024-05-22T17:20:25.983+0530][gc,metaspace] Narrow klass base: 0x0000728353000000, Narrow klass shift: 0, Narrow klass range: 0x100000000
[2024-05-22T17:20:26.479+0530][gc,start    ] GC(0) Pause Young (Normal) (G1 Evacuation Pause)
[2024-05-22T17:20:26.480+0530][gc,task     ] GC(0) Using 13 workers of 13 for evacuation
[2024-05-22T17:20:26.481+0530][gc,phases   ] GC(0)   Pre Evacuate Collection Set: 0.0ms
[2024-05-22T17:20:26.481+0530][gc,phases   ] GC(0)   Merge Heap Roots: 0.0ms
[2024-05-22T17:20:26.481+0530][gc,phases   ] GC(0)   Evacuate Collection Set: 1.5ms
[2024-05-22T17:20:26.482+0530][gc,phases   ] GC(0)   Post Evacuate Collection Set: 0.3ms
[2024-05-22T17:20:26.482+0530][gc,phases   ] GC(0)   Other: 1.0ms
[2024-05-22T17:20:26.482+0530][gc,heap     ] GC(0) Eden regions: 51->0(44)
[2024-05-22T17:20:26.482+0530][gc,heap     ] GC(0) Survivor regions: 0->7(7)
[2024-05-22T17:20:26.482+0530][gc,heap     ] GC(0) Old regions: 0->1
[2024-05-22T17:20:26.482+0530][gc,heap     ] GC(0) Archive regions: 2->2
[2024-05-22T17:20:26.482+0530][gc,heap     ] GC(0) Humongous regions: 0->0
[2024-05-22T17:20:26.482+0530][gc,metaspace] GC(0) Metaspace: 18254K(18496K)->18254K(18496K) NonClass: 16093K(16192K)->16093K(16192K) Class: 2160K(2304K)->2160K(2304K)
[2024-05-22T17:20:26.482+0530][gc          ] GC(0) Pause Young (Normal) (G1 Evacuation Pause) 51M->8M(1024M) 2.902ms
[2024-05-22T17:20:26.482+0530][gc,cpu      ] GC(0) User=0.02s Sys=0.00s Real=0.00s
[2024-05-22T17:20:26.578+0530][gc,start    ] GC(1) Pause Young (Concurrent Start) (Metadata GC Threshold)
[2024-05-22T17:20:26.578+0530][gc,task     ] GC(1) Using 13 workers of 13 for evacuation
[2024-05-22T17:20:26.580+0530][gc,phases   ] GC(1)   Pre Evacuate Collection Set: 0.1ms
[2024-05-22T17:20:26.580+0530][gc,phases   ] GC(1)   Merge Heap Roots: 0.0ms
[2024-05-22T17:20:26.580+0530][gc,phases   ] GC(1)   Evacuate Collection Set: 1.5ms
[2024-05-22T17:20:26.580+0530][gc,phases   ] GC(1)   Post Evacuate Collection Set: 0.2ms
[2024-05-22T17:20:26.580+0530][gc,phases   ] GC(1)   Other: 0.1ms
[2024-05-22T17:20:26.580+0530][gc,heap     ] GC(1) Eden regions: 12->0(49)
[2024-05-22T17:20:26.580+0530][gc,heap     ] GC(1) Survivor regions: 7->2(7)
[2024-05-22T17:20:26.580+0530][gc,heap     ] GC(1) Old regions: 1->8
[2024-05-22T17:20:26.580+0530][gc,heap     ] GC(1) Archive regions: 2->2
[2024-05-22T17:20:26.580+0530][gc,heap     ] GC(1) Humongous regions: 0->0
[2024-05-22T17:20:26.580+0530][gc,metaspace] GC(1) Metaspace: 21324K(21504K)->21324K(21504K) NonClass: 18769K(18880K)->18769K(18880K) Class: 2555K(2624K)->2555K(2624K)
[2024-05-22T17:20:26.580+0530][gc          ] GC(1) Pause Young (Concurrent Start) (Metadata GC Threshold) 20M->9M(1024M) 1.954ms
[2024-05-22T17:20:26.580+0530][gc,cpu      ] GC(1) User=0.01s Sys=0.00s Real=0.00s
[2024-05-22T17:20:26.580+0530][gc          ] GC(2) Concurrent Mark Cycle
[2024-05-22T17:20:26.580+0530][gc,marking  ] GC(2) Concurrent Clear Claimed Marks
[2024-05-22T17:20:26.580+0530][gc,marking  ] GC(2) Concurrent Clear Claimed Marks 0.011ms
[2024-05-22T17:20:26.580+0530][gc,marking  ] GC(2) Concurrent Scan Root Regions
[2024-05-22T17:20:26.581+0530][gc,marking  ] GC(2) Concurrent Scan Root Regions 0.834ms
[2024-05-22T17:20:26.581+0530][gc,marking  ] GC(2) Concurrent Mark
[2024-05-22T17:20:26.581+0530][gc,marking  ] GC(2) Concurrent Mark From Roots
[2024-05-22T17:20:26.581+0530][gc,task     ] GC(2) Using 3 workers of 3 for marking
[2024-05-22T17:20:26.581+0530][gc,marking  ] GC(2) Concurrent Mark From Roots 0.649ms
[2024-05-22T17:20:26.581+0530][gc,marking  ] GC(2) Concurrent Preclean
[2024-05-22T17:20:26.581+0530][gc,marking  ] GC(2) Concurrent Preclean 0.039ms
[2024-05-22T17:20:26.582+0530][gc,start    ] GC(2) Pause Remark
[2024-05-22T17:20:26.582+0530][gc          ] GC(2) Pause Remark 10M->10M(1024M) 0.826ms
[2024-05-22T17:20:26.582+0530][gc,cpu      ] GC(2) User=0.01s Sys=0.00s Real=0.00s
[2024-05-22T17:20:26.582+0530][gc,marking  ] GC(2) Concurrent Mark 1.663ms
[2024-05-22T17:20:26.582+0530][gc,marking  ] GC(2) Concurrent Rebuild Remembered Sets
[2024-05-22T17:20:26.584+0530][gc,marking  ] GC(2) Concurrent Rebuild Remembered Sets 1.148ms
[2024-05-22T17:20:26.584+0530][gc,start    ] GC(2) Pause Cleanup
[2024-05-22T17:20:26.584+0530][gc          ] GC(2) Pause Cleanup 10M->10M(1024M) 0.096ms
[2024-05-22T17:20:26.584+0530][gc,cpu      ] GC(2) User=0.00s Sys=0.00s Real=0.00s
[2024-05-22T17:20:26.584+0530][gc,marking  ] GC(2) Concurrent Cleanup for Next Mark
[2024-05-22T17:20:26.586+0530][gc,marking  ] GC(2) Concurrent Cleanup for Next Mark 2.440ms
[2024-05-22T17:20:26.586+0530][gc          ] GC(2) Concurrent Mark Cycle 6.451ms
[2024-05-22T17:20:26.960+0530][gc,start    ] GC(3) Pause Young (Normal) (G1 Evacuation Pause)
[2024-05-22T17:20:26.960+0530][gc,task     ] GC(3) Using 13 workers of 13 for evacuation
[2024-05-22T17:20:26.962+0530][gc,phases   ] GC(3)   Pre Evacuate Collection Set: 0.1ms
[2024-05-22T17:20:26.962+0530][gc,phases   ] GC(3)   Merge Heap Roots: 0.0ms
[2024-05-22T17:20:26.962+0530][gc,phases   ] GC(3)   Evacuate Collection Set: 1.2ms
[2024-05-22T17:20:26.962+0530][gc,phases   ] GC(3)   Post Evacuate Collection Set: 0.2ms
[2024-05-22T17:20:26.962+0530][gc,phases   ] GC(3)   Other: 0.1ms
[2024-05-22T17:20:26.962+0530][gc,heap     ] GC(3) Eden regions: 49->0(45)
[2024-05-22T17:20:26.962+0530][gc,heap     ] GC(3) Survivor regions: 2->6(7)
[2024-05-22T17:20:26.962+0530][gc,heap     ] GC(3) Old regions: 8->8
[2024-05-22T17:20:26.962+0530][gc,heap     ] GC(3) Archive regions: 2->2
[2024-05-22T17:20:26.962+0530][gc,heap     ] GC(3) Humongous regions: 129->129
[2024-05-22T17:20:26.962+0530][gc,metaspace] GC(3) Metaspace: 32789K(33088K)->32789K(33088K) NonClass: 29120K(29248K)->29120K(29248K) Class: 3668K(3840K)->3668K(3840K)
[2024-05-22T17:20:26.962+0530][gc          ] GC(3) Pause Young (Normal) (G1 Evacuation Pause) 187M->143M(1024M) 1.641ms
[2024-05-22T17:20:26.962+0530][gc,cpu      ] GC(3) User=0.01s Sys=0.00s Real=0.00s
[2024-05-22T17:20:27.064+0530][gc,start    ] GC(4) Pause Young (Concurrent Start) (Metadata GC Threshold)
[2024-05-22T17:20:27.064+0530][gc,task     ] GC(4) Using 13 workers of 13 for evacuation
[2024-05-22T17:20:27.066+0530][gc,phases   ] GC(4)   Pre Evacuate Collection Set: 0.1ms
[2024-05-22T17:20:27.066+0530][gc,phases   ] GC(4)   Merge Heap Roots: 0.0ms
[2024-05-22T17:20:27.066+0530][gc,phases   ] GC(4)   Evacuate Collection Set: 1.4ms
[2024-05-22T17:20:27.066+0530][gc,phases   ] GC(4)   Post Evacuate Collection Set: 0.1ms
[2024-05-22T17:20:27.066+0530][gc,phases   ] GC(4)   Other: 0.1ms
[2024-05-22T17:20:27.066+0530][gc,heap     ] GC(4) Eden regions: 13->0(49)
[2024-05-22T17:20:27.066+0530][gc,heap     ] GC(4) Survivor regions: 6->2(7)
[2024-05-22T17:20:27.066+0530][gc,heap     ] GC(4) Old regions: 8->14
[2024-05-22T17:20:27.066+0530][gc,heap     ] GC(4) Archive regions: 2->2
[2024-05-22T17:20:27.066+0530][gc,heap     ] GC(4) Humongous regions: 129->129
[2024-05-22T17:20:27.066+0530][gc,metaspace] GC(4) Metaspace: 35780K(36096K)->35780K(36096K) NonClass: 31780K(31936K)->31780K(31936K) Class: 3999K(4160K)->3999K(4160K)
[2024-05-22T17:20:27.066+0530][gc          ] GC(4) Pause Young (Concurrent Start) (Metadata GC Threshold) 156M->144M(1024M) 1.815ms
[2024-05-22T17:20:27.066+0530][gc,cpu      ] GC(4) User=0.02s Sys=0.01s Real=0.01s
[2024-05-22T17:20:27.066+0530][gc          ] GC(5) Concurrent Mark Cycle
[2024-05-22T17:20:27.066+0530][gc,marking  ] GC(5) Concurrent Clear Claimed Marks
[2024-05-22T17:20:27.066+0530][gc,marking  ] GC(5) Concurrent Clear Claimed Marks 0.015ms
[2024-05-22T17:20:27.066+0530][gc,marking  ] GC(5) Concurrent Scan Root Regions
[2024-05-22T17:20:27.067+0530][gc,marking  ] GC(5) Concurrent Scan Root Regions 0.992ms
[2024-05-22T17:20:27.067+0530][gc,marking  ] GC(5) Concurrent Mark
[2024-05-22T17:20:27.067+0530][gc,marking  ] GC(5) Concurrent Mark From Roots
[2024-05-22T17:20:27.067+0530][gc,task     ] GC(5) Using 3 workers of 3 for marking
[2024-05-22T17:20:27.070+0530][gc,marking  ] GC(5) Concurrent Mark From Roots 2.745ms
[2024-05-22T17:20:27.070+0530][gc,marking  ] GC(5) Concurrent Preclean
[2024-05-22T17:20:27.070+0530][gc,marking  ] GC(5) Concurrent Preclean 0.125ms
[2024-05-22T17:20:27.070+0530][gc,start    ] GC(5) Pause Remark
[2024-05-22T17:20:27.071+0530][gc          ] GC(5) Pause Remark 145M->145M(1024M) 0.590ms
[2024-05-22T17:20:27.071+0530][gc,cpu      ] GC(5) User=0.01s Sys=0.00s Real=0.00s
[2024-05-22T17:20:27.071+0530][gc,marking  ] GC(5) Concurrent Mark 3.673ms
[2024-05-22T17:20:27.071+0530][gc,marking  ] GC(5) Concurrent Rebuild Remembered Sets
[2024-05-22T17:20:27.073+0530][gc,marking  ] GC(5) Concurrent Rebuild Remembered Sets 1.748ms
[2024-05-22T17:20:27.073+0530][gc,start    ] GC(5) Pause Cleanup
[2024-05-22T17:20:27.073+0530][gc          ] GC(5) Pause Cleanup 145M->145M(1024M) 0.067ms
[2024-05-22T17:20:27.073+0530][gc,cpu      ] GC(5) User=0.00s Sys=0.00s Real=0.00s
[2024-05-22T17:20:27.073+0530][gc,marking  ] GC(5) Concurrent Cleanup for Next Mark
[2024-05-22T17:20:27.075+0530][gc,marking  ] GC(5) Concurrent Cleanup for Next Mark 1.771ms
[2024-05-22T17:20:27.075+0530][gc          ] GC(5) Concurrent Mark Cycle 8.560ms
[2024-05-22T17:28:37.090+0530][gc,start    ] GC(6) Pause Young (Normal) (G1 Evacuation Pause)
[2024-05-22T17:28:37.091+0530][gc,task     ] GC(6) Using 13 workers of 13 for evacuation
[2024-05-22T17:28:37.097+0530][gc,phases   ] GC(6)   Pre Evacuate Collection Set: 0.4ms
[2024-05-22T17:28:37.097+0530][gc,phases   ] GC(6)   Merge Heap Roots: 0.1ms
[2024-05-22T17:28:37.097+0530][gc,phases   ] GC(6)   Evacuate Collection Set: 4.6ms
[2024-05-22T17:28:37.097+0530][gc,phases   ] GC(6)   Post Evacuate Collection Set: 1.0ms
[2024-05-22T17:28:37.097+0530][gc,phases   ] GC(6)   Other: 0.2ms
[2024-05-22T17:28:37.097+0530][gc,heap     ] GC(6) Eden regions: 49->0(47)
[2024-05-22T17:28:37.097+0530][gc,heap     ] GC(6) Survivor regions: 2->4(7)
[2024-05-22T17:28:37.097+0530][gc,heap     ] GC(6) Old regions: 14->14
[2024-05-22T17:28:37.097+0530][gc,heap     ] GC(6) Archive regions: 2->2
[2024-05-22T17:28:37.097+0530][gc,heap     ] GC(6) Humongous regions: 129->129
[2024-05-22T17:28:37.097+0530][gc,metaspace] GC(6) Metaspace: 40715K(41216K)->40715K(41216K) NonClass: 36121K(36416K)->36121K(36416K) Class: 4594K(4800K)->4594K(4800K)
[2024-05-22T17:28:37.097+0530][gc          ] GC(6) Pause Young (Normal) (G1 Evacuation Pause) 193M->147M(1024M) 6.555ms
[2024-05-22T17:28:37.097+0530][gc,cpu      ] GC(6) User=0.06s Sys=0.00s Real=0.00s
