[2024-05-22T14:26:21.260+0530][gc] Using G1
[2024-05-22T14:26:21.272+0530][gc,init] Version: 17.0.10+7-Ubuntu-122.04.1 (release)
[2024-05-22T14:26:21.272+0530][gc,init] CPUs: 16 total, 16 available
[2024-05-22T14:26:21.272+0530][gc,init] Memory: 31911M
[2024-05-22T14:26:21.272+0530][gc,init] Large Page Support: Disabled
[2024-05-22T14:26:21.272+0530][gc,init] NUMA Support: Disabled
[2024-05-22T14:26:21.272+0530][gc,init] Compressed Oops: Enabled (32-bit)
[2024-05-22T14:26:21.272+0530][gc,init] Heap Region Size: 1M
[2024-05-22T14:26:21.272+0530][gc,init] Heap Min Capacity: 1G
[2024-05-22T14:26:21.272+0530][gc,init] Heap Initial Capacity: 1G
[2024-05-22T14:26:21.272+0530][gc,init] Heap Max Capacity: 1G
[2024-05-22T14:26:21.272+0530][gc,init] Pre-touch: Disabled
[2024-05-22T14:26:21.272+0530][gc,init] Parallel Workers: 13
[2024-05-22T14:26:21.272+0530][gc,init] Concurrent Workers: 3
[2024-05-22T14:26:21.272+0530][gc,init] Concurrent Refinement Workers: 13
[2024-05-22T14:26:21.272+0530][gc,init] Periodic GC: Disabled
[2024-05-22T14:26:21.277+0530][gc,metaspace] CDS archive(s) mapped at: [0x0000756cfb000000-0x0000756cfbbc7000-0x0000756cfbbc7000), size 12349440, SharedBaseAddress: 0x0000756cfb000000, ArchiveRelocationMode: 1.
[2024-05-22T14:26:21.277+0530][gc,metaspace] Compressed class space mapped at: 0x0000756cfc000000-0x0000756d3c000000, reserved size: 1073741824
[2024-05-22T14:26:21.277+0530][gc,metaspace] Narrow klass base: 0x0000756cfb000000, Narrow klass shift: 0, Narrow klass range: 0x100000000
[2024-05-22T14:26:21.777+0530][gc,start    ] GC(0) Pause Young (Normal) (G1 Evacuation Pause)
[2024-05-22T14:26:21.778+0530][gc,task     ] GC(0) Using 13 workers of 13 for evacuation
[2024-05-22T14:26:21.780+0530][gc,phases   ] GC(0)   Pre Evacuate Collection Set: 0.1ms
[2024-05-22T14:26:21.780+0530][gc,phases   ] GC(0)   Merge Heap Roots: 0.0ms
[2024-05-22T14:26:21.780+0530][gc,phases   ] GC(0)   Evacuate Collection Set: 1.6ms
[2024-05-22T14:26:21.780+0530][gc,phases   ] GC(0)   Post Evacuate Collection Set: 0.2ms
[2024-05-22T14:26:21.780+0530][gc,phases   ] GC(0)   Other: 0.7ms
[2024-05-22T14:26:21.780+0530][gc,heap     ] GC(0) Eden regions: 51->0(44)
[2024-05-22T14:26:21.780+0530][gc,heap     ] GC(0) Survivor regions: 0->7(7)
[2024-05-22T14:26:21.780+0530][gc,heap     ] GC(0) Old regions: 0->1
[2024-05-22T14:26:21.780+0530][gc,heap     ] GC(0) Archive regions: 2->2
[2024-05-22T14:26:21.780+0530][gc,heap     ] GC(0) Humongous regions: 0->0
[2024-05-22T14:26:21.780+0530][gc,metaspace] GC(0) Metaspace: 18468K(18688K)->18468K(18688K) NonClass: 16282K(16384K)->16282K(16384K) Class: 2185K(2304K)->2185K(2304K)
[2024-05-22T14:26:21.780+0530][gc          ] GC(0) Pause Young (Normal) (G1 Evacuation Pause) 51M->8M(1024M) 2.724ms
[2024-05-22T14:26:21.780+0530][gc,cpu      ] GC(0) User=0.02s Sys=0.00s Real=0.01s
[2024-05-22T14:26:21.893+0530][gc,start    ] GC(1) Pause Young (Concurrent Start) (Metadata GC Threshold)
[2024-05-22T14:26:21.893+0530][gc,task     ] GC(1) Using 13 workers of 13 for evacuation
[2024-05-22T14:26:21.894+0530][gc,phases   ] GC(1)   Pre Evacuate Collection Set: 0.1ms
[2024-05-22T14:26:21.894+0530][gc,phases   ] GC(1)   Merge Heap Roots: 0.0ms
[2024-05-22T14:26:21.894+0530][gc,phases   ] GC(1)   Evacuate Collection Set: 1.4ms
[2024-05-22T14:26:21.894+0530][gc,phases   ] GC(1)   Post Evacuate Collection Set: 0.2ms
[2024-05-22T14:26:21.895+0530][gc,phases   ] GC(1)   Other: 0.2ms
[2024-05-22T14:26:21.895+0530][gc,heap     ] GC(1) Eden regions: 12->0(49)
[2024-05-22T14:26:21.895+0530][gc,heap     ] GC(1) Survivor regions: 7->2(7)
[2024-05-22T14:26:21.895+0530][gc,heap     ] GC(1) Old regions: 1->9
[2024-05-22T14:26:21.895+0530][gc,heap     ] GC(1) Archive regions: 2->2
[2024-05-22T14:26:21.895+0530][gc,heap     ] GC(1) Humongous regions: 0->0
[2024-05-22T14:26:21.895+0530][gc,metaspace] GC(1) Metaspace: 21371K(21504K)->21371K(21504K) NonClass: 18816K(18880K)->18816K(18880K) Class: 2555K(2624K)->2555K(2624K)
[2024-05-22T14:26:21.895+0530][gc          ] GC(1) Pause Young (Concurrent Start) (Metadata GC Threshold) 20M->10M(1024M) 1.947ms
[2024-05-22T14:26:21.895+0530][gc,cpu      ] GC(1) User=0.02s Sys=0.01s Real=0.00s
[2024-05-22T14:26:21.895+0530][gc          ] GC(2) Concurrent Mark Cycle
[2024-05-22T14:26:21.895+0530][gc,marking  ] GC(2) Concurrent Clear Claimed Marks
[2024-05-22T14:26:21.895+0530][gc,marking  ] GC(2) Concurrent Clear Claimed Marks 0.011ms
[2024-05-22T14:26:21.895+0530][gc,marking  ] GC(2) Concurrent Scan Root Regions
[2024-05-22T14:26:21.896+0530][gc,marking  ] GC(2) Concurrent Scan Root Regions 1.268ms
[2024-05-22T14:26:21.896+0530][gc,marking  ] GC(2) Concurrent Mark
[2024-05-22T14:26:21.896+0530][gc,marking  ] GC(2) Concurrent Mark From Roots
[2024-05-22T14:26:21.896+0530][gc,task     ] GC(2) Using 3 workers of 3 for marking
[2024-05-22T14:26:21.897+0530][gc,marking  ] GC(2) Concurrent Mark From Roots 0.752ms
[2024-05-22T14:26:21.897+0530][gc,marking  ] GC(2) Concurrent Preclean
[2024-05-22T14:26:21.897+0530][gc,marking  ] GC(2) Concurrent Preclean 0.059ms
[2024-05-22T14:26:21.897+0530][gc,start    ] GC(2) Pause Remark
[2024-05-22T14:26:21.898+0530][gc          ] GC(2) Pause Remark 10M->10M(1024M) 0.823ms
[2024-05-22T14:26:21.898+0530][gc,cpu      ] GC(2) User=0.01s Sys=0.00s Real=0.01s
[2024-05-22T14:26:21.898+0530][gc,marking  ] GC(2) Concurrent Mark 1.785ms
[2024-05-22T14:26:21.898+0530][gc,marking  ] GC(2) Concurrent Rebuild Remembered Sets
[2024-05-22T14:26:21.899+0530][gc,marking  ] GC(2) Concurrent Rebuild Remembered Sets 0.949ms
[2024-05-22T14:26:21.899+0530][gc,start    ] GC(2) Pause Cleanup
[2024-05-22T14:26:21.899+0530][gc          ] GC(2) Pause Cleanup 10M->10M(1024M) 0.047ms
[2024-05-22T14:26:21.899+0530][gc,cpu      ] GC(2) User=0.00s Sys=0.00s Real=0.00s
[2024-05-22T14:26:21.899+0530][gc,marking  ] GC(2) Concurrent Cleanup for Next Mark
[2024-05-22T14:26:21.901+0530][gc,marking  ] GC(2) Concurrent Cleanup for Next Mark 1.653ms
[2024-05-22T14:26:21.901+0530][gc          ] GC(2) Concurrent Mark Cycle 5.998ms
[2024-05-22T14:26:22.252+0530][gc,start    ] GC(3) Pause Young (Normal) (G1 Evacuation Pause)
[2024-05-22T14:26:22.252+0530][gc,task     ] GC(3) Using 13 workers of 13 for evacuation
[2024-05-22T14:26:22.255+0530][gc,phases   ] GC(3)   Pre Evacuate Collection Set: 0.2ms
[2024-05-22T14:26:22.255+0530][gc,phases   ] GC(3)   Merge Heap Roots: 0.0ms
[2024-05-22T14:26:22.255+0530][gc,phases   ] GC(3)   Evacuate Collection Set: 2.3ms
[2024-05-22T14:26:22.255+0530][gc,phases   ] GC(3)   Post Evacuate Collection Set: 0.4ms
[2024-05-22T14:26:22.255+0530][gc,phases   ] GC(3)   Other: 0.1ms
[2024-05-22T14:26:22.255+0530][gc,heap     ] GC(3) Eden regions: 49->0(44)
[2024-05-22T14:26:22.255+0530][gc,heap     ] GC(3) Survivor regions: 2->7(7)
[2024-05-22T14:26:22.255+0530][gc,heap     ] GC(3) Old regions: 9->9
[2024-05-22T14:26:22.255+0530][gc,heap     ] GC(3) Archive regions: 2->2
[2024-05-22T14:26:22.255+0530][gc,heap     ] GC(3) Humongous regions: 129->129
[2024-05-22T14:26:22.255+0530][gc,metaspace] GC(3) Metaspace: 32832K(33152K)->32832K(33152K) NonClass: 29230K(29376K)->29230K(29376K) Class: 3602K(3776K)->3602K(3776K)
[2024-05-22T14:26:22.255+0530][gc          ] GC(3) Pause Young (Normal) (G1 Evacuation Pause) 188M->144M(1024M) 3.183ms
[2024-05-22T14:26:22.255+0530][gc,cpu      ] GC(3) User=0.03s Sys=0.00s Real=0.00s
[2024-05-22T14:28:08.449+0530][gc,start    ] GC(4) Pause Young (Concurrent Start) (Metadata GC Threshold)
[2024-05-22T14:28:08.449+0530][gc,task     ] GC(4) Using 13 workers of 13 for evacuation
[2024-05-22T14:28:08.452+0530][gc,phases   ] GC(4)   Pre Evacuate Collection Set: 0.1ms
[2024-05-22T14:28:08.452+0530][gc,phases   ] GC(4)   Merge Heap Roots: 0.0ms
[2024-05-22T14:28:08.452+0530][gc,phases   ] GC(4)   Evacuate Collection Set: 2.4ms
[2024-05-22T14:28:08.452+0530][gc,phases   ] GC(4)   Post Evacuate Collection Set: 0.4ms
[2024-05-22T14:28:08.452+0530][gc,phases   ] GC(4)   Other: 0.2ms
[2024-05-22T14:28:08.452+0530][gc,heap     ] GC(4) Eden regions: 14->0(49)
[2024-05-22T14:28:08.452+0530][gc,heap     ] GC(4) Survivor regions: 7->2(7)
[2024-05-22T14:28:08.452+0530][gc,heap     ] GC(4) Old regions: 9->15
[2024-05-22T14:28:08.452+0530][gc,heap     ] GC(4) Archive regions: 2->2
[2024-05-22T14:28:08.452+0530][gc,heap     ] GC(4) Humongous regions: 129->129
[2024-05-22T14:28:08.452+0530][gc,metaspace] GC(4) Metaspace: 35633K(35968K)->35633K(35968K) NonClass: 31646K(31808K)->31646K(31808K) Class: 3986K(4160K)->3986K(4160K)
[2024-05-22T14:28:08.452+0530][gc          ] GC(4) Pause Young (Concurrent Start) (Metadata GC Threshold) 157M->145M(1024M) 3.353ms
[2024-05-22T14:28:08.452+0530][gc,cpu      ] GC(4) User=0.02s Sys=0.00s Real=0.00s
[2024-05-22T14:28:08.452+0530][gc          ] GC(5) Concurrent Mark Cycle
[2024-05-22T14:28:08.452+0530][gc,marking  ] GC(5) Concurrent Clear Claimed Marks
[2024-05-22T14:28:08.452+0530][gc,marking  ] GC(5) Concurrent Clear Claimed Marks 0.033ms
[2024-05-22T14:28:08.452+0530][gc,marking  ] GC(5) Concurrent Scan Root Regions
[2024-05-22T14:28:08.454+0530][gc,marking  ] GC(5) Concurrent Scan Root Regions 1.637ms
[2024-05-22T14:28:08.454+0530][gc,marking  ] GC(5) Concurrent Mark
[2024-05-22T14:28:08.454+0530][gc,marking  ] GC(5) Concurrent Mark From Roots
[2024-05-22T14:28:08.454+0530][gc,task     ] GC(5) Using 3 workers of 3 for marking
[2024-05-22T14:28:08.458+0530][gc,marking  ] GC(5) Concurrent Mark From Roots 3.458ms
[2024-05-22T14:28:08.458+0530][gc,marking  ] GC(5) Concurrent Preclean
[2024-05-22T14:28:08.458+0530][gc,marking  ] GC(5) Concurrent Preclean 0.148ms
[2024-05-22T14:28:08.458+0530][gc,start    ] GC(5) Pause Remark
[2024-05-22T14:28:08.460+0530][gc          ] GC(5) Pause Remark 145M->145M(1024M) 2.603ms
[2024-05-22T14:28:08.460+0530][gc,cpu      ] GC(5) User=0.01s Sys=0.00s Real=0.00s
[2024-05-22T14:28:08.460+0530][gc,marking  ] GC(5) Concurrent Mark 6.434ms
[2024-05-22T14:28:08.460+0530][gc,marking  ] GC(5) Concurrent Rebuild Remembered Sets
[2024-05-22T14:28:08.463+0530][gc,marking  ] GC(5) Concurrent Rebuild Remembered Sets 2.805ms
[2024-05-22T14:28:08.463+0530][gc,start    ] GC(5) Pause Cleanup
[2024-05-22T14:28:08.464+0530][gc          ] GC(5) Pause Cleanup 145M->145M(1024M) 0.139ms
[2024-05-22T14:28:08.464+0530][gc,cpu      ] GC(5) User=0.00s Sys=0.00s Real=0.00s
[2024-05-22T14:28:08.464+0530][gc,marking  ] GC(5) Concurrent Cleanup for Next Mark
[2024-05-22T14:28:08.466+0530][gc,marking  ] GC(5) Concurrent Cleanup for Next Mark 2.599ms
[2024-05-22T14:28:08.466+0530][gc          ] GC(5) Concurrent Mark Cycle 13.931ms
[2024-05-22T15:04:59.120+0530][gc,start    ] GC(6) Pause Young (Normal) (G1 Evacuation Pause)
[2024-05-22T15:04:59.120+0530][gc,task     ] GC(6) Using 13 workers of 13 for evacuation
[2024-05-22T15:04:59.121+0530][gc,phases   ] GC(6)   Pre Evacuate Collection Set: 0.1ms
[2024-05-22T15:04:59.121+0530][gc,phases   ] GC(6)   Merge Heap Roots: 0.1ms
[2024-05-22T15:04:59.121+0530][gc,phases   ] GC(6)   Evacuate Collection Set: 0.8ms
[2024-05-22T15:04:59.121+0530][gc,phases   ] GC(6)   Post Evacuate Collection Set: 0.2ms
[2024-05-22T15:04:59.121+0530][gc,phases   ] GC(6)   Other: 0.1ms
[2024-05-22T15:04:59.121+0530][gc,heap     ] GC(6) Eden regions: 49->0(49)
[2024-05-22T15:04:59.121+0530][gc,heap     ] GC(6) Survivor regions: 2->2(7)
[2024-05-22T15:04:59.121+0530][gc,heap     ] GC(6) Old regions: 15->15
[2024-05-22T15:04:59.121+0530][gc,heap     ] GC(6) Archive regions: 2->2
[2024-05-22T15:04:59.121+0530][gc,heap     ] GC(6) Humongous regions: 129->129
[2024-05-22T15:04:59.121+0530][gc,metaspace] GC(6) Metaspace: 38924K(39360K)->38924K(39360K) NonClass: 34511K(34752K)->34511K(34752K) Class: 4413K(4608K)->4413K(4608K)
[2024-05-22T15:04:59.121+0530][gc          ] GC(6) Pause Young (Normal) (G1 Evacuation Pause) 194M->145M(1024M) 1.298ms
[2024-05-22T15:04:59.121+0530][gc,cpu      ] GC(6) User=0.01s Sys=0.00s Real=0.00s
[2024-05-22T15:58:04.120+0530][gc,start    ] GC(7) Pause Young (Normal) (G1 Evacuation Pause)
[2024-05-22T15:58:04.120+0530][gc,task     ] GC(7) Using 13 workers of 13 for evacuation
[2024-05-22T15:58:04.126+0530][gc,phases   ] GC(7)   Pre Evacuate Collection Set: 0.3ms
[2024-05-22T15:58:04.126+0530][gc,phases   ] GC(7)   Merge Heap Roots: 0.1ms
[2024-05-22T15:58:04.126+0530][gc,phases   ] GC(7)   Evacuate Collection Set: 3.7ms
[2024-05-22T15:58:04.126+0530][gc,phases   ] GC(7)   Post Evacuate Collection Set: 1.2ms
[2024-05-22T15:58:04.126+0530][gc,phases   ] GC(7)   Other: 0.3ms
[2024-05-22T15:58:04.126+0530][gc,heap     ] GC(7) Eden regions: 49->0(49)
[2024-05-22T15:58:04.126+0530][gc,heap     ] GC(7) Survivor regions: 2->2(7)
[2024-05-22T15:58:04.126+0530][gc,heap     ] GC(7) Old regions: 15->15
[2024-05-22T15:58:04.126+0530][gc,heap     ] GC(7) Archive regions: 2->2
[2024-05-22T15:58:04.126+0530][gc,heap     ] GC(7) Humongous regions: 129->129
[2024-05-22T15:58:04.126+0530][gc,metaspace] GC(7) Metaspace: 39516K(39936K)->39516K(39936K) NonClass: 35097K(35328K)->35097K(35328K) Class: 4419K(4608K)->4419K(4608K)
[2024-05-22T15:58:04.126+0530][gc          ] GC(7) Pause Young (Normal) (G1 Evacuation Pause) 194M->145M(1024M) 5.860ms
[2024-05-22T15:58:04.126+0530][gc,cpu      ] GC(7) User=0.04s Sys=0.00s Real=0.01s
[2024-05-22T16:22:24.575+0530][gc,start    ] GC(8) Pause Young (Normal) (G1 Evacuation Pause)
[2024-05-22T16:22:24.575+0530][gc,task     ] GC(8) Using 13 workers of 13 for evacuation
[2024-05-22T16:22:24.578+0530][gc,phases   ] GC(8)   Pre Evacuate Collection Set: 0.1ms
[2024-05-22T16:22:24.578+0530][gc,phases   ] GC(8)   Merge Heap Roots: 0.0ms
[2024-05-22T16:22:24.578+0530][gc,phases   ] GC(8)   Evacuate Collection Set: 2.2ms
[2024-05-22T16:22:24.578+0530][gc,phases   ] GC(8)   Post Evacuate Collection Set: 0.7ms
[2024-05-22T16:22:24.578+0530][gc,phases   ] GC(8)   Other: 0.2ms
[2024-05-22T16:22:24.578+0530][gc,heap     ] GC(8) Eden regions: 49->0(56)
[2024-05-22T16:22:24.578+0530][gc,heap     ] GC(8) Survivor regions: 2->3(7)
[2024-05-22T16:22:24.578+0530][gc,heap     ] GC(8) Old regions: 15->15
[2024-05-22T16:22:24.578+0530][gc,heap     ] GC(8) Archive regions: 2->2
[2024-05-22T16:22:24.578+0530][gc,heap     ] GC(8) Humongous regions: 129->129
[2024-05-22T16:22:24.578+0530][gc,metaspace] GC(8) Metaspace: 40622K(41088K)->40622K(41088K) NonClass: 36114K(36352K)->36114K(36352K) Class: 4507K(4736K)->4507K(4736K)
[2024-05-22T16:22:24.578+0530][gc          ] GC(8) Pause Young (Normal) (G1 Evacuation Pause) 194M->146M(1024M) 3.296ms
[2024-05-22T16:22:24.578+0530][gc,cpu      ] GC(8) User=0.01s Sys=0.01s Real=0.01s
[2024-05-22T16:22:25.712+0530][gc,start    ] GC(9) Pause Young (Normal) (G1 Evacuation Pause)
[2024-05-22T16:22:25.712+0530][gc,task     ] GC(9) Using 13 workers of 13 for evacuation
[2024-05-22T16:22:25.717+0530][gc,phases   ] GC(9)   Pre Evacuate Collection Set: 0.2ms
[2024-05-22T16:22:25.717+0530][gc,phases   ] GC(9)   Merge Heap Roots: 0.2ms
[2024-05-22T16:22:25.717+0530][gc,phases   ] GC(9)   Evacuate Collection Set: 3.3ms
[2024-05-22T16:22:25.717+0530][gc,phases   ] GC(9)   Post Evacuate Collection Set: 1.2ms
[2024-05-22T16:22:25.717+0530][gc,phases   ] GC(9)   Other: 0.2ms
[2024-05-22T16:22:25.717+0530][gc,heap     ] GC(9) Eden regions: 56->0(214)
[2024-05-22T16:22:25.717+0530][gc,heap     ] GC(9) Survivor regions: 3->3(8)
[2024-05-22T16:22:25.717+0530][gc,heap     ] GC(9) Old regions: 15->15
[2024-05-22T16:22:25.717+0530][gc,heap     ] GC(9) Archive regions: 2->2
[2024-05-22T16:22:25.717+0530][gc,heap     ] GC(9) Humongous regions: 129->129
[2024-05-22T16:22:25.717+0530][gc,metaspace] GC(9) Metaspace: 40638K(41088K)->40638K(41088K) NonClass: 36130K(36352K)->36130K(36352K) Class: 4507K(4736K)->4507K(4736K)
[2024-05-22T16:22:25.717+0530][gc          ] GC(9) Pause Young (Normal) (G1 Evacuation Pause) 202M->146M(1024M) 5.129ms
[2024-05-22T16:22:25.717+0530][gc,cpu      ] GC(9) User=0.02s Sys=0.00s Real=0.00s
[2024-05-22T16:22:28.368+0530][gc,start    ] GC(10) Pause Young (Normal) (G1 Evacuation Pause)
[2024-05-22T16:22:28.368+0530][gc,task     ] GC(10) Using 13 workers of 13 for evacuation
[2024-05-22T16:22:28.371+0530][gc,phases   ] GC(10)   Pre Evacuate Collection Set: 0.3ms
[2024-05-22T16:22:28.371+0530][gc,phases   ] GC(10)   Merge Heap Roots: 0.1ms
[2024-05-22T16:22:28.371+0530][gc,phases   ] GC(10)   Evacuate Collection Set: 1.7ms
[2024-05-22T16:22:28.371+0530][gc,phases   ] GC(10)   Post Evacuate Collection Set: 0.6ms
[2024-05-22T16:22:28.371+0530][gc,phases   ] GC(10)   Other: 0.2ms
[2024-05-22T16:22:28.371+0530][gc,heap     ] GC(10) Eden regions: 214->0(525)
[2024-05-22T16:22:28.371+0530][gc,heap     ] GC(10) Survivor regions: 3->3(28)
[2024-05-22T16:22:28.371+0530][gc,heap     ] GC(10) Old regions: 15->15
[2024-05-22T16:22:28.371+0530][gc,heap     ] GC(10) Archive regions: 2->2
[2024-05-22T16:22:28.371+0530][gc,heap     ] GC(10) Humongous regions: 129->129
[2024-05-22T16:22:28.371+0530][gc,metaspace] GC(10) Metaspace: 40638K(41088K)->40638K(41088K) NonClass: 36130K(36352K)->36130K(36352K) Class: 4507K(4736K)->4507K(4736K)
[2024-05-22T16:22:28.371+0530][gc          ] GC(10) Pause Young (Normal) (G1 Evacuation Pause) 360M->146M(1024M) 2.973ms
[2024-05-22T16:22:28.371+0530][gc,cpu      ] GC(10) User=0.02s Sys=0.00s Real=0.00s
[2024-05-22T16:22:30.451+0530][gc,start    ] GC(11) Pause Young (Normal) (G1 Evacuation Pause)
[2024-05-22T16:22:30.451+0530][gc,task     ] GC(11) Using 13 workers of 13 for evacuation
[2024-05-22T16:22:30.454+0530][gc,phases   ] GC(11)   Pre Evacuate Collection Set: 0.1ms
[2024-05-22T16:22:30.454+0530][gc,phases   ] GC(11)   Merge Heap Roots: 0.1ms
[2024-05-22T16:22:30.454+0530][gc,phases   ] GC(11)   Evacuate Collection Set: 2.1ms
[2024-05-22T16:22:30.454+0530][gc,phases   ] GC(11)   Post Evacuate Collection Set: 0.5ms
[2024-05-22T16:22:30.454+0530][gc,phases   ] GC(11)   Other: 0.2ms
[2024-05-22T16:22:30.454+0530][gc,heap     ] GC(11) Eden regions: 525->0(611)
[2024-05-22T16:22:30.454+0530][gc,heap     ] GC(11) Survivor regions: 3->3(66)
[2024-05-22T16:22:30.454+0530][gc,heap     ] GC(11) Old regions: 15->15
[2024-05-22T16:22:30.454+0530][gc,heap     ] GC(11) Archive regions: 2->2
[2024-05-22T16:22:30.454+0530][gc,heap     ] GC(11) Humongous regions: 129->129
[2024-05-22T16:22:30.454+0530][gc,metaspace] GC(11) Metaspace: 40639K(41088K)->40639K(41088K) NonClass: 36130K(36352K)->36130K(36352K) Class: 4508K(4736K)->4508K(4736K)
[2024-05-22T16:22:30.454+0530][gc          ] GC(11) Pause Young (Normal) (G1 Evacuation Pause) 671M->146M(1024M) 3.100ms
[2024-05-22T16:22:30.454+0530][gc,cpu      ] GC(11) User=0.01s Sys=0.00s Real=0.00s
[2024-05-22T16:22:32.601+0530][gc,start    ] GC(12) Pause Young (Normal) (G1 Evacuation Pause)
[2024-05-22T16:22:32.601+0530][gc,task     ] GC(12) Using 13 workers of 13 for evacuation
[2024-05-22T16:22:32.603+0530][gc,phases   ] GC(12)   Pre Evacuate Collection Set: 0.1ms
[2024-05-22T16:22:32.603+0530][gc,phases   ] GC(12)   Merge Heap Roots: 0.1ms
[2024-05-22T16:22:32.603+0530][gc,phases   ] GC(12)   Evacuate Collection Set: 1.3ms
[2024-05-22T16:22:32.603+0530][gc,phases   ] GC(12)   Post Evacuate Collection Set: 0.4ms
[2024-05-22T16:22:32.603+0530][gc,phases   ] GC(12)   Other: 0.1ms
[2024-05-22T16:22:32.603+0530][gc,heap     ] GC(12) Eden regions: 611->0(611)
[2024-05-22T16:22:32.603+0530][gc,heap     ] GC(12) Survivor regions: 3->3(77)
[2024-05-22T16:22:32.603+0530][gc,heap     ] GC(12) Old regions: 15->15
[2024-05-22T16:22:32.603+0530][gc,heap     ] GC(12) Archive regions: 2->2
[2024-05-22T16:22:32.603+0530][gc,heap     ] GC(12) Humongous regions: 129->129
[2024-05-22T16:22:32.603+0530][gc,metaspace] GC(12) Metaspace: 40642K(41088K)->40642K(41088K) NonClass: 36133K(36352K)->36133K(36352K) Class: 4508K(4736K)->4508K(4736K)
[2024-05-22T16:22:32.603+0530][gc          ] GC(12) Pause Young (Normal) (G1 Evacuation Pause) 757M->146M(1024M) 2.160ms
[2024-05-22T16:22:32.603+0530][gc,cpu      ] GC(12) User=0.01s Sys=0.02s Real=0.00s
[2024-05-22T16:22:34.631+0530][gc,start    ] GC(13) Pause Young (Normal) (G1 Evacuation Pause)
[2024-05-22T16:22:34.631+0530][gc,task     ] GC(13) Using 13 workers of 13 for evacuation
[2024-05-22T16:22:34.634+0530][gc,phases   ] GC(13)   Pre Evacuate Collection Set: 0.1ms
[2024-05-22T16:22:34.634+0530][gc,phases   ] GC(13)   Merge Heap Roots: 0.1ms
[2024-05-22T16:22:34.634+0530][gc,phases   ] GC(13)   Evacuate Collection Set: 1.5ms
[2024-05-22T16:22:34.634+0530][gc,phases   ] GC(13)   Post Evacuate Collection Set: 0.5ms
[2024-05-22T16:22:34.634+0530][gc,phases   ] GC(13)   Other: 0.1ms
[2024-05-22T16:22:34.634+0530][gc,heap     ] GC(13) Eden regions: 611->0(611)
[2024-05-22T16:22:34.634+0530][gc,heap     ] GC(13) Survivor regions: 3->3(77)
[2024-05-22T16:22:34.634+0530][gc,heap     ] GC(13) Old regions: 15->15
[2024-05-22T16:22:34.634+0530][gc,heap     ] GC(13) Archive regions: 2->2
[2024-05-22T16:22:34.634+0530][gc,heap     ] GC(13) Humongous regions: 129->129
[2024-05-22T16:22:34.634+0530][gc,metaspace] GC(13) Metaspace: 40642K(41088K)->40642K(41088K) NonClass: 36133K(36352K)->36133K(36352K) Class: 4508K(4736K)->4508K(4736K)
[2024-05-22T16:22:34.634+0530][gc          ] GC(13) Pause Young (Normal) (G1 Evacuation Pause) 757M->146M(1024M) 2.400ms
[2024-05-22T16:22:34.634+0530][gc,cpu      ] GC(13) User=0.01s Sys=0.00s Real=0.00s
[2024-05-22T16:22:36.745+0530][gc,start    ] GC(14) Pause Young (Normal) (G1 Evacuation Pause)
[2024-05-22T16:22:36.745+0530][gc,task     ] GC(14) Using 13 workers of 13 for evacuation
[2024-05-22T16:22:36.747+0530][gc,phases   ] GC(14)   Pre Evacuate Collection Set: 0.1ms
[2024-05-22T16:22:36.747+0530][gc,phases   ] GC(14)   Merge Heap Roots: 0.1ms
[2024-05-22T16:22:36.747+0530][gc,phases   ] GC(14)   Evacuate Collection Set: 1.4ms
[2024-05-22T16:22:36.747+0530][gc,phases   ] GC(14)   Post Evacuate Collection Set: 0.5ms
[2024-05-22T16:22:36.747+0530][gc,phases   ] GC(14)   Other: 0.1ms
[2024-05-22T16:22:36.747+0530][gc,heap     ] GC(14) Eden regions: 611->0(611)
[2024-05-22T16:22:36.747+0530][gc,heap     ] GC(14) Survivor regions: 3->3(77)
[2024-05-22T16:22:36.747+0530][gc,heap     ] GC(14) Old regions: 15->15
[2024-05-22T16:22:36.747+0530][gc,heap     ] GC(14) Archive regions: 2->2
[2024-05-22T16:22:36.747+0530][gc,heap     ] GC(14) Humongous regions: 129->129
[2024-05-22T16:22:36.747+0530][gc,metaspace] GC(14) Metaspace: 40741K(41216K)->40741K(41216K) NonClass: 36216K(36480K)->36216K(36480K) Class: 4525K(4736K)->4525K(4736K)
[2024-05-22T16:22:36.747+0530][gc          ] GC(14) Pause Young (Normal) (G1 Evacuation Pause) 757M->146M(1024M) 2.264ms
[2024-05-22T16:22:36.747+0530][gc,cpu      ] GC(14) User=0.02s Sys=0.00s Real=0.01s
[2024-05-22T16:22:38.663+0530][gc,start    ] GC(15) Pause Young (Normal) (G1 Evacuation Pause)
[2024-05-22T16:22:38.663+0530][gc,task     ] GC(15) Using 13 workers of 13 for evacuation
[2024-05-22T16:22:38.665+0530][gc,phases   ] GC(15)   Pre Evacuate Collection Set: 0.1ms
[2024-05-22T16:22:38.665+0530][gc,phases   ] GC(15)   Merge Heap Roots: 0.1ms
[2024-05-22T16:22:38.665+0530][gc,phases   ] GC(15)   Evacuate Collection Set: 1.5ms
[2024-05-22T16:22:38.665+0530][gc,phases   ] GC(15)   Post Evacuate Collection Set: 0.5ms
[2024-05-22T16:22:38.665+0530][gc,phases   ] GC(15)   Other: 0.1ms
[2024-05-22T16:22:38.665+0530][gc,heap     ] GC(15) Eden regions: 611->0(611)
[2024-05-22T16:22:38.665+0530][gc,heap     ] GC(15) Survivor regions: 3->3(77)
[2024-05-22T16:22:38.665+0530][gc,heap     ] GC(15) Old regions: 15->15
[2024-05-22T16:22:38.665+0530][gc,heap     ] GC(15) Archive regions: 2->2
[2024-05-22T16:22:38.665+0530][gc,heap     ] GC(15) Humongous regions: 129->129
[2024-05-22T16:22:38.665+0530][gc,metaspace] GC(15) Metaspace: 40741K(41216K)->40741K(41216K) NonClass: 36216K(36480K)->36216K(36480K) Class: 4525K(4736K)->4525K(4736K)
[2024-05-22T16:22:38.665+0530][gc          ] GC(15) Pause Young (Normal) (G1 Evacuation Pause) 757M->146M(1024M) 2.362ms
[2024-05-22T16:22:38.665+0530][gc,cpu      ] GC(15) User=0.01s Sys=0.00s Real=0.00s
[2024-05-22T16:22:40.837+0530][gc,start    ] GC(16) Pause Young (Normal) (G1 Evacuation Pause)
[2024-05-22T16:22:40.837+0530][gc,task     ] GC(16) Using 13 workers of 13 for evacuation
[2024-05-22T16:22:40.839+0530][gc,phases   ] GC(16)   Pre Evacuate Collection Set: 0.1ms
[2024-05-22T16:22:40.839+0530][gc,phases   ] GC(16)   Merge Heap Roots: 0.1ms
[2024-05-22T16:22:40.839+0530][gc,phases   ] GC(16)   Evacuate Collection Set: 1.2ms
[2024-05-22T16:22:40.839+0530][gc,phases   ] GC(16)   Post Evacuate Collection Set: 0.5ms
[2024-05-22T16:22:40.839+0530][gc,phases   ] GC(16)   Other: 0.1ms
[2024-05-22T16:22:40.839+0530][gc,heap     ] GC(16) Eden regions: 611->0(611)
[2024-05-22T16:22:40.839+0530][gc,heap     ] GC(16) Survivor regions: 3->3(77)
[2024-05-22T16:22:40.839+0530][gc,heap     ] GC(16) Old regions: 15->15
[2024-05-22T16:22:40.839+0530][gc,heap     ] GC(16) Archive regions: 2->2
[2024-05-22T16:22:40.839+0530][gc,heap     ] GC(16) Humongous regions: 129->129
[2024-05-22T16:22:40.839+0530][gc,metaspace] GC(16) Metaspace: 40741K(41216K)->40741K(41216K) NonClass: 36216K(36480K)->36216K(36480K) Class: 4525K(4736K)->4525K(4736K)
[2024-05-22T16:22:40.839+0530][gc          ] GC(16) Pause Young (Normal) (G1 Evacuation Pause) 757M->146M(1024M) 2.067ms
[2024-05-22T16:22:40.839+0530][gc,cpu      ] GC(16) User=0.01s Sys=0.00s Real=0.01s
[2024-05-22T16:22:43.393+0530][gc,start    ] GC(17) Pause Young (Normal) (G1 Evacuation Pause)
[2024-05-22T16:22:43.393+0530][gc,task     ] GC(17) Using 13 workers of 13 for evacuation
[2024-05-22T16:22:43.396+0530][gc,phases   ] GC(17)   Pre Evacuate Collection Set: 0.1ms
[2024-05-22T16:22:43.396+0530][gc,phases   ] GC(17)   Merge Heap Roots: 0.1ms
[2024-05-22T16:22:43.396+0530][gc,phases   ] GC(17)   Evacuate Collection Set: 2.3ms
[2024-05-22T16:22:43.396+0530][gc,phases   ] GC(17)   Post Evacuate Collection Set: 0.7ms
[2024-05-22T16:22:43.396+0530][gc,phases   ] GC(17)   Other: 0.1ms
[2024-05-22T16:22:43.396+0530][gc,heap     ] GC(17) Eden regions: 611->0(611)
[2024-05-22T16:22:43.396+0530][gc,heap     ] GC(17) Survivor regions: 3->3(77)
[2024-05-22T16:22:43.396+0530][gc,heap     ] GC(17) Old regions: 15->15
[2024-05-22T16:22:43.396+0530][gc,heap     ] GC(17) Archive regions: 2->2
[2024-05-22T16:22:43.396+0530][gc,heap     ] GC(17) Humongous regions: 129->129
[2024-05-22T16:22:43.396+0530][gc,metaspace] GC(17) Metaspace: 40744K(41216K)->40744K(41216K) NonClass: 36219K(36480K)->36219K(36480K) Class: 4525K(4736K)->4525K(4736K)
[2024-05-22T16:22:43.396+0530][gc          ] GC(17) Pause Young (Normal) (G1 Evacuation Pause) 757M->146M(1024M) 3.369ms
[2024-05-22T16:22:43.396+0530][gc,cpu      ] GC(17) User=0.03s Sys=0.00s Real=0.00s
[2024-05-22T16:22:45.691+0530][gc,start    ] GC(18) Pause Young (Normal) (G1 Evacuation Pause)
[2024-05-22T16:22:45.691+0530][gc,task     ] GC(18) Using 13 workers of 13 for evacuation
[2024-05-22T16:22:45.693+0530][gc,phases   ] GC(18)   Pre Evacuate Collection Set: 0.1ms
[2024-05-22T16:22:45.693+0530][gc,phases   ] GC(18)   Merge Heap Roots: 0.1ms
[2024-05-22T16:22:45.693+0530][gc,phases   ] GC(18)   Evacuate Collection Set: 1.6ms
[2024-05-22T16:22:45.693+0530][gc,phases   ] GC(18)   Post Evacuate Collection Set: 0.7ms
[2024-05-22T16:22:45.693+0530][gc,phases   ] GC(18)   Other: 0.1ms
[2024-05-22T16:22:45.693+0530][gc,heap     ] GC(18) Eden regions: 611->0(611)
[2024-05-22T16:22:45.693+0530][gc,heap     ] GC(18) Survivor regions: 3->3(77)
[2024-05-22T16:22:45.693+0530][gc,heap     ] GC(18) Old regions: 15->15
[2024-05-22T16:22:45.693+0530][gc,heap     ] GC(18) Archive regions: 2->2
[2024-05-22T16:22:45.693+0530][gc,heap     ] GC(18) Humongous regions: 129->129
[2024-05-22T16:22:45.693+0530][gc,metaspace] GC(18) Metaspace: 40744K(41216K)->40744K(41216K) NonClass: 36219K(36480K)->36219K(36480K) Class: 4525K(4736K)->4525K(4736K)
[2024-05-22T16:22:45.693+0530][gc          ] GC(18) Pause Young (Normal) (G1 Evacuation Pause) 757M->146M(1024M) 2.729ms
[2024-05-22T16:22:45.694+0530][gc,cpu      ] GC(18) User=0.01s Sys=0.00s Real=0.00s
[2024-05-22T16:22:47.627+0530][gc,start    ] GC(19) Pause Young (Normal) (G1 Evacuation Pause)
[2024-05-22T16:22:47.627+0530][gc,task     ] GC(19) Using 13 workers of 13 for evacuation
[2024-05-22T16:22:47.629+0530][gc,phases   ] GC(19)   Pre Evacuate Collection Set: 0.1ms
[2024-05-22T16:22:47.629+0530][gc,phases   ] GC(19)   Merge Heap Roots: 0.1ms
[2024-05-22T16:22:47.629+0530][gc,phases   ] GC(19)   Evacuate Collection Set: 1.3ms
[2024-05-22T16:22:47.629+0530][gc,phases   ] GC(19)   Post Evacuate Collection Set: 0.5ms
[2024-05-22T16:22:47.629+0530][gc,phases   ] GC(19)   Other: 0.1ms
[2024-05-22T16:22:47.629+0530][gc,heap     ] GC(19) Eden regions: 611->0(611)
[2024-05-22T16:22:47.629+0530][gc,heap     ] GC(19) Survivor regions: 3->3(77)
[2024-05-22T16:22:47.629+0530][gc,heap     ] GC(19) Old regions: 15->15
[2024-05-22T16:22:47.629+0530][gc,heap     ] GC(19) Archive regions: 2->2
[2024-05-22T16:22:47.629+0530][gc,heap     ] GC(19) Humongous regions: 129->129
[2024-05-22T16:22:47.629+0530][gc,metaspace] GC(19) Metaspace: 40744K(41216K)->40744K(41216K) NonClass: 36219K(36480K)->36219K(36480K) Class: 4525K(4736K)->4525K(4736K)
[2024-05-22T16:22:47.629+0530][gc          ] GC(19) Pause Young (Normal) (G1 Evacuation Pause) 757M->146M(1024M) 2.222ms
[2024-05-22T16:22:47.629+0530][gc,cpu      ] GC(19) User=0.01s Sys=0.00s Real=0.00s
[2024-05-22T16:22:49.586+0530][gc,start    ] GC(20) Pause Young (Normal) (G1 Evacuation Pause)
[2024-05-22T16:22:49.586+0530][gc,task     ] GC(20) Using 13 workers of 13 for evacuation
[2024-05-22T16:22:49.588+0530][gc,phases   ] GC(20)   Pre Evacuate Collection Set: 0.1ms
[2024-05-22T16:22:49.588+0530][gc,phases   ] GC(20)   Merge Heap Roots: 0.1ms
[2024-05-22T16:22:49.588+0530][gc,phases   ] GC(20)   Evacuate Collection Set: 1.4ms
[2024-05-22T16:22:49.588+0530][gc,phases   ] GC(20)   Post Evacuate Collection Set: 0.5ms
[2024-05-22T16:22:49.588+0530][gc,phases   ] GC(20)   Other: 0.1ms
[2024-05-22T16:22:49.588+0530][gc,heap     ] GC(20) Eden regions: 611->0(611)
[2024-05-22T16:22:49.588+0530][gc,heap     ] GC(20) Survivor regions: 3->3(77)
[2024-05-22T16:22:49.588+0530][gc,heap     ] GC(20) Old regions: 15->15
[2024-05-22T16:22:49.588+0530][gc,heap     ] GC(20) Archive regions: 2->2
[2024-05-22T16:22:49.588+0530][gc,heap     ] GC(20) Humongous regions: 129->129
[2024-05-22T16:22:49.588+0530][gc,metaspace] GC(20) Metaspace: 40750K(41216K)->40750K(41216K) NonClass: 36225K(36480K)->36225K(36480K) Class: 4525K(4736K)->4525K(4736K)
[2024-05-22T16:22:49.588+0530][gc          ] GC(20) Pause Young (Normal) (G1 Evacuation Pause) 757M->146M(1024M) 2.187ms
[2024-05-22T16:22:49.588+0530][gc,cpu      ] GC(20) User=0.01s Sys=0.00s Real=0.00s
[2024-05-22T16:22:51.625+0530][gc,start    ] GC(21) Pause Young (Normal) (G1 Evacuation Pause)
[2024-05-22T16:22:51.625+0530][gc,task     ] GC(21) Using 13 workers of 13 for evacuation
[2024-05-22T16:22:51.627+0530][gc,phases   ] GC(21)   Pre Evacuate Collection Set: 0.1ms
[2024-05-22T16:22:51.627+0530][gc,phases   ] GC(21)   Merge Heap Roots: 0.1ms
[2024-05-22T16:22:51.627+0530][gc,phases   ] GC(21)   Evacuate Collection Set: 1.2ms
[2024-05-22T16:22:51.627+0530][gc,phases   ] GC(21)   Post Evacuate Collection Set: 0.4ms
[2024-05-22T16:22:51.627+0530][gc,phases   ] GC(21)   Other: 0.1ms
[2024-05-22T16:22:51.627+0530][gc,heap     ] GC(21) Eden regions: 611->0(612)
[2024-05-22T16:22:51.627+0530][gc,heap     ] GC(21) Survivor regions: 3->2(77)
[2024-05-22T16:22:51.627+0530][gc,heap     ] GC(21) Old regions: 15->16
[2024-05-22T16:22:51.627+0530][gc,heap     ] GC(21) Archive regions: 2->2
[2024-05-22T16:22:51.627+0530][gc,heap     ] GC(21) Humongous regions: 129->129
[2024-05-22T16:22:51.627+0530][gc,metaspace] GC(21) Metaspace: 40750K(41216K)->40750K(41216K) NonClass: 36225K(36480K)->36225K(36480K) Class: 4525K(4736K)->4525K(4736K)
[2024-05-22T16:22:51.627+0530][gc          ] GC(21) Pause Young (Normal) (G1 Evacuation Pause) 757M->146M(1024M) 2.086ms
[2024-05-22T16:22:51.627+0530][gc,cpu      ] GC(21) User=0.02s Sys=0.00s Real=0.01s
[2024-05-22T16:22:53.624+0530][gc,start    ] GC(22) Pause Young (Normal) (G1 Evacuation Pause)
[2024-05-22T16:22:53.624+0530][gc,task     ] GC(22) Using 13 workers of 13 for evacuation
[2024-05-22T16:22:53.627+0530][gc,phases   ] GC(22)   Pre Evacuate Collection Set: 0.1ms
[2024-05-22T16:22:53.627+0530][gc,phases   ] GC(22)   Merge Heap Roots: 0.1ms
[2024-05-22T16:22:53.627+0530][gc,phases   ] GC(22)   Evacuate Collection Set: 1.5ms
[2024-05-22T16:22:53.627+0530][gc,phases   ] GC(22)   Post Evacuate Collection Set: 0.7ms
[2024-05-22T16:22:53.627+0530][gc,phases   ] GC(22)   Other: 0.2ms
[2024-05-22T16:22:53.627+0530][gc,heap     ] GC(22) Eden regions: 612->0(612)
[2024-05-22T16:22:53.627+0530][gc,heap     ] GC(22) Survivor regions: 2->2(77)
[2024-05-22T16:22:53.627+0530][gc,heap     ] GC(22) Old regions: 16->16
[2024-05-22T16:22:53.627+0530][gc,heap     ] GC(22) Archive regions: 2->2
[2024-05-22T16:22:53.627+0530][gc,heap     ] GC(22) Humongous regions: 129->129
[2024-05-22T16:22:53.627+0530][gc,metaspace] GC(22) Metaspace: 40750K(41216K)->40750K(41216K) NonClass: 36225K(36480K)->36225K(36480K) Class: 4525K(4736K)->4525K(4736K)
[2024-05-22T16:22:53.627+0530][gc          ] GC(22) Pause Young (Normal) (G1 Evacuation Pause) 758M->146M(1024M) 2.618ms
[2024-05-22T16:22:53.627+0530][gc,cpu      ] GC(22) User=0.01s Sys=0.00s Real=0.01s
[2024-05-22T16:22:55.675+0530][gc,start    ] GC(23) Pause Young (Normal) (G1 Evacuation Pause)
[2024-05-22T16:22:55.675+0530][gc,task     ] GC(23) Using 13 workers of 13 for evacuation
[2024-05-22T16:22:55.676+0530][gc,phases   ] GC(23)   Pre Evacuate Collection Set: 0.1ms
[2024-05-22T16:22:55.677+0530][gc,phases   ] GC(23)   Merge Heap Roots: 0.1ms
[2024-05-22T16:22:55.677+0530][gc,phases   ] GC(23)   Evacuate Collection Set: 1.0ms
[2024-05-22T16:22:55.677+0530][gc,phases   ] GC(23)   Post Evacuate Collection Set: 0.4ms
[2024-05-22T16:22:55.677+0530][gc,phases   ] GC(23)   Other: 0.1ms
[2024-05-22T16:22:55.677+0530][gc,heap     ] GC(23) Eden regions: 612->0(613)
[2024-05-22T16:22:55.677+0530][gc,heap     ] GC(23) Survivor regions: 2->1(77)
[2024-05-22T16:22:55.677+0530][gc,heap     ] GC(23) Old regions: 16->17
[2024-05-22T16:22:55.677+0530][gc,heap     ] GC(23) Archive regions: 2->2
[2024-05-22T16:22:55.677+0530][gc,heap     ] GC(23) Humongous regions: 129->129
[2024-05-22T16:22:55.677+0530][gc,metaspace] GC(23) Metaspace: 40750K(41216K)->40750K(41216K) NonClass: 36225K(36480K)->36225K(36480K) Class: 4525K(4736K)->4525K(4736K)
[2024-05-22T16:22:55.677+0530][gc          ] GC(23) Pause Young (Normal) (G1 Evacuation Pause) 758M->146M(1024M) 1.745ms
[2024-05-22T16:22:55.677+0530][gc,cpu      ] GC(23) User=0.01s Sys=0.00s Real=0.00s
[2024-05-22T16:22:57.728+0530][gc,start    ] GC(24) Pause Young (Normal) (G1 Evacuation Pause)
[2024-05-22T16:22:57.728+0530][gc,task     ] GC(24) Using 13 workers of 13 for evacuation
[2024-05-22T16:22:57.729+0530][gc,phases   ] GC(24)   Pre Evacuate Collection Set: 0.1ms
[2024-05-22T16:22:57.729+0530][gc,phases   ] GC(24)   Merge Heap Roots: 0.1ms
[2024-05-22T16:22:57.729+0530][gc,phases   ] GC(24)   Evacuate Collection Set: 0.4ms
[2024-05-22T16:22:57.729+0530][gc,phases   ] GC(24)   Post Evacuate Collection Set: 0.4ms
[2024-05-22T16:22:57.729+0530][gc,phases   ] GC(24)   Other: 0.1ms
[2024-05-22T16:22:57.729+0530][gc,heap     ] GC(24) Eden regions: 613->0(613)
[2024-05-22T16:22:57.729+0530][gc,heap     ] GC(24) Survivor regions: 1->1(77)
[2024-05-22T16:22:57.729+0530][gc,heap     ] GC(24) Old regions: 17->17
[2024-05-22T16:22:57.729+0530][gc,heap     ] GC(24) Archive regions: 2->2
[2024-05-22T16:22:57.729+0530][gc,heap     ] GC(24) Humongous regions: 129->129
[2024-05-22T16:22:57.729+0530][gc,metaspace] GC(24) Metaspace: 40751K(41216K)->40751K(41216K) NonClass: 36226K(36480K)->36226K(36480K) Class: 4525K(4736K)->4525K(4736K)
[2024-05-22T16:22:57.729+0530][gc          ] GC(24) Pause Young (Normal) (G1 Evacuation Pause) 759M->146M(1024M) 1.064ms
[2024-05-22T16:22:57.729+0530][gc,cpu      ] GC(24) User=0.00s Sys=0.00s Real=0.00s
[2024-05-22T16:22:59.717+0530][gc,start    ] GC(25) Pause Young (Normal) (G1 Evacuation Pause)
[2024-05-22T16:22:59.717+0530][gc,task     ] GC(25) Using 13 workers of 13 for evacuation
[2024-05-22T16:22:59.718+0530][gc,phases   ] GC(25)   Pre Evacuate Collection Set: 0.1ms
[2024-05-22T16:22:59.718+0530][gc,phases   ] GC(25)   Merge Heap Roots: 0.1ms
[2024-05-22T16:22:59.718+0530][gc,phases   ] GC(25)   Evacuate Collection Set: 0.3ms
[2024-05-22T16:22:59.718+0530][gc,phases   ] GC(25)   Post Evacuate Collection Set: 0.3ms
[2024-05-22T16:22:59.718+0530][gc,phases   ] GC(25)   Other: 0.1ms
[2024-05-22T16:22:59.718+0530][gc,heap     ] GC(25) Eden regions: 613->0(613)
[2024-05-22T16:22:59.718+0530][gc,heap     ] GC(25) Survivor regions: 1->1(77)
[2024-05-22T16:22:59.718+0530][gc,heap     ] GC(25) Old regions: 17->17
[2024-05-22T16:22:59.718+0530][gc,heap     ] GC(25) Archive regions: 2->2
[2024-05-22T16:22:59.718+0530][gc,heap     ] GC(25) Humongous regions: 129->129
[2024-05-22T16:22:59.718+0530][gc,metaspace] GC(25) Metaspace: 40751K(41216K)->40751K(41216K) NonClass: 36226K(36480K)->36226K(36480K) Class: 4525K(4736K)->4525K(4736K)
[2024-05-22T16:22:59.718+0530][gc          ] GC(25) Pause Young (Normal) (G1 Evacuation Pause) 759M->146M(1024M) 1.022ms
[2024-05-22T16:22:59.718+0530][gc,cpu      ] GC(25) User=0.01s Sys=0.00s Real=0.01s
[2024-05-22T16:23:01.721+0530][gc,start    ] GC(26) Pause Young (Normal) (G1 Evacuation Pause)
[2024-05-22T16:23:01.721+0530][gc,task     ] GC(26) Using 13 workers of 13 for evacuation
[2024-05-22T16:23:01.722+0530][gc,phases   ] GC(26)   Pre Evacuate Collection Set: 0.1ms
[2024-05-22T16:23:01.722+0530][gc,phases   ] GC(26)   Merge Heap Roots: 0.1ms
[2024-05-22T16:23:01.722+0530][gc,phases   ] GC(26)   Evacuate Collection Set: 0.4ms
[2024-05-22T16:23:01.722+0530][gc,phases   ] GC(26)   Post Evacuate Collection Set: 0.4ms
[2024-05-22T16:23:01.722+0530][gc,phases   ] GC(26)   Other: 0.1ms
[2024-05-22T16:23:01.722+0530][gc,heap     ] GC(26) Eden regions: 613->0(613)
[2024-05-22T16:23:01.722+0530][gc,heap     ] GC(26) Survivor regions: 1->1(77)
[2024-05-22T16:23:01.722+0530][gc,heap     ] GC(26) Old regions: 17->17
[2024-05-22T16:23:01.722+0530][gc,heap     ] GC(26) Archive regions: 2->2
[2024-05-22T16:23:01.722+0530][gc,heap     ] GC(26) Humongous regions: 129->129
[2024-05-22T16:23:01.722+0530][gc,metaspace] GC(26) Metaspace: 40751K(41216K)->40751K(41216K) NonClass: 36226K(36480K)->36226K(36480K) Class: 4525K(4736K)->4525K(4736K)
[2024-05-22T16:23:01.722+0530][gc          ] GC(26) Pause Young (Normal) (G1 Evacuation Pause) 759M->146M(1024M) 1.087ms
[2024-05-22T16:23:01.722+0530][gc,cpu      ] GC(26) User=0.01s Sys=0.00s Real=0.00s
[2024-05-22T16:23:04.068+0530][gc,start    ] GC(27) Pause Young (Normal) (G1 Evacuation Pause)
[2024-05-22T16:23:04.068+0530][gc,task     ] GC(27) Using 13 workers of 13 for evacuation
[2024-05-22T16:23:04.069+0530][gc,phases   ] GC(27)   Pre Evacuate Collection Set: 0.1ms
[2024-05-22T16:23:04.069+0530][gc,phases   ] GC(27)   Merge Heap Roots: 0.1ms
[2024-05-22T16:23:04.069+0530][gc,phases   ] GC(27)   Evacuate Collection Set: 0.4ms
[2024-05-22T16:23:04.069+0530][gc,phases   ] GC(27)   Post Evacuate Collection Set: 0.3ms
[2024-05-22T16:23:04.069+0530][gc,phases   ] GC(27)   Other: 0.1ms
[2024-05-22T16:23:04.069+0530][gc,heap     ] GC(27) Eden regions: 613->0(613)
[2024-05-22T16:23:04.069+0530][gc,heap     ] GC(27) Survivor regions: 1->1(77)
[2024-05-22T16:23:04.069+0530][gc,heap     ] GC(27) Old regions: 17->17
[2024-05-22T16:23:04.069+0530][gc,heap     ] GC(27) Archive regions: 2->2
[2024-05-22T16:23:04.069+0530][gc,heap     ] GC(27) Humongous regions: 129->129
[2024-05-22T16:23:04.069+0530][gc,metaspace] GC(27) Metaspace: 40774K(41216K)->40774K(41216K) NonClass: 36249K(36480K)->36249K(36480K) Class: 4525K(4736K)->4525K(4736K)
[2024-05-22T16:23:04.069+0530][gc          ] GC(27) Pause Young (Normal) (G1 Evacuation Pause) 759M->147M(1024M) 1.118ms
[2024-05-22T16:23:04.069+0530][gc,cpu      ] GC(27) User=0.00s Sys=0.01s Real=0.00s
[2024-05-22T16:23:06.102+0530][gc,start    ] GC(28) Pause Young (Normal) (G1 Evacuation Pause)
[2024-05-22T16:23:06.102+0530][gc,task     ] GC(28) Using 13 workers of 13 for evacuation
[2024-05-22T16:23:06.103+0530][gc,phases   ] GC(28)   Pre Evacuate Collection Set: 0.1ms
[2024-05-22T16:23:06.103+0530][gc,phases   ] GC(28)   Merge Heap Roots: 0.1ms
[2024-05-22T16:23:06.103+0530][gc,phases   ] GC(28)   Evacuate Collection Set: 0.5ms
[2024-05-22T16:23:06.103+0530][gc,phases   ] GC(28)   Post Evacuate Collection Set: 0.4ms
[2024-05-22T16:23:06.103+0530][gc,phases   ] GC(28)   Other: 0.1ms
[2024-05-22T16:23:06.103+0530][gc,heap     ] GC(28) Eden regions: 613->0(613)
[2024-05-22T16:23:06.103+0530][gc,heap     ] GC(28) Survivor regions: 1->1(77)
[2024-05-22T16:23:06.103+0530][gc,heap     ] GC(28) Old regions: 17->17
[2024-05-22T16:23:06.103+0530][gc,heap     ] GC(28) Archive regions: 2->2
[2024-05-22T16:23:06.103+0530][gc,heap     ] GC(28) Humongous regions: 129->129
[2024-05-22T16:23:06.103+0530][gc,metaspace] GC(28) Metaspace: 40774K(41216K)->40774K(41216K) NonClass: 36249K(36480K)->36249K(36480K) Class: 4525K(4736K)->4525K(4736K)
[2024-05-22T16:23:06.103+0530][gc          ] GC(28) Pause Young (Normal) (G1 Evacuation Pause) 760M->147M(1024M) 1.380ms
[2024-05-22T16:23:06.103+0530][gc,cpu      ] GC(28) User=0.00s Sys=0.01s Real=0.00s
[2024-05-22T16:23:08.141+0530][gc,start    ] GC(29) Pause Young (Normal) (G1 Evacuation Pause)
[2024-05-22T16:23:08.141+0530][gc,task     ] GC(29) Using 13 workers of 13 for evacuation
[2024-05-22T16:23:08.143+0530][gc,phases   ] GC(29)   Pre Evacuate Collection Set: 0.1ms
[2024-05-22T16:23:08.143+0530][gc,phases   ] GC(29)   Merge Heap Roots: 0.1ms
[2024-05-22T16:23:08.143+0530][gc,phases   ] GC(29)   Evacuate Collection Set: 0.4ms
[2024-05-22T16:23:08.143+0530][gc,phases   ] GC(29)   Post Evacuate Collection Set: 0.5ms
[2024-05-22T16:23:08.143+0530][gc,phases   ] GC(29)   Other: 0.1ms
[2024-05-22T16:23:08.143+0530][gc,heap     ] GC(29) Eden regions: 613->0(613)
[2024-05-22T16:23:08.143+0530][gc,heap     ] GC(29) Survivor regions: 1->1(77)
[2024-05-22T16:23:08.143+0530][gc,heap     ] GC(29) Old regions: 17->17
[2024-05-22T16:23:08.143+0530][gc,heap     ] GC(29) Archive regions: 2->2
[2024-05-22T16:23:08.143+0530][gc,heap     ] GC(29) Humongous regions: 129->129
[2024-05-22T16:23:08.143+0530][gc,metaspace] GC(29) Metaspace: 40774K(41216K)->40774K(41216K) NonClass: 36249K(36480K)->36249K(36480K) Class: 4525K(4736K)->4525K(4736K)
[2024-05-22T16:23:08.143+0530][gc          ] GC(29) Pause Young (Normal) (G1 Evacuation Pause) 760M->147M(1024M) 1.300ms
[2024-05-22T16:23:08.143+0530][gc,cpu      ] GC(29) User=0.01s Sys=0.00s Real=0.00s
[2024-05-22T16:23:10.226+0530][gc,start    ] GC(30) Pause Young (Normal) (G1 Evacuation Pause)
[2024-05-22T16:23:10.226+0530][gc,task     ] GC(30) Using 13 workers of 13 for evacuation
[2024-05-22T16:23:10.227+0530][gc,phases   ] GC(30)   Pre Evacuate Collection Set: 0.1ms
[2024-05-22T16:23:10.227+0530][gc,phases   ] GC(30)   Merge Heap Roots: 0.1ms
[2024-05-22T16:23:10.227+0530][gc,phases   ] GC(30)   Evacuate Collection Set: 0.4ms
[2024-05-22T16:23:10.227+0530][gc,phases   ] GC(30)   Post Evacuate Collection Set: 0.4ms
[2024-05-22T16:23:10.227+0530][gc,phases   ] GC(30)   Other: 0.2ms
[2024-05-22T16:23:10.227+0530][gc,heap     ] GC(30) Eden regions: 613->0(613)
[2024-05-22T16:23:10.227+0530][gc,heap     ] GC(30) Survivor regions: 1->1(77)
[2024-05-22T16:23:10.228+0530][gc,heap     ] GC(30) Old regions: 17->17
[2024-05-22T16:23:10.228+0530][gc,heap     ] GC(30) Archive regions: 2->2
[2024-05-22T16:23:10.228+0530][gc,heap     ] GC(30) Humongous regions: 129->129
[2024-05-22T16:23:10.228+0530][gc,metaspace] GC(30) Metaspace: 40791K(41280K)->40791K(41280K) NonClass: 36266K(36544K)->36266K(36544K) Class: 4525K(4736K)->4525K(4736K)
[2024-05-22T16:23:10.228+0530][gc          ] GC(30) Pause Young (Normal) (G1 Evacuation Pause) 760M->147M(1024M) 1.261ms
[2024-05-22T16:23:10.228+0530][gc,cpu      ] GC(30) User=0.00s Sys=0.01s Real=0.00s
[2024-05-22T16:23:12.271+0530][gc,start    ] GC(31) Pause Young (Normal) (G1 Evacuation Pause)
[2024-05-22T16:23:12.271+0530][gc,task     ] GC(31) Using 13 workers of 13 for evacuation
[2024-05-22T16:23:12.272+0530][gc,phases   ] GC(31)   Pre Evacuate Collection Set: 0.1ms
[2024-05-22T16:23:12.272+0530][gc,phases   ] GC(31)   Merge Heap Roots: 0.1ms
[2024-05-22T16:23:12.272+0530][gc,phases   ] GC(31)   Evacuate Collection Set: 0.5ms
[2024-05-22T16:23:12.272+0530][gc,phases   ] GC(31)   Post Evacuate Collection Set: 0.4ms
[2024-05-22T16:23:12.272+0530][gc,phases   ] GC(31)   Other: 0.2ms
[2024-05-22T16:23:12.272+0530][gc,heap     ] GC(31) Eden regions: 613->0(613)
[2024-05-22T16:23:12.272+0530][gc,heap     ] GC(31) Survivor regions: 1->1(77)
[2024-05-22T16:23:12.272+0530][gc,heap     ] GC(31) Old regions: 17->17
[2024-05-22T16:23:12.272+0530][gc,heap     ] GC(31) Archive regions: 2->2
[2024-05-22T16:23:12.272+0530][gc,heap     ] GC(31) Humongous regions: 129->129
[2024-05-22T16:23:12.272+0530][gc,metaspace] GC(31) Metaspace: 40791K(41280K)->40791K(41280K) NonClass: 36266K(36544K)->36266K(36544K) Class: 4525K(4736K)->4525K(4736K)
[2024-05-22T16:23:12.272+0530][gc          ] GC(31) Pause Young (Normal) (G1 Evacuation Pause) 760M->147M(1024M) 1.402ms
[2024-05-22T16:23:12.272+0530][gc,cpu      ] GC(31) User=0.00s Sys=0.00s Real=0.00s
[2024-05-22T16:23:14.290+0530][gc,start    ] GC(32) Pause Young (Normal) (G1 Evacuation Pause)
[2024-05-22T16:23:14.290+0530][gc,task     ] GC(32) Using 13 workers of 13 for evacuation
[2024-05-22T16:23:14.291+0530][gc,phases   ] GC(32)   Pre Evacuate Collection Set: 0.1ms
[2024-05-22T16:23:14.291+0530][gc,phases   ] GC(32)   Merge Heap Roots: 0.1ms
[2024-05-22T16:23:14.291+0530][gc,phases   ] GC(32)   Evacuate Collection Set: 0.5ms
[2024-05-22T16:23:14.291+0530][gc,phases   ] GC(32)   Post Evacuate Collection Set: 0.4ms
[2024-05-22T16:23:14.291+0530][gc,phases   ] GC(32)   Other: 0.1ms
[2024-05-22T16:23:14.291+0530][gc,heap     ] GC(32) Eden regions: 613->0(613)
[2024-05-22T16:23:14.291+0530][gc,heap     ] GC(32) Survivor regions: 1->1(77)
[2024-05-22T16:23:14.291+0530][gc,heap     ] GC(32) Old regions: 17->17
[2024-05-22T16:23:14.291+0530][gc,heap     ] GC(32) Archive regions: 2->2
[2024-05-22T16:23:14.291+0530][gc,heap     ] GC(32) Humongous regions: 129->129
[2024-05-22T16:23:14.291+0530][gc,metaspace] GC(32) Metaspace: 40791K(41280K)->40791K(41280K) NonClass: 36266K(36544K)->36266K(36544K) Class: 4525K(4736K)->4525K(4736K)
[2024-05-22T16:23:14.291+0530][gc          ] GC(32) Pause Young (Normal) (G1 Evacuation Pause) 760M->147M(1024M) 1.202ms
[2024-05-22T16:23:14.291+0530][gc,cpu      ] GC(32) User=0.00s Sys=0.00s Real=0.00s
[2024-05-22T16:23:16.284+0530][gc,start    ] GC(33) Pause Young (Normal) (G1 Evacuation Pause)
[2024-05-22T16:23:16.284+0530][gc,task     ] GC(33) Using 13 workers of 13 for evacuation
[2024-05-22T16:23:16.286+0530][gc,phases   ] GC(33)   Pre Evacuate Collection Set: 0.1ms
[2024-05-22T16:23:16.286+0530][gc,phases   ] GC(33)   Merge Heap Roots: 0.1ms
[2024-05-22T16:23:16.286+0530][gc,phases   ] GC(33)   Evacuate Collection Set: 0.5ms
[2024-05-22T16:23:16.286+0530][gc,phases   ] GC(33)   Post Evacuate Collection Set: 0.5ms
[2024-05-22T16:23:16.286+0530][gc,phases   ] GC(33)   Other: 0.2ms
[2024-05-22T16:23:16.286+0530][gc,heap     ] GC(33) Eden regions: 613->0(613)
[2024-05-22T16:23:16.286+0530][gc,heap     ] GC(33) Survivor regions: 1->1(77)
[2024-05-22T16:23:16.286+0530][gc,heap     ] GC(33) Old regions: 17->17
[2024-05-22T16:23:16.286+0530][gc,heap     ] GC(33) Archive regions: 2->2
[2024-05-22T16:23:16.286+0530][gc,heap     ] GC(33) Humongous regions: 129->129
[2024-05-22T16:23:16.286+0530][gc,metaspace] GC(33) Metaspace: 40791K(41280K)->40791K(41280K) NonClass: 36266K(36544K)->36266K(36544K) Class: 4525K(4736K)->4525K(4736K)
[2024-05-22T16:23:16.286+0530][gc          ] GC(33) Pause Young (Normal) (G1 Evacuation Pause) 760M->147M(1024M) 1.498ms
[2024-05-22T16:23:16.286+0530][gc,cpu      ] GC(33) User=0.00s Sys=0.01s Real=0.01s
[2024-05-22T16:23:18.334+0530][gc,start    ] GC(34) Pause Young (Normal) (G1 Evacuation Pause)
[2024-05-22T16:23:18.334+0530][gc,task     ] GC(34) Using 13 workers of 13 for evacuation
[2024-05-22T16:23:18.335+0530][gc,phases   ] GC(34)   Pre Evacuate Collection Set: 0.1ms
[2024-05-22T16:23:18.335+0530][gc,phases   ] GC(34)   Merge Heap Roots: 0.1ms
[2024-05-22T16:23:18.335+0530][gc,phases   ] GC(34)   Evacuate Collection Set: 0.4ms
[2024-05-22T16:23:18.335+0530][gc,phases   ] GC(34)   Post Evacuate Collection Set: 0.3ms
[2024-05-22T16:23:18.335+0530][gc,phases   ] GC(34)   Other: 0.1ms
[2024-05-22T16:23:18.335+0530][gc,heap     ] GC(34) Eden regions: 613->0(613)
[2024-05-22T16:23:18.335+0530][gc,heap     ] GC(34) Survivor regions: 1->1(77)
[2024-05-22T16:23:18.335+0530][gc,heap     ] GC(34) Old regions: 17->17
[2024-05-22T16:23:18.335+0530][gc,heap     ] GC(34) Archive regions: 2->2
[2024-05-22T16:23:18.335+0530][gc,heap     ] GC(34) Humongous regions: 129->129
[2024-05-22T16:23:18.335+0530][gc,metaspace] GC(34) Metaspace: 40793K(41280K)->40793K(41280K) NonClass: 36268K(36544K)->36268K(36544K) Class: 4525K(4736K)->4525K(4736K)
[2024-05-22T16:23:18.335+0530][gc          ] GC(34) Pause Young (Normal) (G1 Evacuation Pause) 760M->147M(1024M) 1.119ms
[2024-05-22T16:23:18.335+0530][gc,cpu      ] GC(34) User=0.01s Sys=0.00s Real=0.00s
[2024-05-22T16:23:20.351+0530][gc,start    ] GC(35) Pause Young (Normal) (G1 Evacuation Pause)
[2024-05-22T16:23:20.351+0530][gc,task     ] GC(35) Using 13 workers of 13 for evacuation
[2024-05-22T16:23:20.352+0530][gc,phases   ] GC(35)   Pre Evacuate Collection Set: 0.1ms
[2024-05-22T16:23:20.352+0530][gc,phases   ] GC(35)   Merge Heap Roots: 0.1ms
[2024-05-22T16:23:20.352+0530][gc,phases   ] GC(35)   Evacuate Collection Set: 0.5ms
[2024-05-22T16:23:20.352+0530][gc,phases   ] GC(35)   Post Evacuate Collection Set: 0.4ms
[2024-05-22T16:23:20.352+0530][gc,phases   ] GC(35)   Other: 0.1ms
[2024-05-22T16:23:20.352+0530][gc,heap     ] GC(35) Eden regions: 613->0(613)
[2024-05-22T16:23:20.352+0530][gc,heap     ] GC(35) Survivor regions: 1->1(77)
[2024-05-22T16:23:20.352+0530][gc,heap     ] GC(35) Old regions: 17->17
[2024-05-22T16:23:20.352+0530][gc,heap     ] GC(35) Archive regions: 2->2
[2024-05-22T16:23:20.352+0530][gc,heap     ] GC(35) Humongous regions: 129->129
[2024-05-22T16:23:20.352+0530][gc,metaspace] GC(35) Metaspace: 40793K(41280K)->40793K(41280K) NonClass: 36268K(36544K)->36268K(36544K) Class: 4525K(4736K)->4525K(4736K)
[2024-05-22T16:23:20.352+0530][gc          ] GC(35) Pause Young (Normal) (G1 Evacuation Pause) 760M->147M(1024M) 1.218ms
[2024-05-22T16:23:20.352+0530][gc,cpu      ] GC(35) User=0.01s Sys=0.00s Real=0.00s
[2024-05-22T16:23:22.352+0530][gc,start    ] GC(36) Pause Young (Normal) (G1 Evacuation Pause)
[2024-05-22T16:23:22.352+0530][gc,task     ] GC(36) Using 13 workers of 13 for evacuation
[2024-05-22T16:23:22.353+0530][gc,phases   ] GC(36)   Pre Evacuate Collection Set: 0.1ms
[2024-05-22T16:23:22.353+0530][gc,phases   ] GC(36)   Merge Heap Roots: 0.1ms
[2024-05-22T16:23:22.353+0530][gc,phases   ] GC(36)   Evacuate Collection Set: 0.4ms
[2024-05-22T16:23:22.353+0530][gc,phases   ] GC(36)   Post Evacuate Collection Set: 0.4ms
[2024-05-22T16:23:22.353+0530][gc,phases   ] GC(36)   Other: 0.1ms
[2024-05-22T16:23:22.353+0530][gc,heap     ] GC(36) Eden regions: 613->0(613)
[2024-05-22T16:23:22.353+0530][gc,heap     ] GC(36) Survivor regions: 1->1(77)
[2024-05-22T16:23:22.353+0530][gc,heap     ] GC(36) Old regions: 17->17
[2024-05-22T16:23:22.353+0530][gc,heap     ] GC(36) Archive regions: 2->2
[2024-05-22T16:23:22.353+0530][gc,heap     ] GC(36) Humongous regions: 129->129
[2024-05-22T16:23:22.353+0530][gc,metaspace] GC(36) Metaspace: 40793K(41280K)->40793K(41280K) NonClass: 36268K(36544K)->36268K(36544K) Class: 4525K(4736K)->4525K(4736K)
[2024-05-22T16:23:22.353+0530][gc          ] GC(36) Pause Young (Normal) (G1 Evacuation Pause) 760M->147M(1024M) 1.209ms
[2024-05-22T16:23:22.353+0530][gc,cpu      ] GC(36) User=0.00s Sys=0.00s Real=0.00s
[2024-05-22T16:23:24.631+0530][gc,start    ] GC(37) Pause Young (Normal) (G1 Evacuation Pause)
[2024-05-22T16:23:24.632+0530][gc,task     ] GC(37) Using 13 workers of 13 for evacuation
[2024-05-22T16:23:24.633+0530][gc,phases   ] GC(37)   Pre Evacuate Collection Set: 0.1ms
[2024-05-22T16:23:24.633+0530][gc,phases   ] GC(37)   Merge Heap Roots: 0.1ms
[2024-05-22T16:23:24.633+0530][gc,phases   ] GC(37)   Evacuate Collection Set: 0.6ms
[2024-05-22T16:23:24.633+0530][gc,phases   ] GC(37)   Post Evacuate Collection Set: 0.5ms
[2024-05-22T16:23:24.633+0530][gc,phases   ] GC(37)   Other: 0.2ms
[2024-05-22T16:23:24.633+0530][gc,heap     ] GC(37) Eden regions: 613->0(613)
[2024-05-22T16:23:24.633+0530][gc,heap     ] GC(37) Survivor regions: 1->1(77)
[2024-05-22T16:23:24.633+0530][gc,heap     ] GC(37) Old regions: 17->17
[2024-05-22T16:23:24.633+0530][gc,heap     ] GC(37) Archive regions: 2->2
[2024-05-22T16:23:24.633+0530][gc,heap     ] GC(37) Humongous regions: 129->129
[2024-05-22T16:23:24.633+0530][gc,metaspace] GC(37) Metaspace: 40798K(41280K)->40798K(41280K) NonClass: 36273K(36544K)->36273K(36544K) Class: 4525K(4736K)->4525K(4736K)
[2024-05-22T16:23:24.633+0530][gc          ] GC(37) Pause Young (Normal) (G1 Evacuation Pause) 760M->147M(1024M) 1.582ms
[2024-05-22T16:23:24.633+0530][gc,cpu      ] GC(37) User=0.01s Sys=0.01s Real=0.00s
[2024-05-22T16:23:26.704+0530][gc,start    ] GC(38) Pause Young (Normal) (G1 Evacuation Pause)
[2024-05-22T16:23:26.704+0530][gc,task     ] GC(38) Using 13 workers of 13 for evacuation
[2024-05-22T16:23:26.705+0530][gc,phases   ] GC(38)   Pre Evacuate Collection Set: 0.1ms
[2024-05-22T16:23:26.705+0530][gc,phases   ] GC(38)   Merge Heap Roots: 0.1ms
[2024-05-22T16:23:26.705+0530][gc,phases   ] GC(38)   Evacuate Collection Set: 0.4ms
[2024-05-22T16:23:26.705+0530][gc,phases   ] GC(38)   Post Evacuate Collection Set: 0.3ms
[2024-05-22T16:23:26.705+0530][gc,phases   ] GC(38)   Other: 0.1ms
[2024-05-22T16:23:26.705+0530][gc,heap     ] GC(38) Eden regions: 613->0(613)
[2024-05-22T16:23:26.705+0530][gc,heap     ] GC(38) Survivor regions: 1->1(77)
[2024-05-22T16:23:26.705+0530][gc,heap     ] GC(38) Old regions: 17->17
[2024-05-22T16:23:26.705+0530][gc,heap     ] GC(38) Archive regions: 2->2
[2024-05-22T16:23:26.705+0530][gc,heap     ] GC(38) Humongous regions: 129->129
[2024-05-22T16:23:26.705+0530][gc,metaspace] GC(38) Metaspace: 40798K(41280K)->40798K(41280K) NonClass: 36273K(36544K)->36273K(36544K) Class: 4525K(4736K)->4525K(4736K)
[2024-05-22T16:23:26.705+0530][gc          ] GC(38) Pause Young (Normal) (G1 Evacuation Pause) 760M->147M(1024M) 1.081ms
[2024-05-22T16:23:26.705+0530][gc,cpu      ] GC(38) User=0.01s Sys=0.01s Real=0.00s
[2024-05-22T16:23:28.818+0530][gc,start    ] GC(39) Pause Young (Normal) (G1 Evacuation Pause)
[2024-05-22T16:23:28.818+0530][gc,task     ] GC(39) Using 13 workers of 13 for evacuation
[2024-05-22T16:23:28.819+0530][gc,phases   ] GC(39)   Pre Evacuate Collection Set: 0.2ms
[2024-05-22T16:23:28.819+0530][gc,phases   ] GC(39)   Merge Heap Roots: 0.1ms
[2024-05-22T16:23:28.819+0530][gc,phases   ] GC(39)   Evacuate Collection Set: 0.8ms
[2024-05-22T16:23:28.819+0530][gc,phases   ] GC(39)   Post Evacuate Collection Set: 0.5ms
[2024-05-22T16:23:28.819+0530][gc,phases   ] GC(39)   Other: 0.2ms
[2024-05-22T16:23:28.819+0530][gc,heap     ] GC(39) Eden regions: 613->0(612)
[2024-05-22T16:23:28.819+0530][gc,heap     ] GC(39) Survivor regions: 1->2(77)
[2024-05-22T16:23:28.819+0530][gc,heap     ] GC(39) Old regions: 17->18
[2024-05-22T16:23:28.819+0530][gc,heap     ] GC(39) Archive regions: 2->2
[2024-05-22T16:23:28.819+0530][gc,heap     ] GC(39) Humongous regions: 129->129
[2024-05-22T16:23:28.819+0530][gc,metaspace] GC(39) Metaspace: 41243K(41728K)->41243K(41728K) NonClass: 36634K(36864K)->36634K(36864K) Class: 4608K(4864K)->4608K(4864K)
[2024-05-22T16:23:28.819+0530][gc          ] GC(39) Pause Young (Normal) (G1 Evacuation Pause) 760M->148M(1024M) 1.919ms
[2024-05-22T16:23:28.819+0530][gc,cpu      ] GC(39) User=0.01s Sys=0.00s Real=0.01s
[2024-05-22T16:23:31.082+0530][gc,start    ] GC(40) Pause Young (Normal) (G1 Evacuation Pause)
[2024-05-22T16:23:31.082+0530][gc,task     ] GC(40) Using 13 workers of 13 for evacuation
[2024-05-22T16:23:31.083+0530][gc,phases   ] GC(40)   Pre Evacuate Collection Set: 0.1ms
[2024-05-22T16:23:31.083+0530][gc,phases   ] GC(40)   Merge Heap Roots: 0.1ms
[2024-05-22T16:23:31.083+0530][gc,phases   ] GC(40)   Evacuate Collection Set: 0.5ms
[2024-05-22T16:23:31.083+0530][gc,phases   ] GC(40)   Post Evacuate Collection Set: 0.3ms
[2024-05-22T16:23:31.083+0530][gc,phases   ] GC(40)   Other: 0.1ms
[2024-05-22T16:23:31.083+0530][gc,heap     ] GC(40) Eden regions: 612->0(612)
[2024-05-22T16:23:31.083+0530][gc,heap     ] GC(40) Survivor regions: 2->2(77)
[2024-05-22T16:23:31.083+0530][gc,heap     ] GC(40) Old regions: 18->18
[2024-05-22T16:23:31.083+0530][gc,heap     ] GC(40) Archive regions: 2->2
[2024-05-22T16:23:31.083+0530][gc,heap     ] GC(40) Humongous regions: 129->129
[2024-05-22T16:23:31.083+0530][gc,metaspace] GC(40) Metaspace: 41243K(41728K)->41243K(41728K) NonClass: 36634K(36864K)->36634K(36864K) Class: 4608K(4864K)->4608K(4864K)
[2024-05-22T16:23:31.083+0530][gc          ] GC(40) Pause Young (Normal) (G1 Evacuation Pause) 760M->148M(1024M) 1.279ms
[2024-05-22T16:23:31.083+0530][gc,cpu      ] GC(40) User=0.00s Sys=0.01s Real=0.00s
[2024-05-22T16:23:33.263+0530][gc,start    ] GC(41) Pause Young (Normal) (G1 Evacuation Pause)
[2024-05-22T16:23:33.263+0530][gc,task     ] GC(41) Using 13 workers of 13 for evacuation
[2024-05-22T16:23:33.264+0530][gc,phases   ] GC(41)   Pre Evacuate Collection Set: 0.1ms
[2024-05-22T16:23:33.264+0530][gc,phases   ] GC(41)   Merge Heap Roots: 0.1ms
[2024-05-22T16:23:33.264+0530][gc,phases   ] GC(41)   Evacuate Collection Set: 0.6ms
[2024-05-22T16:23:33.264+0530][gc,phases   ] GC(41)   Post Evacuate Collection Set: 0.4ms
[2024-05-22T16:23:33.264+0530][gc,phases   ] GC(41)   Other: 0.1ms
[2024-05-22T16:23:33.264+0530][gc,heap     ] GC(41) Eden regions: 612->0(612)
[2024-05-22T16:23:33.264+0530][gc,heap     ] GC(41) Survivor regions: 2->2(77)
[2024-05-22T16:23:33.264+0530][gc,heap     ] GC(41) Old regions: 18->18
[2024-05-22T16:23:33.264+0530][gc,heap     ] GC(41) Archive regions: 2->2
[2024-05-22T16:23:33.264+0530][gc,heap     ] GC(41) Humongous regions: 129->129
[2024-05-22T16:23:33.265+0530][gc,metaspace] GC(41) Metaspace: 41243K(41728K)->41243K(41728K) NonClass: 36634K(36864K)->36634K(36864K) Class: 4608K(4864K)->4608K(4864K)
[2024-05-22T16:23:33.265+0530][gc          ] GC(41) Pause Young (Normal) (G1 Evacuation Pause) 760M->148M(1024M) 1.398ms
[2024-05-22T16:23:33.265+0530][gc,cpu      ] GC(41) User=0.00s Sys=0.01s Real=0.00s
[2024-05-22T16:23:35.331+0530][gc,start    ] GC(42) Pause Young (Normal) (G1 Evacuation Pause)
[2024-05-22T16:23:35.332+0530][gc,task     ] GC(42) Using 13 workers of 13 for evacuation
[2024-05-22T16:23:35.333+0530][gc,phases   ] GC(42)   Pre Evacuate Collection Set: 0.1ms
[2024-05-22T16:23:35.333+0530][gc,phases   ] GC(42)   Merge Heap Roots: 0.1ms
[2024-05-22T16:23:35.333+0530][gc,phases   ] GC(42)   Evacuate Collection Set: 0.5ms
[2024-05-22T16:23:35.333+0530][gc,phases   ] GC(42)   Post Evacuate Collection Set: 0.3ms
[2024-05-22T16:23:35.333+0530][gc,phases   ] GC(42)   Other: 0.1ms
[2024-05-22T16:23:35.333+0530][gc,heap     ] GC(42) Eden regions: 612->0(612)
[2024-05-22T16:23:35.333+0530][gc,heap     ] GC(42) Survivor regions: 2->2(77)
[2024-05-22T16:23:35.333+0530][gc,heap     ] GC(42) Old regions: 18->18
[2024-05-22T16:23:35.333+0530][gc,heap     ] GC(42) Archive regions: 2->2
[2024-05-22T16:23:35.333+0530][gc,heap     ] GC(42) Humongous regions: 129->129
[2024-05-22T16:23:35.333+0530][gc,metaspace] GC(42) Metaspace: 41243K(41728K)->41243K(41728K) NonClass: 36634K(36864K)->36634K(36864K) Class: 4608K(4864K)->4608K(4864K)
[2024-05-22T16:23:35.333+0530][gc          ] GC(42) Pause Young (Normal) (G1 Evacuation Pause) 760M->148M(1024M) 1.237ms
[2024-05-22T16:23:35.333+0530][gc,cpu      ] GC(42) User=0.01s Sys=0.00s Real=0.00s
[2024-05-22T16:23:37.405+0530][gc,start    ] GC(43) Pause Young (Normal) (G1 Evacuation Pause)
[2024-05-22T16:23:37.405+0530][gc,task     ] GC(43) Using 13 workers of 13 for evacuation
[2024-05-22T16:23:37.406+0530][gc,phases   ] GC(43)   Pre Evacuate Collection Set: 0.1ms
[2024-05-22T16:23:37.406+0530][gc,phases   ] GC(43)   Merge Heap Roots: 0.1ms
[2024-05-22T16:23:37.406+0530][gc,phases   ] GC(43)   Evacuate Collection Set: 0.6ms
[2024-05-22T16:23:37.406+0530][gc,phases   ] GC(43)   Post Evacuate Collection Set: 0.4ms
[2024-05-22T16:23:37.406+0530][gc,phases   ] GC(43)   Other: 0.1ms
[2024-05-22T16:23:37.406+0530][gc,heap     ] GC(43) Eden regions: 612->0(612)
[2024-05-22T16:23:37.406+0530][gc,heap     ] GC(43) Survivor regions: 2->2(77)
[2024-05-22T16:23:37.406+0530][gc,heap     ] GC(43) Old regions: 18->18
[2024-05-22T16:23:37.406+0530][gc,heap     ] GC(43) Archive regions: 2->2
[2024-05-22T16:23:37.406+0530][gc,heap     ] GC(43) Humongous regions: 129->129
[2024-05-22T16:23:37.406+0530][gc,metaspace] GC(43) Metaspace: 41243K(41728K)->41243K(41728K) NonClass: 36634K(36864K)->36634K(36864K) Class: 4608K(4864K)->4608K(4864K)
[2024-05-22T16:23:37.406+0530][gc          ] GC(43) Pause Young (Normal) (G1 Evacuation Pause) 760M->148M(1024M) 1.439ms
[2024-05-22T16:23:37.406+0530][gc,cpu      ] GC(43) User=0.01s Sys=0.00s Real=0.01s
[2024-05-22T16:23:39.587+0530][gc,start    ] GC(44) Pause Young (Normal) (G1 Evacuation Pause)
[2024-05-22T16:23:39.587+0530][gc,task     ] GC(44) Using 13 workers of 13 for evacuation
[2024-05-22T16:23:39.588+0530][gc,phases   ] GC(44)   Pre Evacuate Collection Set: 0.2ms
[2024-05-22T16:23:39.588+0530][gc,phases   ] GC(44)   Merge Heap Roots: 0.1ms
[2024-05-22T16:23:39.588+0530][gc,phases   ] GC(44)   Evacuate Collection Set: 0.8ms
[2024-05-22T16:23:39.588+0530][gc,phases   ] GC(44)   Post Evacuate Collection Set: 0.5ms
[2024-05-22T16:23:39.588+0530][gc,phases   ] GC(44)   Other: 0.2ms
[2024-05-22T16:23:39.588+0530][gc,heap     ] GC(44) Eden regions: 612->0(613)
[2024-05-22T16:23:39.588+0530][gc,heap     ] GC(44) Survivor regions: 2->1(77)
[2024-05-22T16:23:39.588+0530][gc,heap     ] GC(44) Old regions: 18->18
[2024-05-22T16:23:39.588+0530][gc,heap     ] GC(44) Archive regions: 2->2
[2024-05-22T16:23:39.588+0530][gc,heap     ] GC(44) Humongous regions: 129->129
[2024-05-22T16:23:39.588+0530][gc,metaspace] GC(44) Metaspace: 41244K(41728K)->41244K(41728K) NonClass: 36635K(36864K)->36635K(36864K) Class: 4608K(4864K)->4608K(4864K)
[2024-05-22T16:23:39.588+0530][gc          ] GC(44) Pause Young (Normal) (G1 Evacuation Pause) 760M->148M(1024M) 1.897ms
[2024-05-22T16:23:39.588+0530][gc,cpu      ] GC(44) User=0.01s Sys=0.00s Real=0.00s
[2024-05-22T16:23:41.741+0530][gc,start    ] GC(45) Pause Young (Normal) (G1 Evacuation Pause)
[2024-05-22T16:23:41.741+0530][gc,task     ] GC(45) Using 13 workers of 13 for evacuation
[2024-05-22T16:23:41.742+0530][gc,phases   ] GC(45)   Pre Evacuate Collection Set: 0.1ms
[2024-05-22T16:23:41.742+0530][gc,phases   ] GC(45)   Merge Heap Roots: 0.1ms
[2024-05-22T16:23:41.742+0530][gc,phases   ] GC(45)   Evacuate Collection Set: 0.5ms
[2024-05-22T16:23:41.742+0530][gc,phases   ] GC(45)   Post Evacuate Collection Set: 0.3ms
[2024-05-22T16:23:41.742+0530][gc,phases   ] GC(45)   Other: 0.1ms
[2024-05-22T16:23:41.742+0530][gc,heap     ] GC(45) Eden regions: 613->0(613)
[2024-05-22T16:23:41.742+0530][gc,heap     ] GC(45) Survivor regions: 1->1(77)
[2024-05-22T16:23:41.742+0530][gc,heap     ] GC(45) Old regions: 18->18
[2024-05-22T16:23:41.742+0530][gc,heap     ] GC(45) Archive regions: 2->2
[2024-05-22T16:23:41.742+0530][gc,heap     ] GC(45) Humongous regions: 129->129
[2024-05-22T16:23:41.742+0530][gc,metaspace] GC(45) Metaspace: 41244K(41728K)->41244K(41728K) NonClass: 36635K(36864K)->36635K(36864K) Class: 4608K(4864K)->4608K(4864K)
[2024-05-22T16:23:41.742+0530][gc          ] GC(45) Pause Young (Normal) (G1 Evacuation Pause) 761M->148M(1024M) 1.159ms
[2024-05-22T16:23:41.742+0530][gc,cpu      ] GC(45) User=0.01s Sys=0.00s Real=0.00s
[2024-05-22T16:23:43.877+0530][gc,start    ] GC(46) Pause Young (Normal) (G1 Evacuation Pause)
[2024-05-22T16:23:43.877+0530][gc,task     ] GC(46) Using 13 workers of 13 for evacuation
[2024-05-22T16:23:43.878+0530][gc,phases   ] GC(46)   Pre Evacuate Collection Set: 0.1ms
[2024-05-22T16:23:43.878+0530][gc,phases   ] GC(46)   Merge Heap Roots: 0.1ms
[2024-05-22T16:23:43.878+0530][gc,phases   ] GC(46)   Evacuate Collection Set: 0.6ms
[2024-05-22T16:23:43.878+0530][gc,phases   ] GC(46)   Post Evacuate Collection Set: 0.4ms
[2024-05-22T16:23:43.878+0530][gc,phases   ] GC(46)   Other: 0.1ms
[2024-05-22T16:23:43.878+0530][gc,heap     ] GC(46) Eden regions: 613->0(613)
[2024-05-22T16:23:43.878+0530][gc,heap     ] GC(46) Survivor regions: 1->1(77)
[2024-05-22T16:23:43.878+0530][gc,heap     ] GC(46) Old regions: 18->18
[2024-05-22T16:23:43.878+0530][gc,heap     ] GC(46) Archive regions: 2->2
[2024-05-22T16:23:43.878+0530][gc,heap     ] GC(46) Humongous regions: 129->129
[2024-05-22T16:23:43.878+0530][gc,metaspace] GC(46) Metaspace: 41244K(41728K)->41244K(41728K) NonClass: 36635K(36864K)->36635K(36864K) Class: 4608K(4864K)->4608K(4864K)
[2024-05-22T16:23:43.878+0530][gc          ] GC(46) Pause Young (Normal) (G1 Evacuation Pause) 761M->148M(1024M) 1.442ms
[2024-05-22T16:23:43.878+0530][gc,cpu      ] GC(46) User=0.01s Sys=0.00s Real=0.01s
[2024-05-22T16:23:46.273+0530][gc,start    ] GC(47) Pause Young (Normal) (G1 Evacuation Pause)
[2024-05-22T16:23:46.273+0530][gc,task     ] GC(47) Using 13 workers of 13 for evacuation
[2024-05-22T16:23:46.274+0530][gc,phases   ] GC(47)   Pre Evacuate Collection Set: 0.1ms
[2024-05-22T16:23:46.275+0530][gc,phases   ] GC(47)   Merge Heap Roots: 0.1ms
[2024-05-22T16:23:46.275+0530][gc,phases   ] GC(47)   Evacuate Collection Set: 0.6ms
[2024-05-22T16:23:46.275+0530][gc,phases   ] GC(47)   Post Evacuate Collection Set: 0.4ms
[2024-05-22T16:23:46.275+0530][gc,phases   ] GC(47)   Other: 0.1ms
[2024-05-22T16:23:46.275+0530][gc,heap     ] GC(47) Eden regions: 613->0(613)
[2024-05-22T16:23:46.275+0530][gc,heap     ] GC(47) Survivor regions: 1->1(77)
[2024-05-22T16:23:46.275+0530][gc,heap     ] GC(47) Old regions: 18->18
[2024-05-22T16:23:46.275+0530][gc,heap     ] GC(47) Archive regions: 2->2
[2024-05-22T16:23:46.275+0530][gc,heap     ] GC(47) Humongous regions: 129->129
[2024-05-22T16:23:46.275+0530][gc,metaspace] GC(47) Metaspace: 41262K(41792K)->41262K(41792K) NonClass: 36653K(36928K)->36653K(36928K) Class: 4608K(4864K)->4608K(4864K)
[2024-05-22T16:23:46.275+0530][gc          ] GC(47) Pause Young (Normal) (G1 Evacuation Pause) 761M->148M(1024M) 1.355ms
[2024-05-22T16:23:46.275+0530][gc,cpu      ] GC(47) User=0.01s Sys=0.00s Real=0.00s
[2024-05-22T16:23:48.595+0530][gc,start    ] GC(48) Pause Young (Normal) (G1 Evacuation Pause)
[2024-05-22T16:23:48.595+0530][gc,task     ] GC(48) Using 13 workers of 13 for evacuation
[2024-05-22T16:23:48.596+0530][gc,phases   ] GC(48)   Pre Evacuate Collection Set: 0.1ms
[2024-05-22T16:23:48.596+0530][gc,phases   ] GC(48)   Merge Heap Roots: 0.1ms
[2024-05-22T16:23:48.596+0530][gc,phases   ] GC(48)   Evacuate Collection Set: 0.5ms
[2024-05-22T16:23:48.596+0530][gc,phases   ] GC(48)   Post Evacuate Collection Set: 0.4ms
[2024-05-22T16:23:48.596+0530][gc,phases   ] GC(48)   Other: 0.1ms
[2024-05-22T16:23:48.596+0530][gc,heap     ] GC(48) Eden regions: 613->0(613)
[2024-05-22T16:23:48.596+0530][gc,heap     ] GC(48) Survivor regions: 1->1(77)
[2024-05-22T16:23:48.596+0530][gc,heap     ] GC(48) Old regions: 18->18
[2024-05-22T16:23:48.596+0530][gc,heap     ] GC(48) Archive regions: 2->2
[2024-05-22T16:23:48.596+0530][gc,heap     ] GC(48) Humongous regions: 129->129
[2024-05-22T16:23:48.596+0530][gc,metaspace] GC(48) Metaspace: 41262K(41792K)->41262K(41792K) NonClass: 36653K(36928K)->36653K(36928K) Class: 4608K(4864K)->4608K(4864K)
[2024-05-22T16:23:48.596+0530][gc          ] GC(48) Pause Young (Normal) (G1 Evacuation Pause) 761M->148M(1024M) 1.238ms
[2024-05-22T16:23:48.596+0530][gc,cpu      ] GC(48) User=0.00s Sys=0.00s Real=0.00s
[2024-05-22T16:23:50.956+0530][gc,start    ] GC(49) Pause Young (Normal) (G1 Evacuation Pause)
[2024-05-22T16:23:50.956+0530][gc,task     ] GC(49) Using 13 workers of 13 for evacuation
[2024-05-22T16:23:50.958+0530][gc,phases   ] GC(49)   Pre Evacuate Collection Set: 0.2ms
[2024-05-22T16:23:50.958+0530][gc,phases   ] GC(49)   Merge Heap Roots: 0.1ms
[2024-05-22T16:23:50.958+0530][gc,phases   ] GC(49)   Evacuate Collection Set: 0.7ms
[2024-05-22T16:23:50.958+0530][gc,phases   ] GC(49)   Post Evacuate Collection Set: 0.5ms
[2024-05-22T16:23:50.958+0530][gc,phases   ] GC(49)   Other: 0.2ms
[2024-05-22T16:23:50.958+0530][gc,heap     ] GC(49) Eden regions: 613->0(613)
[2024-05-22T16:23:50.958+0530][gc,heap     ] GC(49) Survivor regions: 1->1(77)
[2024-05-22T16:23:50.958+0530][gc,heap     ] GC(49) Old regions: 18->18
[2024-05-22T16:23:50.958+0530][gc,heap     ] GC(49) Archive regions: 2->2
[2024-05-22T16:23:50.958+0530][gc,heap     ] GC(49) Humongous regions: 129->129
[2024-05-22T16:23:50.958+0530][gc,metaspace] GC(49) Metaspace: 41262K(41792K)->41262K(41792K) NonClass: 36653K(36928K)->36653K(36928K) Class: 4608K(4864K)->4608K(4864K)
[2024-05-22T16:23:50.958+0530][gc          ] GC(49) Pause Young (Normal) (G1 Evacuation Pause) 761M->148M(1024M) 1.800ms
[2024-05-22T16:23:50.958+0530][gc,cpu      ] GC(49) User=0.01s Sys=0.00s Real=0.01s
[2024-05-22T16:23:52.970+0530][gc,start    ] GC(50) Pause Young (Normal) (G1 Evacuation Pause)
[2024-05-22T16:23:52.970+0530][gc,task     ] GC(50) Using 13 workers of 13 for evacuation
[2024-05-22T16:23:52.972+0530][gc,phases   ] GC(50)   Pre Evacuate Collection Set: 0.1ms
[2024-05-22T16:23:52.972+0530][gc,phases   ] GC(50)   Merge Heap Roots: 0.1ms
[2024-05-22T16:23:52.972+0530][gc,phases   ] GC(50)   Evacuate Collection Set: 0.8ms
[2024-05-22T16:23:52.972+0530][gc,phases   ] GC(50)   Post Evacuate Collection Set: 0.4ms
[2024-05-22T16:23:52.972+0530][gc,phases   ] GC(50)   Other: 0.1ms
[2024-05-22T16:23:52.972+0530][gc,heap     ] GC(50) Eden regions: 613->0(613)
[2024-05-22T16:23:52.972+0530][gc,heap     ] GC(50) Survivor regions: 1->1(77)
[2024-05-22T16:23:52.972+0530][gc,heap     ] GC(50) Old regions: 18->18
[2024-05-22T16:23:52.972+0530][gc,heap     ] GC(50) Archive regions: 2->2
[2024-05-22T16:23:52.972+0530][gc,heap     ] GC(50) Humongous regions: 129->129
[2024-05-22T16:23:52.972+0530][gc,metaspace] GC(50) Metaspace: 41262K(41792K)->41262K(41792K) NonClass: 36653K(36928K)->36653K(36928K) Class: 4608K(4864K)->4608K(4864K)
[2024-05-22T16:23:52.972+0530][gc          ] GC(50) Pause Young (Normal) (G1 Evacuation Pause) 761M->148M(1024M) 1.591ms
[2024-05-22T16:23:52.972+0530][gc,cpu      ] GC(50) User=0.00s Sys=0.00s Real=0.00s
[2024-05-22T16:23:54.936+0530][gc,start    ] GC(51) Pause Young (Normal) (G1 Evacuation Pause)
[2024-05-22T16:23:54.936+0530][gc,task     ] GC(51) Using 13 workers of 13 for evacuation
[2024-05-22T16:23:54.937+0530][gc,phases   ] GC(51)   Pre Evacuate Collection Set: 0.1ms
[2024-05-22T16:23:54.937+0530][gc,phases   ] GC(51)   Merge Heap Roots: 0.1ms
[2024-05-22T16:23:54.937+0530][gc,phases   ] GC(51)   Evacuate Collection Set: 0.7ms
[2024-05-22T16:23:54.937+0530][gc,phases   ] GC(51)   Post Evacuate Collection Set: 0.3ms
[2024-05-22T16:23:54.937+0530][gc,phases   ] GC(51)   Other: 0.1ms
[2024-05-22T16:23:54.937+0530][gc,heap     ] GC(51) Eden regions: 613->0(613)
[2024-05-22T16:23:54.937+0530][gc,heap     ] GC(51) Survivor regions: 1->1(77)
[2024-05-22T16:23:54.937+0530][gc,heap     ] GC(51) Old regions: 18->18
[2024-05-22T16:23:54.937+0530][gc,heap     ] GC(51) Archive regions: 2->2
[2024-05-22T16:23:54.937+0530][gc,heap     ] GC(51) Humongous regions: 129->129
[2024-05-22T16:23:54.937+0530][gc,metaspace] GC(51) Metaspace: 41262K(41792K)->41262K(41792K) NonClass: 36653K(36928K)->36653K(36928K) Class: 4608K(4864K)->4608K(4864K)
[2024-05-22T16:23:54.937+0530][gc          ] GC(51) Pause Young (Normal) (G1 Evacuation Pause) 761M->148M(1024M) 1.473ms
[2024-05-22T16:23:54.937+0530][gc,cpu      ] GC(51) User=0.01s Sys=0.00s Real=0.00s
[2024-05-22T16:23:56.999+0530][gc,start    ] GC(52) Pause Young (Normal) (G1 Evacuation Pause)
[2024-05-22T16:23:56.999+0530][gc,task     ] GC(52) Using 13 workers of 13 for evacuation
[2024-05-22T16:23:57.001+0530][gc,phases   ] GC(52)   Pre Evacuate Collection Set: 0.2ms
[2024-05-22T16:23:57.001+0530][gc,phases   ] GC(52)   Merge Heap Roots: 0.1ms
[2024-05-22T16:23:57.001+0530][gc,phases   ] GC(52)   Evacuate Collection Set: 1.4ms
[2024-05-22T16:23:57.001+0530][gc,phases   ] GC(52)   Post Evacuate Collection Set: 0.4ms
[2024-05-22T16:23:57.001+0530][gc,phases   ] GC(52)   Other: 0.2ms
[2024-05-22T16:23:57.001+0530][gc,heap     ] GC(52) Eden regions: 613->0(613)
[2024-05-22T16:23:57.001+0530][gc,heap     ] GC(52) Survivor regions: 1->1(77)
[2024-05-22T16:23:57.001+0530][gc,heap     ] GC(52) Old regions: 18->18
[2024-05-22T16:23:57.001+0530][gc,heap     ] GC(52) Archive regions: 2->2
[2024-05-22T16:23:57.001+0530][gc,heap     ] GC(52) Humongous regions: 129->129
[2024-05-22T16:23:57.001+0530][gc,metaspace] GC(52) Metaspace: 41262K(41792K)->41262K(41792K) NonClass: 36653K(36928K)->36653K(36928K) Class: 4608K(4864K)->4608K(4864K)
[2024-05-22T16:23:57.001+0530][gc          ] GC(52) Pause Young (Normal) (G1 Evacuation Pause) 761M->148M(1024M) 2.236ms
[2024-05-22T16:23:57.001+0530][gc,cpu      ] GC(52) User=0.00s Sys=0.00s Real=0.00s
[2024-05-22T16:23:59.020+0530][gc,start    ] GC(53) Pause Young (Normal) (G1 Evacuation Pause)
[2024-05-22T16:23:59.020+0530][gc,task     ] GC(53) Using 13 workers of 13 for evacuation
[2024-05-22T16:23:59.022+0530][gc,phases   ] GC(53)   Pre Evacuate Collection Set: 0.2ms
[2024-05-22T16:23:59.023+0530][gc,phases   ] GC(53)   Merge Heap Roots: 0.1ms
[2024-05-22T16:23:59.023+0530][gc,phases   ] GC(53)   Evacuate Collection Set: 1.0ms
[2024-05-22T16:23:59.023+0530][gc,phases   ] GC(53)   Post Evacuate Collection Set: 0.7ms
[2024-05-22T16:23:59.023+0530][gc,phases   ] GC(53)   Other: 0.2ms
[2024-05-22T16:23:59.023+0530][gc,heap     ] GC(53) Eden regions: 613->0(613)
[2024-05-22T16:23:59.023+0530][gc,heap     ] GC(53) Survivor regions: 1->1(77)
[2024-05-22T16:23:59.023+0530][gc,heap     ] GC(53) Old regions: 18->18
[2024-05-22T16:23:59.023+0530][gc,heap     ] GC(53) Archive regions: 2->2
[2024-05-22T16:23:59.023+0530][gc,heap     ] GC(53) Humongous regions: 129->129
[2024-05-22T16:23:59.023+0530][gc,metaspace] GC(53) Metaspace: 41262K(41792K)->41262K(41792K) NonClass: 36653K(36928K)->36653K(36928K) Class: 4608K(4864K)->4608K(4864K)
[2024-05-22T16:23:59.023+0530][gc          ] GC(53) Pause Young (Normal) (G1 Evacuation Pause) 761M->148M(1024M) 2.202ms
[2024-05-22T16:23:59.023+0530][gc,cpu      ] GC(53) User=0.01s Sys=0.00s Real=0.00s
[2024-05-22T16:24:01.047+0530][gc,start    ] GC(54) Pause Young (Normal) (G1 Evacuation Pause)
[2024-05-22T16:24:01.047+0530][gc,task     ] GC(54) Using 13 workers of 13 for evacuation
[2024-05-22T16:24:01.049+0530][gc,phases   ] GC(54)   Pre Evacuate Collection Set: 0.1ms
[2024-05-22T16:24:01.049+0530][gc,phases   ] GC(54)   Merge Heap Roots: 0.1ms
[2024-05-22T16:24:01.049+0530][gc,phases   ] GC(54)   Evacuate Collection Set: 0.5ms
[2024-05-22T16:24:01.049+0530][gc,phases   ] GC(54)   Post Evacuate Collection Set: 0.3ms
[2024-05-22T16:24:01.049+0530][gc,phases   ] GC(54)   Other: 0.1ms
[2024-05-22T16:24:01.049+0530][gc,heap     ] GC(54) Eden regions: 613->0(613)
[2024-05-22T16:24:01.049+0530][gc,heap     ] GC(54) Survivor regions: 1->1(77)
[2024-05-22T16:24:01.049+0530][gc,heap     ] GC(54) Old regions: 18->19
[2024-05-22T16:24:01.049+0530][gc,heap     ] GC(54) Archive regions: 2->2
[2024-05-22T16:24:01.049+0530][gc,heap     ] GC(54) Humongous regions: 129->129
[2024-05-22T16:24:01.049+0530][gc,metaspace] GC(54) Metaspace: 41263K(41792K)->41263K(41792K) NonClass: 36654K(36928K)->36654K(36928K) Class: 4608K(4864K)->4608K(4864K)
[2024-05-22T16:24:01.049+0530][gc          ] GC(54) Pause Young (Normal) (G1 Evacuation Pause) 761M->148M(1024M) 1.223ms
[2024-05-22T16:24:01.049+0530][gc,cpu      ] GC(54) User=0.01s Sys=0.00s Real=0.00s
[2024-05-22T16:24:03.069+0530][gc,start    ] GC(55) Pause Young (Normal) (G1 Evacuation Pause)
[2024-05-22T16:24:03.069+0530][gc,task     ] GC(55) Using 13 workers of 13 for evacuation
[2024-05-22T16:24:03.071+0530][gc,phases   ] GC(55)   Pre Evacuate Collection Set: 0.1ms
[2024-05-22T16:24:03.071+0530][gc,phases   ] GC(55)   Merge Heap Roots: 0.1ms
[2024-05-22T16:24:03.071+0530][gc,phases   ] GC(55)   Evacuate Collection Set: 0.5ms
[2024-05-22T16:24:03.071+0530][gc,phases   ] GC(55)   Post Evacuate Collection Set: 0.4ms
[2024-05-22T16:24:03.071+0530][gc,phases   ] GC(55)   Other: 0.1ms
[2024-05-22T16:24:03.071+0530][gc,heap     ] GC(55) Eden regions: 613->0(613)
[2024-05-22T16:24:03.071+0530][gc,heap     ] GC(55) Survivor regions: 1->1(77)
[2024-05-22T16:24:03.071+0530][gc,heap     ] GC(55) Old regions: 19->19
[2024-05-22T16:24:03.071+0530][gc,heap     ] GC(55) Archive regions: 2->2
[2024-05-22T16:24:03.071+0530][gc,heap     ] GC(55) Humongous regions: 129->129
[2024-05-22T16:24:03.071+0530][gc,metaspace] GC(55) Metaspace: 41263K(41792K)->41263K(41792K) NonClass: 36654K(36928K)->36654K(36928K) Class: 4608K(4864K)->4608K(4864K)
[2024-05-22T16:24:03.071+0530][gc          ] GC(55) Pause Young (Normal) (G1 Evacuation Pause) 761M->148M(1024M) 1.280ms
[2024-05-22T16:24:03.071+0530][gc,cpu      ] GC(55) User=0.01s Sys=0.00s Real=0.00s
[2024-05-22T16:24:05.038+0530][gc,start    ] GC(56) Pause Young (Normal) (G1 Evacuation Pause)
[2024-05-22T16:24:05.038+0530][gc,task     ] GC(56) Using 13 workers of 13 for evacuation
[2024-05-22T16:24:05.040+0530][gc,phases   ] GC(56)   Pre Evacuate Collection Set: 0.1ms
[2024-05-22T16:24:05.040+0530][gc,phases   ] GC(56)   Merge Heap Roots: 0.1ms
[2024-05-22T16:24:05.040+0530][gc,phases   ] GC(56)   Evacuate Collection Set: 0.5ms
[2024-05-22T16:24:05.040+0530][gc,phases   ] GC(56)   Post Evacuate Collection Set: 0.4ms
[2024-05-22T16:24:05.040+0530][gc,phases   ] GC(56)   Other: 0.1ms
[2024-05-22T16:24:05.040+0530][gc,heap     ] GC(56) Eden regions: 613->0(613)
[2024-05-22T16:24:05.040+0530][gc,heap     ] GC(56) Survivor regions: 1->1(77)
[2024-05-22T16:24:05.040+0530][gc,heap     ] GC(56) Old regions: 19->19
[2024-05-22T16:24:05.040+0530][gc,heap     ] GC(56) Archive regions: 2->2
[2024-05-22T16:24:05.040+0530][gc,heap     ] GC(56) Humongous regions: 129->129
[2024-05-22T16:24:05.040+0530][gc,metaspace] GC(56) Metaspace: 41263K(41792K)->41263K(41792K) NonClass: 36654K(36928K)->36654K(36928K) Class: 4608K(4864K)->4608K(4864K)
[2024-05-22T16:24:05.040+0530][gc          ] GC(56) Pause Young (Normal) (G1 Evacuation Pause) 761M->148M(1024M) 1.280ms
[2024-05-22T16:24:05.040+0530][gc,cpu      ] GC(56) User=0.01s Sys=0.00s Real=0.00s
[2024-05-22T16:24:07.113+0530][gc,start    ] GC(57) Pause Young (Normal) (G1 Evacuation Pause)
[2024-05-22T16:24:07.113+0530][gc,task     ] GC(57) Using 13 workers of 13 for evacuation
[2024-05-22T16:24:07.115+0530][gc,phases   ] GC(57)   Pre Evacuate Collection Set: 0.2ms
[2024-05-22T16:24:07.115+0530][gc,phases   ] GC(57)   Merge Heap Roots: 0.1ms
[2024-05-22T16:24:07.115+0530][gc,phases   ] GC(57)   Evacuate Collection Set: 0.7ms
[2024-05-22T16:24:07.115+0530][gc,phases   ] GC(57)   Post Evacuate Collection Set: 0.6ms
[2024-05-22T16:24:07.115+0530][gc,phases   ] GC(57)   Other: 0.1ms
[2024-05-22T16:24:07.115+0530][gc,heap     ] GC(57) Eden regions: 613->0(613)
[2024-05-22T16:24:07.115+0530][gc,heap     ] GC(57) Survivor regions: 1->1(77)
[2024-05-22T16:24:07.115+0530][gc,heap     ] GC(57) Old regions: 19->19
[2024-05-22T16:24:07.115+0530][gc,heap     ] GC(57) Archive regions: 2->2
[2024-05-22T16:24:07.115+0530][gc,heap     ] GC(57) Humongous regions: 129->129
[2024-05-22T16:24:07.115+0530][gc,metaspace] GC(57) Metaspace: 41266K(41792K)->41266K(41792K) NonClass: 36657K(36928K)->36657K(36928K) Class: 4608K(4864K)->4608K(4864K)
[2024-05-22T16:24:07.115+0530][gc          ] GC(57) Pause Young (Normal) (G1 Evacuation Pause) 761M->148M(1024M) 1.902ms
[2024-05-22T16:24:07.115+0530][gc,cpu      ] GC(57) User=0.01s Sys=0.00s Real=0.00s
[2024-05-22T16:24:09.099+0530][gc,start    ] GC(58) Pause Young (Normal) (G1 Evacuation Pause)
[2024-05-22T16:24:09.099+0530][gc,task     ] GC(58) Using 13 workers of 13 for evacuation
[2024-05-22T16:24:09.100+0530][gc,phases   ] GC(58)   Pre Evacuate Collection Set: 0.1ms
[2024-05-22T16:24:09.100+0530][gc,phases   ] GC(58)   Merge Heap Roots: 0.1ms
[2024-05-22T16:24:09.100+0530][gc,phases   ] GC(58)   Evacuate Collection Set: 0.4ms
[2024-05-22T16:24:09.100+0530][gc,phases   ] GC(58)   Post Evacuate Collection Set: 0.3ms
[2024-05-22T16:24:09.100+0530][gc,phases   ] GC(58)   Other: 0.1ms
[2024-05-22T16:24:09.100+0530][gc,heap     ] GC(58) Eden regions: 613->0(613)
[2024-05-22T16:24:09.100+0530][gc,heap     ] GC(58) Survivor regions: 1->1(77)
[2024-05-22T16:24:09.100+0530][gc,heap     ] GC(58) Old regions: 19->19
[2024-05-22T16:24:09.100+0530][gc,heap     ] GC(58) Archive regions: 2->2
[2024-05-22T16:24:09.100+0530][gc,heap     ] GC(58) Humongous regions: 129->129
[2024-05-22T16:24:09.100+0530][gc,metaspace] GC(58) Metaspace: 41266K(41792K)->41266K(41792K) NonClass: 36657K(36928K)->36657K(36928K) Class: 4608K(4864K)->4608K(4864K)
[2024-05-22T16:24:09.100+0530][gc          ] GC(58) Pause Young (Normal) (G1 Evacuation Pause) 761M->149M(1024M) 1.098ms
[2024-05-22T16:24:09.100+0530][gc,cpu      ] GC(58) User=0.01s Sys=0.00s Real=0.00s
[2024-05-22T16:24:11.403+0530][gc,start    ] GC(59) Pause Young (Normal) (G1 Evacuation Pause)
[2024-05-22T16:24:11.403+0530][gc,task     ] GC(59) Using 13 workers of 13 for evacuation
[2024-05-22T16:24:11.405+0530][gc,phases   ] GC(59)   Pre Evacuate Collection Set: 0.1ms
[2024-05-22T16:24:11.405+0530][gc,phases   ] GC(59)   Merge Heap Roots: 0.1ms
[2024-05-22T16:24:11.405+0530][gc,phases   ] GC(59)   Evacuate Collection Set: 0.5ms
[2024-05-22T16:24:11.405+0530][gc,phases   ] GC(59)   Post Evacuate Collection Set: 0.3ms
[2024-05-22T16:24:11.405+0530][gc,phases   ] GC(59)   Other: 0.1ms
[2024-05-22T16:24:11.405+0530][gc,heap     ] GC(59) Eden regions: 613->0(613)
[2024-05-22T16:24:11.405+0530][gc,heap     ] GC(59) Survivor regions: 1->1(77)
[2024-05-22T16:24:11.405+0530][gc,heap     ] GC(59) Old regions: 19->19
[2024-05-22T16:24:11.405+0530][gc,heap     ] GC(59) Archive regions: 2->2
[2024-05-22T16:24:11.405+0530][gc,heap     ] GC(59) Humongous regions: 129->129
[2024-05-22T16:24:11.405+0530][gc,metaspace] GC(59) Metaspace: 41266K(41792K)->41266K(41792K) NonClass: 36657K(36928K)->36657K(36928K) Class: 4608K(4864K)->4608K(4864K)
[2024-05-22T16:24:11.405+0530][gc          ] GC(59) Pause Young (Normal) (G1 Evacuation Pause) 762M->149M(1024M) 1.155ms
[2024-05-22T16:24:11.405+0530][gc,cpu      ] GC(59) User=0.00s Sys=0.01s Real=0.00s
[2024-05-22T16:24:13.701+0530][gc,start    ] GC(60) Pause Young (Normal) (G1 Evacuation Pause)
[2024-05-22T16:24:13.701+0530][gc,task     ] GC(60) Using 13 workers of 13 for evacuation
[2024-05-22T16:24:13.703+0530][gc,phases   ] GC(60)   Pre Evacuate Collection Set: 0.2ms
[2024-05-22T16:24:13.703+0530][gc,phases   ] GC(60)   Merge Heap Roots: 0.1ms
[2024-05-22T16:24:13.703+0530][gc,phases   ] GC(60)   Evacuate Collection Set: 0.6ms
[2024-05-22T16:24:13.703+0530][gc,phases   ] GC(60)   Post Evacuate Collection Set: 0.3ms
[2024-05-22T16:24:13.703+0530][gc,phases   ] GC(60)   Other: 0.1ms
[2024-05-22T16:24:13.703+0530][gc,heap     ] GC(60) Eden regions: 613->0(613)
[2024-05-22T16:24:13.703+0530][gc,heap     ] GC(60) Survivor regions: 1->1(77)
[2024-05-22T16:24:13.703+0530][gc,heap     ] GC(60) Old regions: 19->19
[2024-05-22T16:24:13.703+0530][gc,heap     ] GC(60) Archive regions: 2->2
[2024-05-22T16:24:13.703+0530][gc,heap     ] GC(60) Humongous regions: 129->129
[2024-05-22T16:24:13.703+0530][gc,metaspace] GC(60) Metaspace: 41266K(41792K)->41266K(41792K) NonClass: 36657K(36928K)->36657K(36928K) Class: 4608K(4864K)->4608K(4864K)
[2024-05-22T16:24:13.703+0530][gc          ] GC(60) Pause Young (Normal) (G1 Evacuation Pause) 762M->149M(1024M) 1.447ms
[2024-05-22T16:24:13.703+0530][gc,cpu      ] GC(60) User=0.01s Sys=0.00s Real=0.00s
[2024-05-22T16:24:15.702+0530][gc,start    ] GC(61) Pause Young (Normal) (G1 Evacuation Pause)
[2024-05-22T16:24:15.702+0530][gc,task     ] GC(61) Using 13 workers of 13 for evacuation
[2024-05-22T16:24:15.703+0530][gc,phases   ] GC(61)   Pre Evacuate Collection Set: 0.1ms
[2024-05-22T16:24:15.703+0530][gc,phases   ] GC(61)   Merge Heap Roots: 0.1ms
[2024-05-22T16:24:15.703+0530][gc,phases   ] GC(61)   Evacuate Collection Set: 0.6ms
[2024-05-22T16:24:15.703+0530][gc,phases   ] GC(61)   Post Evacuate Collection Set: 0.4ms
[2024-05-22T16:24:15.703+0530][gc,phases   ] GC(61)   Other: 0.1ms
[2024-05-22T16:24:15.703+0530][gc,heap     ] GC(61) Eden regions: 613->0(613)
[2024-05-22T16:24:15.703+0530][gc,heap     ] GC(61) Survivor regions: 1->1(77)
[2024-05-22T16:24:15.703+0530][gc,heap     ] GC(61) Old regions: 19->19
[2024-05-22T16:24:15.704+0530][gc,heap     ] GC(61) Archive regions: 2->2
[2024-05-22T16:24:15.704+0530][gc,heap     ] GC(61) Humongous regions: 129->129
[2024-05-22T16:24:15.704+0530][gc,metaspace] GC(61) Metaspace: 41270K(41792K)->41270K(41792K) NonClass: 36661K(36928K)->36661K(36928K) Class: 4608K(4864K)->4608K(4864K)
[2024-05-22T16:24:15.704+0530][gc          ] GC(61) Pause Young (Normal) (G1 Evacuation Pause) 762M->149M(1024M) 1.415ms
[2024-05-22T16:24:15.704+0530][gc,cpu      ] GC(61) User=0.00s Sys=0.01s Real=0.00s
[2024-05-22T16:24:17.709+0530][gc,start    ] GC(62) Pause Young (Normal) (G1 Evacuation Pause)
[2024-05-22T16:24:17.709+0530][gc,task     ] GC(62) Using 13 workers of 13 for evacuation
[2024-05-22T16:24:17.711+0530][gc,phases   ] GC(62)   Pre Evacuate Collection Set: 0.2ms
[2024-05-22T16:24:17.711+0530][gc,phases   ] GC(62)   Merge Heap Roots: 0.1ms
[2024-05-22T16:24:17.711+0530][gc,phases   ] GC(62)   Evacuate Collection Set: 0.6ms
[2024-05-22T16:24:17.711+0530][gc,phases   ] GC(62)   Post Evacuate Collection Set: 0.4ms
[2024-05-22T16:24:17.711+0530][gc,phases   ] GC(62)   Other: 0.1ms
[2024-05-22T16:24:17.711+0530][gc,heap     ] GC(62) Eden regions: 613->0(613)
[2024-05-22T16:24:17.711+0530][gc,heap     ] GC(62) Survivor regions: 1->1(77)
[2024-05-22T16:24:17.711+0530][gc,heap     ] GC(62) Old regions: 19->19
[2024-05-22T16:24:17.711+0530][gc,heap     ] GC(62) Archive regions: 2->2
[2024-05-22T16:24:17.711+0530][gc,heap     ] GC(62) Humongous regions: 129->129
[2024-05-22T16:24:17.711+0530][gc,metaspace] GC(62) Metaspace: 41270K(41792K)->41270K(41792K) NonClass: 36661K(36928K)->36661K(36928K) Class: 4608K(4864K)->4608K(4864K)
[2024-05-22T16:24:17.711+0530][gc          ] GC(62) Pause Young (Normal) (G1 Evacuation Pause) 762M->149M(1024M) 1.469ms
[2024-05-22T16:24:17.711+0530][gc,cpu      ] GC(62) User=0.01s Sys=0.00s Real=0.00s
[2024-05-22T16:24:19.753+0530][gc,start    ] GC(63) Pause Young (Normal) (G1 Evacuation Pause)
[2024-05-22T16:24:19.753+0530][gc,task     ] GC(63) Using 13 workers of 13 for evacuation
[2024-05-22T16:24:19.754+0530][gc,phases   ] GC(63)   Pre Evacuate Collection Set: 0.2ms
[2024-05-22T16:24:19.754+0530][gc,phases   ] GC(63)   Merge Heap Roots: 0.1ms
[2024-05-22T16:24:19.754+0530][gc,phases   ] GC(63)   Evacuate Collection Set: 0.6ms
[2024-05-22T16:24:19.754+0530][gc,phases   ] GC(63)   Post Evacuate Collection Set: 0.5ms
[2024-05-22T16:24:19.754+0530][gc,phases   ] GC(63)   Other: 0.2ms
[2024-05-22T16:24:19.754+0530][gc,heap     ] GC(63) Eden regions: 613->0(613)
[2024-05-22T16:24:19.754+0530][gc,heap     ] GC(63) Survivor regions: 1->1(77)
[2024-05-22T16:24:19.754+0530][gc,heap     ] GC(63) Old regions: 19->19
[2024-05-22T16:24:19.754+0530][gc,heap     ] GC(63) Archive regions: 2->2
[2024-05-22T16:24:19.754+0530][gc,heap     ] GC(63) Humongous regions: 129->129
[2024-05-22T16:24:19.754+0530][gc,metaspace] GC(63) Metaspace: 41270K(41792K)->41270K(41792K) NonClass: 36661K(36928K)->36661K(36928K) Class: 4608K(4864K)->4608K(4864K)
[2024-05-22T16:24:19.754+0530][gc          ] GC(63) Pause Young (Normal) (G1 Evacuation Pause) 762M->149M(1024M) 1.695ms
[2024-05-22T16:24:19.754+0530][gc,cpu      ] GC(63) User=0.01s Sys=0.00s Real=0.00s
[2024-05-22T16:24:21.897+0530][gc,start    ] GC(64) Pause Young (Normal) (G1 Evacuation Pause)
[2024-05-22T16:24:21.897+0530][gc,task     ] GC(64) Using 13 workers of 13 for evacuation
[2024-05-22T16:24:21.898+0530][gc,phases   ] GC(64)   Pre Evacuate Collection Set: 0.1ms
[2024-05-22T16:24:21.898+0530][gc,phases   ] GC(64)   Merge Heap Roots: 0.1ms
[2024-05-22T16:24:21.898+0530][gc,phases   ] GC(64)   Evacuate Collection Set: 0.6ms
[2024-05-22T16:24:21.898+0530][gc,phases   ] GC(64)   Post Evacuate Collection Set: 0.4ms
[2024-05-22T16:24:21.898+0530][gc,phases   ] GC(64)   Other: 0.2ms
[2024-05-22T16:24:21.898+0530][gc,heap     ] GC(64) Eden regions: 613->0(613)
[2024-05-22T16:24:21.898+0530][gc,heap     ] GC(64) Survivor regions: 1->1(77)
[2024-05-22T16:24:21.898+0530][gc,heap     ] GC(64) Old regions: 19->19
[2024-05-22T16:24:21.898+0530][gc,heap     ] GC(64) Archive regions: 2->2
[2024-05-22T16:24:21.898+0530][gc,heap     ] GC(64) Humongous regions: 129->129
[2024-05-22T16:24:21.898+0530][gc,metaspace] GC(64) Metaspace: 41278K(41792K)->41278K(41792K) NonClass: 36669K(36928K)->36669K(36928K) Class: 4608K(4864K)->4608K(4864K)
[2024-05-22T16:24:21.898+0530][gc          ] GC(64) Pause Young (Normal) (G1 Evacuation Pause) 762M->149M(1024M) 1.452ms
[2024-05-22T16:24:21.898+0530][gc,cpu      ] GC(64) User=0.01s Sys=0.00s Real=0.01s
[2024-05-22T16:24:23.921+0530][gc,start    ] GC(65) Pause Young (Normal) (G1 Evacuation Pause)
[2024-05-22T16:24:23.921+0530][gc,task     ] GC(65) Using 13 workers of 13 for evacuation
[2024-05-22T16:24:23.922+0530][gc,phases   ] GC(65)   Pre Evacuate Collection Set: 0.1ms
[2024-05-22T16:24:23.922+0530][gc,phases   ] GC(65)   Merge Heap Roots: 0.1ms
[2024-05-22T16:24:23.922+0530][gc,phases   ] GC(65)   Evacuate Collection Set: 0.5ms
[2024-05-22T16:24:23.922+0530][gc,phases   ] GC(65)   Post Evacuate Collection Set: 0.3ms
[2024-05-22T16:24:23.922+0530][gc,phases   ] GC(65)   Other: 0.1ms
[2024-05-22T16:24:23.922+0530][gc,heap     ] GC(65) Eden regions: 613->0(613)
[2024-05-22T16:24:23.922+0530][gc,heap     ] GC(65) Survivor regions: 1->1(77)
[2024-05-22T16:24:23.922+0530][gc,heap     ] GC(65) Old regions: 19->19
[2024-05-22T16:24:23.922+0530][gc,heap     ] GC(65) Archive regions: 2->2
[2024-05-22T16:24:23.922+0530][gc,heap     ] GC(65) Humongous regions: 129->129
[2024-05-22T16:24:23.922+0530][gc,metaspace] GC(65) Metaspace: 41278K(41792K)->41278K(41792K) NonClass: 36669K(36928K)->36669K(36928K) Class: 4608K(4864K)->4608K(4864K)
[2024-05-22T16:24:23.922+0530][gc          ] GC(65) Pause Young (Normal) (G1 Evacuation Pause) 762M->149M(1024M) 1.238ms
[2024-05-22T16:24:23.922+0530][gc,cpu      ] GC(65) User=0.01s Sys=0.00s Real=0.00s
[2024-05-22T16:24:26.007+0530][gc,start    ] GC(66) Pause Young (Normal) (G1 Evacuation Pause)
[2024-05-22T16:24:26.007+0530][gc,task     ] GC(66) Using 13 workers of 13 for evacuation
[2024-05-22T16:24:26.009+0530][gc,phases   ] GC(66)   Pre Evacuate Collection Set: 0.2ms
[2024-05-22T16:24:26.009+0530][gc,phases   ] GC(66)   Merge Heap Roots: 0.1ms
[2024-05-22T16:24:26.009+0530][gc,phases   ] GC(66)   Evacuate Collection Set: 0.6ms
[2024-05-22T16:24:26.009+0530][gc,phases   ] GC(66)   Post Evacuate Collection Set: 0.4ms
[2024-05-22T16:24:26.009+0530][gc,phases   ] GC(66)   Other: 0.2ms
[2024-05-22T16:24:26.009+0530][gc,heap     ] GC(66) Eden regions: 613->0(613)
[2024-05-22T16:24:26.009+0530][gc,heap     ] GC(66) Survivor regions: 1->1(77)
[2024-05-22T16:24:26.009+0530][gc,heap     ] GC(66) Old regions: 19->19
[2024-05-22T16:24:26.009+0530][gc,heap     ] GC(66) Archive regions: 2->2
[2024-05-22T16:24:26.009+0530][gc,heap     ] GC(66) Humongous regions: 129->129
[2024-05-22T16:24:26.009+0530][gc,metaspace] GC(66) Metaspace: 41278K(41792K)->41278K(41792K) NonClass: 36669K(36928K)->36669K(36928K) Class: 4608K(4864K)->4608K(4864K)
[2024-05-22T16:24:26.009+0530][gc          ] GC(66) Pause Young (Normal) (G1 Evacuation Pause) 762M->149M(1024M) 1.597ms
[2024-05-22T16:24:26.009+0530][gc,cpu      ] GC(66) User=0.00s Sys=0.00s Real=0.00s
[2024-05-22T16:24:28.022+0530][gc,start    ] GC(67) Pause Young (Normal) (G1 Evacuation Pause)
[2024-05-22T16:24:28.022+0530][gc,task     ] GC(67) Using 13 workers of 13 for evacuation
[2024-05-22T16:24:28.023+0530][gc,phases   ] GC(67)   Pre Evacuate Collection Set: 0.1ms
[2024-05-22T16:24:28.023+0530][gc,phases   ] GC(67)   Merge Heap Roots: 0.1ms
[2024-05-22T16:24:28.023+0530][gc,phases   ] GC(67)   Evacuate Collection Set: 0.5ms
[2024-05-22T16:24:28.023+0530][gc,phases   ] GC(67)   Post Evacuate Collection Set: 0.4ms
[2024-05-22T16:24:28.023+0530][gc,phases   ] GC(67)   Other: 0.1ms
[2024-05-22T16:24:28.023+0530][gc,heap     ] GC(67) Eden regions: 613->0(613)
[2024-05-22T16:24:28.023+0530][gc,heap     ] GC(67) Survivor regions: 1->1(77)
[2024-05-22T16:24:28.023+0530][gc,heap     ] GC(67) Old regions: 19->19
[2024-05-22T16:24:28.023+0530][gc,heap     ] GC(67) Archive regions: 2->2
[2024-05-22T16:24:28.023+0530][gc,heap     ] GC(67) Humongous regions: 129->129
[2024-05-22T16:24:28.023+0530][gc,metaspace] GC(67) Metaspace: 41278K(41792K)->41278K(41792K) NonClass: 36670K(36928K)->36670K(36928K) Class: 4608K(4864K)->4608K(4864K)
[2024-05-22T16:24:28.023+0530][gc          ] GC(67) Pause Young (Normal) (G1 Evacuation Pause) 762M->149M(1024M) 1.229ms
[2024-05-22T16:24:28.023+0530][gc,cpu      ] GC(67) User=0.00s Sys=0.01s Real=0.00s
[2024-05-22T16:24:30.206+0530][gc,start    ] GC(68) Pause Young (Normal) (G1 Evacuation Pause)
[2024-05-22T16:24:30.206+0530][gc,task     ] GC(68) Using 13 workers of 13 for evacuation
[2024-05-22T16:24:30.207+0530][gc,phases   ] GC(68)   Pre Evacuate Collection Set: 0.2ms
[2024-05-22T16:24:30.207+0530][gc,phases   ] GC(68)   Merge Heap Roots: 0.1ms
[2024-05-22T16:24:30.207+0530][gc,phases   ] GC(68)   Evacuate Collection Set: 0.6ms
[2024-05-22T16:24:30.207+0530][gc,phases   ] GC(68)   Post Evacuate Collection Set: 0.4ms
[2024-05-22T16:24:30.207+0530][gc,phases   ] GC(68)   Other: 0.1ms
[2024-05-22T16:24:30.207+0530][gc,heap     ] GC(68) Eden regions: 613->0(613)
[2024-05-22T16:24:30.207+0530][gc,heap     ] GC(68) Survivor regions: 1->1(77)
[2024-05-22T16:24:30.207+0530][gc,heap     ] GC(68) Old regions: 19->19
[2024-05-22T16:24:30.207+0530][gc,heap     ] GC(68) Archive regions: 2->2
[2024-05-22T16:24:30.207+0530][gc,heap     ] GC(68) Humongous regions: 129->129
[2024-05-22T16:24:30.207+0530][gc,metaspace] GC(68) Metaspace: 41278K(41792K)->41278K(41792K) NonClass: 36670K(36928K)->36670K(36928K) Class: 4608K(4864K)->4608K(4864K)
[2024-05-22T16:24:30.207+0530][gc          ] GC(68) Pause Young (Normal) (G1 Evacuation Pause) 762M->149M(1024M) 1.384ms
[2024-05-22T16:24:30.207+0530][gc,cpu      ] GC(68) User=0.00s Sys=0.00s Real=0.01s
[2024-05-22T16:24:32.301+0530][gc,start    ] GC(69) Pause Young (Normal) (G1 Evacuation Pause)
[2024-05-22T16:24:32.301+0530][gc,task     ] GC(69) Using 13 workers of 13 for evacuation
[2024-05-22T16:24:32.302+0530][gc,phases   ] GC(69)   Pre Evacuate Collection Set: 0.1ms
[2024-05-22T16:24:32.302+0530][gc,phases   ] GC(69)   Merge Heap Roots: 0.1ms
[2024-05-22T16:24:32.302+0530][gc,phases   ] GC(69)   Evacuate Collection Set: 0.5ms
[2024-05-22T16:24:32.302+0530][gc,phases   ] GC(69)   Post Evacuate Collection Set: 0.3ms
[2024-05-22T16:24:32.302+0530][gc,phases   ] GC(69)   Other: 0.1ms
[2024-05-22T16:24:32.302+0530][gc,heap     ] GC(69) Eden regions: 613->0(613)
[2024-05-22T16:24:32.302+0530][gc,heap     ] GC(69) Survivor regions: 1->1(77)
[2024-05-22T16:24:32.302+0530][gc,heap     ] GC(69) Old regions: 19->19
[2024-05-22T16:24:32.302+0530][gc,heap     ] GC(69) Archive regions: 2->2
[2024-05-22T16:24:32.302+0530][gc,heap     ] GC(69) Humongous regions: 129->129
[2024-05-22T16:24:32.302+0530][gc,metaspace] GC(69) Metaspace: 41278K(41792K)->41278K(41792K) NonClass: 36670K(36928K)->36670K(36928K) Class: 4608K(4864K)->4608K(4864K)
[2024-05-22T16:24:32.302+0530][gc          ] GC(69) Pause Young (Normal) (G1 Evacuation Pause) 762M->149M(1024M) 1.114ms
[2024-05-22T16:24:32.302+0530][gc,cpu      ] GC(69) User=0.01s Sys=0.00s Real=0.00s
[2024-05-22T16:24:34.620+0530][gc,start    ] GC(70) Pause Young (Normal) (G1 Evacuation Pause)
[2024-05-22T16:24:34.620+0530][gc,task     ] GC(70) Using 13 workers of 13 for evacuation
[2024-05-22T16:24:34.621+0530][gc,phases   ] GC(70)   Pre Evacuate Collection Set: 0.1ms
[2024-05-22T16:24:34.621+0530][gc,phases   ] GC(70)   Merge Heap Roots: 0.1ms
[2024-05-22T16:24:34.621+0530][gc,phases   ] GC(70)   Evacuate Collection Set: 0.6ms
[2024-05-22T16:24:34.621+0530][gc,phases   ] GC(70)   Post Evacuate Collection Set: 0.4ms
[2024-05-22T16:24:34.621+0530][gc,phases   ] GC(70)   Other: 0.1ms
[2024-05-22T16:24:34.621+0530][gc,heap     ] GC(70) Eden regions: 613->0(613)
[2024-05-22T16:24:34.621+0530][gc,heap     ] GC(70) Survivor regions: 1->1(77)
[2024-05-22T16:24:34.621+0530][gc,heap     ] GC(70) Old regions: 19->20
[2024-05-22T16:24:34.621+0530][gc,heap     ] GC(70) Archive regions: 2->2
[2024-05-22T16:24:34.621+0530][gc,heap     ] GC(70) Humongous regions: 129->129
[2024-05-22T16:24:34.621+0530][gc,metaspace] GC(70) Metaspace: 41278K(41792K)->41278K(41792K) NonClass: 36670K(36928K)->36670K(36928K) Class: 4608K(4864K)->4608K(4864K)
[2024-05-22T16:24:34.621+0530][gc          ] GC(70) Pause Young (Normal) (G1 Evacuation Pause) 762M->149M(1024M) 1.478ms
[2024-05-22T16:24:34.621+0530][gc,cpu      ] GC(70) User=0.00s Sys=0.00s Real=0.00s
[2024-05-22T16:24:36.909+0530][gc,start    ] GC(71) Pause Young (Normal) (G1 Evacuation Pause)
[2024-05-22T16:24:36.909+0530][gc,task     ] GC(71) Using 13 workers of 13 for evacuation
[2024-05-22T16:24:36.910+0530][gc,phases   ] GC(71)   Pre Evacuate Collection Set: 0.1ms
[2024-05-22T16:24:36.910+0530][gc,phases   ] GC(71)   Merge Heap Roots: 0.1ms
[2024-05-22T16:24:36.910+0530][gc,phases   ] GC(71)   Evacuate Collection Set: 0.5ms
[2024-05-22T16:24:36.910+0530][gc,phases   ] GC(71)   Post Evacuate Collection Set: 0.3ms
[2024-05-22T16:24:36.910+0530][gc,phases   ] GC(71)   Other: 0.1ms
[2024-05-22T16:24:36.910+0530][gc,heap     ] GC(71) Eden regions: 613->0(613)
[2024-05-22T16:24:36.910+0530][gc,heap     ] GC(71) Survivor regions: 1->1(77)
[2024-05-22T16:24:36.910+0530][gc,heap     ] GC(71) Old regions: 20->20
[2024-05-22T16:24:36.910+0530][gc,heap     ] GC(71) Archive regions: 2->2
[2024-05-22T16:24:36.910+0530][gc,heap     ] GC(71) Humongous regions: 129->129
[2024-05-22T16:24:36.910+0530][gc,metaspace] GC(71) Metaspace: 41281K(41792K)->41281K(41792K) NonClass: 36672K(36928K)->36672K(36928K) Class: 4608K(4864K)->4608K(4864K)
[2024-05-22T16:24:36.910+0530][gc          ] GC(71) Pause Young (Normal) (G1 Evacuation Pause) 762M->149M(1024M) 1.127ms
[2024-05-22T16:24:36.910+0530][gc,cpu      ] GC(71) User=0.00s Sys=0.00s Real=0.00s
[2024-05-22T16:24:38.888+0530][gc,start    ] GC(72) Pause Young (Normal) (G1 Evacuation Pause)
[2024-05-22T16:24:38.888+0530][gc,task     ] GC(72) Using 13 workers of 13 for evacuation
[2024-05-22T16:24:38.889+0530][gc,phases   ] GC(72)   Pre Evacuate Collection Set: 0.1ms
[2024-05-22T16:24:38.889+0530][gc,phases   ] GC(72)   Merge Heap Roots: 0.1ms
[2024-05-22T16:24:38.889+0530][gc,phases   ] GC(72)   Evacuate Collection Set: 0.5ms
[2024-05-22T16:24:38.889+0530][gc,phases   ] GC(72)   Post Evacuate Collection Set: 0.4ms
[2024-05-22T16:24:38.889+0530][gc,phases   ] GC(72)   Other: 0.1ms
[2024-05-22T16:24:38.889+0530][gc,heap     ] GC(72) Eden regions: 613->0(613)
[2024-05-22T16:24:38.889+0530][gc,heap     ] GC(72) Survivor regions: 1->1(77)
[2024-05-22T16:24:38.889+0530][gc,heap     ] GC(72) Old regions: 20->20
[2024-05-22T16:24:38.889+0530][gc,heap     ] GC(72) Archive regions: 2->2
[2024-05-22T16:24:38.889+0530][gc,heap     ] GC(72) Humongous regions: 129->129
[2024-05-22T16:24:38.889+0530][gc,metaspace] GC(72) Metaspace: 41281K(41792K)->41281K(41792K) NonClass: 36672K(36928K)->36672K(36928K) Class: 4608K(4864K)->4608K(4864K)
[2024-05-22T16:24:38.889+0530][gc          ] GC(72) Pause Young (Normal) (G1 Evacuation Pause) 762M->149M(1024M) 1.438ms
[2024-05-22T16:24:38.889+0530][gc,cpu      ] GC(72) User=0.00s Sys=0.01s Real=0.00s
[2024-05-22T16:24:41.010+0530][gc,start    ] GC(73) Pause Young (Normal) (G1 Evacuation Pause)
[2024-05-22T16:24:41.010+0530][gc,task     ] GC(73) Using 13 workers of 13 for evacuation
[2024-05-22T16:24:41.011+0530][gc,phases   ] GC(73)   Pre Evacuate Collection Set: 0.1ms
[2024-05-22T16:24:41.011+0530][gc,phases   ] GC(73)   Merge Heap Roots: 0.1ms
[2024-05-22T16:24:41.011+0530][gc,phases   ] GC(73)   Evacuate Collection Set: 0.6ms
[2024-05-22T16:24:41.011+0530][gc,phases   ] GC(73)   Post Evacuate Collection Set: 0.4ms
[2024-05-22T16:24:41.011+0530][gc,phases   ] GC(73)   Other: 0.1ms
[2024-05-22T16:24:41.011+0530][gc,heap     ] GC(73) Eden regions: 613->0(613)
[2024-05-22T16:24:41.011+0530][gc,heap     ] GC(73) Survivor regions: 1->1(77)
[2024-05-22T16:24:41.011+0530][gc,heap     ] GC(73) Old regions: 20->20
[2024-05-22T16:24:41.011+0530][gc,heap     ] GC(73) Archive regions: 2->2
[2024-05-22T16:24:41.011+0530][gc,heap     ] GC(73) Humongous regions: 129->129
[2024-05-22T16:24:41.011+0530][gc,metaspace] GC(73) Metaspace: 41281K(41792K)->41281K(41792K) NonClass: 36672K(36928K)->36672K(36928K) Class: 4608K(4864K)->4608K(4864K)
[2024-05-22T16:24:41.011+0530][gc          ] GC(73) Pause Young (Normal) (G1 Evacuation Pause) 762M->149M(1024M) 1.421ms
[2024-05-22T16:24:41.011+0530][gc,cpu      ] GC(73) User=0.00s Sys=0.00s Real=0.00s
[2024-05-22T17:19:07.746+0530][gc,heap,exit] Heap
[2024-05-22T17:19:07.746+0530][gc,heap,exit]  garbage-first heap   total 1048576K, used 742041K [0x00000000c0000000, 0x0000000100000000)
[2024-05-22T17:19:07.746+0530][gc,heap,exit]   region size 1024K, 576 young (589824K), 1 survivors (1024K)
[2024-05-22T17:19:07.746+0530][gc,heap,exit]  Metaspace       used 45730K, committed 46272K, reserved 1114112K
[2024-05-22T17:19:07.746+0530][gc,heap,exit]   class space    used 5408K, committed 5696K, reserved 1048576K
