[2024-05-23T10:17:56.157+0530][gc] Using G1
[2024-05-23T10:17:56.164+0530][gc,init] Version: 17.0.10+7-Ubuntu-122.04.1 (release)
[2024-05-23T10:17:56.164+0530][gc,init] CPUs: 16 total, 16 available
[2024-05-23T10:17:56.164+0530][gc,init] Memory: 31911M
[2024-05-23T10:17:56.164+0530][gc,init] Large Page Support: Disabled
[2024-05-23T10:17:56.164+0530][gc,init] NUMA Support: Disabled
[2024-05-23T10:17:56.164+0530][gc,init] Compressed Oops: Enabled (32-bit)
[2024-05-23T10:17:56.164+0530][gc,init] Heap Region Size: 1M
[2024-05-23T10:17:56.164+0530][gc,init] Heap Min Capacity: 1G
[2024-05-23T10:17:56.164+0530][gc,init] Heap Initial Capacity: 1G
[2024-05-23T10:17:56.164+0530][gc,init] Heap Max Capacity: 1G
[2024-05-23T10:17:56.164+0530][gc,init] Pre-touch: Disabled
[2024-05-23T10:17:56.164+0530][gc,init] Parallel Workers: 13
[2024-05-23T10:17:56.164+0530][gc,init] Concurrent Workers: 3
[2024-05-23T10:17:56.164+0530][gc,init] Concurrent Refinement Workers: 13
[2024-05-23T10:17:56.164+0530][gc,init] Periodic GC: Disabled
[2024-05-23T10:17:56.168+0530][gc,metaspace] CDS archive(s) mapped at: [0x000075d537000000-0x000075d537bc7000-0x000075d537bc7000), size 12349440, SharedBaseAddress: 0x000075d537000000, ArchiveRelocationMode: 1.
[2024-05-23T10:17:56.168+0530][gc,metaspace] Compressed class space mapped at: 0x000075d538000000-0x000075d578000000, reserved size: 1073741824
[2024-05-23T10:17:56.168+0530][gc,metaspace] Narrow klass base: 0x000075d537000000, Narrow klass shift: 0, Narrow klass range: 0x100000000
[2024-05-23T10:17:56.661+0530][gc,start    ] GC(0) Pause Young (Normal) (G1 Evacuation Pause)
[2024-05-23T10:17:56.662+0530][gc,task     ] GC(0) Using 13 workers of 13 for evacuation
[2024-05-23T10:17:56.664+0530][gc,phases   ] GC(0)   Pre Evacuate Collection Set: 0.0ms
[2024-05-23T10:17:56.664+0530][gc,phases   ] GC(0)   Merge Heap Roots: 0.0ms
[2024-05-23T10:17:56.664+0530][gc,phases   ] GC(0)   Evacuate Collection Set: 1.6ms
[2024-05-23T10:17:56.664+0530][gc,phases   ] GC(0)   Post Evacuate Collection Set: 0.2ms
[2024-05-23T10:17:56.664+0530][gc,phases   ] GC(0)   Other: 0.9ms
[2024-05-23T10:17:56.664+0530][gc,heap     ] GC(0) Eden regions: 51->0(44)
[2024-05-23T10:17:56.664+0530][gc,heap     ] GC(0) Survivor regions: 0->7(7)
[2024-05-23T10:17:56.664+0530][gc,heap     ] GC(0) Old regions: 0->1
[2024-05-23T10:17:56.664+0530][gc,heap     ] GC(0) Archive regions: 2->2
[2024-05-23T10:17:56.664+0530][gc,heap     ] GC(0) Humongous regions: 0->0
[2024-05-23T10:17:56.664+0530][gc,metaspace] GC(0) Metaspace: 18468K(18688K)->18468K(18688K) NonClass: 16282K(16384K)->16282K(16384K) Class: 2185K(2304K)->2185K(2304K)
[2024-05-23T10:17:56.664+0530][gc          ] GC(0) Pause Young (Normal) (G1 Evacuation Pause) 51M->8M(1024M) 2.957ms
[2024-05-23T10:17:56.664+0530][gc,cpu      ] GC(0) User=0.01s Sys=0.01s Real=0.01s
[2024-05-23T10:17:56.757+0530][gc,start    ] GC(1) Pause Young (Concurrent Start) (Metadata GC Threshold)
[2024-05-23T10:17:56.757+0530][gc,task     ] GC(1) Using 13 workers of 13 for evacuation
[2024-05-23T10:17:56.759+0530][gc,phases   ] GC(1)   Pre Evacuate Collection Set: 0.1ms
[2024-05-23T10:17:56.759+0530][gc,phases   ] GC(1)   Merge Heap Roots: 0.0ms
[2024-05-23T10:17:56.759+0530][gc,phases   ] GC(1)   Evacuate Collection Set: 1.3ms
[2024-05-23T10:17:56.759+0530][gc,phases   ] GC(1)   Post Evacuate Collection Set: 0.2ms
[2024-05-23T10:17:56.759+0530][gc,phases   ] GC(1)   Other: 0.1ms
[2024-05-23T10:17:56.759+0530][gc,heap     ] GC(1) Eden regions: 12->0(49)
[2024-05-23T10:17:56.759+0530][gc,heap     ] GC(1) Survivor regions: 7->2(7)
[2024-05-23T10:17:56.759+0530][gc,heap     ] GC(1) Old regions: 1->8
[2024-05-23T10:17:56.759+0530][gc,heap     ] GC(1) Archive regions: 2->2
[2024-05-23T10:17:56.759+0530][gc,heap     ] GC(1) Humongous regions: 0->0
[2024-05-23T10:17:56.759+0530][gc,metaspace] GC(1) Metaspace: 21324K(21504K)->21324K(21504K) NonClass: 18767K(18880K)->18767K(18880K) Class: 2557K(2624K)->2557K(2624K)
[2024-05-23T10:17:56.759+0530][gc          ] GC(1) Pause Young (Concurrent Start) (Metadata GC Threshold) 19M->9M(1024M) 1.764ms
[2024-05-23T10:17:56.759+0530][gc,cpu      ] GC(1) User=0.02s Sys=0.00s Real=0.00s
[2024-05-23T10:17:56.759+0530][gc          ] GC(2) Concurrent Mark Cycle
[2024-05-23T10:17:56.759+0530][gc,marking  ] GC(2) Concurrent Clear Claimed Marks
[2024-05-23T10:17:56.759+0530][gc,marking  ] GC(2) Concurrent Clear Claimed Marks 0.010ms
[2024-05-23T10:17:56.759+0530][gc,marking  ] GC(2) Concurrent Scan Root Regions
[2024-05-23T10:17:56.760+0530][gc,marking  ] GC(2) Concurrent Scan Root Regions 0.779ms
[2024-05-23T10:17:56.760+0530][gc,marking  ] GC(2) Concurrent Mark
[2024-05-23T10:17:56.760+0530][gc,marking  ] GC(2) Concurrent Mark From Roots
[2024-05-23T10:17:56.760+0530][gc,task     ] GC(2) Using 3 workers of 3 for marking
[2024-05-23T10:17:56.760+0530][gc,marking  ] GC(2) Concurrent Mark From Roots 0.642ms
[2024-05-23T10:17:56.760+0530][gc,marking  ] GC(2) Concurrent Preclean
[2024-05-23T10:17:56.760+0530][gc,marking  ] GC(2) Concurrent Preclean 0.043ms
[2024-05-23T10:17:56.761+0530][gc,start    ] GC(2) Pause Remark
[2024-05-23T10:17:56.761+0530][gc          ] GC(2) Pause Remark 10M->10M(1024M) 0.672ms
[2024-05-23T10:17:56.761+0530][gc,cpu      ] GC(2) User=0.01s Sys=0.00s Real=0.00s
[2024-05-23T10:17:56.761+0530][gc,marking  ] GC(2) Concurrent Mark 1.553ms
[2024-05-23T10:17:56.761+0530][gc,marking  ] GC(2) Concurrent Rebuild Remembered Sets
[2024-05-23T10:17:56.761+0530][gc,marking  ] GC(2) Concurrent Rebuild Remembered Sets 0.004ms
[2024-05-23T10:17:56.761+0530][gc,start    ] GC(2) Pause Cleanup
[2024-05-23T10:17:56.761+0530][gc          ] GC(2) Pause Cleanup 10M->10M(1024M) 0.008ms
[2024-05-23T10:17:56.761+0530][gc,cpu      ] GC(2) User=0.00s Sys=0.00s Real=0.00s
[2024-05-23T10:17:56.761+0530][gc,marking  ] GC(2) Concurrent Cleanup for Next Mark
[2024-05-23T10:17:56.763+0530][gc,marking  ] GC(2) Concurrent Cleanup for Next Mark 1.666ms
[2024-05-23T10:17:56.763+0530][gc          ] GC(2) Concurrent Mark Cycle 4.202ms
[2024-05-23T10:17:57.129+0530][gc,start    ] GC(3) Pause Young (Normal) (G1 Evacuation Pause)
[2024-05-23T10:17:57.129+0530][gc,task     ] GC(3) Using 13 workers of 13 for evacuation
[2024-05-23T10:17:57.130+0530][gc,phases   ] GC(3)   Pre Evacuate Collection Set: 0.1ms
[2024-05-23T10:17:57.130+0530][gc,phases   ] GC(3)   Merge Heap Roots: 0.0ms
[2024-05-23T10:17:57.130+0530][gc,phases   ] GC(3)   Evacuate Collection Set: 1.2ms
[2024-05-23T10:17:57.130+0530][gc,phases   ] GC(3)   Post Evacuate Collection Set: 0.2ms
[2024-05-23T10:17:57.130+0530][gc,phases   ] GC(3)   Other: 0.1ms
[2024-05-23T10:17:57.130+0530][gc,heap     ] GC(3) Eden regions: 49->0(45)
[2024-05-23T10:17:57.130+0530][gc,heap     ] GC(3) Survivor regions: 2->6(7)
[2024-05-23T10:17:57.130+0530][gc,heap     ] GC(3) Old regions: 8->8
[2024-05-23T10:17:57.130+0530][gc,heap     ] GC(3) Archive regions: 2->2
[2024-05-23T10:17:57.130+0530][gc,heap     ] GC(3) Humongous regions: 129->129
[2024-05-23T10:17:57.130+0530][gc,metaspace] GC(3) Metaspace: 32636K(32896K)->32636K(32896K) NonClass: 28979K(29120K)->28979K(29120K) Class: 3657K(3776K)->3657K(3776K)
[2024-05-23T10:17:57.130+0530][gc          ] GC(3) Pause Young (Normal) (G1 Evacuation Pause) 187M->143M(1024M) 1.569ms
[2024-05-23T10:17:57.130+0530][gc,cpu      ] GC(3) User=0.02s Sys=0.00s Real=0.00s
[2024-05-23T10:17:57.232+0530][gc,start    ] GC(4) Pause Young (Concurrent Start) (Metadata GC Threshold)
[2024-05-23T10:17:57.232+0530][gc,task     ] GC(4) Using 13 workers of 13 for evacuation
[2024-05-23T10:17:57.234+0530][gc,phases   ] GC(4)   Pre Evacuate Collection Set: 0.1ms
[2024-05-23T10:17:57.234+0530][gc,phases   ] GC(4)   Merge Heap Roots: 0.0ms
[2024-05-23T10:17:57.234+0530][gc,phases   ] GC(4)   Evacuate Collection Set: 1.7ms
[2024-05-23T10:17:57.234+0530][gc,phases   ] GC(4)   Post Evacuate Collection Set: 0.2ms
[2024-05-23T10:17:57.234+0530][gc,phases   ] GC(4)   Other: 0.2ms
[2024-05-23T10:17:57.234+0530][gc,heap     ] GC(4) Eden regions: 14->0(49)
[2024-05-23T10:17:57.234+0530][gc,heap     ] GC(4) Survivor regions: 6->2(7)
[2024-05-23T10:17:57.234+0530][gc,heap     ] GC(4) Old regions: 8->14
[2024-05-23T10:17:57.234+0530][gc,heap     ] GC(4) Archive regions: 2->2
[2024-05-23T10:17:57.234+0530][gc,heap     ] GC(4) Humongous regions: 129->129
[2024-05-23T10:17:57.234+0530][gc,metaspace] GC(4) Metaspace: 35898K(36160K)->35898K(36160K) NonClass: 31871K(32000K)->31871K(32000K) Class: 4027K(4160K)->4027K(4160K)
[2024-05-23T10:17:57.234+0530][gc          ] GC(4) Pause Young (Concurrent Start) (Metadata GC Threshold) 157M->144M(1024M) 2.290ms
[2024-05-23T10:17:57.234+0530][gc,cpu      ] GC(4) User=0.02s Sys=0.01s Real=0.00s
[2024-05-23T10:17:57.234+0530][gc          ] GC(5) Concurrent Mark Cycle
[2024-05-23T10:17:57.234+0530][gc,marking  ] GC(5) Concurrent Clear Claimed Marks
[2024-05-23T10:17:57.234+0530][gc,marking  ] GC(5) Concurrent Clear Claimed Marks 0.022ms
[2024-05-23T10:17:57.234+0530][gc,marking  ] GC(5) Concurrent Scan Root Regions
[2024-05-23T10:17:57.235+0530][gc,marking  ] GC(5) Concurrent Scan Root Regions 1.100ms
[2024-05-23T10:17:57.235+0530][gc,marking  ] GC(5) Concurrent Mark
[2024-05-23T10:17:57.235+0530][gc,marking  ] GC(5) Concurrent Mark From Roots
[2024-05-23T10:17:57.235+0530][gc,task     ] GC(5) Using 3 workers of 3 for marking
[2024-05-23T10:17:57.238+0530][gc,marking  ] GC(5) Concurrent Mark From Roots 2.719ms
[2024-05-23T10:17:57.238+0530][gc,marking  ] GC(5) Concurrent Preclean
[2024-05-23T10:17:57.238+0530][gc,marking  ] GC(5) Concurrent Preclean 0.146ms
[2024-05-23T10:17:57.239+0530][gc,start    ] GC(5) Pause Remark
[2024-05-23T10:17:57.239+0530][gc          ] GC(5) Pause Remark 145M->145M(1024M) 0.866ms
[2024-05-23T10:17:57.239+0530][gc,cpu      ] GC(5) User=0.02s Sys=0.00s Real=0.00s
[2024-05-23T10:17:57.239+0530][gc,marking  ] GC(5) Concurrent Mark 3.981ms
[2024-05-23T10:17:57.239+0530][gc,marking  ] GC(5) Concurrent Rebuild Remembered Sets
[2024-05-23T10:17:57.242+0530][gc,marking  ] GC(5) Concurrent Rebuild Remembered Sets 2.518ms
[2024-05-23T10:17:57.242+0530][gc,start    ] GC(5) Pause Cleanup
[2024-05-23T10:17:57.243+0530][gc          ] GC(5) Pause Cleanup 145M->145M(1024M) 0.120ms
[2024-05-23T10:17:57.243+0530][gc,cpu      ] GC(5) User=0.00s Sys=0.00s Real=0.00s
[2024-05-23T10:17:57.243+0530][gc,marking  ] GC(5) Concurrent Cleanup for Next Mark
[2024-05-23T10:17:57.245+0530][gc,marking  ] GC(5) Concurrent Cleanup for Next Mark 1.984ms
[2024-05-23T10:17:57.245+0530][gc          ] GC(5) Concurrent Mark Cycle 10.354ms
[2024-05-23T10:21:55.608+0530][gc,start    ] GC(6) Pause Young (Normal) (G1 Evacuation Pause)
[2024-05-23T10:21:55.608+0530][gc,task     ] GC(6) Using 13 workers of 13 for evacuation
[2024-05-23T10:21:55.610+0530][gc,phases   ] GC(6)   Pre Evacuate Collection Set: 0.1ms
[2024-05-23T10:21:55.610+0530][gc,phases   ] GC(6)   Merge Heap Roots: 0.0ms
[2024-05-23T10:21:55.610+0530][gc,phases   ] GC(6)   Evacuate Collection Set: 1.8ms
[2024-05-23T10:21:55.610+0530][gc,phases   ] GC(6)   Post Evacuate Collection Set: 0.4ms
[2024-05-23T10:21:55.610+0530][gc,phases   ] GC(6)   Other: 0.1ms
[2024-05-23T10:21:55.610+0530][gc,heap     ] GC(6) Eden regions: 49->0(46)
[2024-05-23T10:21:55.610+0530][gc,heap     ] GC(6) Survivor regions: 2->5(7)
[2024-05-23T10:21:55.610+0530][gc,heap     ] GC(6) Old regions: 14->14
[2024-05-23T10:21:55.610+0530][gc,heap     ] GC(6) Archive regions: 2->2
[2024-05-23T10:21:55.610+0530][gc,heap     ] GC(6) Humongous regions: 129->129
[2024-05-23T10:21:55.610+0530][gc,metaspace] GC(6) Metaspace: 40964K(41472K)->40964K(41472K) NonClass: 36277K(36608K)->36277K(36608K) Class: 4686K(4864K)->4686K(4864K)
[2024-05-23T10:21:55.610+0530][gc          ] GC(6) Pause Young (Normal) (G1 Evacuation Pause) 193M->147M(1024M) 2.565ms
[2024-05-23T10:21:55.610+0530][gc,cpu      ] GC(6) User=0.02s Sys=0.01s Real=0.00s
[2024-05-23T10:28:27.271+0530][gc,start    ] GC(7) Pause Young (Normal) (G1 Evacuation Pause)
[2024-05-23T10:28:27.271+0530][gc,task     ] GC(7) Using 13 workers of 13 for evacuation
[2024-05-23T10:28:27.273+0530][gc,phases   ] GC(7)   Pre Evacuate Collection Set: 0.1ms
[2024-05-23T10:28:27.273+0530][gc,phases   ] GC(7)   Merge Heap Roots: 0.0ms
[2024-05-23T10:28:27.273+0530][gc,phases   ] GC(7)   Evacuate Collection Set: 1.3ms
[2024-05-23T10:28:27.273+0530][gc,phases   ] GC(7)   Post Evacuate Collection Set: 0.3ms
[2024-05-23T10:28:27.273+0530][gc,phases   ] GC(7)   Other: 0.1ms
[2024-05-23T10:28:27.273+0530][gc,heap     ] GC(7) Eden regions: 46->0(48)
[2024-05-23T10:28:27.273+0530][gc,heap     ] GC(7) Survivor regions: 5->3(7)
[2024-05-23T10:28:27.273+0530][gc,heap     ] GC(7) Old regions: 14->16
[2024-05-23T10:28:27.273+0530][gc,heap     ] GC(7) Archive regions: 2->2
[2024-05-23T10:28:27.273+0530][gc,heap     ] GC(7) Humongous regions: 129->129
[2024-05-23T10:28:27.273+0530][gc,metaspace] GC(7) Metaspace: 41206K(41728K)->41206K(41728K) NonClass: 36499K(36800K)->36499K(36800K) Class: 4707K(4928K)->4707K(4928K)
[2024-05-23T10:28:27.273+0530][gc          ] GC(7) Pause Young (Normal) (G1 Evacuation Pause) 193M->147M(1024M) 1.968ms
[2024-05-23T10:28:27.273+0530][gc,cpu      ] GC(7) User=0.01s Sys=0.00s Real=0.01s
[2024-05-23T10:36:29.110+0530][gc,start    ] GC(8) Pause Young (Normal) (G1 Evacuation Pause)
[2024-05-23T10:36:29.110+0530][gc,task     ] GC(8) Using 13 workers of 13 for evacuation
[2024-05-23T10:36:29.115+0530][gc,phases   ] GC(8)   Pre Evacuate Collection Set: 0.2ms
[2024-05-23T10:36:29.115+0530][gc,phases   ] GC(8)   Merge Heap Roots: 0.1ms
[2024-05-23T10:36:29.115+0530][gc,phases   ] GC(8)   Evacuate Collection Set: 3.4ms
[2024-05-23T10:36:29.115+0530][gc,phases   ] GC(8)   Post Evacuate Collection Set: 0.4ms
[2024-05-23T10:36:29.115+0530][gc,phases   ] GC(8)   Other: 0.3ms
[2024-05-23T10:36:29.115+0530][gc,heap     ] GC(8) Eden regions: 48->0(46)
[2024-05-23T10:36:29.115+0530][gc,heap     ] GC(8) Survivor regions: 3->5(7)
[2024-05-23T10:36:29.115+0530][gc,heap     ] GC(8) Old regions: 16->16
[2024-05-23T10:36:29.115+0530][gc,heap     ] GC(8) Archive regions: 2->2
[2024-05-23T10:36:29.115+0530][gc,heap     ] GC(8) Humongous regions: 129->129
[2024-05-23T10:36:29.115+0530][gc,metaspace] GC(8) Metaspace: 41370K(41856K)->41370K(41856K) NonClass: 36663K(36928K)->36663K(36928K) Class: 4707K(4928K)->4707K(4928K)
[2024-05-23T10:36:29.115+0530][gc          ] GC(8) Pause Young (Normal) (G1 Evacuation Pause) 195M->150M(1024M) 4.556ms
[2024-05-23T10:36:29.115+0530][gc,cpu      ] GC(8) User=0.04s Sys=0.00s Real=0.01s
[2024-05-23T10:44:24.816+0530][gc,start    ] GC(9) Pause Young (Normal) (G1 Evacuation Pause)
[2024-05-23T10:44:24.816+0530][gc,task     ] GC(9) Using 13 workers of 13 for evacuation
[2024-05-23T10:44:24.823+0530][gc,phases   ] GC(9)   Pre Evacuate Collection Set: 0.3ms
[2024-05-23T10:44:24.823+0530][gc,phases   ] GC(9)   Merge Heap Roots: 0.2ms
[2024-05-23T10:44:24.823+0530][gc,phases   ] GC(9)   Evacuate Collection Set: 6.1ms
[2024-05-23T10:44:24.823+0530][gc,phases   ] GC(9)   Post Evacuate Collection Set: 0.5ms
[2024-05-23T10:44:24.823+0530][gc,phases   ] GC(9)   Other: 0.3ms
[2024-05-23T10:44:24.823+0530][gc,heap     ] GC(9) Eden regions: 46->0(44)
[2024-05-23T10:44:24.824+0530][gc,heap     ] GC(9) Survivor regions: 5->7(7)
[2024-05-23T10:44:24.824+0530][gc,heap     ] GC(9) Old regions: 16->17
[2024-05-23T10:44:24.824+0530][gc,heap     ] GC(9) Archive regions: 2->2
[2024-05-23T10:44:24.824+0530][gc,heap     ] GC(9) Humongous regions: 129->129
[2024-05-23T10:44:24.824+0530][gc,metaspace] GC(9) Metaspace: 41450K(41920K)->41450K(41920K) NonClass: 36743K(36992K)->36743K(36992K) Class: 4707K(4928K)->4707K(4928K)
[2024-05-23T10:44:24.824+0530][gc          ] GC(9) Pause Young (Normal) (G1 Evacuation Pause) 196M->152M(1024M) 7.626ms
[2024-05-23T10:44:24.824+0530][gc,cpu      ] GC(9) User=0.07s Sys=0.01s Real=0.01s
[2024-05-23T10:52:12.512+0530][gc,start    ] GC(10) Pause Young (Normal) (G1 Evacuation Pause)
[2024-05-23T10:52:12.512+0530][gc,task     ] GC(10) Using 13 workers of 13 for evacuation
[2024-05-23T10:52:12.520+0530][gc,phases   ] GC(10)   Pre Evacuate Collection Set: 0.3ms
[2024-05-23T10:52:12.520+0530][gc,phases   ] GC(10)   Merge Heap Roots: 0.2ms
[2024-05-23T10:52:12.520+0530][gc,phases   ] GC(10)   Evacuate Collection Set: 6.6ms
[2024-05-23T10:52:12.520+0530][gc,phases   ] GC(10)   Post Evacuate Collection Set: 0.6ms
[2024-05-23T10:52:12.520+0530][gc,phases   ] GC(10)   Other: 0.3ms
[2024-05-23T10:52:12.520+0530][gc,heap     ] GC(10) Eden regions: 44->0(49)
[2024-05-23T10:52:12.520+0530][gc,heap     ] GC(10) Survivor regions: 7->7(7)
[2024-05-23T10:52:12.520+0530][gc,heap     ] GC(10) Old regions: 17->20
[2024-05-23T10:52:12.520+0530][gc,heap     ] GC(10) Archive regions: 2->2
[2024-05-23T10:52:12.520+0530][gc,heap     ] GC(10) Humongous regions: 129->129
[2024-05-23T10:52:12.520+0530][gc,metaspace] GC(10) Metaspace: 41523K(41984K)->41523K(41984K) NonClass: 36815K(37056K)->36815K(37056K) Class: 4707K(4928K)->4707K(4928K)
[2024-05-23T10:52:12.520+0530][gc          ] GC(10) Pause Young (Normal) (G1 Evacuation Pause) 196M->155M(1024M) 8.202ms
[2024-05-23T10:52:12.520+0530][gc,cpu      ] GC(10) User=0.08s Sys=0.01s Real=0.00s
[2024-05-23T11:00:55.802+0530][gc,start    ] GC(11) Pause Young (Normal) (G1 Evacuation Pause)
[2024-05-23T11:00:55.802+0530][gc,task     ] GC(11) Using 13 workers of 13 for evacuation
[2024-05-23T11:00:55.812+0530][gc,phases   ] GC(11)   Pre Evacuate Collection Set: 0.2ms
[2024-05-23T11:00:55.812+0530][gc,phases   ] GC(11)   Merge Heap Roots: 0.2ms
[2024-05-23T11:00:55.812+0530][gc,phases   ] GC(11)   Evacuate Collection Set: 8.6ms
[2024-05-23T11:00:55.812+0530][gc,phases   ] GC(11)   Post Evacuate Collection Set: 0.6ms
[2024-05-23T11:00:55.812+0530][gc,phases   ] GC(11)   Other: 0.3ms
[2024-05-23T11:00:55.812+0530][gc,heap     ] GC(11) Eden regions: 49->0(61)
[2024-05-23T11:00:55.812+0530][gc,heap     ] GC(11) Survivor regions: 7->7(7)
[2024-05-23T11:00:55.812+0530][gc,heap     ] GC(11) Old regions: 20->23
[2024-05-23T11:00:55.812+0530][gc,heap     ] GC(11) Archive regions: 2->2
[2024-05-23T11:00:55.812+0530][gc,heap     ] GC(11) Humongous regions: 129->129
[2024-05-23T11:00:55.812+0530][gc,metaspace] GC(11) Metaspace: 41589K(42112K)->41589K(42112K) NonClass: 36882K(37184K)->36882K(37184K) Class: 4707K(4928K)->4707K(4928K)
[2024-05-23T11:00:55.812+0530][gc          ] GC(11) Pause Young (Normal) (G1 Evacuation Pause) 204M->159M(1024M) 10.205ms
[2024-05-23T11:00:55.812+0530][gc,cpu      ] GC(11) User=0.08s Sys=0.04s Real=0.02s
[2024-05-23T11:11:54.978+0530][gc,start    ] GC(12) Pause Young (Normal) (G1 Evacuation Pause)
[2024-05-23T11:11:54.978+0530][gc,task     ] GC(12) Using 13 workers of 13 for evacuation
[2024-05-23T11:11:54.988+0530][gc,phases   ] GC(12)   Pre Evacuate Collection Set: 0.4ms
[2024-05-23T11:11:54.988+0530][gc,phases   ] GC(12)   Merge Heap Roots: 0.2ms
[2024-05-23T11:11:54.988+0530][gc,phases   ] GC(12)   Evacuate Collection Set: 8.7ms
[2024-05-23T11:11:54.988+0530][gc,phases   ] GC(12)   Post Evacuate Collection Set: 0.3ms
[2024-05-23T11:11:54.988+0530][gc,phases   ] GC(12)   Other: 0.3ms
[2024-05-23T11:11:54.988+0530][gc,heap     ] GC(12) Eden regions: 61->0(65)
[2024-05-23T11:11:54.988+0530][gc,heap     ] GC(12) Survivor regions: 7->9(9)
[2024-05-23T11:11:54.988+0530][gc,heap     ] GC(12) Old regions: 23->26
[2024-05-23T11:11:54.988+0530][gc,heap     ] GC(12) Archive regions: 2->2
[2024-05-23T11:11:54.988+0530][gc,heap     ] GC(12) Humongous regions: 129->129
[2024-05-23T11:11:54.988+0530][gc,metaspace] GC(12) Metaspace: 41688K(42176K)->41688K(42176K) NonClass: 36980K(37248K)->36980K(37248K) Class: 4707K(4928K)->4707K(4928K)
[2024-05-23T11:11:54.988+0530][gc          ] GC(12) Pause Young (Normal) (G1 Evacuation Pause) 220M->163M(1024M) 9.949ms
[2024-05-23T11:11:54.988+0530][gc,cpu      ] GC(12) User=0.09s Sys=0.02s Real=0.01s
[2024-05-23T11:23:06.242+0530][gc,start    ] GC(13) Pause Young (Normal) (G1 Evacuation Pause)
[2024-05-23T11:23:06.242+0530][gc,task     ] GC(13) Using 13 workers of 13 for evacuation
[2024-05-23T11:23:06.249+0530][gc,phases   ] GC(13)   Pre Evacuate Collection Set: 0.2ms
[2024-05-23T11:23:06.249+0530][gc,phases   ] GC(13)   Merge Heap Roots: 0.1ms
[2024-05-23T11:23:06.249+0530][gc,phases   ] GC(13)   Evacuate Collection Set: 6.2ms
[2024-05-23T11:23:06.249+0530][gc,phases   ] GC(13)   Post Evacuate Collection Set: 0.3ms
[2024-05-23T11:23:06.249+0530][gc,phases   ] GC(13)   Other: 0.2ms
[2024-05-23T11:23:06.249+0530][gc,heap     ] GC(13) Eden regions: 65->0(89)
[2024-05-23T11:23:06.249+0530][gc,heap     ] GC(13) Survivor regions: 9->6(10)
[2024-05-23T11:23:06.249+0530][gc,heap     ] GC(13) Old regions: 26->33
[2024-05-23T11:23:06.249+0530][gc,heap     ] GC(13) Archive regions: 2->2
[2024-05-23T11:23:06.249+0530][gc,heap     ] GC(13) Humongous regions: 129->129
[2024-05-23T11:23:06.249+0530][gc,metaspace] GC(13) Metaspace: 41854K(42368K)->41854K(42368K) NonClass: 37142K(37440K)->37142K(37440K) Class: 4711K(4928K)->4711K(4928K)
[2024-05-23T11:23:06.249+0530][gc          ] GC(13) Pause Young (Normal) (G1 Evacuation Pause) 228M->167M(1024M) 7.067ms
[2024-05-23T11:23:06.249+0530][gc,cpu      ] GC(13) User=0.07s Sys=0.01s Real=0.01s
[2024-05-23T11:39:05.695+0530][gc,start    ] GC(14) Pause Young (Normal) (G1 Evacuation Pause)
[2024-05-23T11:39:05.695+0530][gc,task     ] GC(14) Using 13 workers of 13 for evacuation
[2024-05-23T11:39:05.698+0530][gc,phases   ] GC(14)   Pre Evacuate Collection Set: 0.1ms
[2024-05-23T11:39:05.698+0530][gc,phases   ] GC(14)   Merge Heap Roots: 0.2ms
[2024-05-23T11:39:05.698+0530][gc,phases   ] GC(14)   Evacuate Collection Set: 2.6ms
[2024-05-23T11:39:05.698+0530][gc,phases   ] GC(14)   Post Evacuate Collection Set: 0.4ms
[2024-05-23T11:39:05.698+0530][gc,phases   ] GC(14)   Other: 0.1ms
[2024-05-23T11:39:05.698+0530][gc,heap     ] GC(14) Eden regions: 89->0(609)
[2024-05-23T11:39:05.698+0530][gc,heap     ] GC(14) Survivor regions: 6->5(12)
[2024-05-23T11:39:05.698+0530][gc,heap     ] GC(14) Old regions: 33->33
[2024-05-23T11:39:05.698+0530][gc,heap     ] GC(14) Archive regions: 2->2
[2024-05-23T11:39:05.698+0530][gc,heap     ] GC(14) Humongous regions: 129->129
[2024-05-23T11:39:05.698+0530][gc,metaspace] GC(14) Metaspace: 41896K(42368K)->41896K(42368K) NonClass: 37185K(37440K)->37185K(37440K) Class: 4711K(4928K)->4711K(4928K)
[2024-05-23T11:39:05.698+0530][gc          ] GC(14) Pause Young (Normal) (G1 Evacuation Pause) 256M->167M(1024M) 3.548ms
[2024-05-23T11:39:05.698+0530][gc,cpu      ] GC(14) User=0.02s Sys=0.01s Real=0.00s
[2024-05-23T12:48:50.641+0530][gc,start    ] GC(15) Pause Young (Normal) (G1 Evacuation Pause)
[2024-05-23T12:48:50.641+0530][gc,task     ] GC(15) Using 13 workers of 13 for evacuation
[2024-05-23T12:48:50.651+0530][gc,phases   ] GC(15)   Pre Evacuate Collection Set: 0.3ms
[2024-05-23T12:48:50.651+0530][gc,phases   ] GC(15)   Merge Heap Roots: 0.4ms
[2024-05-23T12:48:50.651+0530][gc,phases   ] GC(15)   Evacuate Collection Set: 8.0ms
[2024-05-23T12:48:50.651+0530][gc,phases   ] GC(15)   Post Evacuate Collection Set: 0.9ms
[2024-05-23T12:48:50.651+0530][gc,phases   ] GC(15)   Other: 0.8ms
[2024-05-23T12:48:50.651+0530][gc,heap     ] GC(15) Eden regions: 609->0(378)
[2024-05-23T12:48:50.651+0530][gc,heap     ] GC(15) Survivor regions: 5->8(77)
[2024-05-23T12:48:50.651+0530][gc,heap     ] GC(15) Old regions: 33->33
[2024-05-23T12:48:50.651+0530][gc,heap     ] GC(15) Archive regions: 2->2
[2024-05-23T12:48:50.651+0530][gc,heap     ] GC(15) Humongous regions: 129->129
[2024-05-23T12:48:50.651+0530][gc,metaspace] GC(15) Metaspace: 44770K(45440K)->44770K(45440K) NonClass: 39633K(40000K)->39633K(40000K) Class: 5136K(5440K)->5136K(5440K)
[2024-05-23T12:48:50.651+0530][gc          ] GC(15) Pause Young (Normal) (G1 Evacuation Pause) 776M->169M(1024M) 10.602ms
[2024-05-23T12:48:50.651+0530][gc,cpu      ] GC(15) User=0.08s Sys=0.02s Real=0.02s
[2024-05-23T13:43:05.047+0530][gc,start    ] GC(16) Pause Young (Normal) (G1 Evacuation Pause)
[2024-05-23T13:43:05.047+0530][gc,task     ] GC(16) Using 13 workers of 13 for evacuation
[2024-05-23T13:43:05.057+0530][gc,phases   ] GC(16)   Pre Evacuate Collection Set: 0.3ms
[2024-05-23T13:43:05.057+0530][gc,phases   ] GC(16)   Merge Heap Roots: 0.3ms
[2024-05-23T13:43:05.057+0530][gc,phases   ] GC(16)   Evacuate Collection Set: 7.4ms
[2024-05-23T13:43:05.057+0530][gc,phases   ] GC(16)   Post Evacuate Collection Set: 1.5ms
[2024-05-23T13:43:05.057+0530][gc,phases   ] GC(16)   Other: 0.4ms
[2024-05-23T13:43:05.057+0530][gc,heap     ] GC(16) Eden regions: 375->0(605)
[2024-05-23T13:43:05.057+0530][gc,heap     ] GC(16) Survivor regions: 8->9(48)
[2024-05-23T13:43:05.057+0530][gc,heap     ] GC(16) Old regions: 33->33
[2024-05-23T13:43:05.057+0530][gc,heap     ] GC(16) Archive regions: 2->2
[2024-05-23T13:43:05.057+0530][gc,heap     ] GC(16) Humongous regions: 129->129
[2024-05-23T13:43:05.057+0530][gc,metaspace] GC(16) Metaspace: 44945K(45632K)->44945K(45632K) NonClass: 39809K(40192K)->39809K(40192K) Class: 5136K(5440K)->5136K(5440K)
[2024-05-23T13:43:05.058+0530][gc          ] GC(16) Pause Young (Normal) (G1 Evacuation Pause) 544M->170M(1024M) 10.200ms
[2024-05-23T13:43:05.058+0530][gc,cpu      ] GC(16) User=0.10s Sys=0.00s Real=0.01s
[2024-05-23T15:05:26.720+0530][gc,start    ] GC(17) Pause Young (Normal) (G1 Evacuation Pause)
[2024-05-23T15:05:26.720+0530][gc,task     ] GC(17) Using 13 workers of 13 for evacuation
[2024-05-23T15:05:26.723+0530][gc,phases   ] GC(17)   Pre Evacuate Collection Set: 0.2ms
[2024-05-23T15:05:26.723+0530][gc,phases   ] GC(17)   Merge Heap Roots: 0.2ms
[2024-05-23T15:05:26.723+0530][gc,phases   ] GC(17)   Evacuate Collection Set: 2.3ms
[2024-05-23T15:05:26.723+0530][gc,phases   ] GC(17)   Post Evacuate Collection Set: 0.3ms
[2024-05-23T15:05:26.723+0530][gc,phases   ] GC(17)   Other: 0.3ms
[2024-05-23T15:05:26.723+0530][gc,heap     ] GC(17) Eden regions: 605->0(605)
[2024-05-23T15:05:26.723+0530][gc,heap     ] GC(17) Survivor regions: 9->9(77)
[2024-05-23T15:05:26.723+0530][gc,heap     ] GC(17) Old regions: 33->33
[2024-05-23T15:05:26.723+0530][gc,heap     ] GC(17) Archive regions: 2->2
[2024-05-23T15:05:26.723+0530][gc,heap     ] GC(17) Humongous regions: 129->129
[2024-05-23T15:05:26.723+0530][gc,metaspace] GC(17) Metaspace: 45142K(45824K)->45142K(45824K) NonClass: 40006K(40384K)->40006K(40384K) Class: 5136K(5440K)->5136K(5440K)
[2024-05-23T15:05:26.723+0530][gc          ] GC(17) Pause Young (Normal) (G1 Evacuation Pause) 775M->171M(1024M) 3.351ms
[2024-05-23T15:05:26.723+0530][gc,cpu      ] GC(17) User=0.02s Sys=0.01s Real=0.00s
[2024-05-23T17:15:22.271+0530][gc,start    ] GC(18) Pause Young (Normal) (G1 Evacuation Pause)
[2024-05-23T17:15:22.271+0530][gc,task     ] GC(18) Using 13 workers of 13 for evacuation
[2024-05-23T17:15:22.278+0530][gc,phases   ] GC(18)   Pre Evacuate Collection Set: 0.3ms
[2024-05-23T17:15:22.278+0530][gc,phases   ] GC(18)   Merge Heap Roots: 0.4ms
[2024-05-23T17:15:22.278+0530][gc,phases   ] GC(18)   Evacuate Collection Set: 5.0ms
[2024-05-23T17:15:22.278+0530][gc,phases   ] GC(18)   Post Evacuate Collection Set: 0.5ms
[2024-05-23T17:15:22.278+0530][gc,phases   ] GC(18)   Other: 0.3ms
[2024-05-23T17:15:22.278+0530][gc,heap     ] GC(18) Eden regions: 605->0(605)
[2024-05-23T17:15:22.278+0530][gc,heap     ] GC(18) Survivor regions: 9->9(77)
[2024-05-23T17:15:22.278+0530][gc,heap     ] GC(18) Old regions: 33->33
[2024-05-23T17:15:22.278+0530][gc,heap     ] GC(18) Archive regions: 2->2
[2024-05-23T17:15:22.278+0530][gc,heap     ] GC(18) Humongous regions: 129->129
[2024-05-23T17:15:22.278+0530][gc,metaspace] GC(18) Metaspace: 45593K(46272K)->45593K(46272K) NonClass: 40412K(40768K)->40412K(40768K) Class: 5181K(5504K)->5181K(5504K)
[2024-05-23T17:15:22.278+0530][gc          ] GC(18) Pause Young (Normal) (G1 Evacuation Pause) 776M->170M(1024M) 6.561ms
[2024-05-23T17:15:22.278+0530][gc,cpu      ] GC(18) User=0.06s Sys=0.00s Real=0.00s
