[2024-05-24T09:26:05.662+0530][gc] Using G1
[2024-05-24T09:26:05.674+0530][gc,init] Version: 17.0.10+7-Ubuntu-122.04.1 (release)
[2024-05-24T09:26:05.674+0530][gc,init] CPUs: 16 total, 16 available
[2024-05-24T09:26:05.674+0530][gc,init] Memory: 31911M
[2024-05-24T09:26:05.674+0530][gc,init] Large Page Support: Disabled
[2024-05-24T09:26:05.674+0530][gc,init] NUMA Support: Disabled
[2024-05-24T09:26:05.674+0530][gc,init] Compressed Oops: Enabled (32-bit)
[2024-05-24T09:26:05.674+0530][gc,init] Heap Region Size: 1M
[2024-05-24T09:26:05.674+0530][gc,init] Heap Min Capacity: 1G
[2024-05-24T09:26:05.674+0530][gc,init] Heap Initial Capacity: 1G
[2024-05-24T09:26:05.674+0530][gc,init] Heap Max Capacity: 1G
[2024-05-24T09:26:05.674+0530][gc,init] Pre-touch: Disabled
[2024-05-24T09:26:05.674+0530][gc,init] Parallel Workers: 13
[2024-05-24T09:26:05.674+0530][gc,init] Concurrent Workers: 3
[2024-05-24T09:26:05.674+0530][gc,init] Concurrent Refinement Workers: 13
[2024-05-24T09:26:05.674+0530][gc,init] Periodic GC: Disabled
[2024-05-24T09:26:05.680+0530][gc,metaspace] CDS archive(s) mapped at: [0x0000724283000000-0x0000724283bc7000-0x0000724283bc7000), size 12349440, SharedBaseAddress: 0x0000724283000000, ArchiveRelocationMode: 1.
[2024-05-24T09:26:05.680+0530][gc,metaspace] Compressed class space mapped at: 0x0000724284000000-0x00007242c4000000, reserved size: 1073741824
[2024-05-24T09:26:05.680+0530][gc,metaspace] Narrow klass base: 0x0000724283000000, Narrow klass shift: 0, Narrow klass range: 0x100000000
[2024-05-24T09:26:06.273+0530][gc,start    ] GC(0) Pause Young (Normal) (G1 Evacuation Pause)
[2024-05-24T09:26:06.274+0530][gc,task     ] GC(0) Using 13 workers of 13 for evacuation
[2024-05-24T09:26:06.276+0530][gc,phases   ] GC(0)   Pre Evacuate Collection Set: 0.1ms
[2024-05-24T09:26:06.276+0530][gc,phases   ] GC(0)   Merge Heap Roots: 0.0ms
[2024-05-24T09:26:06.276+0530][gc,phases   ] GC(0)   Evacuate Collection Set: 1.5ms
[2024-05-24T09:26:06.276+0530][gc,phases   ] GC(0)   Post Evacuate Collection Set: 0.2ms
[2024-05-24T09:26:06.276+0530][gc,phases   ] GC(0)   Other: 1.1ms
[2024-05-24T09:26:06.276+0530][gc,heap     ] GC(0) Eden regions: 51->0(44)
[2024-05-24T09:26:06.276+0530][gc,heap     ] GC(0) Survivor regions: 0->7(7)
[2024-05-24T09:26:06.276+0530][gc,heap     ] GC(0) Old regions: 0->1
[2024-05-24T09:26:06.276+0530][gc,heap     ] GC(0) Archive regions: 2->2
[2024-05-24T09:26:06.276+0530][gc,heap     ] GC(0) Humongous regions: 0->0
[2024-05-24T09:26:06.276+0530][gc,metaspace] GC(0) Metaspace: 18471K(18688K)->18471K(18688K) NonClass: 16284K(16384K)->16284K(16384K) Class: 2187K(2304K)->2187K(2304K)
[2024-05-24T09:26:06.276+0530][gc          ] GC(0) Pause Young (Normal) (G1 Evacuation Pause) 51M->8M(1024M) 3.044ms
[2024-05-24T09:26:06.276+0530][gc,cpu      ] GC(0) User=0.02s Sys=0.01s Real=0.00s
[2024-05-24T09:26:06.378+0530][gc,start    ] GC(1) Pause Young (Concurrent Start) (Metadata GC Threshold)
[2024-05-24T09:26:06.378+0530][gc,task     ] GC(1) Using 13 workers of 13 for evacuation
[2024-05-24T09:26:06.380+0530][gc,phases   ] GC(1)   Pre Evacuate Collection Set: 0.1ms
[2024-05-24T09:26:06.380+0530][gc,phases   ] GC(1)   Merge Heap Roots: 0.0ms
[2024-05-24T09:26:06.380+0530][gc,phases   ] GC(1)   Evacuate Collection Set: 1.2ms
[2024-05-24T09:26:06.380+0530][gc,phases   ] GC(1)   Post Evacuate Collection Set: 0.2ms
[2024-05-24T09:26:06.380+0530][gc,phases   ] GC(1)   Other: 0.1ms
[2024-05-24T09:26:06.380+0530][gc,heap     ] GC(1) Eden regions: 11->0(49)
[2024-05-24T09:26:06.380+0530][gc,heap     ] GC(1) Survivor regions: 7->2(7)
[2024-05-24T09:26:06.380+0530][gc,heap     ] GC(1) Old regions: 1->9
[2024-05-24T09:26:06.380+0530][gc,heap     ] GC(1) Archive regions: 2->2
[2024-05-24T09:26:06.380+0530][gc,heap     ] GC(1) Humongous regions: 0->0
[2024-05-24T09:26:06.380+0530][gc,metaspace] GC(1) Metaspace: 21336K(21504K)->21336K(21504K) NonClass: 18777K(18880K)->18777K(18880K) Class: 2558K(2624K)->2558K(2624K)
[2024-05-24T09:26:06.380+0530][gc          ] GC(1) Pause Young (Concurrent Start) (Metadata GC Threshold) 19M->10M(1024M) 1.730ms
[2024-05-24T09:26:06.380+0530][gc,cpu      ] GC(1) User=0.01s Sys=0.00s Real=0.00s
[2024-05-24T09:26:06.380+0530][gc          ] GC(2) Concurrent Mark Cycle
[2024-05-24T09:26:06.380+0530][gc,marking  ] GC(2) Concurrent Clear Claimed Marks
[2024-05-24T09:26:06.380+0530][gc,marking  ] GC(2) Concurrent Clear Claimed Marks 0.010ms
[2024-05-24T09:26:06.380+0530][gc,marking  ] GC(2) Concurrent Scan Root Regions
[2024-05-24T09:26:06.381+0530][gc,marking  ] GC(2) Concurrent Scan Root Regions 0.818ms
[2024-05-24T09:26:06.381+0530][gc,marking  ] GC(2) Concurrent Mark
[2024-05-24T09:26:06.381+0530][gc,marking  ] GC(2) Concurrent Mark From Roots
[2024-05-24T09:26:06.381+0530][gc,task     ] GC(2) Using 3 workers of 3 for marking
[2024-05-24T09:26:06.382+0530][gc,marking  ] GC(2) Concurrent Mark From Roots 0.658ms
[2024-05-24T09:26:06.382+0530][gc,marking  ] GC(2) Concurrent Preclean
[2024-05-24T09:26:06.382+0530][gc,marking  ] GC(2) Concurrent Preclean 0.046ms
[2024-05-24T09:26:06.382+0530][gc,start    ] GC(2) Pause Remark
[2024-05-24T09:26:06.382+0530][gc          ] GC(2) Pause Remark 11M->11M(1024M) 0.725ms
[2024-05-24T09:26:06.382+0530][gc,cpu      ] GC(2) User=0.00s Sys=0.00s Real=0.00s
[2024-05-24T09:26:06.382+0530][gc,marking  ] GC(2) Concurrent Mark 1.541ms
[2024-05-24T09:26:06.382+0530][gc,marking  ] GC(2) Concurrent Rebuild Remembered Sets
[2024-05-24T09:26:06.383+0530][gc,marking  ] GC(2) Concurrent Rebuild Remembered Sets 0.788ms
[2024-05-24T09:26:06.383+0530][gc,start    ] GC(2) Pause Cleanup
[2024-05-24T09:26:06.383+0530][gc          ] GC(2) Pause Cleanup 11M->11M(1024M) 0.043ms
[2024-05-24T09:26:06.383+0530][gc,cpu      ] GC(2) User=0.00s Sys=0.00s Real=0.00s
[2024-05-24T09:26:06.383+0530][gc,marking  ] GC(2) Concurrent Cleanup for Next Mark
[2024-05-24T09:26:06.385+0530][gc,marking  ] GC(2) Concurrent Cleanup for Next Mark 1.607ms
[2024-05-24T09:26:06.385+0530][gc          ] GC(2) Concurrent Mark Cycle 5.053ms
[2024-05-24T09:26:06.706+0530][gc,start    ] GC(3) Pause Young (Normal) (G1 Evacuation Pause)
[2024-05-24T09:26:06.706+0530][gc,task     ] GC(3) Using 13 workers of 13 for evacuation
[2024-05-24T09:26:06.708+0530][gc,phases   ] GC(3)   Pre Evacuate Collection Set: 0.1ms
[2024-05-24T09:26:06.708+0530][gc,phases   ] GC(3)   Merge Heap Roots: 0.0ms
[2024-05-24T09:26:06.708+0530][gc,phases   ] GC(3)   Evacuate Collection Set: 1.5ms
[2024-05-24T09:26:06.708+0530][gc,phases   ] GC(3)   Post Evacuate Collection Set: 0.2ms
[2024-05-24T09:26:06.708+0530][gc,phases   ] GC(3)   Other: 0.1ms
[2024-05-24T09:26:06.708+0530][gc,heap     ] GC(3) Eden regions: 49->0(44)
[2024-05-24T09:26:06.708+0530][gc,heap     ] GC(3) Survivor regions: 2->7(7)
[2024-05-24T09:26:06.708+0530][gc,heap     ] GC(3) Old regions: 9->9
[2024-05-24T09:26:06.708+0530][gc,heap     ] GC(3) Archive regions: 2->2
[2024-05-24T09:26:06.708+0530][gc,heap     ] GC(3) Humongous regions: 129->129
[2024-05-24T09:26:06.708+0530][gc,metaspace] GC(3) Metaspace: 32433K(32704K)->32433K(32704K) NonClass: 28844K(28992K)->28844K(28992K) Class: 3588K(3712K)->3588K(3712K)
[2024-05-24T09:26:06.708+0530][gc          ] GC(3) Pause Young (Normal) (G1 Evacuation Pause) 188M->144M(1024M) 1.954ms
[2024-05-24T09:26:06.708+0530][gc,cpu      ] GC(3) User=0.02s Sys=0.01s Real=0.00s
[2024-05-24T09:26:12.361+0530][gc,start    ] GC(4) Pause Young (Concurrent Start) (Metadata GC Threshold)
[2024-05-24T09:26:12.361+0530][gc,task     ] GC(4) Using 13 workers of 13 for evacuation
[2024-05-24T09:26:12.363+0530][gc,phases   ] GC(4)   Pre Evacuate Collection Set: 0.1ms
[2024-05-24T09:26:12.363+0530][gc,phases   ] GC(4)   Merge Heap Roots: 0.0ms
[2024-05-24T09:26:12.363+0530][gc,phases   ] GC(4)   Evacuate Collection Set: 1.5ms
[2024-05-24T09:26:12.363+0530][gc,phases   ] GC(4)   Post Evacuate Collection Set: 0.2ms
[2024-05-24T09:26:12.363+0530][gc,phases   ] GC(4)   Other: 0.1ms
[2024-05-24T09:26:12.363+0530][gc,heap     ] GC(4) Eden regions: 16->0(49)
[2024-05-24T09:26:12.363+0530][gc,heap     ] GC(4) Survivor regions: 7->2(7)
[2024-05-24T09:26:12.363+0530][gc,heap     ] GC(4) Old regions: 9->15
[2024-05-24T09:26:12.363+0530][gc,heap     ] GC(4) Archive regions: 2->2
[2024-05-24T09:26:12.363+0530][gc,heap     ] GC(4) Humongous regions: 129->129
[2024-05-24T09:26:12.363+0530][gc,metaspace] GC(4) Metaspace: 35753K(35968K)->35753K(35968K) NonClass: 31699K(31808K)->31699K(31808K) Class: 4054K(4160K)->4054K(4160K)
[2024-05-24T09:26:12.363+0530][gc          ] GC(4) Pause Young (Concurrent Start) (Metadata GC Threshold) 160M->145M(1024M) 1.882ms
[2024-05-24T09:26:12.363+0530][gc,cpu      ] GC(4) User=0.01s Sys=0.00s Real=0.00s
[2024-05-24T09:26:12.363+0530][gc          ] GC(5) Concurrent Mark Cycle
[2024-05-24T09:26:12.363+0530][gc,marking  ] GC(5) Concurrent Clear Claimed Marks
[2024-05-24T09:26:12.363+0530][gc,marking  ] GC(5) Concurrent Clear Claimed Marks 0.017ms
[2024-05-24T09:26:12.363+0530][gc,marking  ] GC(5) Concurrent Scan Root Regions
[2024-05-24T09:26:12.364+0530][gc,marking  ] GC(5) Concurrent Scan Root Regions 1.185ms
[2024-05-24T09:26:12.364+0530][gc,marking  ] GC(5) Concurrent Mark
[2024-05-24T09:26:12.364+0530][gc,marking  ] GC(5) Concurrent Mark From Roots
[2024-05-24T09:26:12.364+0530][gc,task     ] GC(5) Using 3 workers of 3 for marking
[2024-05-24T09:26:12.367+0530][gc,marking  ] GC(5) Concurrent Mark From Roots 2.748ms
[2024-05-24T09:26:12.367+0530][gc,marking  ] GC(5) Concurrent Preclean
[2024-05-24T09:26:12.367+0530][gc,marking  ] GC(5) Concurrent Preclean 0.069ms
[2024-05-24T09:26:12.367+0530][gc,start    ] GC(5) Pause Remark
[2024-05-24T09:26:12.368+0530][gc          ] GC(5) Pause Remark 146M->146M(1024M) 0.604ms
[2024-05-24T09:26:12.368+0530][gc,cpu      ] GC(5) User=0.01s Sys=0.00s Real=0.00s
[2024-05-24T09:26:12.368+0530][gc,marking  ] GC(5) Concurrent Mark 3.516ms
[2024-05-24T09:26:12.368+0530][gc,marking  ] GC(5) Concurrent Rebuild Remembered Sets
[2024-05-24T09:26:12.370+0530][gc,marking  ] GC(5) Concurrent Rebuild Remembered Sets 1.673ms
[2024-05-24T09:26:12.370+0530][gc,start    ] GC(5) Pause Cleanup
[2024-05-24T09:26:12.370+0530][gc          ] GC(5) Pause Cleanup 146M->146M(1024M) 0.080ms
[2024-05-24T09:26:12.370+0530][gc,cpu      ] GC(5) User=0.00s Sys=0.00s Real=0.00s
[2024-05-24T09:26:12.370+0530][gc,marking  ] GC(5) Concurrent Cleanup for Next Mark
[2024-05-24T09:26:12.371+0530][gc,marking  ] GC(5) Concurrent Cleanup for Next Mark 1.605ms
[2024-05-24T09:26:12.371+0530][gc          ] GC(5) Concurrent Mark Cycle 8.237ms
[2024-05-24T09:50:29.086+0530][gc,start    ] GC(6) Pause Young (Prepare Mixed) (G1 Evacuation Pause)
[2024-05-24T09:50:29.086+0530][gc,task     ] GC(6) Using 13 workers of 13 for evacuation
[2024-05-24T09:50:29.088+0530][gc,phases   ] GC(6)   Pre Evacuate Collection Set: 0.1ms
[2024-05-24T09:50:29.088+0530][gc,phases   ] GC(6)   Merge Heap Roots: 0.0ms
[2024-05-24T09:50:29.088+0530][gc,phases   ] GC(6)   Evacuate Collection Set: 1.1ms
[2024-05-24T09:50:29.088+0530][gc,phases   ] GC(6)   Post Evacuate Collection Set: 0.2ms
[2024-05-24T09:50:29.088+0530][gc,phases   ] GC(6)   Other: 0.1ms
[2024-05-24T09:50:29.088+0530][gc,heap     ] GC(6) Eden regions: 49->0(47)
[2024-05-24T09:50:29.088+0530][gc,heap     ] GC(6) Survivor regions: 2->4(7)
[2024-05-24T09:50:29.088+0530][gc,heap     ] GC(6) Old regions: 15->15
[2024-05-24T09:50:29.088+0530][gc,heap     ] GC(6) Archive regions: 2->2
[2024-05-24T09:50:29.088+0530][gc,heap     ] GC(6) Humongous regions: 129->129
[2024-05-24T09:50:29.088+0530][gc,metaspace] GC(6) Metaspace: 41718K(42240K)->41718K(42240K) NonClass: 36727K(36992K)->36727K(36992K) Class: 4990K(5248K)->4990K(5248K)
[2024-05-24T09:50:29.088+0530][gc          ] GC(6) Pause Young (Prepare Mixed) (G1 Evacuation Pause) 194M->147M(1024M) 1.644ms
[2024-05-24T09:50:29.088+0530][gc,cpu      ] GC(6) User=0.02s Sys=0.00s Real=0.00s
[2024-05-24T10:18:40.661+0530][gc,start    ] GC(7) Pause Young (Mixed) (G1 Evacuation Pause)
[2024-05-24T10:18:40.661+0530][gc,task     ] GC(7) Using 13 workers of 13 for evacuation
[2024-05-24T10:18:40.667+0530][gc,phases   ] GC(7)   Pre Evacuate Collection Set: 0.3ms
[2024-05-24T10:18:40.667+0530][gc,phases   ] GC(7)   Merge Heap Roots: 0.2ms
[2024-05-24T10:18:40.667+0530][gc,phases   ] GC(7)   Evacuate Collection Set: 4.7ms
[2024-05-24T10:18:40.667+0530][gc,phases   ] GC(7)   Post Evacuate Collection Set: 0.8ms
[2024-05-24T10:18:40.667+0530][gc,phases   ] GC(7)   Other: 0.3ms
[2024-05-24T10:18:40.667+0530][gc,heap     ] GC(7) Eden regions: 47->0(47)
[2024-05-24T10:18:40.667+0530][gc,heap     ] GC(7) Survivor regions: 4->4(7)
[2024-05-24T10:18:40.667+0530][gc,heap     ] GC(7) Old regions: 15->15
[2024-05-24T10:18:40.667+0530][gc,heap     ] GC(7) Archive regions: 2->2
[2024-05-24T10:18:40.668+0530][gc,heap     ] GC(7) Humongous regions: 129->129
[2024-05-24T10:18:40.668+0530][gc,metaspace] GC(7) Metaspace: 42765K(43328K)->42765K(43328K) NonClass: 37714K(38016K)->37714K(38016K) Class: 5051K(5312K)->5051K(5312K)
[2024-05-24T10:18:40.668+0530][gc          ] GC(7) Pause Young (Mixed) (G1 Evacuation Pause) 194M->148M(1024M) 6.360ms
[2024-05-24T10:18:40.668+0530][gc,cpu      ] GC(7) User=0.05s Sys=0.01s Real=0.00s
[2024-05-24T10:55:07.660+0530][gc,start    ] GC(8) Pause Young (Normal) (G1 Evacuation Pause)
[2024-05-24T10:55:07.660+0530][gc,task     ] GC(8) Using 13 workers of 13 for evacuation
[2024-05-24T10:55:07.663+0530][gc,phases   ] GC(8)   Pre Evacuate Collection Set: 0.1ms
[2024-05-24T10:55:07.663+0530][gc,phases   ] GC(8)   Merge Heap Roots: 0.0ms
[2024-05-24T10:55:07.663+0530][gc,phases   ] GC(8)   Evacuate Collection Set: 2.0ms
[2024-05-24T10:55:07.663+0530][gc,phases   ] GC(8)   Post Evacuate Collection Set: 0.5ms
[2024-05-24T10:55:07.663+0530][gc,phases   ] GC(8)   Other: 0.1ms
[2024-05-24T10:55:07.663+0530][gc,heap     ] GC(8) Eden regions: 47->0(53)
[2024-05-24T10:55:07.663+0530][gc,heap     ] GC(8) Survivor regions: 4->4(7)
[2024-05-24T10:55:07.663+0530][gc,heap     ] GC(8) Old regions: 15->16
[2024-05-24T10:55:07.663+0530][gc,heap     ] GC(8) Archive regions: 2->2
[2024-05-24T10:55:07.663+0530][gc,heap     ] GC(8) Humongous regions: 129->129
[2024-05-24T10:55:07.663+0530][gc,metaspace] GC(8) Metaspace: 43042K(43584K)->43042K(43584K) NonClass: 37987K(38272K)->37987K(38272K) Class: 5055K(5312K)->5055K(5312K)
[2024-05-24T10:55:07.663+0530][gc          ] GC(8) Pause Young (Normal) (G1 Evacuation Pause) 195M->148M(1024M) 2.950ms
[2024-05-24T10:55:07.663+0530][gc,cpu      ] GC(8) User=0.02s Sys=0.00s Real=0.01s
[2024-05-24T11:18:17.658+0530][gc,start    ] GC(9) Pause Young (Normal) (G1 Evacuation Pause)
[2024-05-24T11:18:17.658+0530][gc,task     ] GC(9) Using 13 workers of 13 for evacuation
[2024-05-24T11:18:17.665+0530][gc,phases   ] GC(9)   Pre Evacuate Collection Set: 0.3ms
[2024-05-24T11:18:17.665+0530][gc,phases   ] GC(9)   Merge Heap Roots: 0.1ms
[2024-05-24T11:18:17.665+0530][gc,phases   ] GC(9)   Evacuate Collection Set: 5.9ms
[2024-05-24T11:18:17.665+0530][gc,phases   ] GC(9)   Post Evacuate Collection Set: 1.0ms
[2024-05-24T11:18:17.665+0530][gc,phases   ] GC(9)   Other: 0.4ms
[2024-05-24T11:18:17.665+0530][gc,heap     ] GC(9) Eden regions: 53->0(46)
[2024-05-24T11:18:17.665+0530][gc,heap     ] GC(9) Survivor regions: 4->6(8)
[2024-05-24T11:18:17.665+0530][gc,heap     ] GC(9) Old regions: 16->16
[2024-05-24T11:18:17.665+0530][gc,heap     ] GC(9) Archive regions: 2->2
[2024-05-24T11:18:17.665+0530][gc,heap     ] GC(9) Humongous regions: 129->129
[2024-05-24T11:18:17.665+0530][gc,metaspace] GC(9) Metaspace: 44110K(44672K)->44110K(44672K) NonClass: 38938K(39232K)->38938K(39232K) Class: 5172K(5440K)->5172K(5440K)
[2024-05-24T11:18:17.665+0530][gc          ] GC(9) Pause Young (Normal) (G1 Evacuation Pause) 201M->150M(1024M) 7.853ms
[2024-05-24T11:18:17.665+0530][gc,cpu      ] GC(9) User=0.08s Sys=0.01s Real=0.01s
[2024-05-24T11:21:07.660+0530][gc,start    ] GC(10) Pause Young (Normal) (G1 Evacuation Pause)
[2024-05-24T11:21:07.660+0530][gc,task     ] GC(10) Using 13 workers of 13 for evacuation
[2024-05-24T11:21:07.668+0530][gc,phases   ] GC(10)   Pre Evacuate Collection Set: 0.2ms
[2024-05-24T11:21:07.668+0530][gc,phases   ] GC(10)   Merge Heap Roots: 0.1ms
[2024-05-24T11:21:07.668+0530][gc,phases   ] GC(10)   Evacuate Collection Set: 6.8ms
[2024-05-24T11:21:07.668+0530][gc,phases   ] GC(10)   Post Evacuate Collection Set: 0.9ms
[2024-05-24T11:21:07.669+0530][gc,phases   ] GC(10)   Other: 0.3ms
[2024-05-24T11:21:07.669+0530][gc,heap     ] GC(10) Eden regions: 46->0(194)
[2024-05-24T11:21:07.669+0530][gc,heap     ] GC(10) Survivor regions: 6->5(7)
[2024-05-24T11:21:07.669+0530][gc,heap     ] GC(10) Old regions: 16->18
[2024-05-24T11:21:07.669+0530][gc,heap     ] GC(10) Archive regions: 2->2
[2024-05-24T11:21:07.669+0530][gc,heap     ] GC(10) Humongous regions: 129->129
[2024-05-24T11:21:07.669+0530][gc,metaspace] GC(10) Metaspace: 44166K(44800K)->44166K(44800K) NonClass: 38991K(39360K)->38991K(39360K) Class: 5174K(5440K)->5174K(5440K)
[2024-05-24T11:21:07.669+0530][gc          ] GC(10) Pause Young (Normal) (G1 Evacuation Pause) 196M->151M(1024M) 8.518ms
[2024-05-24T11:21:07.669+0530][gc,cpu      ] GC(10) User=0.08s Sys=0.01s Real=0.02s
[2024-05-24T11:33:13.349+0530][gc,start    ] GC(11) Pause Young (Normal) (G1 Evacuation Pause)
[2024-05-24T11:33:13.350+0530][gc,task     ] GC(11) Using 13 workers of 13 for evacuation
[2024-05-24T11:33:13.352+0530][gc,phases   ] GC(11)   Pre Evacuate Collection Set: 0.3ms
[2024-05-24T11:33:13.352+0530][gc,phases   ] GC(11)   Merge Heap Roots: 0.3ms
[2024-05-24T11:33:13.352+0530][gc,phases   ] GC(11)   Evacuate Collection Set: 1.6ms
[2024-05-24T11:33:13.352+0530][gc,phases   ] GC(11)   Post Evacuate Collection Set: 0.4ms
[2024-05-24T11:33:13.352+0530][gc,phases   ] GC(11)   Other: 0.3ms
[2024-05-24T11:33:13.352+0530][gc,heap     ] GC(11) Eden regions: 194->0(610)
[2024-05-24T11:33:13.352+0530][gc,heap     ] GC(11) Survivor regions: 5->4(25)
[2024-05-24T11:33:13.352+0530][gc,heap     ] GC(11) Old regions: 18->18
[2024-05-24T11:33:13.352+0530][gc,heap     ] GC(11) Archive regions: 2->2
[2024-05-24T11:33:13.352+0530][gc,heap     ] GC(11) Humongous regions: 129->129
[2024-05-24T11:33:13.352+0530][gc,metaspace] GC(11) Metaspace: 44733K(45312K)->44733K(45312K) NonClass: 39432K(39744K)->39432K(39744K) Class: 5301K(5568K)->5301K(5568K)
[2024-05-24T11:33:13.352+0530][gc          ] GC(11) Pause Young (Normal) (G1 Evacuation Pause) 345M->150M(1024M) 2.860ms
[2024-05-24T11:33:13.352+0530][gc,cpu      ] GC(11) User=0.02s Sys=0.00s Real=0.00s
[2024-05-24T12:01:49.950+0530][gc,heap,exit] Heap
[2024-05-24T12:01:49.951+0530][gc,heap,exit]  garbage-first heap   total 1048576K, used 618735K [0x00000000c0000000, 0x0000000100000000)
[2024-05-24T12:01:49.951+0530][gc,heap,exit]   region size 1024K, 458 young (468992K), 4 survivors (4096K)
[2024-05-24T12:01:49.951+0530][gc,heap,exit]  Metaspace       used 45840K, committed 46464K, reserved 1114112K
[2024-05-24T12:01:49.951+0530][gc,heap,exit]   class space    used 5481K, committed 5760K, reserved 1048576K
