[2024-05-27T10:47:40.279+0530][gc,heap] Heap region size: 1M
[2024-05-27T10:47:40.290+0530][gc     ] Using G1
[2024-05-27T10:47:40.290+0530][gc,heap,coops] Heap address: 0x00000000c0000000, size: 1024 MB, Compressed Oops mode: 32-bit
[2024-05-27T10:47:40.290+0530][gc,cds       ] Mark closed archive regions in map: [0x00000000ffe00000, 0x00000000ffe6bff8]
[2024-05-27T10:47:40.290+0530][gc,cds       ] Mark open archive regions in map: [0x00000000ffc00000, 0x00000000ffc47ff8]
[2024-05-27T10:47:40.710+0530][gc,start     ] GC(0) Pause Young (Normal) (G1 Evacuation Pause)
[2024-05-27T10:47:40.711+0530][gc,task      ] GC(0) Using 13 workers of 13 for evacuation
[2024-05-27T10:47:40.715+0530][gc,phases    ] GC(0)   Pre Evacuate Collection Set: 0.0ms
[2024-05-27T10:47:40.715+0530][gc,phases    ] GC(0)   Evacuate Collection Set: 3.3ms
[2024-05-27T10:47:40.715+0530][gc,phases    ] GC(0)   Post Evacuate Collection Set: 0.2ms
[2024-05-27T10:47:40.715+0530][gc,phases    ] GC(0)   Other: 0.9ms
[2024-05-27T10:47:40.715+0530][gc,heap      ] GC(0) Eden regions: 51->0(44)
[2024-05-27T10:47:40.715+0530][gc,heap      ] GC(0) Survivor regions: 0->7(7)
[2024-05-27T10:47:40.715+0530][gc,heap      ] GC(0) Old regions: 2->3
[2024-05-27T10:47:40.715+0530][gc,heap      ] GC(0) Humongous regions: 0->0
[2024-05-27T10:47:40.715+0530][gc,metaspace ] GC(0) Metaspace: 14004K(14848K)->14004K(14848K) NonClass: 12274K(12800K)->12274K(12800K) Class: 1730K(2048K)->1730K(2048K)
[2024-05-27T10:47:40.715+0530][gc           ] GC(0) Pause Young (Normal) (G1 Evacuation Pause) 51M->8M(1024M) 4.475ms
[2024-05-27T10:47:40.715+0530][gc,cpu       ] GC(0) User=0.04s Sys=0.00s Real=0.00s
[2024-05-27T10:47:40.884+0530][gc,start     ] GC(1) Pause Young (Concurrent Start) (Metadata GC Threshold)
[2024-05-27T10:47:40.884+0530][gc,task      ] GC(1) Using 13 workers of 13 for evacuation
[2024-05-27T10:47:40.889+0530][gc,phases    ] GC(1)   Pre Evacuate Collection Set: 0.1ms
[2024-05-27T10:47:40.889+0530][gc,phases    ] GC(1)   Evacuate Collection Set: 4.5ms
[2024-05-27T10:47:40.889+0530][gc,phases    ] GC(1)   Post Evacuate Collection Set: 0.2ms
[2024-05-27T10:47:40.889+0530][gc,phases    ] GC(1)   Other: 0.2ms
[2024-05-27T10:47:40.889+0530][gc,heap      ] GC(1) Eden regions: 30->0(49)
[2024-05-27T10:47:40.889+0530][gc,heap      ] GC(1) Survivor regions: 7->2(7)
[2024-05-27T10:47:40.889+0530][gc,heap      ] GC(1) Old regions: 3->10
[2024-05-27T10:47:40.889+0530][gc,heap      ] GC(1) Humongous regions: 0->0
[2024-05-27T10:47:40.889+0530][gc,metaspace ] GC(1) Metaspace: 20494K(21296K)->20494K(21296K) NonClass: 18035K(18608K)->18035K(18608K) Class: 2459K(2688K)->2459K(2688K)
[2024-05-27T10:47:40.889+0530][gc           ] GC(1) Pause Young (Concurrent Start) (Metadata GC Threshold) 37M->9M(1024M) 5.062ms
[2024-05-27T10:47:40.889+0530][gc,cpu       ] GC(1) User=0.02s Sys=0.01s Real=0.00s
[2024-05-27T10:47:40.889+0530][gc           ] GC(2) Concurrent Cycle
[2024-05-27T10:47:40.889+0530][gc,marking   ] GC(2) Concurrent Clear Claimed Marks
[2024-05-27T10:47:40.889+0530][gc,marking   ] GC(2) Concurrent Clear Claimed Marks 0.043ms
[2024-05-27T10:47:40.889+0530][gc,marking   ] GC(2) Concurrent Scan Root Regions
[2024-05-27T10:47:40.890+0530][gc,marking   ] GC(2) Concurrent Scan Root Regions 0.785ms
[2024-05-27T10:47:40.890+0530][gc,marking   ] GC(2) Concurrent Mark (0.614s)
[2024-05-27T10:47:40.890+0530][gc,marking   ] GC(2) Concurrent Mark From Roots
[2024-05-27T10:47:40.890+0530][gc,task      ] GC(2) Using 3 workers of 3 for marking
[2024-05-27T10:47:40.892+0530][gc,marking   ] GC(2) Concurrent Mark From Roots 2.201ms
[2024-05-27T10:47:40.892+0530][gc,marking   ] GC(2) Concurrent Preclean
[2024-05-27T10:47:40.892+0530][gc,marking   ] GC(2) Concurrent Preclean 0.062ms
[2024-05-27T10:47:40.892+0530][gc,marking   ] GC(2) Concurrent Mark (0.614s, 0.616s) 2.301ms
[2024-05-27T10:47:40.892+0530][gc,start     ] GC(2) Pause Remark
[2024-05-27T10:47:40.894+0530][gc,stringtable] GC(2) Cleaned string and symbol table, strings: 5655 processed, 0 removed, symbols: 53533 processed, 40 removed
[2024-05-27T10:47:40.894+0530][gc            ] GC(2) Pause Remark 9M->9M(1024M) 1.752ms
[2024-05-27T10:47:40.894+0530][gc,cpu        ] GC(2) User=0.02s Sys=0.00s Real=0.00s
[2024-05-27T10:47:40.894+0530][gc,marking    ] GC(2) Concurrent Rebuild Remembered Sets
[2024-05-27T10:47:40.896+0530][gc,marking    ] GC(2) Concurrent Rebuild Remembered Sets 1.553ms
[2024-05-27T10:47:40.896+0530][gc,start      ] GC(2) Pause Cleanup
[2024-05-27T10:47:40.896+0530][gc            ] GC(2) Pause Cleanup 9M->9M(1024M) 0.119ms
[2024-05-27T10:47:40.896+0530][gc,cpu        ] GC(2) User=0.00s Sys=0.00s Real=0.00s
[2024-05-27T10:47:40.896+0530][gc,marking    ] GC(2) Concurrent Cleanup for Next Mark
[2024-05-27T10:47:40.898+0530][gc,marking    ] GC(2) Concurrent Cleanup for Next Mark 2.297ms
[2024-05-27T10:47:40.898+0530][gc            ] GC(2) Concurrent Cycle 9.232ms
[2024-05-27T10:47:41.245+0530][gc,start      ] GC(3) Pause Young (Normal) (G1 Evacuation Pause)
[2024-05-27T10:47:41.245+0530][gc,task       ] GC(3) Using 13 workers of 13 for evacuation
[2024-05-27T10:47:41.246+0530][gc,phases     ] GC(3)   Pre Evacuate Collection Set: 0.0ms
[2024-05-27T10:47:41.246+0530][gc,phases     ] GC(3)   Evacuate Collection Set: 1.1ms
[2024-05-27T10:47:41.246+0530][gc,phases     ] GC(3)   Post Evacuate Collection Set: 0.3ms
[2024-05-27T10:47:41.246+0530][gc,phases     ] GC(3)   Other: 0.1ms
[2024-05-27T10:47:41.246+0530][gc,heap       ] GC(3) Eden regions: 49->0(47)
[2024-05-27T10:47:41.246+0530][gc,heap       ] GC(3) Survivor regions: 2->4(7)
[2024-05-27T10:47:41.246+0530][gc,heap       ] GC(3) Old regions: 10->10
[2024-05-27T10:47:41.246+0530][gc,heap       ] GC(3) Humongous regions: 129->129
[2024-05-27T10:47:41.246+0530][gc,metaspace  ] GC(3) Metaspace: 28207K(29232K)->28207K(29232K) NonClass: 24922K(25520K)->24922K(25520K) Class: 3285K(3712K)->3285K(3712K)
[2024-05-27T10:47:41.246+0530][gc            ] GC(3) Pause Young (Normal) (G1 Evacuation Pause) 187M->140M(1024M) 1.572ms
[2024-05-27T10:47:41.246+0530][gc,cpu        ] GC(3) User=0.02s Sys=0.00s Real=0.00s
[2024-05-27T10:47:41.487+0530][gc,start      ] GC(4) Pause Young (Concurrent Start) (Metadata GC Threshold)
[2024-05-27T10:47:41.487+0530][gc,task       ] GC(4) Using 13 workers of 13 for evacuation
[2024-05-27T10:47:41.490+0530][gc,phases     ] GC(4)   Pre Evacuate Collection Set: 0.1ms
[2024-05-27T10:47:41.490+0530][gc,phases     ] GC(4)   Evacuate Collection Set: 2.8ms
[2024-05-27T10:47:41.490+0530][gc,phases     ] GC(4)   Post Evacuate Collection Set: 0.3ms
[2024-05-27T10:47:41.490+0530][gc,phases     ] GC(4)   Other: 0.2ms
[2024-05-27T10:47:41.490+0530][gc,heap       ] GC(4) Eden regions: 42->0(44)
[2024-05-27T10:47:41.490+0530][gc,heap       ] GC(4) Survivor regions: 4->7(7)
[2024-05-27T10:47:41.490+0530][gc,heap       ] GC(4) Old regions: 10->10
[2024-05-27T10:47:41.490+0530][gc,heap       ] GC(4) Humongous regions: 129->129
[2024-05-27T10:47:41.490+0530][gc,metaspace  ] GC(4) Metaspace: 34497K(35708K)->34497K(35708K) NonClass: 30514K(31152K)->30514K(31152K) Class: 3982K(4556K)->3982K(4556K)
[2024-05-27T10:47:41.490+0530][gc            ] GC(4) Pause Young (Concurrent Start) (Metadata GC Threshold) 181M->143M(1024M) 3.414ms
[2024-05-27T10:47:41.490+0530][gc,cpu        ] GC(4) User=0.04s Sys=0.00s Real=0.01s
[2024-05-27T10:47:41.490+0530][gc            ] GC(5) Concurrent Cycle
[2024-05-27T10:47:41.490+0530][gc,marking    ] GC(5) Concurrent Clear Claimed Marks
[2024-05-27T10:47:41.491+0530][gc,marking    ] GC(5) Concurrent Clear Claimed Marks 0.135ms
[2024-05-27T10:47:41.491+0530][gc,marking    ] GC(5) Concurrent Scan Root Regions
[2024-05-27T10:47:41.492+0530][gc,marking    ] GC(5) Concurrent Scan Root Regions 1.543ms
[2024-05-27T10:47:41.492+0530][gc,marking    ] GC(5) Concurrent Mark (1.216s)
[2024-05-27T10:47:41.492+0530][gc,marking    ] GC(5) Concurrent Mark From Roots
[2024-05-27T10:47:41.492+0530][gc,task       ] GC(5) Using 3 workers of 3 for marking
[2024-05-27T10:47:41.495+0530][gc,marking    ] GC(5) Concurrent Mark From Roots 2.487ms
[2024-05-27T10:47:41.495+0530][gc,marking    ] GC(5) Concurrent Preclean
[2024-05-27T10:47:41.495+0530][gc,marking    ] GC(5) Concurrent Preclean 0.070ms
[2024-05-27T10:47:41.495+0530][gc,marking    ] GC(5) Concurrent Mark (1.216s, 1.219s) 2.599ms
[2024-05-27T10:47:41.495+0530][gc,start      ] GC(5) Pause Remark
[2024-05-27T10:47:41.497+0530][gc,stringtable] GC(5) Cleaned string and symbol table, strings: 11385 processed, 9 removed, symbols: 85202 processed, 15 removed
[2024-05-27T10:47:41.497+0530][gc            ] GC(5) Pause Remark 144M->144M(1024M) 1.908ms
[2024-05-27T10:47:41.497+0530][gc,cpu        ] GC(5) User=0.02s Sys=0.00s Real=0.00s
[2024-05-27T10:47:41.497+0530][gc,marking    ] GC(5) Concurrent Rebuild Remembered Sets
[2024-05-27T10:47:41.498+0530][gc,marking    ] GC(5) Concurrent Rebuild Remembered Sets 1.244ms
[2024-05-27T10:47:41.498+0530][gc,start      ] GC(5) Pause Cleanup
[2024-05-27T10:47:41.498+0530][gc            ] GC(5) Pause Cleanup 144M->144M(1024M) 0.089ms
[2024-05-27T10:47:41.498+0530][gc,cpu        ] GC(5) User=0.00s Sys=0.00s Real=0.00s
[2024-05-27T10:47:41.498+0530][gc,marking    ] GC(5) Concurrent Cleanup for Next Mark
[2024-05-27T10:47:41.500+0530][gc,marking    ] GC(5) Concurrent Cleanup for Next Mark 1.705ms
[2024-05-27T10:47:41.500+0530][gc            ] GC(5) Concurrent Cycle 9.571ms
[2024-05-27T10:47:41.780+0530][gc,start      ] GC(6) Pause Young (Normal) (G1 Evacuation Pause)
[2024-05-27T10:47:41.780+0530][gc,task       ] GC(6) Using 13 workers of 13 for evacuation
[2024-05-27T10:47:41.783+0530][gc,phases     ] GC(6)   Pre Evacuate Collection Set: 0.0ms
[2024-05-27T10:47:41.783+0530][gc,phases     ] GC(6)   Evacuate Collection Set: 2.6ms
[2024-05-27T10:47:41.783+0530][gc,phases     ] GC(6)   Post Evacuate Collection Set: 0.3ms
[2024-05-27T10:47:41.783+0530][gc,phases     ] GC(6)   Other: 0.1ms
[2024-05-27T10:47:41.783+0530][gc,heap       ] GC(6) Eden regions: 44->0(48)
[2024-05-27T10:47:41.783+0530][gc,heap       ] GC(6) Survivor regions: 7->3(7)
[2024-05-27T10:47:41.783+0530][gc,heap       ] GC(6) Old regions: 10->16
[2024-05-27T10:47:41.783+0530][gc,heap       ] GC(6) Humongous regions: 129->129
[2024-05-27T10:47:41.783+0530][gc,metaspace  ] GC(6) Metaspace: 42845K(44872K)->42845K(44872K) NonClass: 37726K(38832K)->37726K(38832K) Class: 5119K(6040K)->5119K(6040K)
[2024-05-27T10:47:41.783+0530][gc            ] GC(6) Pause Young (Normal) (G1 Evacuation Pause) 187M->146M(1024M) 3.098ms
[2024-05-27T10:47:41.783+0530][gc,cpu        ] GC(6) User=0.02s Sys=0.02s Real=0.01s
[2024-05-27T10:47:54.857+0530][gc,start      ] GC(7) Pause Young (Normal) (G1 Evacuation Pause)
[2024-05-27T10:47:54.857+0530][gc,task       ] GC(7) Using 13 workers of 13 for evacuation
[2024-05-27T10:47:54.862+0530][gc,phases     ] GC(7)   Pre Evacuate Collection Set: 0.0ms
[2024-05-27T10:47:54.862+0530][gc,phases     ] GC(7)   Evacuate Collection Set: 4.7ms
[2024-05-27T10:47:54.862+0530][gc,phases     ] GC(7)   Post Evacuate Collection Set: 0.5ms
[2024-05-27T10:47:54.862+0530][gc,phases     ] GC(7)   Other: 0.2ms
[2024-05-27T10:47:54.862+0530][gc,heap       ] GC(7) Eden regions: 48->0(47)
[2024-05-27T10:47:54.862+0530][gc,heap       ] GC(7) Survivor regions: 3->4(7)
[2024-05-27T10:47:54.862+0530][gc,heap       ] GC(7) Old regions: 16->16
[2024-05-27T10:47:54.862+0530][gc,heap       ] GC(7) Humongous regions: 135->129
[2024-05-27T10:47:54.862+0530][gc,metaspace  ] GC(7) Metaspace: 48051K(50376K)->48051K(50376K) NonClass: 42214K(43440K)->42214K(43440K) Class: 5837K(6936K)->5837K(6936K)
[2024-05-27T10:47:54.862+0530][gc            ] GC(7) Pause Young (Normal) (G1 Evacuation Pause) 200M->147M(1024M) 5.408ms
[2024-05-27T10:47:54.862+0530][gc,cpu        ] GC(7) User=0.05s Sys=0.00s Real=0.01s
[2024-05-27T10:47:55.586+0530][gc,start      ] GC(8) Pause Young (Normal) (G1 Evacuation Pause)
[2024-05-27T10:47:55.586+0530][gc,task       ] GC(8) Using 13 workers of 13 for evacuation
[2024-05-27T10:47:55.589+0530][gc,phases     ] GC(8)   Pre Evacuate Collection Set: 0.0ms
[2024-05-27T10:47:55.589+0530][gc,phases     ] GC(8)   Evacuate Collection Set: 2.4ms
[2024-05-27T10:47:55.589+0530][gc,phases     ] GC(8)   Post Evacuate Collection Set: 0.5ms
[2024-05-27T10:47:55.589+0530][gc,phases     ] GC(8)   Other: 0.2ms
[2024-05-27T10:47:55.589+0530][gc,heap       ] GC(8) Eden regions: 47->0(47)
[2024-05-27T10:47:55.589+0530][gc,heap       ] GC(8) Survivor regions: 4->4(7)
[2024-05-27T10:47:55.589+0530][gc,heap       ] GC(8) Old regions: 16->16
[2024-05-27T10:47:55.589+0530][gc,heap       ] GC(8) Humongous regions: 129->129
[2024-05-27T10:47:55.589+0530][gc,metaspace  ] GC(8) Metaspace: 48065K(50376K)->48065K(50376K) NonClass: 42227K(43440K)->42227K(43440K) Class: 5838K(6936K)->5838K(6936K)
[2024-05-27T10:47:55.589+0530][gc            ] GC(8) Pause Young (Normal) (G1 Evacuation Pause) 194M->147M(1024M) 3.194ms
[2024-05-27T10:47:55.590+0530][gc,cpu        ] GC(8) User=0.03s Sys=0.00s Real=0.01s
[2024-05-27T10:47:56.095+0530][gc,start      ] GC(9) Pause Young (Normal) (G1 Evacuation Pause)
[2024-05-27T10:47:56.095+0530][gc,task       ] GC(9) Using 13 workers of 13 for evacuation
[2024-05-27T10:47:56.098+0530][gc,phases     ] GC(9)   Pre Evacuate Collection Set: 0.0ms
[2024-05-27T10:47:56.098+0530][gc,phases     ] GC(9)   Evacuate Collection Set: 2.0ms
[2024-05-27T10:47:56.098+0530][gc,phases     ] GC(9)   Post Evacuate Collection Set: 0.3ms
[2024-05-27T10:47:56.098+0530][gc,phases     ] GC(9)   Other: 0.2ms
[2024-05-27T10:47:56.098+0530][gc,heap       ] GC(9) Eden regions: 47->0(48)
[2024-05-27T10:47:56.098+0530][gc,heap       ] GC(9) Survivor regions: 4->4(7)
[2024-05-27T10:47:56.098+0530][gc,heap       ] GC(9) Old regions: 16->16
[2024-05-27T10:47:56.098+0530][gc,heap       ] GC(9) Humongous regions: 129->129
[2024-05-27T10:47:56.098+0530][gc,metaspace  ] GC(9) Metaspace: 48072K(50376K)->48072K(50376K) NonClass: 42233K(43440K)->42233K(43440K) Class: 5838K(6936K)->5838K(6936K)
[2024-05-27T10:47:56.098+0530][gc            ] GC(9) Pause Young (Normal) (G1 Evacuation Pause) 194M->147M(1024M) 2.658ms
[2024-05-27T10:47:56.098+0530][gc,cpu        ] GC(9) User=0.01s Sys=0.00s Real=0.00s
[2024-05-27T10:47:56.448+0530][gc,start      ] GC(10) Pause Young (Normal) (G1 Evacuation Pause)
[2024-05-27T10:47:56.448+0530][gc,task       ] GC(10) Using 13 workers of 13 for evacuation
[2024-05-27T10:47:56.450+0530][gc,phases     ] GC(10)   Pre Evacuate Collection Set: 0.0ms
[2024-05-27T10:47:56.450+0530][gc,phases     ] GC(10)   Evacuate Collection Set: 1.9ms
[2024-05-27T10:47:56.450+0530][gc,phases     ] GC(10)   Post Evacuate Collection Set: 0.4ms
[2024-05-27T10:47:56.450+0530][gc,phases     ] GC(10)   Other: 0.1ms
[2024-05-27T10:47:56.450+0530][gc,heap       ] GC(10) Eden regions: 48->0(54)
[2024-05-27T10:47:56.450+0530][gc,heap       ] GC(10) Survivor regions: 4->4(7)
[2024-05-27T10:47:56.450+0530][gc,heap       ] GC(10) Old regions: 16->16
[2024-05-27T10:47:56.450+0530][gc,heap       ] GC(10) Humongous regions: 129->129
[2024-05-27T10:47:56.450+0530][gc,metaspace  ] GC(10) Metaspace: 48093K(50376K)->48093K(50376K) NonClass: 42249K(43440K)->42249K(43440K) Class: 5844K(6936K)->5844K(6936K)
[2024-05-27T10:47:56.450+0530][gc            ] GC(10) Pause Young (Normal) (G1 Evacuation Pause) 195M->147M(1024M) 2.570ms
[2024-05-27T10:47:56.450+0530][gc,cpu        ] GC(10) User=0.02s Sys=0.00s Real=0.01s
[2024-05-27T10:47:56.695+0530][gc,start      ] GC(11) Pause Young (Normal) (G1 Evacuation Pause)
[2024-05-27T10:47:56.695+0530][gc,task       ] GC(11) Using 13 workers of 13 for evacuation
[2024-05-27T10:47:56.697+0530][gc,phases     ] GC(11)   Pre Evacuate Collection Set: 0.0ms
[2024-05-27T10:47:56.697+0530][gc,phases     ] GC(11)   Evacuate Collection Set: 1.2ms
[2024-05-27T10:47:56.697+0530][gc,phases     ] GC(11)   Post Evacuate Collection Set: 0.2ms
[2024-05-27T10:47:56.697+0530][gc,phases     ] GC(11)   Other: 0.1ms
[2024-05-27T10:47:56.697+0530][gc,heap       ] GC(11) Eden regions: 54->0(58)
[2024-05-27T10:47:56.697+0530][gc,heap       ] GC(11) Survivor regions: 4->4(8)
[2024-05-27T10:47:56.697+0530][gc,heap       ] GC(11) Old regions: 16->16
[2024-05-27T10:47:56.697+0530][gc,heap       ] GC(11) Humongous regions: 129->129
[2024-05-27T10:47:56.697+0530][gc,metaspace  ] GC(11) Metaspace: 48120K(50376K)->48120K(50376K) NonClass: 42268K(43440K)->42268K(43440K) Class: 5852K(6936K)->5852K(6936K)
[2024-05-27T10:47:56.697+0530][gc            ] GC(11) Pause Young (Normal) (G1 Evacuation Pause) 201M->147M(1024M) 1.664ms
[2024-05-27T10:47:56.697+0530][gc,cpu        ] GC(11) User=0.02s Sys=0.00s Real=0.00s
[2024-05-27T10:47:56.883+0530][gc,start      ] GC(12) Pause Young (Normal) (G1 Evacuation Pause)
[2024-05-27T10:47:56.883+0530][gc,task       ] GC(12) Using 13 workers of 13 for evacuation
[2024-05-27T10:47:56.884+0530][gc,phases     ] GC(12)   Pre Evacuate Collection Set: 0.0ms
[2024-05-27T10:47:56.884+0530][gc,phases     ] GC(12)   Evacuate Collection Set: 1.3ms
[2024-05-27T10:47:56.884+0530][gc,phases     ] GC(12)   Post Evacuate Collection Set: 0.2ms
[2024-05-27T10:47:56.884+0530][gc,phases     ] GC(12)   Other: 0.1ms
[2024-05-27T10:47:56.884+0530][gc,heap       ] GC(12) Eden regions: 58->0(66)
[2024-05-27T10:47:56.884+0530][gc,heap       ] GC(12) Survivor regions: 4->4(8)
[2024-05-27T10:47:56.884+0530][gc,heap       ] GC(12) Old regions: 16->16
[2024-05-27T10:47:56.884+0530][gc,heap       ] GC(12) Humongous regions: 129->129
[2024-05-27T10:47:56.884+0530][gc,metaspace  ] GC(12) Metaspace: 48120K(50376K)->48120K(50376K) NonClass: 42268K(43440K)->42268K(43440K) Class: 5852K(6936K)->5852K(6936K)
[2024-05-27T10:47:56.884+0530][gc            ] GC(12) Pause Young (Normal) (G1 Evacuation Pause) 205M->147M(1024M) 1.683ms
[2024-05-27T10:47:56.884+0530][gc,cpu        ] GC(12) User=0.01s Sys=0.01s Real=0.00s
[2024-05-27T10:47:57.090+0530][gc,start      ] GC(13) Pause Young (Normal) (G1 Evacuation Pause)
[2024-05-27T10:47:57.090+0530][gc,task       ] GC(13) Using 13 workers of 13 for evacuation
[2024-05-27T10:47:57.091+0530][gc,phases     ] GC(13)   Pre Evacuate Collection Set: 0.0ms
[2024-05-27T10:47:57.091+0530][gc,phases     ] GC(13)   Evacuate Collection Set: 1.2ms
[2024-05-27T10:47:57.091+0530][gc,phases     ] GC(13)   Post Evacuate Collection Set: 0.2ms
[2024-05-27T10:47:57.091+0530][gc,phases     ] GC(13)   Other: 0.1ms
[2024-05-27T10:47:57.091+0530][gc,heap       ] GC(13) Eden regions: 66->0(78)
[2024-05-27T10:47:57.091+0530][gc,heap       ] GC(13) Survivor regions: 4->4(9)
[2024-05-27T10:47:57.091+0530][gc,heap       ] GC(13) Old regions: 16->16
[2024-05-27T10:47:57.091+0530][gc,heap       ] GC(13) Humongous regions: 129->129
[2024-05-27T10:47:57.091+0530][gc,metaspace  ] GC(13) Metaspace: 48124K(50376K)->48124K(50376K) NonClass: 42272K(43440K)->42272K(43440K) Class: 5852K(6936K)->5852K(6936K)
[2024-05-27T10:47:57.091+0530][gc            ] GC(13) Pause Young (Normal) (G1 Evacuation Pause) 213M->147M(1024M) 1.591ms
[2024-05-27T10:47:57.091+0530][gc,cpu        ] GC(13) User=0.01s Sys=0.00s Real=0.00s
[2024-05-27T10:47:57.340+0530][gc,start      ] GC(14) Pause Young (Normal) (G1 Evacuation Pause)
[2024-05-27T10:47:57.340+0530][gc,task       ] GC(14) Using 13 workers of 13 for evacuation
[2024-05-27T10:47:57.341+0530][gc,phases     ] GC(14)   Pre Evacuate Collection Set: 0.0ms
[2024-05-27T10:47:57.341+0530][gc,phases     ] GC(14)   Evacuate Collection Set: 1.2ms
[2024-05-27T10:47:57.341+0530][gc,phases     ] GC(14)   Post Evacuate Collection Set: 0.2ms
[2024-05-27T10:47:57.341+0530][gc,phases     ] GC(14)   Other: 0.1ms
[2024-05-27T10:47:57.341+0530][gc,heap       ] GC(14) Eden regions: 78->0(94)
[2024-05-27T10:47:57.341+0530][gc,heap       ] GC(14) Survivor regions: 4->4(11)
[2024-05-27T10:47:57.341+0530][gc,heap       ] GC(14) Old regions: 16->16
[2024-05-27T10:47:57.341+0530][gc,heap       ] GC(14) Humongous regions: 129->129
[2024-05-27T10:47:57.341+0530][gc,metaspace  ] GC(14) Metaspace: 48127K(50376K)->48127K(50376K) NonClass: 42275K(43440K)->42275K(43440K) Class: 5852K(6936K)->5852K(6936K)
[2024-05-27T10:47:57.341+0530][gc            ] GC(14) Pause Young (Normal) (G1 Evacuation Pause) 225M->147M(1024M) 1.637ms
[2024-05-27T10:47:57.341+0530][gc,cpu        ] GC(14) User=0.02s Sys=0.00s Real=0.01s
[2024-05-27T10:47:57.639+0530][gc,start      ] GC(15) Pause Young (Normal) (G1 Evacuation Pause)
[2024-05-27T10:47:57.639+0530][gc,task       ] GC(15) Using 13 workers of 13 for evacuation
[2024-05-27T10:47:57.640+0530][gc,phases     ] GC(15)   Pre Evacuate Collection Set: 0.0ms
[2024-05-27T10:47:57.640+0530][gc,phases     ] GC(15)   Evacuate Collection Set: 1.3ms
[2024-05-27T10:47:57.640+0530][gc,phases     ] GC(15)   Post Evacuate Collection Set: 0.2ms
[2024-05-27T10:47:57.640+0530][gc,phases     ] GC(15)   Other: 0.1ms
[2024-05-27T10:47:57.640+0530][gc,heap       ] GC(15) Eden regions: 94->0(115)
[2024-05-27T10:47:57.640+0530][gc,heap       ] GC(15) Survivor regions: 4->4(13)
[2024-05-27T10:47:57.640+0530][gc,heap       ] GC(15) Old regions: 16->16
[2024-05-27T10:47:57.640+0530][gc,heap       ] GC(15) Humongous regions: 129->129
[2024-05-27T10:47:57.640+0530][gc,metaspace  ] GC(15) Metaspace: 48127K(50376K)->48127K(50376K) NonClass: 42275K(43440K)->42275K(43440K) Class: 5852K(6936K)->5852K(6936K)
[2024-05-27T10:47:57.640+0530][gc            ] GC(15) Pause Young (Normal) (G1 Evacuation Pause) 241M->147M(1024M) 1.669ms
[2024-05-27T10:47:57.640+0530][gc,cpu        ] GC(15) User=0.02s Sys=0.01s Real=0.00s
[2024-05-27T10:47:57.995+0530][gc,start      ] GC(16) Pause Young (Normal) (G1 Evacuation Pause)
[2024-05-27T10:47:57.995+0530][gc,task       ] GC(16) Using 13 workers of 13 for evacuation
[2024-05-27T10:47:57.996+0530][gc,phases     ] GC(16)   Pre Evacuate Collection Set: 0.0ms
[2024-05-27T10:47:57.996+0530][gc,phases     ] GC(16)   Evacuate Collection Set: 1.3ms
[2024-05-27T10:47:57.996+0530][gc,phases     ] GC(16)   Post Evacuate Collection Set: 0.3ms
[2024-05-27T10:47:57.996+0530][gc,phases     ] GC(16)   Other: 0.1ms
[2024-05-27T10:47:57.996+0530][gc,heap       ] GC(16) Eden regions: 115->0(140)
[2024-05-27T10:47:57.996+0530][gc,heap       ] GC(16) Survivor regions: 4->4(15)
[2024-05-27T10:47:57.996+0530][gc,heap       ] GC(16) Old regions: 16->16
[2024-05-27T10:47:57.996+0530][gc,heap       ] GC(16) Humongous regions: 129->129
[2024-05-27T10:47:57.996+0530][gc,metaspace  ] GC(16) Metaspace: 48127K(50376K)->48127K(50376K) NonClass: 42275K(43440K)->42275K(43440K) Class: 5852K(6936K)->5852K(6936K)
[2024-05-27T10:47:57.996+0530][gc            ] GC(16) Pause Young (Normal) (G1 Evacuation Pause) 262M->147M(1024M) 1.753ms
[2024-05-27T10:47:57.996+0530][gc,cpu        ] GC(16) User=0.02s Sys=0.01s Real=0.00s
[2024-05-27T10:47:58.550+0530][gc,start      ] GC(17) Pause Young (Normal) (G1 Evacuation Pause)
[2024-05-27T10:47:58.550+0530][gc,task       ] GC(17) Using 13 workers of 13 for evacuation
[2024-05-27T10:47:58.552+0530][gc,phases     ] GC(17)   Pre Evacuate Collection Set: 0.0ms
[2024-05-27T10:47:58.552+0530][gc,phases     ] GC(17)   Evacuate Collection Set: 1.3ms
[2024-05-27T10:47:58.552+0530][gc,phases     ] GC(17)   Post Evacuate Collection Set: 0.3ms
[2024-05-27T10:47:58.552+0530][gc,phases     ] GC(17)   Other: 0.2ms
[2024-05-27T10:47:58.552+0530][gc,heap       ] GC(17) Eden regions: 140->0(170)
[2024-05-27T10:47:58.552+0530][gc,heap       ] GC(17) Survivor regions: 4->4(18)
[2024-05-27T10:47:58.552+0530][gc,heap       ] GC(17) Old regions: 16->16
[2024-05-27T10:47:58.552+0530][gc,heap       ] GC(17) Humongous regions: 129->129
[2024-05-27T10:47:58.552+0530][gc,metaspace  ] GC(17) Metaspace: 48127K(50376K)->48127K(50376K) NonClass: 42275K(43440K)->42275K(43440K) Class: 5852K(6936K)->5852K(6936K)
[2024-05-27T10:47:58.552+0530][gc            ] GC(17) Pause Young (Normal) (G1 Evacuation Pause) 287M->147M(1024M) 1.919ms
[2024-05-27T10:47:58.552+0530][gc,cpu        ] GC(17) User=0.01s Sys=0.01s Real=0.00s
[2024-05-27T10:47:59.087+0530][gc,start      ] GC(18) Pause Young (Normal) (G1 Evacuation Pause)
[2024-05-27T10:47:59.087+0530][gc,task       ] GC(18) Using 13 workers of 13 for evacuation
[2024-05-27T10:47:59.089+0530][gc,phases     ] GC(18)   Pre Evacuate Collection Set: 0.0ms
[2024-05-27T10:47:59.089+0530][gc,phases     ] GC(18)   Evacuate Collection Set: 1.2ms
[2024-05-27T10:47:59.089+0530][gc,phases     ] GC(18)   Post Evacuate Collection Set: 0.2ms
[2024-05-27T10:47:59.089+0530][gc,phases     ] GC(18)   Other: 0.1ms
[2024-05-27T10:47:59.089+0530][gc,heap       ] GC(18) Eden regions: 170->0(205)
[2024-05-27T10:47:59.089+0530][gc,heap       ] GC(18) Survivor regions: 4->4(22)
[2024-05-27T10:47:59.089+0530][gc,heap       ] GC(18) Old regions: 16->16
[2024-05-27T10:47:59.089+0530][gc,heap       ] GC(18) Humongous regions: 129->129
[2024-05-27T10:47:59.089+0530][gc,metaspace  ] GC(18) Metaspace: 48127K(50376K)->48127K(50376K) NonClass: 42275K(43440K)->42275K(43440K) Class: 5852K(6936K)->5852K(6936K)
[2024-05-27T10:47:59.089+0530][gc            ] GC(18) Pause Young (Normal) (G1 Evacuation Pause) 317M->147M(1024M) 1.597ms
[2024-05-27T10:47:59.089+0530][gc,cpu        ] GC(18) User=0.02s Sys=0.00s Real=0.00s
[2024-05-27T10:47:59.694+0530][gc,start      ] GC(19) Pause Young (Normal) (G1 Evacuation Pause)
[2024-05-27T10:47:59.694+0530][gc,task       ] GC(19) Using 13 workers of 13 for evacuation
[2024-05-27T10:47:59.696+0530][gc,phases     ] GC(19)   Pre Evacuate Collection Set: 0.0ms
[2024-05-27T10:47:59.696+0530][gc,phases     ] GC(19)   Evacuate Collection Set: 1.2ms
[2024-05-27T10:47:59.696+0530][gc,phases     ] GC(19)   Post Evacuate Collection Set: 0.2ms
[2024-05-27T10:47:59.696+0530][gc,phases     ] GC(19)   Other: 0.1ms
[2024-05-27T10:47:59.696+0530][gc,heap       ] GC(19) Eden regions: 205->0(245)
[2024-05-27T10:47:59.696+0530][gc,heap       ] GC(19) Survivor regions: 4->4(27)
[2024-05-27T10:47:59.696+0530][gc,heap       ] GC(19) Old regions: 16->16
[2024-05-27T10:47:59.696+0530][gc,heap       ] GC(19) Humongous regions: 129->129
[2024-05-27T10:47:59.696+0530][gc,metaspace  ] GC(19) Metaspace: 48127K(50376K)->48127K(50376K) NonClass: 42275K(43440K)->42275K(43440K) Class: 5852K(6936K)->5852K(6936K)
[2024-05-27T10:47:59.696+0530][gc            ] GC(19) Pause Young (Normal) (G1 Evacuation Pause) 352M->147M(1024M) 1.588ms
[2024-05-27T10:47:59.696+0530][gc,cpu        ] GC(19) User=0.01s Sys=0.00s Real=0.00s
[2024-05-27T10:48:00.486+0530][gc,start      ] GC(20) Pause Young (Normal) (G1 Evacuation Pause)
[2024-05-27T10:48:00.486+0530][gc,task       ] GC(20) Using 13 workers of 13 for evacuation
[2024-05-27T10:48:00.487+0530][gc,phases     ] GC(20)   Pre Evacuate Collection Set: 0.0ms
[2024-05-27T10:48:00.487+0530][gc,phases     ] GC(20)   Evacuate Collection Set: 1.3ms
[2024-05-27T10:48:00.487+0530][gc,phases     ] GC(20)   Post Evacuate Collection Set: 0.2ms
[2024-05-27T10:48:00.487+0530][gc,phases     ] GC(20)   Other: 0.1ms
[2024-05-27T10:48:00.487+0530][gc,heap       ] GC(20) Eden regions: 245->0(291)
[2024-05-27T10:48:00.487+0530][gc,heap       ] GC(20) Survivor regions: 4->4(32)
[2024-05-27T10:48:00.487+0530][gc,heap       ] GC(20) Old regions: 16->16
[2024-05-27T10:48:00.487+0530][gc,heap       ] GC(20) Humongous regions: 129->129
[2024-05-27T10:48:00.487+0530][gc,metaspace  ] GC(20) Metaspace: 48138K(50632K)->48138K(50632K) NonClass: 42286K(43696K)->42286K(43696K) Class: 5852K(6936K)->5852K(6936K)
[2024-05-27T10:48:00.487+0530][gc            ] GC(20) Pause Young (Normal) (G1 Evacuation Pause) 392M->147M(1024M) 1.734ms
[2024-05-27T10:48:00.487+0530][gc,cpu        ] GC(20) User=0.02s Sys=0.00s Real=0.00s
[2024-05-27T10:48:01.379+0530][gc,start      ] GC(21) Pause Young (Normal) (G1 Evacuation Pause)
[2024-05-27T10:48:01.379+0530][gc,task       ] GC(21) Using 13 workers of 13 for evacuation
[2024-05-27T10:48:01.381+0530][gc,phases     ] GC(21)   Pre Evacuate Collection Set: 0.0ms
[2024-05-27T10:48:01.381+0530][gc,phases     ] GC(21)   Evacuate Collection Set: 1.4ms
[2024-05-27T10:48:01.381+0530][gc,phases     ] GC(21)   Post Evacuate Collection Set: 0.3ms
[2024-05-27T10:48:01.381+0530][gc,phases     ] GC(21)   Other: 0.1ms
[2024-05-27T10:48:01.381+0530][gc,heap       ] GC(21) Eden regions: 291->0(343)
[2024-05-27T10:48:01.381+0530][gc,heap       ] GC(21) Survivor regions: 4->2(37)
[2024-05-27T10:48:01.381+0530][gc,heap       ] GC(21) Old regions: 16->18
[2024-05-27T10:48:01.381+0530][gc,heap       ] GC(21) Humongous regions: 129->129
[2024-05-27T10:48:01.381+0530][gc,metaspace  ] GC(21) Metaspace: 48143K(50632K)->48143K(50632K) NonClass: 42291K(43696K)->42291K(43696K) Class: 5852K(6936K)->5852K(6936K)
[2024-05-27T10:48:01.381+0530][gc            ] GC(21) Pause Young (Normal) (G1 Evacuation Pause) 438M->147M(1024M) 1.846ms
[2024-05-27T10:48:01.381+0530][gc,cpu        ] GC(21) User=0.02s Sys=0.00s Real=0.00s
[2024-05-27T10:48:02.429+0530][gc,start      ] GC(22) Pause Young (Normal) (G1 Evacuation Pause)
[2024-05-27T10:48:02.429+0530][gc,task       ] GC(22) Using 13 workers of 13 for evacuation
[2024-05-27T10:48:02.430+0530][gc,phases     ] GC(22)   Pre Evacuate Collection Set: 0.0ms
[2024-05-27T10:48:02.430+0530][gc,phases     ] GC(22)   Evacuate Collection Set: 0.9ms
[2024-05-27T10:48:02.430+0530][gc,phases     ] GC(22)   Post Evacuate Collection Set: 0.2ms
[2024-05-27T10:48:02.430+0530][gc,phases     ] GC(22)   Other: 0.1ms
[2024-05-27T10:48:02.430+0530][gc,heap       ] GC(22) Eden regions: 343->0(403)
[2024-05-27T10:48:02.430+0530][gc,heap       ] GC(22) Survivor regions: 2->1(44)
[2024-05-27T10:48:02.430+0530][gc,heap       ] GC(22) Old regions: 18->20
[2024-05-27T10:48:02.430+0530][gc,heap       ] GC(22) Humongous regions: 129->129
[2024-05-27T10:48:02.430+0530][gc,metaspace  ] GC(22) Metaspace: 48152K(50632K)->48152K(50632K) NonClass: 42300K(43696K)->42300K(43696K) Class: 5852K(6936K)->5852K(6936K)
[2024-05-27T10:48:02.430+0530][gc            ] GC(22) Pause Young (Normal) (G1 Evacuation Pause) 490M->147M(1024M) 1.287ms
[2024-05-27T10:48:02.430+0530][gc,cpu        ] GC(22) User=0.01s Sys=0.00s Real=0.01s
[2024-05-27T10:48:03.623+0530][gc,start      ] GC(23) Pause Young (Normal) (G1 Evacuation Pause)
[2024-05-27T10:48:03.623+0530][gc,task       ] GC(23) Using 13 workers of 13 for evacuation
[2024-05-27T10:48:03.624+0530][gc,phases     ] GC(23)   Pre Evacuate Collection Set: 0.0ms
[2024-05-27T10:48:03.624+0530][gc,phases     ] GC(23)   Evacuate Collection Set: 0.3ms
[2024-05-27T10:48:03.624+0530][gc,phases     ] GC(23)   Post Evacuate Collection Set: 0.2ms
[2024-05-27T10:48:03.624+0530][gc,phases     ] GC(23)   Other: 0.1ms
[2024-05-27T10:48:03.624+0530][gc,heap       ] GC(23) Eden regions: 403->0(473)
[2024-05-27T10:48:03.624+0530][gc,heap       ] GC(23) Survivor regions: 1->1(51)
[2024-05-27T10:48:03.624+0530][gc,heap       ] GC(23) Old regions: 20->20
[2024-05-27T10:48:03.624+0530][gc,heap       ] GC(23) Humongous regions: 129->129
[2024-05-27T10:48:03.624+0530][gc,metaspace  ] GC(23) Metaspace: 48152K(50632K)->48152K(50632K) NonClass: 42300K(43696K)->42300K(43696K) Class: 5852K(6936K)->5852K(6936K)
[2024-05-27T10:48:03.624+0530][gc            ] GC(23) Pause Young (Normal) (G1 Evacuation Pause) 550M->147M(1024M) 0.719ms
[2024-05-27T10:48:03.624+0530][gc,cpu        ] GC(23) User=0.00s Sys=0.00s Real=0.00s
[2024-05-27T10:48:05.017+0530][gc,start      ] GC(24) Pause Young (Normal) (G1 Evacuation Pause)
[2024-05-27T10:48:05.017+0530][gc,task       ] GC(24) Using 13 workers of 13 for evacuation
[2024-05-27T10:48:05.018+0530][gc,phases     ] GC(24)   Pre Evacuate Collection Set: 0.0ms
[2024-05-27T10:48:05.018+0530][gc,phases     ] GC(24)   Evacuate Collection Set: 0.4ms
[2024-05-27T10:48:05.018+0530][gc,phases     ] GC(24)   Post Evacuate Collection Set: 0.3ms
[2024-05-27T10:48:05.018+0530][gc,phases     ] GC(24)   Other: 0.1ms
[2024-05-27T10:48:05.018+0530][gc,heap       ] GC(24) Eden regions: 473->0(538)
[2024-05-27T10:48:05.018+0530][gc,heap       ] GC(24) Survivor regions: 1->1(60)
[2024-05-27T10:48:05.018+0530][gc,heap       ] GC(24) Old regions: 20->20
[2024-05-27T10:48:05.018+0530][gc,heap       ] GC(24) Humongous regions: 129->129
[2024-05-27T10:48:05.018+0530][gc,metaspace  ] GC(24) Metaspace: 48153K(50632K)->48153K(50632K) NonClass: 42301K(43696K)->42301K(43696K) Class: 5852K(6936K)->5852K(6936K)
[2024-05-27T10:48:05.018+0530][gc            ] GC(24) Pause Young (Normal) (G1 Evacuation Pause) 620M->147M(1024M) 0.833ms
[2024-05-27T10:48:05.018+0530][gc,cpu        ] GC(24) User=0.00s Sys=0.00s Real=0.00s
[2024-05-27T10:48:06.619+0530][gc,start      ] GC(25) Pause Young (Normal) (G1 Evacuation Pause)
[2024-05-27T10:48:06.619+0530][gc,task       ] GC(25) Using 13 workers of 13 for evacuation
[2024-05-27T10:48:06.620+0530][gc,phases     ] GC(25)   Pre Evacuate Collection Set: 0.0ms
[2024-05-27T10:48:06.620+0530][gc,phases     ] GC(25)   Evacuate Collection Set: 0.4ms
[2024-05-27T10:48:06.620+0530][gc,phases     ] GC(25)   Post Evacuate Collection Set: 0.3ms
[2024-05-27T10:48:06.620+0530][gc,phases     ] GC(25)   Other: 0.1ms
[2024-05-27T10:48:06.620+0530][gc,heap       ] GC(25) Eden regions: 538->0(605)
[2024-05-27T10:48:06.620+0530][gc,heap       ] GC(25) Survivor regions: 1->1(68)
[2024-05-27T10:48:06.620+0530][gc,heap       ] GC(25) Old regions: 20->20
[2024-05-27T10:48:06.620+0530][gc,heap       ] GC(25) Humongous regions: 129->129
[2024-05-27T10:48:06.620+0530][gc,metaspace  ] GC(25) Metaspace: 48153K(50632K)->48153K(50632K) NonClass: 42301K(43696K)->42301K(43696K) Class: 5852K(6936K)->5852K(6936K)
[2024-05-27T10:48:06.620+0530][gc            ] GC(25) Pause Young (Normal) (G1 Evacuation Pause) 685M->148M(1024M) 0.818ms
[2024-05-27T10:48:06.620+0530][gc,cpu        ] GC(25) User=0.01s Sys=0.00s Real=0.00s
[2024-05-27T10:48:08.385+0530][gc,start      ] GC(26) Pause Young (Normal) (G1 Evacuation Pause)
[2024-05-27T10:48:08.385+0530][gc,task       ] GC(26) Using 13 workers of 13 for evacuation
[2024-05-27T10:48:08.386+0530][gc,phases     ] GC(26)   Pre Evacuate Collection Set: 0.0ms
[2024-05-27T10:48:08.386+0530][gc,phases     ] GC(26)   Evacuate Collection Set: 0.4ms
[2024-05-27T10:48:08.386+0530][gc,phases     ] GC(26)   Post Evacuate Collection Set: 0.3ms
[2024-05-27T10:48:08.386+0530][gc,phases     ] GC(26)   Other: 0.1ms
[2024-05-27T10:48:08.386+0530][gc,heap       ] GC(26) Eden regions: 605->0(613)
[2024-05-27T10:48:08.386+0530][gc,heap       ] GC(26) Survivor regions: 1->1(76)
[2024-05-27T10:48:08.386+0530][gc,heap       ] GC(26) Old regions: 20->20
[2024-05-27T10:48:08.386+0530][gc,heap       ] GC(26) Humongous regions: 129->129
[2024-05-27T10:48:08.386+0530][gc,metaspace  ] GC(26) Metaspace: 48159K(50632K)->48159K(50632K) NonClass: 42307K(43696K)->42307K(43696K) Class: 5852K(6936K)->5852K(6936K)
[2024-05-27T10:48:08.386+0530][gc            ] GC(26) Pause Young (Normal) (G1 Evacuation Pause) 753M->148M(1024M) 0.838ms
[2024-05-27T10:48:08.386+0530][gc,cpu        ] GC(26) User=0.00s Sys=0.00s Real=0.00s
[2024-05-27T10:48:10.118+0530][gc,start      ] GC(27) Pause Young (Normal) (G1 Evacuation Pause)
[2024-05-27T10:48:10.118+0530][gc,task       ] GC(27) Using 13 workers of 13 for evacuation
[2024-05-27T10:48:10.118+0530][gc,phases     ] GC(27)   Pre Evacuate Collection Set: 0.0ms
[2024-05-27T10:48:10.118+0530][gc,phases     ] GC(27)   Evacuate Collection Set: 0.4ms
[2024-05-27T10:48:10.118+0530][gc,phases     ] GC(27)   Post Evacuate Collection Set: 0.2ms
[2024-05-27T10:48:10.118+0530][gc,phases     ] GC(27)   Other: 0.1ms
[2024-05-27T10:48:10.118+0530][gc,heap       ] GC(27) Eden regions: 613->0(613)
[2024-05-27T10:48:10.118+0530][gc,heap       ] GC(27) Survivor regions: 1->1(77)
[2024-05-27T10:48:10.118+0530][gc,heap       ] GC(27) Old regions: 20->20
[2024-05-27T10:48:10.118+0530][gc,heap       ] GC(27) Humongous regions: 129->129
[2024-05-27T10:48:10.118+0530][gc,metaspace  ] GC(27) Metaspace: 48160K(50632K)->48160K(50632K) NonClass: 42308K(43696K)->42308K(43696K) Class: 5852K(6936K)->5852K(6936K)
[2024-05-27T10:48:10.118+0530][gc            ] GC(27) Pause Young (Normal) (G1 Evacuation Pause) 761M->148M(1024M) 0.793ms
[2024-05-27T10:48:10.118+0530][gc,cpu        ] GC(27) User=0.00s Sys=0.00s Real=0.00s
[2024-05-27T10:48:11.889+0530][gc,start      ] GC(28) Pause Young (Normal) (G1 Evacuation Pause)
[2024-05-27T10:48:11.889+0530][gc,task       ] GC(28) Using 13 workers of 13 for evacuation
[2024-05-27T10:48:11.890+0530][gc,phases     ] GC(28)   Pre Evacuate Collection Set: 0.0ms
[2024-05-27T10:48:11.890+0530][gc,phases     ] GC(28)   Evacuate Collection Set: 0.4ms
[2024-05-27T10:48:11.890+0530][gc,phases     ] GC(28)   Post Evacuate Collection Set: 0.2ms
[2024-05-27T10:48:11.890+0530][gc,phases     ] GC(28)   Other: 0.1ms
[2024-05-27T10:48:11.890+0530][gc,heap       ] GC(28) Eden regions: 613->0(612)
[2024-05-27T10:48:11.890+0530][gc,heap       ] GC(28) Survivor regions: 1->2(77)
[2024-05-27T10:48:11.890+0530][gc,heap       ] GC(28) Old regions: 20->20
[2024-05-27T10:48:11.890+0530][gc,heap       ] GC(28) Humongous regions: 129->129
[2024-05-27T10:48:11.890+0530][gc,metaspace  ] GC(28) Metaspace: 48355K(50760K)->48355K(50760K) NonClass: 42447K(43696K)->42447K(43696K) Class: 5908K(7064K)->5908K(7064K)
[2024-05-27T10:48:11.890+0530][gc            ] GC(28) Pause Young (Normal) (G1 Evacuation Pause) 761M->148M(1024M) 0.793ms
[2024-05-27T10:48:11.890+0530][gc,cpu        ] GC(28) User=0.01s Sys=0.00s Real=0.00s
[2024-05-27T10:48:13.700+0530][gc,start      ] GC(29) Pause Young (Normal) (G1 Evacuation Pause)
[2024-05-27T10:48:13.700+0530][gc,task       ] GC(29) Using 13 workers of 13 for evacuation
[2024-05-27T10:48:13.701+0530][gc,phases     ] GC(29)   Pre Evacuate Collection Set: 0.0ms
[2024-05-27T10:48:13.701+0530][gc,phases     ] GC(29)   Evacuate Collection Set: 0.4ms
[2024-05-27T10:48:13.701+0530][gc,phases     ] GC(29)   Post Evacuate Collection Set: 0.3ms
[2024-05-27T10:48:13.701+0530][gc,phases     ] GC(29)   Other: 0.1ms
[2024-05-27T10:48:13.701+0530][gc,heap       ] GC(29) Eden regions: 612->0(612)
[2024-05-27T10:48:13.701+0530][gc,heap       ] GC(29) Survivor regions: 2->2(77)
[2024-05-27T10:48:13.701+0530][gc,heap       ] GC(29) Old regions: 20->20
[2024-05-27T10:48:13.701+0530][gc,heap       ] GC(29) Humongous regions: 129->129
[2024-05-27T10:48:13.701+0530][gc,metaspace  ] GC(29) Metaspace: 48357K(50760K)->48357K(50760K) NonClass: 42449K(43696K)->42449K(43696K) Class: 5908K(7064K)->5908K(7064K)
[2024-05-27T10:48:13.701+0530][gc            ] GC(29) Pause Young (Normal) (G1 Evacuation Pause) 760M->148M(1024M) 0.985ms
[2024-05-27T10:48:13.701+0530][gc,cpu        ] GC(29) User=0.00s Sys=0.00s Real=0.01s
[2024-05-27T10:48:15.502+0530][gc,start      ] GC(30) Pause Young (Normal) (G1 Evacuation Pause)
[2024-05-27T10:48:15.502+0530][gc,task       ] GC(30) Using 13 workers of 13 for evacuation
[2024-05-27T10:48:15.502+0530][gc,phases     ] GC(30)   Pre Evacuate Collection Set: 0.0ms
[2024-05-27T10:48:15.502+0530][gc,phases     ] GC(30)   Evacuate Collection Set: 0.4ms
[2024-05-27T10:48:15.502+0530][gc,phases     ] GC(30)   Post Evacuate Collection Set: 0.3ms
[2024-05-27T10:48:15.502+0530][gc,phases     ] GC(30)   Other: 0.1ms
[2024-05-27T10:48:15.502+0530][gc,heap       ] GC(30) Eden regions: 612->0(612)
[2024-05-27T10:48:15.502+0530][gc,heap       ] GC(30) Survivor regions: 2->2(77)
[2024-05-27T10:48:15.502+0530][gc,heap       ] GC(30) Old regions: 20->20
[2024-05-27T10:48:15.502+0530][gc,heap       ] GC(30) Humongous regions: 129->129
[2024-05-27T10:48:15.502+0530][gc,metaspace  ] GC(30) Metaspace: 48357K(50760K)->48357K(50760K) NonClass: 42449K(43696K)->42449K(43696K) Class: 5908K(7064K)->5908K(7064K)
[2024-05-27T10:48:15.502+0530][gc            ] GC(30) Pause Young (Normal) (G1 Evacuation Pause) 760M->148M(1024M) 0.812ms
[2024-05-27T10:48:15.503+0530][gc,cpu        ] GC(30) User=0.01s Sys=0.00s Real=0.00s
[2024-05-27T10:48:17.269+0530][gc,start      ] GC(31) Pause Young (Normal) (G1 Evacuation Pause)
[2024-05-27T10:48:17.269+0530][gc,task       ] GC(31) Using 13 workers of 13 for evacuation
[2024-05-27T10:48:17.270+0530][gc,phases     ] GC(31)   Pre Evacuate Collection Set: 0.0ms
[2024-05-27T10:48:17.270+0530][gc,phases     ] GC(31)   Evacuate Collection Set: 0.5ms
[2024-05-27T10:48:17.270+0530][gc,phases     ] GC(31)   Post Evacuate Collection Set: 0.4ms
[2024-05-27T10:48:17.270+0530][gc,phases     ] GC(31)   Other: 0.1ms
[2024-05-27T10:48:17.270+0530][gc,heap       ] GC(31) Eden regions: 612->0(612)
[2024-05-27T10:48:17.270+0530][gc,heap       ] GC(31) Survivor regions: 2->2(77)
[2024-05-27T10:48:17.270+0530][gc,heap       ] GC(31) Old regions: 20->20
[2024-05-27T10:48:17.270+0530][gc,heap       ] GC(31) Humongous regions: 129->129
[2024-05-27T10:48:17.270+0530][gc,metaspace  ] GC(31) Metaspace: 48357K(50760K)->48357K(50760K) NonClass: 42449K(43696K)->42449K(43696K) Class: 5908K(7064K)->5908K(7064K)
[2024-05-27T10:48:17.270+0530][gc            ] GC(31) Pause Young (Normal) (G1 Evacuation Pause) 760M->148M(1024M) 0.991ms
[2024-05-27T10:48:17.270+0530][gc,cpu        ] GC(31) User=0.01s Sys=0.00s Real=0.00s
[2024-05-27T10:48:19.016+0530][gc,start      ] GC(32) Pause Young (Normal) (G1 Evacuation Pause)
[2024-05-27T10:48:19.016+0530][gc,task       ] GC(32) Using 13 workers of 13 for evacuation
[2024-05-27T10:48:19.017+0530][gc,phases     ] GC(32)   Pre Evacuate Collection Set: 0.0ms
[2024-05-27T10:48:19.017+0530][gc,phases     ] GC(32)   Evacuate Collection Set: 0.5ms
[2024-05-27T10:48:19.017+0530][gc,phases     ] GC(32)   Post Evacuate Collection Set: 0.3ms
[2024-05-27T10:48:19.017+0530][gc,phases     ] GC(32)   Other: 0.1ms
[2024-05-27T10:48:19.017+0530][gc,heap       ] GC(32) Eden regions: 612->0(612)
[2024-05-27T10:48:19.017+0530][gc,heap       ] GC(32) Survivor regions: 2->2(77)
[2024-05-27T10:48:19.017+0530][gc,heap       ] GC(32) Old regions: 20->20
[2024-05-27T10:48:19.017+0530][gc,heap       ] GC(32) Humongous regions: 129->129
[2024-05-27T10:48:19.017+0530][gc,metaspace  ] GC(32) Metaspace: 48358K(50760K)->48358K(50760K) NonClass: 42450K(43696K)->42450K(43696K) Class: 5908K(7064K)->5908K(7064K)
[2024-05-27T10:48:19.017+0530][gc            ] GC(32) Pause Young (Normal) (G1 Evacuation Pause) 760M->148M(1024M) 1.019ms
[2024-05-27T10:48:19.017+0530][gc,cpu        ] GC(32) User=0.00s Sys=0.00s Real=0.00s
[2024-05-27T10:48:20.787+0530][gc,start      ] GC(33) Pause Young (Normal) (G1 Evacuation Pause)
[2024-05-27T10:48:20.787+0530][gc,task       ] GC(33) Using 13 workers of 13 for evacuation
[2024-05-27T10:48:20.788+0530][gc,phases     ] GC(33)   Pre Evacuate Collection Set: 0.0ms
[2024-05-27T10:48:20.788+0530][gc,phases     ] GC(33)   Evacuate Collection Set: 0.4ms
[2024-05-27T10:48:20.788+0530][gc,phases     ] GC(33)   Post Evacuate Collection Set: 0.2ms
[2024-05-27T10:48:20.788+0530][gc,phases     ] GC(33)   Other: 0.1ms
[2024-05-27T10:48:20.788+0530][gc,heap       ] GC(33) Eden regions: 612->0(612)
[2024-05-27T10:48:20.788+0530][gc,heap       ] GC(33) Survivor regions: 2->2(77)
[2024-05-27T10:48:20.788+0530][gc,heap       ] GC(33) Old regions: 20->20
[2024-05-27T10:48:20.788+0530][gc,heap       ] GC(33) Humongous regions: 129->129
[2024-05-27T10:48:20.788+0530][gc,metaspace  ] GC(33) Metaspace: 48358K(50760K)->48358K(50760K) NonClass: 42450K(43696K)->42450K(43696K) Class: 5908K(7064K)->5908K(7064K)
[2024-05-27T10:48:20.788+0530][gc            ] GC(33) Pause Young (Normal) (G1 Evacuation Pause) 760M->148M(1024M) 0.888ms
[2024-05-27T10:48:20.788+0530][gc,cpu        ] GC(33) User=0.01s Sys=0.01s Real=0.00s
[2024-05-27T10:48:22.580+0530][gc,start      ] GC(34) Pause Young (Normal) (G1 Evacuation Pause)
[2024-05-27T10:48:22.580+0530][gc,task       ] GC(34) Using 13 workers of 13 for evacuation
[2024-05-27T10:48:22.581+0530][gc,phases     ] GC(34)   Pre Evacuate Collection Set: 0.0ms
[2024-05-27T10:48:22.581+0530][gc,phases     ] GC(34)   Evacuate Collection Set: 0.5ms
[2024-05-27T10:48:22.581+0530][gc,phases     ] GC(34)   Post Evacuate Collection Set: 0.3ms
[2024-05-27T10:48:22.581+0530][gc,phases     ] GC(34)   Other: 0.1ms
[2024-05-27T10:48:22.581+0530][gc,heap       ] GC(34) Eden regions: 612->0(612)
[2024-05-27T10:48:22.581+0530][gc,heap       ] GC(34) Survivor regions: 2->2(77)
[2024-05-27T10:48:22.581+0530][gc,heap       ] GC(34) Old regions: 20->20
[2024-05-27T10:48:22.581+0530][gc,heap       ] GC(34) Humongous regions: 129->129
[2024-05-27T10:48:22.581+0530][gc,metaspace  ] GC(34) Metaspace: 48358K(50760K)->48358K(50760K) NonClass: 42450K(43696K)->42450K(43696K) Class: 5908K(7064K)->5908K(7064K)
[2024-05-27T10:48:22.581+0530][gc            ] GC(34) Pause Young (Normal) (G1 Evacuation Pause) 760M->148M(1024M) 0.922ms
[2024-05-27T10:48:22.581+0530][gc,cpu        ] GC(34) User=0.00s Sys=0.01s Real=0.00s
[2024-05-27T10:48:24.365+0530][gc,start      ] GC(35) Pause Young (Normal) (G1 Evacuation Pause)
[2024-05-27T10:48:24.365+0530][gc,task       ] GC(35) Using 13 workers of 13 for evacuation
[2024-05-27T10:48:24.366+0530][gc,phases     ] GC(35)   Pre Evacuate Collection Set: 0.0ms
[2024-05-27T10:48:24.366+0530][gc,phases     ] GC(35)   Evacuate Collection Set: 0.5ms
[2024-05-27T10:48:24.366+0530][gc,phases     ] GC(35)   Post Evacuate Collection Set: 0.3ms
[2024-05-27T10:48:24.366+0530][gc,phases     ] GC(35)   Other: 0.1ms
[2024-05-27T10:48:24.366+0530][gc,heap       ] GC(35) Eden regions: 612->0(612)
[2024-05-27T10:48:24.366+0530][gc,heap       ] GC(35) Survivor regions: 2->2(77)
[2024-05-27T10:48:24.366+0530][gc,heap       ] GC(35) Old regions: 20->20
[2024-05-27T10:48:24.366+0530][gc,heap       ] GC(35) Humongous regions: 129->129
[2024-05-27T10:48:24.366+0530][gc,metaspace  ] GC(35) Metaspace: 48359K(50760K)->48359K(50760K) NonClass: 42451K(43696K)->42451K(43696K) Class: 5908K(7064K)->5908K(7064K)
[2024-05-27T10:48:24.366+0530][gc            ] GC(35) Pause Young (Normal) (G1 Evacuation Pause) 760M->148M(1024M) 0.952ms
[2024-05-27T10:48:24.366+0530][gc,cpu        ] GC(35) User=0.00s Sys=0.00s Real=0.00s
[2024-05-27T10:48:44.586+0530][gc,start      ] GC(36) Pause Young (Normal) (G1 Evacuation Pause)
[2024-05-27T10:48:44.586+0530][gc,task       ] GC(36) Using 13 workers of 13 for evacuation
[2024-05-27T10:48:44.587+0530][gc,phases     ] GC(36)   Pre Evacuate Collection Set: 0.0ms
[2024-05-27T10:48:44.587+0530][gc,phases     ] GC(36)   Evacuate Collection Set: 0.7ms
[2024-05-27T10:48:44.587+0530][gc,phases     ] GC(36)   Post Evacuate Collection Set: 0.2ms
[2024-05-27T10:48:44.587+0530][gc,phases     ] GC(36)   Other: 0.1ms
[2024-05-27T10:48:44.587+0530][gc,heap       ] GC(36) Eden regions: 612->0(612)
[2024-05-27T10:48:44.587+0530][gc,heap       ] GC(36) Survivor regions: 2->2(77)
[2024-05-27T10:48:44.587+0530][gc,heap       ] GC(36) Old regions: 20->20
[2024-05-27T10:48:44.587+0530][gc,heap       ] GC(36) Humongous regions: 129->129
[2024-05-27T10:48:44.587+0530][gc,metaspace  ] GC(36) Metaspace: 48505K(51016K)->48505K(51016K) NonClass: 42575K(43952K)->42575K(43952K) Class: 5929K(7064K)->5929K(7064K)
[2024-05-27T10:48:44.587+0530][gc            ] GC(36) Pause Young (Normal) (G1 Evacuation Pause) 760M->149M(1024M) 1.090ms
[2024-05-27T10:48:44.587+0530][gc,cpu        ] GC(36) User=0.01s Sys=0.00s Real=0.00s
[2024-05-27T10:48:46.478+0530][gc,start      ] GC(37) Pause Young (Normal) (G1 Evacuation Pause)
[2024-05-27T10:48:46.478+0530][gc,task       ] GC(37) Using 13 workers of 13 for evacuation
[2024-05-27T10:48:46.479+0530][gc,phases     ] GC(37)   Pre Evacuate Collection Set: 0.0ms
[2024-05-27T10:48:46.479+0530][gc,phases     ] GC(37)   Evacuate Collection Set: 0.5ms
[2024-05-27T10:48:46.479+0530][gc,phases     ] GC(37)   Post Evacuate Collection Set: 0.3ms
[2024-05-27T10:48:46.479+0530][gc,phases     ] GC(37)   Other: 0.1ms
[2024-05-27T10:48:46.479+0530][gc,heap       ] GC(37) Eden regions: 612->0(612)
[2024-05-27T10:48:46.479+0530][gc,heap       ] GC(37) Survivor regions: 2->2(77)
[2024-05-27T10:48:46.479+0530][gc,heap       ] GC(37) Old regions: 20->21
[2024-05-27T10:48:46.479+0530][gc,heap       ] GC(37) Humongous regions: 129->129
[2024-05-27T10:48:46.479+0530][gc,metaspace  ] GC(37) Metaspace: 48519K(51016K)->48519K(51016K) NonClass: 42589K(43952K)->42589K(43952K) Class: 5929K(7064K)->5929K(7064K)
[2024-05-27T10:48:46.479+0530][gc            ] GC(37) Pause Young (Normal) (G1 Evacuation Pause) 761M->149M(1024M) 1.098ms
[2024-05-27T10:48:46.479+0530][gc,cpu        ] GC(37) User=0.01s Sys=0.00s Real=0.00s
[2024-05-27T10:58:23.610+0530][gc,heap,exit  ] Heap
[2024-05-27T10:58:23.610+0530][gc,heap,exit  ]  garbage-first heap   total 1048576K, used 661795K [0x00000000c0000000, 0x0000000100000000)
[2024-05-27T10:58:23.610+0530][gc,heap,exit  ]   region size 1024K, 500 young (512000K), 2 survivors (2048K)
[2024-05-27T10:58:23.610+0530][gc,heap,exit  ]  Metaspace       used 50724K, capacity 53439K, committed 53576K, reserved 1095680K
[2024-05-27T10:58:23.610+0530][gc,heap,exit  ]   class space    used 6403K, capacity 7745K, committed 7832K, reserved 1048576K
