[2024-05-26T11:46:32.060+0530][gc,heap] Heap region size: 1M
[2024-05-26T11:46:32.069+0530][gc     ] Using G1
[2024-05-26T11:46:32.069+0530][gc,heap,coops] Heap address: 0x00000000e0000000, size: 512 MB, Compressed Oops mode: 32-bit
[2024-05-26T11:46:32.069+0530][gc,cds       ] Mark closed archive regions in map: [0x00000000ffe00000, 0x00000000ffe6bff8]
[2024-05-26T11:46:32.069+0530][gc,cds       ] Mark open archive regions in map: [0x00000000ffc00000, 0x00000000ffc47ff8]
[2024-05-26T11:46:32.302+0530][gc,start     ] GC(0) Pause Young (Normal) (G1 Evacuation Pause)
[2024-05-26T11:46:32.302+0530][gc,task      ] GC(0) Using 12 workers of 13 for evacuation
[2024-05-26T11:46:32.306+0530][gc,phases    ] GC(0)   Pre Evacuate Collection Set: 0.0ms
[2024-05-26T11:46:32.306+0530][gc,phases    ] GC(0)   Evacuate Collection Set: 3.2ms
[2024-05-26T11:46:32.306+0530][gc,phases    ] GC(0)   Post Evacuate Collection Set: 0.2ms
[2024-05-26T11:46:32.306+0530][gc,phases    ] GC(0)   Other: 0.5ms
[2024-05-26T11:46:32.306+0530][gc,heap      ] GC(0) Eden regions: 25->0(21)
[2024-05-26T11:46:32.306+0530][gc,heap      ] GC(0) Survivor regions: 0->4(4)
[2024-05-26T11:46:32.306+0530][gc,heap      ] GC(0) Old regions: 2->6
[2024-05-26T11:46:32.306+0530][gc,heap      ] GC(0) Humongous regions: 0->0
[2024-05-26T11:46:32.306+0530][gc,metaspace ] GC(0) Metaspace: 7397K(7936K)->7397K(7936K) NonClass: 6575K(6912K)->6575K(6912K) Class: 821K(1024K)->821K(1024K)
[2024-05-26T11:46:32.306+0530][gc           ] GC(0) Pause Young (Normal) (G1 Evacuation Pause) 25M->8M(512M) 4.048ms
[2024-05-26T11:46:32.306+0530][gc,cpu       ] GC(0) User=0.03s Sys=0.01s Real=0.00s
[2024-05-26T11:54:28.917+0530][gc,start     ] GC(1) Pause Young (Normal) (G1 Evacuation Pause)
[2024-05-26T11:54:28.917+0530][gc,task      ] GC(1) Using 12 workers of 13 for evacuation
[2024-05-26T11:54:28.920+0530][gc,phases    ] GC(1)   Pre Evacuate Collection Set: 0.0ms
[2024-05-26T11:54:28.920+0530][gc,phases    ] GC(1)   Evacuate Collection Set: 2.3ms
[2024-05-26T11:54:28.920+0530][gc,phases    ] GC(1)   Post Evacuate Collection Set: 0.2ms
[2024-05-26T11:54:28.920+0530][gc,phases    ] GC(1)   Other: 0.1ms
[2024-05-26T11:54:28.920+0530][gc,heap      ] GC(1) Eden regions: 21->0(23)
[2024-05-26T11:54:28.920+0530][gc,heap      ] GC(1) Survivor regions: 4->2(4)
[2024-05-26T11:54:28.920+0530][gc,heap      ] GC(1) Old regions: 6->10
[2024-05-26T11:54:28.920+0530][gc,heap      ] GC(1) Humongous regions: 0->0
[2024-05-26T11:54:28.920+0530][gc,metaspace ] GC(1) Metaspace: 9695K(10496K)->9695K(10496K) NonClass: 8693K(9216K)->8693K(9216K) Class: 1002K(1280K)->1002K(1280K)
[2024-05-26T11:54:28.920+0530][gc           ] GC(1) Pause Young (Normal) (G1 Evacuation Pause) 29M->9M(512M) 2.738ms
[2024-05-26T11:54:28.920+0530][gc,cpu       ] GC(1) User=0.03s Sys=0.00s Real=0.01s
[2024-05-26T12:30:31.139+0530][gc,start     ] GC(2) Pause Young (Normal) (G1 Evacuation Pause)
[2024-05-26T12:30:31.139+0530][gc,task      ] GC(2) Using 12 workers of 13 for evacuation
[2024-05-26T12:30:31.140+0530][gc,phases    ] GC(2)   Pre Evacuate Collection Set: 0.0ms
[2024-05-26T12:30:31.140+0530][gc,phases    ] GC(2)   Evacuate Collection Set: 0.7ms
[2024-05-26T12:30:31.140+0530][gc,phases    ] GC(2)   Post Evacuate Collection Set: 0.1ms
[2024-05-26T12:30:31.140+0530][gc,phases    ] GC(2)   Other: 0.1ms
[2024-05-26T12:30:31.140+0530][gc,heap      ] GC(2) Eden regions: 23->0(23)
[2024-05-26T12:30:31.140+0530][gc,heap      ] GC(2) Survivor regions: 2->2(4)
[2024-05-26T12:30:31.140+0530][gc,heap      ] GC(2) Old regions: 10->10
[2024-05-26T12:30:31.140+0530][gc,heap      ] GC(2) Humongous regions: 0->0
[2024-05-26T12:30:31.140+0530][gc,metaspace ] GC(2) Metaspace: 9765K(10496K)->9765K(10496K) NonClass: 8763K(9216K)->8763K(9216K) Class: 1002K(1280K)->1002K(1280K)
[2024-05-26T12:30:31.140+0530][gc           ] GC(2) Pause Young (Normal) (G1 Evacuation Pause) 32M->9M(512M) 1.041ms
[2024-05-26T12:30:31.140+0530][gc,cpu       ] GC(2) User=0.00s Sys=0.00s Real=0.00s
[2024-05-26T12:30:49.030+0530][gc,heap,exit ] Heap
[2024-05-26T12:30:49.030+0530][gc,heap,exit ]  garbage-first heap   total 524288K, used 10898K [0x00000000e0000000, 0x0000000100000000)
[2024-05-26T12:30:49.030+0530][gc,heap,exit ]   region size 1024K, 4 young (4096K), 2 survivors (2048K)
[2024-05-26T12:30:49.030+0530][gc,heap,exit ]  Metaspace       used 9770K, capacity 10174K, committed 10496K, reserved 1058816K
[2024-05-26T12:30:49.030+0530][gc,heap,exit ]   class space    used 1002K, capacity 1163K, committed 1280K, reserved 1048576K
